
> findadate@1.0.0 test
> react-scripts test --watchAll=false

PASS src/utils/overlap.test.js
PASS src/utils/calendarEvent.test.js
PASS src/firebase.test.js
  ● Console

    console.error
      Error creating group: Error: Firebase error
          at Object.<anonymous> (C:\Users\leotm\Desktop\Projetos\Programming\vacation-scheduler\src\firebase.test.js:95:35)
          at Promise.then.completed (C:\Users\leotm\Desktop\Projetos\Programming\vacation-scheduler\node_modules\jest-circus\build\utils.js:391:28)
          at new Promise (<anonymous>)
          at callAsyncCircusFn (C:\Users\leotm\Desktop\Projetos\Programming\vacation-scheduler\node_modules\jest-circus\build\utils.js:316:10)
          at _callCircusTest (C:\Users\leotm\Desktop\Projetos\Programming\vacation-scheduler\node_modules\jest-circus\build\run.js:218:40)
          at processTicksAndRejections (node:internal/process/task_queues:103:5)
          at _runTest (C:\Users\leotm\Desktop\Projetos\Programming\vacation-scheduler\node_modules\jest-circus\build\run.js:155:3)
          at _runTestsForDescribeBlock (C:\Users\leotm\Desktop\Projetos\Programming\vacation-scheduler\node_modules\jest-circus\build\run.js:66:9)
          at _runTestsForDescribeBlock (C:\Users\leotm\Desktop\Projetos\Programming\vacation-scheduler\node_modules\jest-circus\build\run.js:60:9)
          at run (C:\Users\leotm\Desktop\Projetos\Programming\vacation-scheduler\node_modules\jest-circus\build\run.js:25:3)
          at runAndTransformResultsToJestFormat (C:\Users\leotm\Desktop\Projetos\Programming\vacation-scheduler\node_modules\jest-circus\build\legacy-code-todo-rewrite\jestAdapterInit.js:170:21)
          at jestAdapter (C:\Users\leotm\Desktop\Projetos\Programming\vacation-scheduler\node_modules\jest-circus\build\legacy-code-todo-rewrite\jestAdapter.js:82:19)
          at runTestInternal (C:\Users\leotm\Desktop\Projetos\Programming\vacation-scheduler\node_modules\jest-runner\build\runTest.js:389:16)
          at runTest (C:\Users\leotm\Desktop\Projetos\Programming\vacation-scheduler\node_modules\jest-runner\build\runTest.js:475:34)
          at Object.worker (C:\Users\leotm\Desktop\Projetos\Programming\vacation-scheduler\node_modules\jest-runner\build\testWorker.js:133:12)

    [0m [90m 45 |[39m     [36mreturn[39m { groupId[33m,[39m adminToken }[33m;[39m
     [90m 46 |[39m   } [36mcatch[39m (error) {
    [31m[1m>[22m[39m[90m 47 |[39m     console[33m.[39merror([32m"Error creating group:"[39m[33m,[39m error)[33m;[39m
     [90m    |[39m             [31m[1m^[22m[39m
     [90m 48 |[39m     [36mthrow[39m [36mnew[39m [33mError[39m([32m`Failed to create group: ${error.message}`[39m)[33m;[39m
     [90m 49 |[39m   }
     [90m 50 |[39m }[33m;[39m[0m

      at createGroup (src/services/groupService.js:47:13)
      at Object.<anonymous> (src/firebase.test.js:97:5)

PASS src/utils/export.test.js
PASS src/utils/participantValidation.test.js
PASS src/utils/crypto.test.js
FAIL src/shared/ui/Footer.test.js
  ● Console

    console.error
      Error: Uncaught [TypeError: Cannot destructure property 'basename' of 'React.useContext(...)' as it is null.]
          at reportException (C:\Users\leotm\Desktop\Projetos\Programming\vacation-scheduler\node_modules\jsdom\lib\jsdom\living\helpers\runtime-script-errors.js:66:24)
          at innerInvokeEventListeners (C:\Users\leotm\Desktop\Projetos\Programming\vacation-scheduler\node_modules\jsdom\lib\jsdom\living\events\EventTarget-impl.js:341:9)
          at invokeEventListeners (C:\Users\leotm\Desktop\Projetos\Programming\vacation-scheduler\node_modules\jsdom\lib\jsdom\living\events\EventTarget-impl.js:274:3)
          at HTMLUnknownElementImpl._dispatch (C:\Users\leotm\Desktop\Projetos\Programming\vacation-scheduler\node_modules\jsdom\lib\jsdom\living\events\EventTarget-impl.js:221:9)
          at HTMLUnknownElementImpl.dispatchEvent (C:\Users\leotm\Desktop\Projetos\Programming\vacation-scheduler\node_modules\jsdom\lib\jsdom\living\events\EventTarget-impl.js:94:17)
          at HTMLUnknownElement.dispatchEvent (C:\Users\leotm\Desktop\Projetos\Programming\vacation-scheduler\node_modules\jsdom\lib\jsdom\living\generated\EventTarget.js:231:34)
          at Object.invokeGuardedCallbackDev (C:\Users\leotm\Desktop\Projetos\Programming\vacation-scheduler\node_modules\react-dom\cjs\react-dom.development.js:4213:16)
          at invokeGuardedCallback (C:\Users\leotm\Desktop\Projetos\Programming\vacation-scheduler\node_modules\react-dom\cjs\react-dom.development.js:4277:31)
          at beginWork$1 (C:\Users\leotm\Desktop\Projetos\Programming\vacation-scheduler\node_modules\react-dom\cjs\react-dom.development.js:27490:7)
          at performUnitOfWork (C:\Users\leotm\Desktop\Projetos\Programming\vacation-scheduler\node_modules\react-dom\cjs\react-dom.development.js:26599:12)
          at workLoopSync (C:\Users\leotm\Desktop\Projetos\Programming\vacation-scheduler\node_modules\react-dom\cjs\react-dom.development.js:26505:5)
          at renderRootSync (C:\Users\leotm\Desktop\Projetos\Programming\vacation-scheduler\node_modules\react-dom\cjs\react-dom.development.js:26473:7)
          at performConcurrentWorkOnRoot (C:\Users\leotm\Desktop\Projetos\Programming\vacation-scheduler\node_modules\react-dom\cjs\react-dom.development.js:25777:74)
          at flushActQueue (C:\Users\leotm\Desktop\Projetos\Programming\vacation-scheduler\node_modules\react\cjs\react.development.js:2667:24)
          at act (C:\Users\leotm\Desktop\Projetos\Programming\vacation-scheduler\node_modules\react\cjs\react.development.js:2582:11)
          at C:\Users\leotm\Desktop\Projetos\Programming\vacation-scheduler\node_modules\@testing-library\react\dist\act-compat.js:46:25
          at renderRoot (C:\Users\leotm\Desktop\Projetos\Programming\vacation-scheduler\node_modules\@testing-library\react\dist\pure.js:189:26)
          at render (C:\Users\leotm\Desktop\Projetos\Programming\vacation-scheduler\node_modules\@testing-library\react\dist\pure.js:291:10)
          at Object.<anonymous> (C:\Users\leotm\Desktop\Projetos\Programming\vacation-scheduler\src\shared\ui\Footer.test.js:7:15)
          at Promise.then.completed (C:\Users\leotm\Desktop\Projetos\Programming\vacation-scheduler\node_modules\jest-circus\build\utils.js:391:28)
          at new Promise (<anonymous>)
          at callAsyncCircusFn (C:\Users\leotm\Desktop\Projetos\Programming\vacation-scheduler\node_modules\jest-circus\build\utils.js:316:10)
          at _callCircusTest (C:\Users\leotm\Desktop\Projetos\Programming\vacation-scheduler\node_modules\jest-circus\build\run.js:218:40)
          at processTicksAndRejections (node:internal/process/task_queues:103:5)
          at _runTest (C:\Users\leotm\Desktop\Projetos\Programming\vacation-scheduler\node_modules\jest-circus\build\run.js:155:3)
          at _runTestsForDescribeBlock (C:\Users\leotm\Desktop\Projetos\Programming\vacation-scheduler\node_modules\jest-circus\build\run.js:66:9)
          at _runTestsForDescribeBlock (C:\Users\leotm\Desktop\Projetos\Programming\vacation-scheduler\node_modules\jest-circus\build\run.js:60:9)
          at run (C:\Users\leotm\Desktop\Projetos\Programming\vacation-scheduler\node_modules\jest-circus\build\run.js:25:3)
          at runAndTransformResultsToJestFormat (C:\Users\leotm\Desktop\Projetos\Programming\vacation-scheduler\node_modules\jest-circus\build\legacy-code-todo-rewrite\jestAdapterInit.js:170:21)
          at jestAdapter (C:\Users\leotm\Desktop\Projetos\Programming\vacation-scheduler\node_modules\jest-circus\build\legacy-code-todo-rewrite\jestAdapter.js:82:19)
          at runTestInternal (C:\Users\leotm\Desktop\Projetos\Programming\vacation-scheduler\node_modules\jest-runner\build\runTest.js:389:16)
          at runTest (C:\Users\leotm\Desktop\Projetos\Programming\vacation-scheduler\node_modules\jest-runner\build\runTest.js:475:34)
          at Object.worker (C:\Users\leotm\Desktop\Projetos\Programming\vacation-scheduler\node_modules\jest-runner\build\testWorker.js:133:12) TypeError: Cannot destructure property 'basename' of 'React.useContext(...)' as it is null.
          at LinkWithRef (C:\Users\leotm\Desktop\Projetos\Programming\vacation-scheduler\node_modules\react-router\dist\development\chunk-2YMDXNOJ.js:399:11)
          at renderWithHooks (C:\Users\leotm\Desktop\Projetos\Programming\vacation-scheduler\node_modules\react-dom\cjs\react-dom.development.js:15486:18)
          at updateForwardRef (C:\Users\leotm\Desktop\Projetos\Programming\vacation-scheduler\node_modules\react-dom\cjs\react-dom.development.js:19245:20)
          at beginWork (C:\Users\leotm\Desktop\Projetos\Programming\vacation-scheduler\node_modules\react-dom\cjs\react-dom.development.js:21675:16)
          at HTMLUnknownElement.callCallback (C:\Users\leotm\Desktop\Projetos\Programming\vacation-scheduler\node_modules\react-dom\cjs\react-dom.development.js:4164:14)
          at HTMLUnknownElement.callTheUserObjectsOperation (C:\Users\leotm\Desktop\Projetos\Programming\vacation-scheduler\node_modules\jsdom\lib\jsdom\living\generated\EventListener.js:26:30)
          at innerInvokeEventListeners (C:\Users\leotm\Desktop\Projetos\Programming\vacation-scheduler\node_modules\jsdom\lib\jsdom\living\events\EventTarget-impl.js:338:25)
          at invokeEventListeners (C:\Users\leotm\Desktop\Projetos\Programming\vacation-scheduler\node_modules\jsdom\lib\jsdom\living\events\EventTarget-impl.js:274:3)
          at HTMLUnknownElementImpl._dispatch (C:\Users\leotm\Desktop\Projetos\Programming\vacation-scheduler\node_modules\jsdom\lib\jsdom\living\events\EventTarget-impl.js:221:9)
          at HTMLUnknownElementImpl.dispatchEvent (C:\Users\leotm\Desktop\Projetos\Programming\vacation-scheduler\node_modules\jsdom\lib\jsdom\living\events\EventTarget-impl.js:94:17)
          at HTMLUnknownElement.dispatchEvent (C:\Users\leotm\Desktop\Projetos\Programming\vacation-scheduler\node_modules\jsdom\lib\jsdom\living\generated\EventTarget.js:231:34)
          at Object.invokeGuardedCallbackDev (C:\Users\leotm\Desktop\Projetos\Programming\vacation-scheduler\node_modules\react-dom\cjs\react-dom.development.js:4213:16)
          at invokeGuardedCallback (C:\Users\leotm\Desktop\Projetos\Programming\vacation-scheduler\node_modules\react-dom\cjs\react-dom.development.js:4277:31)
          at beginWork$1 (C:\Users\leotm\Desktop\Projetos\Programming\vacation-scheduler\node_modules\react-dom\cjs\react-dom.development.js:27490:7)
          at performUnitOfWork (C:\Users\leotm\Desktop\Projetos\Programming\vacation-scheduler\node_modules\react-dom\cjs\react-dom.development.js:26599:12)
          at workLoopSync (C:\Users\leotm\Desktop\Projetos\Programming\vacation-scheduler\node_modules\react-dom\cjs\react-dom.development.js:26505:5)
          at renderRootSync (C:\Users\leotm\Desktop\Projetos\Programming\vacation-scheduler\node_modules\react-dom\cjs\react-dom.development.js:26473:7)
          at performConcurrentWorkOnRoot (C:\Users\leotm\Desktop\Projetos\Programming\vacation-scheduler\node_modules\react-dom\cjs\react-dom.development.js:25777:74)
          at flushActQueue (C:\Users\leotm\Desktop\Projetos\Programming\vacation-scheduler\node_modules\react\cjs\react.development.js:2667:24)
          at act (C:\Users\leotm\Desktop\Projetos\Programming\vacation-scheduler\node_modules\react\cjs\react.development.js:2582:11)
          at C:\Users\leotm\Desktop\Projetos\Programming\vacation-scheduler\node_modules\@testing-library\react\dist\act-compat.js:46:25
          at renderRoot (C:\Users\leotm\Desktop\Projetos\Programming\vacation-scheduler\node_modules\@testing-library\react\dist\pure.js:189:26)
          at render (C:\Users\leotm\Desktop\Projetos\Programming\vacation-scheduler\node_modules\@testing-library\react\dist\pure.js:291:10)
          at Object.<anonymous> (C:\Users\leotm\Desktop\Projetos\Programming\vacation-scheduler\src\shared\ui\Footer.test.js:7:15)
          at Promise.then.completed (C:\Users\leotm\Desktop\Projetos\Programming\vacation-scheduler\node_modules\jest-circus\build\utils.js:391:28)
          at new Promise (<anonymous>)
          at callAsyncCircusFn (C:\Users\leotm\Desktop\Projetos\Programming\vacation-scheduler\node_modules\jest-circus\build\utils.js:316:10)
          at _callCircusTest (C:\Users\leotm\Desktop\Projetos\Programming\vacation-scheduler\node_modules\jest-circus\build\run.js:218:40)
          at processTicksAndRejections (node:internal/process/task_queues:103:5)
          at _runTest (C:\Users\leotm\Desktop\Projetos\Programming\vacation-scheduler\node_modules\jest-circus\build\run.js:155:3)
          at _runTestsForDescribeBlock (C:\Users\leotm\Desktop\Projetos\Programming\vacation-scheduler\node_modules\jest-circus\build\run.js:66:9)
          at _runTestsForDescribeBlock (C:\Users\leotm\Desktop\Projetos\Programming\vacation-scheduler\node_modules\jest-circus\build\run.js:60:9)
          at run (C:\Users\leotm\Desktop\Projetos\Programming\vacation-scheduler\node_modules\jest-circus\build\run.js:25:3)
          at runAndTransformResultsToJestFormat (C:\Users\leotm\Desktop\Projetos\Programming\vacation-scheduler\node_modules\jest-circus\build\legacy-code-todo-rewrite\jestAdapterInit.js:170:21)
          at jestAdapter (C:\Users\leotm\Desktop\Projetos\Programming\vacation-scheduler\node_modules\jest-circus\build\legacy-code-todo-rewrite\jestAdapter.js:82:19)
          at runTestInternal (C:\Users\leotm\Desktop\Projetos\Programming\vacation-scheduler\node_modules\jest-runner\build\runTest.js:389:16)
          at runTest (C:\Users\leotm\Desktop\Projetos\Programming\vacation-scheduler\node_modules\jest-runner\build\runTest.js:475:34)
          at Object.worker (C:\Users\leotm\Desktop\Projetos\Programming\vacation-scheduler\node_modules\jest-runner\build\testWorker.js:133:12)

    [0m [90m  5 |[39m describe([32m'Footer Component'[39m[33m,[39m () [33m=>[39m {
     [90m  6 |[39m     it([32m'renders the branding text and description'[39m[33m,[39m () [33m=>[39m {
    [31m[1m>[22m[39m[90m  7 |[39m         render([33m<[39m[33mFooter[39m [33m/[39m[33m>[39m)[33m;[39m
     [90m    |[39m               [31m[1m^[22m[39m
     [90m  8 |[39m         expect(screen[33m.[39mgetByText((content[33m,[39m element) [33m=>[39m element[33m.[39mtagName [33m===[39m [32m'H3'[39m [33m&&[39m element[33m.[39mtextContent [33m===[39m [32m'FindADate'[39m))[33m.[39mtoBeInTheDocument()[33m;[39m
     [90m  9 |[39m         expect(screen[33m.[39mgetByText([35m/Find the best date for any group event/i[39m))[33m.[39mtoBeInTheDocument()[33m;[39m
     [90m 10 |[39m     })[33m;[39m[0m

      at VirtualConsole.<anonymous> (node_modules/jsdom/lib/jsdom/virtual-console.js:29:45)
      at reportException (node_modules/jsdom/lib/jsdom/living/helpers/runtime-script-errors.js:70:28)
      at innerInvokeEventListeners (node_modules/jsdom/lib/jsdom/living/events/EventTarget-impl.js:341:9)
      at invokeEventListeners (node_modules/jsdom/lib/jsdom/living/events/EventTarget-impl.js:274:3)
      at HTMLUnknownElementImpl._dispatch (node_modules/jsdom/lib/jsdom/living/events/EventTarget-impl.js:221:9)
      at HTMLUnknownElementImpl.dispatchEvent (node_modules/jsdom/lib/jsdom/living/events/EventTarget-impl.js:94:17)
      at HTMLUnknownElement.dispatchEvent (node_modules/jsdom/lib/jsdom/living/generated/EventTarget.js:231:34)
      at Object.invokeGuardedCallbackDev (node_modules/react-dom/cjs/react-dom.development.js:4213:16)
      at invokeGuardedCallback (node_modules/react-dom/cjs/react-dom.development.js:4277:31)
      at beginWork$1 (node_modules/react-dom/cjs/react-dom.development.js:27490:7)
      at performUnitOfWork (node_modules/react-dom/cjs/react-dom.development.js:26599:12)
      at workLoopSync (node_modules/react-dom/cjs/react-dom.development.js:26505:5)
      at renderRootSync (node_modules/react-dom/cjs/react-dom.development.js:26473:7)
      at performConcurrentWorkOnRoot (node_modules/react-dom/cjs/react-dom.development.js:25777:74)
      at flushActQueue (node_modules/react/cjs/react.development.js:2667:24)
      at act (node_modules/react/cjs/react.development.js:2582:11)
      at node_modules/@testing-library/react/dist/act-compat.js:46:25
      at renderRoot (node_modules/@testing-library/react/dist/pure.js:189:26)
      at render (node_modules/@testing-library/react/dist/pure.js:291:10)
      at Object.<anonymous> (src/shared/ui/Footer.test.js:7:15)

    console.error
      Error: Uncaught [TypeError: Cannot destructure property 'basename' of 'React.useContext(...)' as it is null.]
          at reportException (C:\Users\leotm\Desktop\Projetos\Programming\vacation-scheduler\node_modules\jsdom\lib\jsdom\living\helpers\runtime-script-errors.js:66:24)
          at innerInvokeEventListeners (C:\Users\leotm\Desktop\Projetos\Programming\vacation-scheduler\node_modules\jsdom\lib\jsdom\living\events\EventTarget-impl.js:341:9)
          at invokeEventListeners (C:\Users\leotm\Desktop\Projetos\Programming\vacation-scheduler\node_modules\jsdom\lib\jsdom\living\events\EventTarget-impl.js:274:3)
          at HTMLUnknownElementImpl._dispatch (C:\Users\leotm\Desktop\Projetos\Programming\vacation-scheduler\node_modules\jsdom\lib\jsdom\living\events\EventTarget-impl.js:221:9)
          at HTMLUnknownElementImpl.dispatchEvent (C:\Users\leotm\Desktop\Projetos\Programming\vacation-scheduler\node_modules\jsdom\lib\jsdom\living\events\EventTarget-impl.js:94:17)
          at HTMLUnknownElement.dispatchEvent (C:\Users\leotm\Desktop\Projetos\Programming\vacation-scheduler\node_modules\jsdom\lib\jsdom\living\generated\EventTarget.js:231:34)
          at Object.invokeGuardedCallbackDev (C:\Users\leotm\Desktop\Projetos\Programming\vacation-scheduler\node_modules\react-dom\cjs\react-dom.development.js:4213:16)
          at invokeGuardedCallback (C:\Users\leotm\Desktop\Projetos\Programming\vacation-scheduler\node_modules\react-dom\cjs\react-dom.development.js:4277:31)
          at beginWork$1 (C:\Users\leotm\Desktop\Projetos\Programming\vacation-scheduler\node_modules\react-dom\cjs\react-dom.development.js:27490:7)
          at performUnitOfWork (C:\Users\leotm\Desktop\Projetos\Programming\vacation-scheduler\node_modules\react-dom\cjs\react-dom.development.js:26599:12)
          at workLoopSync (C:\Users\leotm\Desktop\Projetos\Programming\vacation-scheduler\node_modules\react-dom\cjs\react-dom.development.js:26505:5)
          at renderRootSync (C:\Users\leotm\Desktop\Projetos\Programming\vacation-scheduler\node_modules\react-dom\cjs\react-dom.development.js:26473:7)
          at performConcurrentWorkOnRoot (C:\Users\leotm\Desktop\Projetos\Programming\vacation-scheduler\node_modules\react-dom\cjs\react-dom.development.js:25777:74)
          at flushActQueue (C:\Users\leotm\Desktop\Projetos\Programming\vacation-scheduler\node_modules\react\cjs\react.development.js:2667:24)
          at act (C:\Users\leotm\Desktop\Projetos\Programming\vacation-scheduler\node_modules\react\cjs\react.development.js:2582:11)
          at C:\Users\leotm\Desktop\Projetos\Programming\vacation-scheduler\node_modules\@testing-library\react\dist\act-compat.js:46:25
          at renderRoot (C:\Users\leotm\Desktop\Projetos\Programming\vacation-scheduler\node_modules\@testing-library\react\dist\pure.js:189:26)
          at render (C:\Users\leotm\Desktop\Projetos\Programming\vacation-scheduler\node_modules\@testing-library\react\dist\pure.js:291:10)
          at Object.<anonymous> (C:\Users\leotm\Desktop\Projetos\Programming\vacation-scheduler\src\shared\ui\Footer.test.js:7:15)
          at Promise.then.completed (C:\Users\leotm\Desktop\Projetos\Programming\vacation-scheduler\node_modules\jest-circus\build\utils.js:391:28)
          at new Promise (<anonymous>)
          at callAsyncCircusFn (C:\Users\leotm\Desktop\Projetos\Programming\vacation-scheduler\node_modules\jest-circus\build\utils.js:316:10)
          at _callCircusTest (C:\Users\leotm\Desktop\Projetos\Programming\vacation-scheduler\node_modules\jest-circus\build\run.js:218:40)
          at processTicksAndRejections (node:internal/process/task_queues:103:5)
          at _runTest (C:\Users\leotm\Desktop\Projetos\Programming\vacation-scheduler\node_modules\jest-circus\build\run.js:155:3)
          at _runTestsForDescribeBlock (C:\Users\leotm\Desktop\Projetos\Programming\vacation-scheduler\node_modules\jest-circus\build\run.js:66:9)
          at _runTestsForDescribeBlock (C:\Users\leotm\Desktop\Projetos\Programming\vacation-scheduler\node_modules\jest-circus\build\run.js:60:9)
          at run (C:\Users\leotm\Desktop\Projetos\Programming\vacation-scheduler\node_modules\jest-circus\build\run.js:25:3)
          at runAndTransformResultsToJestFormat (C:\Users\leotm\Desktop\Projetos\Programming\vacation-scheduler\node_modules\jest-circus\build\legacy-code-todo-rewrite\jestAdapterInit.js:170:21)
          at jestAdapter (C:\Users\leotm\Desktop\Projetos\Programming\vacation-scheduler\node_modules\jest-circus\build\legacy-code-todo-rewrite\jestAdapter.js:82:19)
          at runTestInternal (C:\Users\leotm\Desktop\Projetos\Programming\vacation-scheduler\node_modules\jest-runner\build\runTest.js:389:16)
          at runTest (C:\Users\leotm\Desktop\Projetos\Programming\vacation-scheduler\node_modules\jest-runner\build\runTest.js:475:34)
          at Object.worker (C:\Users\leotm\Desktop\Projetos\Programming\vacation-scheduler\node_modules\jest-runner\build\testWorker.js:133:12) TypeError: Cannot destructure property 'basename' of 'React.useContext(...)' as it is null.
          at LinkWithRef (C:\Users\leotm\Desktop\Projetos\Programming\vacation-scheduler\node_modules\react-router\dist\development\chunk-2YMDXNOJ.js:399:11)
          at renderWithHooks (C:\Users\leotm\Desktop\Projetos\Programming\vacation-scheduler\node_modules\react-dom\cjs\react-dom.development.js:15486:18)
          at updateForwardRef (C:\Users\leotm\Desktop\Projetos\Programming\vacation-scheduler\node_modules\react-dom\cjs\react-dom.development.js:19245:20)
          at beginWork (C:\Users\leotm\Desktop\Projetos\Programming\vacation-scheduler\node_modules\react-dom\cjs\react-dom.development.js:21675:16)
          at HTMLUnknownElement.callCallback (C:\Users\leotm\Desktop\Projetos\Programming\vacation-scheduler\node_modules\react-dom\cjs\react-dom.development.js:4164:14)
          at HTMLUnknownElement.callTheUserObjectsOperation (C:\Users\leotm\Desktop\Projetos\Programming\vacation-scheduler\node_modules\jsdom\lib\jsdom\living\generated\EventListener.js:26:30)
          at innerInvokeEventListeners (C:\Users\leotm\Desktop\Projetos\Programming\vacation-scheduler\node_modules\jsdom\lib\jsdom\living\events\EventTarget-impl.js:338:25)
          at invokeEventListeners (C:\Users\leotm\Desktop\Projetos\Programming\vacation-scheduler\node_modules\jsdom\lib\jsdom\living\events\EventTarget-impl.js:274:3)
          at HTMLUnknownElementImpl._dispatch (C:\Users\leotm\Desktop\Projetos\Programming\vacation-scheduler\node_modules\jsdom\lib\jsdom\living\events\EventTarget-impl.js:221:9)
          at HTMLUnknownElementImpl.dispatchEvent (C:\Users\leotm\Desktop\Projetos\Programming\vacation-scheduler\node_modules\jsdom\lib\jsdom\living\events\EventTarget-impl.js:94:17)
          at HTMLUnknownElement.dispatchEvent (C:\Users\leotm\Desktop\Projetos\Programming\vacation-scheduler\node_modules\jsdom\lib\jsdom\living\generated\EventTarget.js:231:34)
          at Object.invokeGuardedCallbackDev (C:\Users\leotm\Desktop\Projetos\Programming\vacation-scheduler\node_modules\react-dom\cjs\react-dom.development.js:4213:16)
          at invokeGuardedCallback (C:\Users\leotm\Desktop\Projetos\Programming\vacation-scheduler\node_modules\react-dom\cjs\react-dom.development.js:4277:31)
          at beginWork$1 (C:\Users\leotm\Desktop\Projetos\Programming\vacation-scheduler\node_modules\react-dom\cjs\react-dom.development.js:27490:7)
          at performUnitOfWork (C:\Users\leotm\Desktop\Projetos\Programming\vacation-scheduler\node_modules\react-dom\cjs\react-dom.development.js:26599:12)
          at workLoopSync (C:\Users\leotm\Desktop\Projetos\Programming\vacation-scheduler\node_modules\react-dom\cjs\react-dom.development.js:26505:5)
          at renderRootSync (C:\Users\leotm\Desktop\Projetos\Programming\vacation-scheduler\node_modules\react-dom\cjs\react-dom.development.js:26473:7)
          at performConcurrentWorkOnRoot (C:\Users\leotm\Desktop\Projetos\Programming\vacation-scheduler\node_modules\react-dom\cjs\react-dom.development.js:25777:74)
          at flushActQueue (C:\Users\leotm\Desktop\Projetos\Programming\vacation-scheduler\node_modules\react\cjs\react.development.js:2667:24)
          at act (C:\Users\leotm\Desktop\Projetos\Programming\vacation-scheduler\node_modules\react\cjs\react.development.js:2582:11)
          at C:\Users\leotm\Desktop\Projetos\Programming\vacation-scheduler\node_modules\@testing-library\react\dist\act-compat.js:46:25
          at renderRoot (C:\Users\leotm\Desktop\Projetos\Programming\vacation-scheduler\node_modules\@testing-library\react\dist\pure.js:189:26)
          at render (C:\Users\leotm\Desktop\Projetos\Programming\vacation-scheduler\node_modules\@testing-library\react\dist\pure.js:291:10)
          at Object.<anonymous> (C:\Users\leotm\Desktop\Projetos\Programming\vacation-scheduler\src\shared\ui\Footer.test.js:7:15)
          at Promise.then.completed (C:\Users\leotm\Desktop\Projetos\Programming\vacation-scheduler\node_modules\jest-circus\build\utils.js:391:28)
          at new Promise (<anonymous>)
          at callAsyncCircusFn (C:\Users\leotm\Desktop\Projetos\Programming\vacation-scheduler\node_modules\jest-circus\build\utils.js:316:10)
          at _callCircusTest (C:\Users\leotm\Desktop\Projetos\Programming\vacation-scheduler\node_modules\jest-circus\build\run.js:218:40)
          at processTicksAndRejections (node:internal/process/task_queues:103:5)
          at _runTest (C:\Users\leotm\Desktop\Projetos\Programming\vacation-scheduler\node_modules\jest-circus\build\run.js:155:3)
          at _runTestsForDescribeBlock (C:\Users\leotm\Desktop\Projetos\Programming\vacation-scheduler\node_modules\jest-circus\build\run.js:66:9)
          at _runTestsForDescribeBlock (C:\Users\leotm\Desktop\Projetos\Programming\vacation-scheduler\node_modules\jest-circus\build\run.js:60:9)
          at run (C:\Users\leotm\Desktop\Projetos\Programming\vacation-scheduler\node_modules\jest-circus\build\run.js:25:3)
          at runAndTransformResultsToJestFormat (C:\Users\leotm\Desktop\Projetos\Programming\vacation-scheduler\node_modules\jest-circus\build\legacy-code-todo-rewrite\jestAdapterInit.js:170:21)
          at jestAdapter (C:\Users\leotm\Desktop\Projetos\Programming\vacation-scheduler\node_modules\jest-circus\build\legacy-code-todo-rewrite\jestAdapter.js:82:19)
          at runTestInternal (C:\Users\leotm\Desktop\Projetos\Programming\vacation-scheduler\node_modules\jest-runner\build\runTest.js:389:16)
          at runTest (C:\Users\leotm\Desktop\Projetos\Programming\vacation-scheduler\node_modules\jest-runner\build\runTest.js:475:34)
          at Object.worker (C:\Users\leotm\Desktop\Projetos\Programming\vacation-scheduler\node_modules\jest-runner\build\testWorker.js:133:12)

    [0m [90m  5 |[39m describe([32m'Footer Component'[39m[33m,[39m () [33m=>[39m {
     [90m  6 |[39m     it([32m'renders the branding text and description'[39m[33m,[39m () [33m=>[39m {
    [31m[1m>[22m[39m[90m  7 |[39m         render([33m<[39m[33mFooter[39m [33m/[39m[33m>[39m)[33m;[39m
     [90m    |[39m               [31m[1m^[22m[39m
     [90m  8 |[39m         expect(screen[33m.[39mgetByText((content[33m,[39m element) [33m=>[39m element[33m.[39mtagName [33m===[39m [32m'H3'[39m [33m&&[39m element[33m.[39mtextContent [33m===[39m [32m'FindADate'[39m))[33m.[39mtoBeInTheDocument()[33m;[39m
     [90m  9 |[39m         expect(screen[33m.[39mgetByText([35m/Find the best date for any group event/i[39m))[33m.[39mtoBeInTheDocument()[33m;[39m
     [90m 10 |[39m     })[33m;[39m[0m

      at VirtualConsole.<anonymous> (node_modules/jsdom/lib/jsdom/virtual-console.js:29:45)
      at reportException (node_modules/jsdom/lib/jsdom/living/helpers/runtime-script-errors.js:70:28)
      at innerInvokeEventListeners (node_modules/jsdom/lib/jsdom/living/events/EventTarget-impl.js:341:9)
      at invokeEventListeners (node_modules/jsdom/lib/jsdom/living/events/EventTarget-impl.js:274:3)
      at HTMLUnknownElementImpl._dispatch (node_modules/jsdom/lib/jsdom/living/events/EventTarget-impl.js:221:9)
      at HTMLUnknownElementImpl.dispatchEvent (node_modules/jsdom/lib/jsdom/living/events/EventTarget-impl.js:94:17)
      at HTMLUnknownElement.dispatchEvent (node_modules/jsdom/lib/jsdom/living/generated/EventTarget.js:231:34)
      at Object.invokeGuardedCallbackDev (node_modules/react-dom/cjs/react-dom.development.js:4213:16)
      at invokeGuardedCallback (node_modules/react-dom/cjs/react-dom.development.js:4277:31)
      at beginWork$1 (node_modules/react-dom/cjs/react-dom.development.js:27490:7)
      at performUnitOfWork (node_modules/react-dom/cjs/react-dom.development.js:26599:12)
      at workLoopSync (node_modules/react-dom/cjs/react-dom.development.js:26505:5)
      at renderRootSync (node_modules/react-dom/cjs/react-dom.development.js:26473:7)
      at performConcurrentWorkOnRoot (node_modules/react-dom/cjs/react-dom.development.js:25777:74)
      at flushActQueue (node_modules/react/cjs/react.development.js:2667:24)
      at act (node_modules/react/cjs/react.development.js:2582:11)
      at node_modules/@testing-library/react/dist/act-compat.js:46:25
      at renderRoot (node_modules/@testing-library/react/dist/pure.js:189:26)
      at render (node_modules/@testing-library/react/dist/pure.js:291:10)
      at Object.<anonymous> (src/shared/ui/Footer.test.js:7:15)

    console.error
      Error: Uncaught [TypeError: Cannot destructure property 'basename' of 'React.useContext(...)' as it is null.]
          at reportException (C:\Users\leotm\Desktop\Projetos\Programming\vacation-scheduler\node_modules\jsdom\lib\jsdom\living\helpers\runtime-script-errors.js:66:24)
          at innerInvokeEventListeners (C:\Users\leotm\Desktop\Projetos\Programming\vacation-scheduler\node_modules\jsdom\lib\jsdom\living\events\EventTarget-impl.js:341:9)
          at invokeEventListeners (C:\Users\leotm\Desktop\Projetos\Programming\vacation-scheduler\node_modules\jsdom\lib\jsdom\living\events\EventTarget-impl.js:274:3)
          at HTMLUnknownElementImpl._dispatch (C:\Users\leotm\Desktop\Projetos\Programming\vacation-scheduler\node_modules\jsdom\lib\jsdom\living\events\EventTarget-impl.js:221:9)
          at HTMLUnknownElementImpl.dispatchEvent (C:\Users\leotm\Desktop\Projetos\Programming\vacation-scheduler\node_modules\jsdom\lib\jsdom\living\events\EventTarget-impl.js:94:17)
          at HTMLUnknownElement.dispatchEvent (C:\Users\leotm\Desktop\Projetos\Programming\vacation-scheduler\node_modules\jsdom\lib\jsdom\living\generated\EventTarget.js:231:34)
          at Object.invokeGuardedCallbackDev (C:\Users\leotm\Desktop\Projetos\Programming\vacation-scheduler\node_modules\react-dom\cjs\react-dom.development.js:4213:16)
          at invokeGuardedCallback (C:\Users\leotm\Desktop\Projetos\Programming\vacation-scheduler\node_modules\react-dom\cjs\react-dom.development.js:4277:31)
          at beginWork$1 (C:\Users\leotm\Desktop\Projetos\Programming\vacation-scheduler\node_modules\react-dom\cjs\react-dom.development.js:27490:7)
          at performUnitOfWork (C:\Users\leotm\Desktop\Projetos\Programming\vacation-scheduler\node_modules\react-dom\cjs\react-dom.development.js:26599:12)
          at workLoopSync (C:\Users\leotm\Desktop\Projetos\Programming\vacation-scheduler\node_modules\react-dom\cjs\react-dom.development.js:26505:5)
          at renderRootSync (C:\Users\leotm\Desktop\Projetos\Programming\vacation-scheduler\node_modules\react-dom\cjs\react-dom.development.js:26473:7)
          at performConcurrentWorkOnRoot (C:\Users\leotm\Desktop\Projetos\Programming\vacation-scheduler\node_modules\react-dom\cjs\react-dom.development.js:25777:74)
          at flushActQueue (C:\Users\leotm\Desktop\Projetos\Programming\vacation-scheduler\node_modules\react\cjs\react.development.js:2667:24)
          at act (C:\Users\leotm\Desktop\Projetos\Programming\vacation-scheduler\node_modules\react\cjs\react.development.js:2582:11)
          at C:\Users\leotm\Desktop\Projetos\Programming\vacation-scheduler\node_modules\@testing-library\react\dist\act-compat.js:46:25
          at renderRoot (C:\Users\leotm\Desktop\Projetos\Programming\vacation-scheduler\node_modules\@testing-library\react\dist\pure.js:189:26)
          at render (C:\Users\leotm\Desktop\Projetos\Programming\vacation-scheduler\node_modules\@testing-library\react\dist\pure.js:291:10)
          at Object.<anonymous> (C:\Users\leotm\Desktop\Projetos\Programming\vacation-scheduler\src\shared\ui\Footer.test.js:7:15)
          at Promise.then.completed (C:\Users\leotm\Desktop\Projetos\Programming\vacation-scheduler\node_modules\jest-circus\build\utils.js:391:28)
          at new Promise (<anonymous>)
          at callAsyncCircusFn (C:\Users\leotm\Desktop\Projetos\Programming\vacation-scheduler\node_modules\jest-circus\build\utils.js:316:10)
          at _callCircusTest (C:\Users\leotm\Desktop\Projetos\Programming\vacation-scheduler\node_modules\jest-circus\build\run.js:218:40)
          at processTicksAndRejections (node:internal/process/task_queues:103:5)
          at _runTest (C:\Users\leotm\Desktop\Projetos\Programming\vacation-scheduler\node_modules\jest-circus\build\run.js:155:3)
          at _runTestsForDescribeBlock (C:\Users\leotm\Desktop\Projetos\Programming\vacation-scheduler\node_modules\jest-circus\build\run.js:66:9)
          at _runTestsForDescribeBlock (C:\Users\leotm\Desktop\Projetos\Programming\vacation-scheduler\node_modules\jest-circus\build\run.js:60:9)
          at run (C:\Users\leotm\Desktop\Projetos\Programming\vacation-scheduler\node_modules\jest-circus\build\run.js:25:3)
          at runAndTransformResultsToJestFormat (C:\Users\leotm\Desktop\Projetos\Programming\vacation-scheduler\node_modules\jest-circus\build\legacy-code-todo-rewrite\jestAdapterInit.js:170:21)
          at jestAdapter (C:\Users\leotm\Desktop\Projetos\Programming\vacation-scheduler\node_modules\jest-circus\build\legacy-code-todo-rewrite\jestAdapter.js:82:19)
          at runTestInternal (C:\Users\leotm\Desktop\Projetos\Programming\vacation-scheduler\node_modules\jest-runner\build\runTest.js:389:16)
          at runTest (C:\Users\leotm\Desktop\Projetos\Programming\vacation-scheduler\node_modules\jest-runner\build\runTest.js:475:34)
          at Object.worker (C:\Users\leotm\Desktop\Projetos\Programming\vacation-scheduler\node_modules\jest-runner\build\testWorker.js:133:12) TypeError: Cannot destructure property 'basename' of 'React.useContext(...)' as it is null.
          at LinkWithRef (C:\Users\leotm\Desktop\Projetos\Programming\vacation-scheduler\node_modules\react-router\dist\development\chunk-2YMDXNOJ.js:399:11)
          at renderWithHooks (C:\Users\leotm\Desktop\Projetos\Programming\vacation-scheduler\node_modules\react-dom\cjs\react-dom.development.js:15486:18)
          at updateForwardRef (C:\Users\leotm\Desktop\Projetos\Programming\vacation-scheduler\node_modules\react-dom\cjs\react-dom.development.js:19245:20)
          at beginWork (C:\Users\leotm\Desktop\Projetos\Programming\vacation-scheduler\node_modules\react-dom\cjs\react-dom.development.js:21675:16)
          at HTMLUnknownElement.callCallback (C:\Users\leotm\Desktop\Projetos\Programming\vacation-scheduler\node_modules\react-dom\cjs\react-dom.development.js:4164:14)
          at HTMLUnknownElement.callTheUserObjectsOperation (C:\Users\leotm\Desktop\Projetos\Programming\vacation-scheduler\node_modules\jsdom\lib\jsdom\living\generated\EventListener.js:26:30)
          at innerInvokeEventListeners (C:\Users\leotm\Desktop\Projetos\Programming\vacation-scheduler\node_modules\jsdom\lib\jsdom\living\events\EventTarget-impl.js:338:25)
          at invokeEventListeners (C:\Users\leotm\Desktop\Projetos\Programming\vacation-scheduler\node_modules\jsdom\lib\jsdom\living\events\EventTarget-impl.js:274:3)
          at HTMLUnknownElementImpl._dispatch (C:\Users\leotm\Desktop\Projetos\Programming\vacation-scheduler\node_modules\jsdom\lib\jsdom\living\events\EventTarget-impl.js:221:9)
          at HTMLUnknownElementImpl.dispatchEvent (C:\Users\leotm\Desktop\Projetos\Programming\vacation-scheduler\node_modules\jsdom\lib\jsdom\living\events\EventTarget-impl.js:94:17)
          at HTMLUnknownElement.dispatchEvent (C:\Users\leotm\Desktop\Projetos\Programming\vacation-scheduler\node_modules\jsdom\lib\jsdom\living\generated\EventTarget.js:231:34)
          at Object.invokeGuardedCallbackDev (C:\Users\leotm\Desktop\Projetos\Programming\vacation-scheduler\node_modules\react-dom\cjs\react-dom.development.js:4213:16)
          at invokeGuardedCallback (C:\Users\leotm\Desktop\Projetos\Programming\vacation-scheduler\node_modules\react-dom\cjs\react-dom.development.js:4277:31)
          at beginWork$1 (C:\Users\leotm\Desktop\Projetos\Programming\vacation-scheduler\node_modules\react-dom\cjs\react-dom.development.js:27490:7)
          at performUnitOfWork (C:\Users\leotm\Desktop\Projetos\Programming\vacation-scheduler\node_modules\react-dom\cjs\react-dom.development.js:26599:12)
          at workLoopSync (C:\Users\leotm\Desktop\Projetos\Programming\vacation-scheduler\node_modules\react-dom\cjs\react-dom.development.js:26505:5)
          at renderRootSync (C:\Users\leotm\Desktop\Projetos\Programming\vacation-scheduler\node_modules\react-dom\cjs\react-dom.development.js:26473:7)
          at performConcurrentWorkOnRoot (C:\Users\leotm\Desktop\Projetos\Programming\vacation-scheduler\node_modules\react-dom\cjs\react-dom.development.js:25777:74)
          at flushActQueue (C:\Users\leotm\Desktop\Projetos\Programming\vacation-scheduler\node_modules\react\cjs\react.development.js:2667:24)
          at act (C:\Users\leotm\Desktop\Projetos\Programming\vacation-scheduler\node_modules\react\cjs\react.development.js:2582:11)
          at C:\Users\leotm\Desktop\Projetos\Programming\vacation-scheduler\node_modules\@testing-library\react\dist\act-compat.js:46:25
          at renderRoot (C:\Users\leotm\Desktop\Projetos\Programming\vacation-scheduler\node_modules\@testing-library\react\dist\pure.js:189:26)
          at render (C:\Users\leotm\Desktop\Projetos\Programming\vacation-scheduler\node_modules\@testing-library\react\dist\pure.js:291:10)
          at Object.<anonymous> (C:\Users\leotm\Desktop\Projetos\Programming\vacation-scheduler\src\shared\ui\Footer.test.js:7:15)
          at Promise.then.completed (C:\Users\leotm\Desktop\Projetos\Programming\vacation-scheduler\node_modules\jest-circus\build\utils.js:391:28)
          at new Promise (<anonymous>)
          at callAsyncCircusFn (C:\Users\leotm\Desktop\Projetos\Programming\vacation-scheduler\node_modules\jest-circus\build\utils.js:316:10)
          at _callCircusTest (C:\Users\leotm\Desktop\Projetos\Programming\vacation-scheduler\node_modules\jest-circus\build\run.js:218:40)
          at processTicksAndRejections (node:internal/process/task_queues:103:5)
          at _runTest (C:\Users\leotm\Desktop\Projetos\Programming\vacation-scheduler\node_modules\jest-circus\build\run.js:155:3)
          at _runTestsForDescribeBlock (C:\Users\leotm\Desktop\Projetos\Programming\vacation-scheduler\node_modules\jest-circus\build\run.js:66:9)
          at _runTestsForDescribeBlock (C:\Users\leotm\Desktop\Projetos\Programming\vacation-scheduler\node_modules\jest-circus\build\run.js:60:9)
          at run (C:\Users\leotm\Desktop\Projetos\Programming\vacation-scheduler\node_modules\jest-circus\build\run.js:25:3)
          at runAndTransformResultsToJestFormat (C:\Users\leotm\Desktop\Projetos\Programming\vacation-scheduler\node_modules\jest-circus\build\legacy-code-todo-rewrite\jestAdapterInit.js:170:21)
          at jestAdapter (C:\Users\leotm\Desktop\Projetos\Programming\vacation-scheduler\node_modules\jest-circus\build\legacy-code-todo-rewrite\jestAdapter.js:82:19)
          at runTestInternal (C:\Users\leotm\Desktop\Projetos\Programming\vacation-scheduler\node_modules\jest-runner\build\runTest.js:389:16)
          at runTest (C:\Users\leotm\Desktop\Projetos\Programming\vacation-scheduler\node_modules\jest-runner\build\runTest.js:475:34)
          at Object.worker (C:\Users\leotm\Desktop\Projetos\Programming\vacation-scheduler\node_modules\jest-runner\build\testWorker.js:133:12)

    [0m [90m  5 |[39m describe([32m'Footer Component'[39m[33m,[39m () [33m=>[39m {
     [90m  6 |[39m     it([32m'renders the branding text and description'[39m[33m,[39m () [33m=>[39m {
    [31m[1m>[22m[39m[90m  7 |[39m         render([33m<[39m[33mFooter[39m [33m/[39m[33m>[39m)[33m;[39m
     [90m    |[39m               [31m[1m^[22m[39m
     [90m  8 |[39m         expect(screen[33m.[39mgetByText((content[33m,[39m element) [33m=>[39m element[33m.[39mtagName [33m===[39m [32m'H3'[39m [33m&&[39m element[33m.[39mtextContent [33m===[39m [32m'FindADate'[39m))[33m.[39mtoBeInTheDocument()[33m;[39m
     [90m  9 |[39m         expect(screen[33m.[39mgetByText([35m/Find the best date for any group event/i[39m))[33m.[39mtoBeInTheDocument()[33m;[39m
     [90m 10 |[39m     })[33m;[39m[0m

      at VirtualConsole.<anonymous> (node_modules/jsdom/lib/jsdom/virtual-console.js:29:45)
      at reportException (node_modules/jsdom/lib/jsdom/living/helpers/runtime-script-errors.js:70:28)
      at innerInvokeEventListeners (node_modules/jsdom/lib/jsdom/living/events/EventTarget-impl.js:341:9)
      at invokeEventListeners (node_modules/jsdom/lib/jsdom/living/events/EventTarget-impl.js:274:3)
      at HTMLUnknownElementImpl._dispatch (node_modules/jsdom/lib/jsdom/living/events/EventTarget-impl.js:221:9)
      at HTMLUnknownElementImpl.dispatchEvent (node_modules/jsdom/lib/jsdom/living/events/EventTarget-impl.js:94:17)
      at HTMLUnknownElement.dispatchEvent (node_modules/jsdom/lib/jsdom/living/generated/EventTarget.js:231:34)
      at Object.invokeGuardedCallbackDev (node_modules/react-dom/cjs/react-dom.development.js:4213:16)
      at invokeGuardedCallback (node_modules/react-dom/cjs/react-dom.development.js:4277:31)
      at beginWork$1 (node_modules/react-dom/cjs/react-dom.development.js:27490:7)
      at performUnitOfWork (node_modules/react-dom/cjs/react-dom.development.js:26599:12)
      at workLoopSync (node_modules/react-dom/cjs/react-dom.development.js:26505:5)
      at renderRootSync (node_modules/react-dom/cjs/react-dom.development.js:26473:7)
      at performConcurrentWorkOnRoot (node_modules/react-dom/cjs/react-dom.development.js:25777:74)
      at flushActQueue (node_modules/react/cjs/react.development.js:2667:24)
      at act (node_modules/react/cjs/react.development.js:2582:11)
      at node_modules/@testing-library/react/dist/act-compat.js:46:25
      at renderRoot (node_modules/@testing-library/react/dist/pure.js:189:26)
      at render (node_modules/@testing-library/react/dist/pure.js:291:10)
      at Object.<anonymous> (src/shared/ui/Footer.test.js:7:15)

    console.error
      Error: Uncaught [TypeError: Cannot destructure property 'basename' of 'React.useContext(...)' as it is null.]
          at reportException (C:\Users\leotm\Desktop\Projetos\Programming\vacation-scheduler\node_modules\jsdom\lib\jsdom\living\helpers\runtime-script-errors.js:66:24)
          at innerInvokeEventListeners (C:\Users\leotm\Desktop\Projetos\Programming\vacation-scheduler\node_modules\jsdom\lib\jsdom\living\events\EventTarget-impl.js:341:9)
          at invokeEventListeners (C:\Users\leotm\Desktop\Projetos\Programming\vacation-scheduler\node_modules\jsdom\lib\jsdom\living\events\EventTarget-impl.js:274:3)
          at HTMLUnknownElementImpl._dispatch (C:\Users\leotm\Desktop\Projetos\Programming\vacation-scheduler\node_modules\jsdom\lib\jsdom\living\events\EventTarget-impl.js:221:9)
          at HTMLUnknownElementImpl.dispatchEvent (C:\Users\leotm\Desktop\Projetos\Programming\vacation-scheduler\node_modules\jsdom\lib\jsdom\living\events\EventTarget-impl.js:94:17)
          at HTMLUnknownElement.dispatchEvent (C:\Users\leotm\Desktop\Projetos\Programming\vacation-scheduler\node_modules\jsdom\lib\jsdom\living\generated\EventTarget.js:231:34)
          at Object.invokeGuardedCallbackDev (C:\Users\leotm\Desktop\Projetos\Programming\vacation-scheduler\node_modules\react-dom\cjs\react-dom.development.js:4213:16)
          at invokeGuardedCallback (C:\Users\leotm\Desktop\Projetos\Programming\vacation-scheduler\node_modules\react-dom\cjs\react-dom.development.js:4277:31)
          at beginWork$1 (C:\Users\leotm\Desktop\Projetos\Programming\vacation-scheduler\node_modules\react-dom\cjs\react-dom.development.js:27490:7)
          at performUnitOfWork (C:\Users\leotm\Desktop\Projetos\Programming\vacation-scheduler\node_modules\react-dom\cjs\react-dom.development.js:26599:12)
          at workLoopSync (C:\Users\leotm\Desktop\Projetos\Programming\vacation-scheduler\node_modules\react-dom\cjs\react-dom.development.js:26505:5)
          at renderRootSync (C:\Users\leotm\Desktop\Projetos\Programming\vacation-scheduler\node_modules\react-dom\cjs\react-dom.development.js:26473:7)
          at recoverFromConcurrentError (C:\Users\leotm\Desktop\Projetos\Programming\vacation-scheduler\node_modules\react-dom\cjs\react-dom.development.js:25889:20)
          at performConcurrentWorkOnRoot (C:\Users\leotm\Desktop\Projetos\Programming\vacation-scheduler\node_modules\react-dom\cjs\react-dom.development.js:25789:22)
          at flushActQueue (C:\Users\leotm\Desktop\Projetos\Programming\vacation-scheduler\node_modules\react\cjs\react.development.js:2667:24)
          at act (C:\Users\leotm\Desktop\Projetos\Programming\vacation-scheduler\node_modules\react\cjs\react.development.js:2582:11)
          at C:\Users\leotm\Desktop\Projetos\Programming\vacation-scheduler\node_modules\@testing-library\react\dist\act-compat.js:46:25
          at renderRoot (C:\Users\leotm\Desktop\Projetos\Programming\vacation-scheduler\node_modules\@testing-library\react\dist\pure.js:189:26)
          at render (C:\Users\leotm\Desktop\Projetos\Programming\vacation-scheduler\node_modules\@testing-library\react\dist\pure.js:291:10)
          at Object.<anonymous> (C:\Users\leotm\Desktop\Projetos\Programming\vacation-scheduler\src\shared\ui\Footer.test.js:7:15)
          at Promise.then.completed (C:\Users\leotm\Desktop\Projetos\Programming\vacation-scheduler\node_modules\jest-circus\build\utils.js:391:28)
          at new Promise (<anonymous>)
          at callAsyncCircusFn (C:\Users\leotm\Desktop\Projetos\Programming\vacation-scheduler\node_modules\jest-circus\build\utils.js:316:10)
          at _callCircusTest (C:\Users\leotm\Desktop\Projetos\Programming\vacation-scheduler\node_modules\jest-circus\build\run.js:218:40)
          at processTicksAndRejections (node:internal/process/task_queues:103:5)
          at _runTest (C:\Users\leotm\Desktop\Projetos\Programming\vacation-scheduler\node_modules\jest-circus\build\run.js:155:3)
          at _runTestsForDescribeBlock (C:\Users\leotm\Desktop\Projetos\Programming\vacation-scheduler\node_modules\jest-circus\build\run.js:66:9)
          at _runTestsForDescribeBlock (C:\Users\leotm\Desktop\Projetos\Programming\vacation-scheduler\node_modules\jest-circus\build\run.js:60:9)
          at run (C:\Users\leotm\Desktop\Projetos\Programming\vacation-scheduler\node_modules\jest-circus\build\run.js:25:3)
          at runAndTransformResultsToJestFormat (C:\Users\leotm\Desktop\Projetos\Programming\vacation-scheduler\node_modules\jest-circus\build\legacy-code-todo-rewrite\jestAdapterInit.js:170:21)
          at jestAdapter (C:\Users\leotm\Desktop\Projetos\Programming\vacation-scheduler\node_modules\jest-circus\build\legacy-code-todo-rewrite\jestAdapter.js:82:19)
          at runTestInternal (C:\Users\leotm\Desktop\Projetos\Programming\vacation-scheduler\node_modules\jest-runner\build\runTest.js:389:16)
          at runTest (C:\Users\leotm\Desktop\Projetos\Programming\vacation-scheduler\node_modules\jest-runner\build\runTest.js:475:34)
          at Object.worker (C:\Users\leotm\Desktop\Projetos\Programming\vacation-scheduler\node_modules\jest-runner\build\testWorker.js:133:12) TypeError: Cannot destructure property 'basename' of 'React.useContext(...)' as it is null.
          at LinkWithRef (C:\Users\leotm\Desktop\Projetos\Programming\vacation-scheduler\node_modules\react-router\dist\development\chunk-2YMDXNOJ.js:399:11)
          at renderWithHooks (C:\Users\leotm\Desktop\Projetos\Programming\vacation-scheduler\node_modules\react-dom\cjs\react-dom.development.js:15486:18)
          at updateForwardRef (C:\Users\leotm\Desktop\Projetos\Programming\vacation-scheduler\node_modules\react-dom\cjs\react-dom.development.js:19245:20)
          at beginWork (C:\Users\leotm\Desktop\Projetos\Programming\vacation-scheduler\node_modules\react-dom\cjs\react-dom.development.js:21675:16)
          at HTMLUnknownElement.callCallback (C:\Users\leotm\Desktop\Projetos\Programming\vacation-scheduler\node_modules\react-dom\cjs\react-dom.development.js:4164:14)
          at HTMLUnknownElement.callTheUserObjectsOperation (C:\Users\leotm\Desktop\Projetos\Programming\vacation-scheduler\node_modules\jsdom\lib\jsdom\living\generated\EventListener.js:26:30)
          at innerInvokeEventListeners (C:\Users\leotm\Desktop\Projetos\Programming\vacation-scheduler\node_modules\jsdom\lib\jsdom\living\events\EventTarget-impl.js:338:25)
          at invokeEventListeners (C:\Users\leotm\Desktop\Projetos\Programming\vacation-scheduler\node_modules\jsdom\lib\jsdom\living\events\EventTarget-impl.js:274:3)
          at HTMLUnknownElementImpl._dispatch (C:\Users\leotm\Desktop\Projetos\Programming\vacation-scheduler\node_modules\jsdom\lib\jsdom\living\events\EventTarget-impl.js:221:9)
          at HTMLUnknownElementImpl.dispatchEvent (C:\Users\leotm\Desktop\Projetos\Programming\vacation-scheduler\node_modules\jsdom\lib\jsdom\living\events\EventTarget-impl.js:94:17)
          at HTMLUnknownElement.dispatchEvent (C:\Users\leotm\Desktop\Projetos\Programming\vacation-scheduler\node_modules\jsdom\lib\jsdom\living\generated\EventTarget.js:231:34)
          at Object.invokeGuardedCallbackDev (C:\Users\leotm\Desktop\Projetos\Programming\vacation-scheduler\node_modules\react-dom\cjs\react-dom.development.js:4213:16)
          at invokeGuardedCallback (C:\Users\leotm\Desktop\Projetos\Programming\vacation-scheduler\node_modules\react-dom\cjs\react-dom.development.js:4277:31)
          at beginWork$1 (C:\Users\leotm\Desktop\Projetos\Programming\vacation-scheduler\node_modules\react-dom\cjs\react-dom.development.js:27490:7)
          at performUnitOfWork (C:\Users\leotm\Desktop\Projetos\Programming\vacation-scheduler\node_modules\react-dom\cjs\react-dom.development.js:26599:12)
          at workLoopSync (C:\Users\leotm\Desktop\Projetos\Programming\vacation-scheduler\node_modules\react-dom\cjs\react-dom.development.js:26505:5)
          at renderRootSync (C:\Users\leotm\Desktop\Projetos\Programming\vacation-scheduler\node_modules\react-dom\cjs\react-dom.development.js:26473:7)
          at recoverFromConcurrentError (C:\Users\leotm\Desktop\Projetos\Programming\vacation-scheduler\node_modules\react-dom\cjs\react-dom.development.js:25889:20)
          at performConcurrentWorkOnRoot (C:\Users\leotm\Desktop\Projetos\Programming\vacation-scheduler\node_modules\react-dom\cjs\react-dom.development.js:25789:22)
          at flushActQueue (C:\Users\leotm\Desktop\Projetos\Programming\vacation-scheduler\node_modules\react\cjs\react.development.js:2667:24)
          at act (C:\Users\leotm\Desktop\Projetos\Programming\vacation-scheduler\node_modules\react\cjs\react.development.js:2582:11)
          at C:\Users\leotm\Desktop\Projetos\Programming\vacation-scheduler\node_modules\@testing-library\react\dist\act-compat.js:46:25
          at renderRoot (C:\Users\leotm\Desktop\Projetos\Programming\vacation-scheduler\node_modules\@testing-library\react\dist\pure.js:189:26)
          at render (C:\Users\leotm\Desktop\Projetos\Programming\vacation-scheduler\node_modules\@testing-library\react\dist\pure.js:291:10)
          at Object.<anonymous> (C:\Users\leotm\Desktop\Projetos\Programming\vacation-scheduler\src\shared\ui\Footer.test.js:7:15)
          at Promise.then.completed (C:\Users\leotm\Desktop\Projetos\Programming\vacation-scheduler\node_modules\jest-circus\build\utils.js:391:28)
          at new Promise (<anonymous>)
          at callAsyncCircusFn (C:\Users\leotm\Desktop\Projetos\Programming\vacation-scheduler\node_modules\jest-circus\build\utils.js:316:10)
          at _callCircusTest (C:\Users\leotm\Desktop\Projetos\Programming\vacation-scheduler\node_modules\jest-circus\build\run.js:218:40)
          at processTicksAndRejections (node:internal/process/task_queues:103:5)
          at _runTest (C:\Users\leotm\Desktop\Projetos\Programming\vacation-scheduler\node_modules\jest-circus\build\run.js:155:3)
          at _runTestsForDescribeBlock (C:\Users\leotm\Desktop\Projetos\Programming\vacation-scheduler\node_modules\jest-circus\build\run.js:66:9)
          at _runTestsForDescribeBlock (C:\Users\leotm\Desktop\Projetos\Programming\vacation-scheduler\node_modules\jest-circus\build\run.js:60:9)
          at run (C:\Users\leotm\Desktop\Projetos\Programming\vacation-scheduler\node_modules\jest-circus\build\run.js:25:3)
          at runAndTransformResultsToJestFormat (C:\Users\leotm\Desktop\Projetos\Programming\vacation-scheduler\node_modules\jest-circus\build\legacy-code-todo-rewrite\jestAdapterInit.js:170:21)
          at jestAdapter (C:\Users\leotm\Desktop\Projetos\Programming\vacation-scheduler\node_modules\jest-circus\build\legacy-code-todo-rewrite\jestAdapter.js:82:19)
          at runTestInternal (C:\Users\leotm\Desktop\Projetos\Programming\vacation-scheduler\node_modules\jest-runner\build\runTest.js:389:16)
          at runTest (C:\Users\leotm\Desktop\Projetos\Programming\vacation-scheduler\node_modules\jest-runner\build\runTest.js:475:34)
          at Object.worker (C:\Users\leotm\Desktop\Projetos\Programming\vacation-scheduler\node_modules\jest-runner\build\testWorker.js:133:12)

    [0m [90m  5 |[39m describe([32m'Footer Component'[39m[33m,[39m () [33m=>[39m {
     [90m  6 |[39m     it([32m'renders the branding text and description'[39m[33m,[39m () [33m=>[39m {
    [31m[1m>[22m[39m[90m  7 |[39m         render([33m<[39m[33mFooter[39m [33m/[39m[33m>[39m)[33m;[39m
     [90m    |[39m               [31m[1m^[22m[39m
     [90m  8 |[39m         expect(screen[33m.[39mgetByText((content[33m,[39m element) [33m=>[39m element[33m.[39mtagName [33m===[39m [32m'H3'[39m [33m&&[39m element[33m.[39mtextContent [33m===[39m [32m'FindADate'[39m))[33m.[39mtoBeInTheDocument()[33m;[39m
     [90m  9 |[39m         expect(screen[33m.[39mgetByText([35m/Find the best date for any group event/i[39m))[33m.[39mtoBeInTheDocument()[33m;[39m
     [90m 10 |[39m     })[33m;[39m[0m

      at VirtualConsole.<anonymous> (node_modules/jsdom/lib/jsdom/virtual-console.js:29:45)
      at reportException (node_modules/jsdom/lib/jsdom/living/helpers/runtime-script-errors.js:70:28)
      at innerInvokeEventListeners (node_modules/jsdom/lib/jsdom/living/events/EventTarget-impl.js:341:9)
      at invokeEventListeners (node_modules/jsdom/lib/jsdom/living/events/EventTarget-impl.js:274:3)
      at HTMLUnknownElementImpl._dispatch (node_modules/jsdom/lib/jsdom/living/events/EventTarget-impl.js:221:9)
      at HTMLUnknownElementImpl.dispatchEvent (node_modules/jsdom/lib/jsdom/living/events/EventTarget-impl.js:94:17)
      at HTMLUnknownElement.dispatchEvent (node_modules/jsdom/lib/jsdom/living/generated/EventTarget.js:231:34)
      at Object.invokeGuardedCallbackDev (node_modules/react-dom/cjs/react-dom.development.js:4213:16)
      at invokeGuardedCallback (node_modules/react-dom/cjs/react-dom.development.js:4277:31)
      at beginWork$1 (node_modules/react-dom/cjs/react-dom.development.js:27490:7)
      at performUnitOfWork (node_modules/react-dom/cjs/react-dom.development.js:26599:12)
      at workLoopSync (node_modules/react-dom/cjs/react-dom.development.js:26505:5)
      at renderRootSync (node_modules/react-dom/cjs/react-dom.development.js:26473:7)
      at recoverFromConcurrentError (node_modules/react-dom/cjs/react-dom.development.js:25889:20)
      at performConcurrentWorkOnRoot (node_modules/react-dom/cjs/react-dom.development.js:25789:22)
      at flushActQueue (node_modules/react/cjs/react.development.js:2667:24)
      at act (node_modules/react/cjs/react.development.js:2582:11)
      at node_modules/@testing-library/react/dist/act-compat.js:46:25
      at renderRoot (node_modules/@testing-library/react/dist/pure.js:189:26)
      at render (node_modules/@testing-library/react/dist/pure.js:291:10)
      at Object.<anonymous> (src/shared/ui/Footer.test.js:7:15)

    console.error
      Error: Uncaught [TypeError: Cannot destructure property 'basename' of 'React.useContext(...)' as it is null.]
          at reportException (C:\Users\leotm\Desktop\Projetos\Programming\vacation-scheduler\node_modules\jsdom\lib\jsdom\living\helpers\runtime-script-errors.js:66:24)
          at innerInvokeEventListeners (C:\Users\leotm\Desktop\Projetos\Programming\vacation-scheduler\node_modules\jsdom\lib\jsdom\living\events\EventTarget-impl.js:341:9)
          at invokeEventListeners (C:\Users\leotm\Desktop\Projetos\Programming\vacation-scheduler\node_modules\jsdom\lib\jsdom\living\events\EventTarget-impl.js:274:3)
          at HTMLUnknownElementImpl._dispatch (C:\Users\leotm\Desktop\Projetos\Programming\vacation-scheduler\node_modules\jsdom\lib\jsdom\living\events\EventTarget-impl.js:221:9)
          at HTMLUnknownElementImpl.dispatchEvent (C:\Users\leotm\Desktop\Projetos\Programming\vacation-scheduler\node_modules\jsdom\lib\jsdom\living\events\EventTarget-impl.js:94:17)
          at HTMLUnknownElement.dispatchEvent (C:\Users\leotm\Desktop\Projetos\Programming\vacation-scheduler\node_modules\jsdom\lib\jsdom\living\generated\EventTarget.js:231:34)
          at Object.invokeGuardedCallbackDev (C:\Users\leotm\Desktop\Projetos\Programming\vacation-scheduler\node_modules\react-dom\cjs\react-dom.development.js:4213:16)
          at invokeGuardedCallback (C:\Users\leotm\Desktop\Projetos\Programming\vacation-scheduler\node_modules\react-dom\cjs\react-dom.development.js:4277:31)
          at beginWork$1 (C:\Users\leotm\Desktop\Projetos\Programming\vacation-scheduler\node_modules\react-dom\cjs\react-dom.development.js:27490:7)
          at performUnitOfWork (C:\Users\leotm\Desktop\Projetos\Programming\vacation-scheduler\node_modules\react-dom\cjs\react-dom.development.js:26599:12)
          at workLoopSync (C:\Users\leotm\Desktop\Projetos\Programming\vacation-scheduler\node_modules\react-dom\cjs\react-dom.development.js:26505:5)
          at renderRootSync (C:\Users\leotm\Desktop\Projetos\Programming\vacation-scheduler\node_modules\react-dom\cjs\react-dom.development.js:26473:7)
          at recoverFromConcurrentError (C:\Users\leotm\Desktop\Projetos\Programming\vacation-scheduler\node_modules\react-dom\cjs\react-dom.development.js:25889:20)
          at performConcurrentWorkOnRoot (C:\Users\leotm\Desktop\Projetos\Programming\vacation-scheduler\node_modules\react-dom\cjs\react-dom.development.js:25789:22)
          at flushActQueue (C:\Users\leotm\Desktop\Projetos\Programming\vacation-scheduler\node_modules\react\cjs\react.development.js:2667:24)
          at act (C:\Users\leotm\Desktop\Projetos\Programming\vacation-scheduler\node_modules\react\cjs\react.development.js:2582:11)
          at C:\Users\leotm\Desktop\Projetos\Programming\vacation-scheduler\node_modules\@testing-library\react\dist\act-compat.js:46:25
          at renderRoot (C:\Users\leotm\Desktop\Projetos\Programming\vacation-scheduler\node_modules\@testing-library\react\dist\pure.js:189:26)
          at render (C:\Users\leotm\Desktop\Projetos\Programming\vacation-scheduler\node_modules\@testing-library\react\dist\pure.js:291:10)
          at Object.<anonymous> (C:\Users\leotm\Desktop\Projetos\Programming\vacation-scheduler\src\shared\ui\Footer.test.js:7:15)
          at Promise.then.completed (C:\Users\leotm\Desktop\Projetos\Programming\vacation-scheduler\node_modules\jest-circus\build\utils.js:391:28)
          at new Promise (<anonymous>)
          at callAsyncCircusFn (C:\Users\leotm\Desktop\Projetos\Programming\vacation-scheduler\node_modules\jest-circus\build\utils.js:316:10)
          at _callCircusTest (C:\Users\leotm\Desktop\Projetos\Programming\vacation-scheduler\node_modules\jest-circus\build\run.js:218:40)
          at processTicksAndRejections (node:internal/process/task_queues:103:5)
          at _runTest (C:\Users\leotm\Desktop\Projetos\Programming\vacation-scheduler\node_modules\jest-circus\build\run.js:155:3)
          at _runTestsForDescribeBlock (C:\Users\leotm\Desktop\Projetos\Programming\vacation-scheduler\node_modules\jest-circus\build\run.js:66:9)
          at _runTestsForDescribeBlock (C:\Users\leotm\Desktop\Projetos\Programming\vacation-scheduler\node_modules\jest-circus\build\run.js:60:9)
          at run (C:\Users\leotm\Desktop\Projetos\Programming\vacation-scheduler\node_modules\jest-circus\build\run.js:25:3)
          at runAndTransformResultsToJestFormat (C:\Users\leotm\Desktop\Projetos\Programming\vacation-scheduler\node_modules\jest-circus\build\legacy-code-todo-rewrite\jestAdapterInit.js:170:21)
          at jestAdapter (C:\Users\leotm\Desktop\Projetos\Programming\vacation-scheduler\node_modules\jest-circus\build\legacy-code-todo-rewrite\jestAdapter.js:82:19)
          at runTestInternal (C:\Users\leotm\Desktop\Projetos\Programming\vacation-scheduler\node_modules\jest-runner\build\runTest.js:389:16)
          at runTest (C:\Users\leotm\Desktop\Projetos\Programming\vacation-scheduler\node_modules\jest-runner\build\runTest.js:475:34)
          at Object.worker (C:\Users\leotm\Desktop\Projetos\Programming\vacation-scheduler\node_modules\jest-runner\build\testWorker.js:133:12) TypeError: Cannot destructure property 'basename' of 'React.useContext(...)' as it is null.
          at LinkWithRef (C:\Users\leotm\Desktop\Projetos\Programming\vacation-scheduler\node_modules\react-router\dist\development\chunk-2YMDXNOJ.js:399:11)
          at renderWithHooks (C:\Users\leotm\Desktop\Projetos\Programming\vacation-scheduler\node_modules\react-dom\cjs\react-dom.development.js:15486:18)
          at updateForwardRef (C:\Users\leotm\Desktop\Projetos\Programming\vacation-scheduler\node_modules\react-dom\cjs\react-dom.development.js:19245:20)
          at beginWork (C:\Users\leotm\Desktop\Projetos\Programming\vacation-scheduler\node_modules\react-dom\cjs\react-dom.development.js:21675:16)
          at HTMLUnknownElement.callCallback (C:\Users\leotm\Desktop\Projetos\Programming\vacation-scheduler\node_modules\react-dom\cjs\react-dom.development.js:4164:14)
          at HTMLUnknownElement.callTheUserObjectsOperation (C:\Users\leotm\Desktop\Projetos\Programming\vacation-scheduler\node_modules\jsdom\lib\jsdom\living\generated\EventListener.js:26:30)
          at innerInvokeEventListeners (C:\Users\leotm\Desktop\Projetos\Programming\vacation-scheduler\node_modules\jsdom\lib\jsdom\living\events\EventTarget-impl.js:338:25)
          at invokeEventListeners (C:\Users\leotm\Desktop\Projetos\Programming\vacation-scheduler\node_modules\jsdom\lib\jsdom\living\events\EventTarget-impl.js:274:3)
          at HTMLUnknownElementImpl._dispatch (C:\Users\leotm\Desktop\Projetos\Programming\vacation-scheduler\node_modules\jsdom\lib\jsdom\living\events\EventTarget-impl.js:221:9)
          at HTMLUnknownElementImpl.dispatchEvent (C:\Users\leotm\Desktop\Projetos\Programming\vacation-scheduler\node_modules\jsdom\lib\jsdom\living\events\EventTarget-impl.js:94:17)
          at HTMLUnknownElement.dispatchEvent (C:\Users\leotm\Desktop\Projetos\Programming\vacation-scheduler\node_modules\jsdom\lib\jsdom\living\generated\EventTarget.js:231:34)
          at Object.invokeGuardedCallbackDev (C:\Users\leotm\Desktop\Projetos\Programming\vacation-scheduler\node_modules\react-dom\cjs\react-dom.development.js:4213:16)
          at invokeGuardedCallback (C:\Users\leotm\Desktop\Projetos\Programming\vacation-scheduler\node_modules\react-dom\cjs\react-dom.development.js:4277:31)
          at beginWork$1 (C:\Users\leotm\Desktop\Projetos\Programming\vacation-scheduler\node_modules\react-dom\cjs\react-dom.development.js:27490:7)
          at performUnitOfWork (C:\Users\leotm\Desktop\Projetos\Programming\vacation-scheduler\node_modules\react-dom\cjs\react-dom.development.js:26599:12)
          at workLoopSync (C:\Users\leotm\Desktop\Projetos\Programming\vacation-scheduler\node_modules\react-dom\cjs\react-dom.development.js:26505:5)
          at renderRootSync (C:\Users\leotm\Desktop\Projetos\Programming\vacation-scheduler\node_modules\react-dom\cjs\react-dom.development.js:26473:7)
          at recoverFromConcurrentError (C:\Users\leotm\Desktop\Projetos\Programming\vacation-scheduler\node_modules\react-dom\cjs\react-dom.development.js:25889:20)
          at performConcurrentWorkOnRoot (C:\Users\leotm\Desktop\Projetos\Programming\vacation-scheduler\node_modules\react-dom\cjs\react-dom.development.js:25789:22)
          at flushActQueue (C:\Users\leotm\Desktop\Projetos\Programming\vacation-scheduler\node_modules\react\cjs\react.development.js:2667:24)
          at act (C:\Users\leotm\Desktop\Projetos\Programming\vacation-scheduler\node_modules\react\cjs\react.development.js:2582:11)
          at C:\Users\leotm\Desktop\Projetos\Programming\vacation-scheduler\node_modules\@testing-library\react\dist\act-compat.js:46:25
          at renderRoot (C:\Users\leotm\Desktop\Projetos\Programming\vacation-scheduler\node_modules\@testing-library\react\dist\pure.js:189:26)
          at render (C:\Users\leotm\Desktop\Projetos\Programming\vacation-scheduler\node_modules\@testing-library\react\dist\pure.js:291:10)
          at Object.<anonymous> (C:\Users\leotm\Desktop\Projetos\Programming\vacation-scheduler\src\shared\ui\Footer.test.js:7:15)
          at Promise.then.completed (C:\Users\leotm\Desktop\Projetos\Programming\vacation-scheduler\node_modules\jest-circus\build\utils.js:391:28)
          at new Promise (<anonymous>)
          at callAsyncCircusFn (C:\Users\leotm\Desktop\Projetos\Programming\vacation-scheduler\node_modules\jest-circus\build\utils.js:316:10)
          at _callCircusTest (C:\Users\leotm\Desktop\Projetos\Programming\vacation-scheduler\node_modules\jest-circus\build\run.js:218:40)
          at processTicksAndRejections (node:internal/process/task_queues:103:5)
          at _runTest (C:\Users\leotm\Desktop\Projetos\Programming\vacation-scheduler\node_modules\jest-circus\build\run.js:155:3)
          at _runTestsForDescribeBlock (C:\Users\leotm\Desktop\Projetos\Programming\vacation-scheduler\node_modules\jest-circus\build\run.js:66:9)
          at _runTestsForDescribeBlock (C:\Users\leotm\Desktop\Projetos\Programming\vacation-scheduler\node_modules\jest-circus\build\run.js:60:9)
          at run (C:\Users\leotm\Desktop\Projetos\Programming\vacation-scheduler\node_modules\jest-circus\build\run.js:25:3)
          at runAndTransformResultsToJestFormat (C:\Users\leotm\Desktop\Projetos\Programming\vacation-scheduler\node_modules\jest-circus\build\legacy-code-todo-rewrite\jestAdapterInit.js:170:21)
          at jestAdapter (C:\Users\leotm\Desktop\Projetos\Programming\vacation-scheduler\node_modules\jest-circus\build\legacy-code-todo-rewrite\jestAdapter.js:82:19)
          at runTestInternal (C:\Users\leotm\Desktop\Projetos\Programming\vacation-scheduler\node_modules\jest-runner\build\runTest.js:389:16)
          at runTest (C:\Users\leotm\Desktop\Projetos\Programming\vacation-scheduler\node_modules\jest-runner\build\runTest.js:475:34)
          at Object.worker (C:\Users\leotm\Desktop\Projetos\Programming\vacation-scheduler\node_modules\jest-runner\build\testWorker.js:133:12)

    [0m [90m  5 |[39m describe([32m'Footer Component'[39m[33m,[39m () [33m=>[39m {
     [90m  6 |[39m     it([32m'renders the branding text and description'[39m[33m,[39m () [33m=>[39m {
    [31m[1m>[22m[39m[90m  7 |[39m         render([33m<[39m[33mFooter[39m [33m/[39m[33m>[39m)[33m;[39m
     [90m    |[39m               [31m[1m^[22m[39m
     [90m  8 |[39m         expect(screen[33m.[39mgetByText((content[33m,[39m element) [33m=>[39m element[33m.[39mtagName [33m===[39m [32m'H3'[39m [33m&&[39m element[33m.[39mtextContent [33m===[39m [32m'FindADate'[39m))[33m.[39mtoBeInTheDocument()[33m;[39m
     [90m  9 |[39m         expect(screen[33m.[39mgetByText([35m/Find the best date for any group event/i[39m))[33m.[39mtoBeInTheDocument()[33m;[39m
     [90m 10 |[39m     })[33m;[39m[0m

      at VirtualConsole.<anonymous> (node_modules/jsdom/lib/jsdom/virtual-console.js:29:45)
      at reportException (node_modules/jsdom/lib/jsdom/living/helpers/runtime-script-errors.js:70:28)
      at innerInvokeEventListeners (node_modules/jsdom/lib/jsdom/living/events/EventTarget-impl.js:341:9)
      at invokeEventListeners (node_modules/jsdom/lib/jsdom/living/events/EventTarget-impl.js:274:3)
      at HTMLUnknownElementImpl._dispatch (node_modules/jsdom/lib/jsdom/living/events/EventTarget-impl.js:221:9)
      at HTMLUnknownElementImpl.dispatchEvent (node_modules/jsdom/lib/jsdom/living/events/EventTarget-impl.js:94:17)
      at HTMLUnknownElement.dispatchEvent (node_modules/jsdom/lib/jsdom/living/generated/EventTarget.js:231:34)
      at Object.invokeGuardedCallbackDev (node_modules/react-dom/cjs/react-dom.development.js:4213:16)
      at invokeGuardedCallback (node_modules/react-dom/cjs/react-dom.development.js:4277:31)
      at beginWork$1 (node_modules/react-dom/cjs/react-dom.development.js:27490:7)
      at performUnitOfWork (node_modules/react-dom/cjs/react-dom.development.js:26599:12)
      at workLoopSync (node_modules/react-dom/cjs/react-dom.development.js:26505:5)
      at renderRootSync (node_modules/react-dom/cjs/react-dom.development.js:26473:7)
      at recoverFromConcurrentError (node_modules/react-dom/cjs/react-dom.development.js:25889:20)
      at performConcurrentWorkOnRoot (node_modules/react-dom/cjs/react-dom.development.js:25789:22)
      at flushActQueue (node_modules/react/cjs/react.development.js:2667:24)
      at act (node_modules/react/cjs/react.development.js:2582:11)
      at node_modules/@testing-library/react/dist/act-compat.js:46:25
      at renderRoot (node_modules/@testing-library/react/dist/pure.js:189:26)
      at render (node_modules/@testing-library/react/dist/pure.js:291:10)
      at Object.<anonymous> (src/shared/ui/Footer.test.js:7:15)

    console.error
      Error: Uncaught [TypeError: Cannot destructure property 'basename' of 'React.useContext(...)' as it is null.]
          at reportException (C:\Users\leotm\Desktop\Projetos\Programming\vacation-scheduler\node_modules\jsdom\lib\jsdom\living\helpers\runtime-script-errors.js:66:24)
          at innerInvokeEventListeners (C:\Users\leotm\Desktop\Projetos\Programming\vacation-scheduler\node_modules\jsdom\lib\jsdom\living\events\EventTarget-impl.js:341:9)
          at invokeEventListeners (C:\Users\leotm\Desktop\Projetos\Programming\vacation-scheduler\node_modules\jsdom\lib\jsdom\living\events\EventTarget-impl.js:274:3)
          at HTMLUnknownElementImpl._dispatch (C:\Users\leotm\Desktop\Projetos\Programming\vacation-scheduler\node_modules\jsdom\lib\jsdom\living\events\EventTarget-impl.js:221:9)
          at HTMLUnknownElementImpl.dispatchEvent (C:\Users\leotm\Desktop\Projetos\Programming\vacation-scheduler\node_modules\jsdom\lib\jsdom\living\events\EventTarget-impl.js:94:17)
          at HTMLUnknownElement.dispatchEvent (C:\Users\leotm\Desktop\Projetos\Programming\vacation-scheduler\node_modules\jsdom\lib\jsdom\living\generated\EventTarget.js:231:34)
          at Object.invokeGuardedCallbackDev (C:\Users\leotm\Desktop\Projetos\Programming\vacation-scheduler\node_modules\react-dom\cjs\react-dom.development.js:4213:16)
          at invokeGuardedCallback (C:\Users\leotm\Desktop\Projetos\Programming\vacation-scheduler\node_modules\react-dom\cjs\react-dom.development.js:4277:31)
          at beginWork$1 (C:\Users\leotm\Desktop\Projetos\Programming\vacation-scheduler\node_modules\react-dom\cjs\react-dom.development.js:27490:7)
          at performUnitOfWork (C:\Users\leotm\Desktop\Projetos\Programming\vacation-scheduler\node_modules\react-dom\cjs\react-dom.development.js:26599:12)
          at workLoopSync (C:\Users\leotm\Desktop\Projetos\Programming\vacation-scheduler\node_modules\react-dom\cjs\react-dom.development.js:26505:5)
          at renderRootSync (C:\Users\leotm\Desktop\Projetos\Programming\vacation-scheduler\node_modules\react-dom\cjs\react-dom.development.js:26473:7)
          at recoverFromConcurrentError (C:\Users\leotm\Desktop\Projetos\Programming\vacation-scheduler\node_modules\react-dom\cjs\react-dom.development.js:25889:20)
          at performConcurrentWorkOnRoot (C:\Users\leotm\Desktop\Projetos\Programming\vacation-scheduler\node_modules\react-dom\cjs\react-dom.development.js:25789:22)
          at flushActQueue (C:\Users\leotm\Desktop\Projetos\Programming\vacation-scheduler\node_modules\react\cjs\react.development.js:2667:24)
          at act (C:\Users\leotm\Desktop\Projetos\Programming\vacation-scheduler\node_modules\react\cjs\react.development.js:2582:11)
          at C:\Users\leotm\Desktop\Projetos\Programming\vacation-scheduler\node_modules\@testing-library\react\dist\act-compat.js:46:25
          at renderRoot (C:\Users\leotm\Desktop\Projetos\Programming\vacation-scheduler\node_modules\@testing-library\react\dist\pure.js:189:26)
          at render (C:\Users\leotm\Desktop\Projetos\Programming\vacation-scheduler\node_modules\@testing-library\react\dist\pure.js:291:10)
          at Object.<anonymous> (C:\Users\leotm\Desktop\Projetos\Programming\vacation-scheduler\src\shared\ui\Footer.test.js:7:15)
          at Promise.then.completed (C:\Users\leotm\Desktop\Projetos\Programming\vacation-scheduler\node_modules\jest-circus\build\utils.js:391:28)
          at new Promise (<anonymous>)
          at callAsyncCircusFn (C:\Users\leotm\Desktop\Projetos\Programming\vacation-scheduler\node_modules\jest-circus\build\utils.js:316:10)
          at _callCircusTest (C:\Users\leotm\Desktop\Projetos\Programming\vacation-scheduler\node_modules\jest-circus\build\run.js:218:40)
          at processTicksAndRejections (node:internal/process/task_queues:103:5)
          at _runTest (C:\Users\leotm\Desktop\Projetos\Programming\vacation-scheduler\node_modules\jest-circus\build\run.js:155:3)
          at _runTestsForDescribeBlock (C:\Users\leotm\Desktop\Projetos\Programming\vacation-scheduler\node_modules\jest-circus\build\run.js:66:9)
          at _runTestsForDescribeBlock (C:\Users\leotm\Desktop\Projetos\Programming\vacation-scheduler\node_modules\jest-circus\build\run.js:60:9)
          at run (C:\Users\leotm\Desktop\Projetos\Programming\vacation-scheduler\node_modules\jest-circus\build\run.js:25:3)
          at runAndTransformResultsToJestFormat (C:\Users\leotm\Desktop\Projetos\Programming\vacation-scheduler\node_modules\jest-circus\build\legacy-code-todo-rewrite\jestAdapterInit.js:170:21)
          at jestAdapter (C:\Users\leotm\Desktop\Projetos\Programming\vacation-scheduler\node_modules\jest-circus\build\legacy-code-todo-rewrite\jestAdapter.js:82:19)
          at runTestInternal (C:\Users\leotm\Desktop\Projetos\Programming\vacation-scheduler\node_modules\jest-runner\build\runTest.js:389:16)
          at runTest (C:\Users\leotm\Desktop\Projetos\Programming\vacation-scheduler\node_modules\jest-runner\build\runTest.js:475:34)
          at Object.worker (C:\Users\leotm\Desktop\Projetos\Programming\vacation-scheduler\node_modules\jest-runner\build\testWorker.js:133:12) TypeError: Cannot destructure property 'basename' of 'React.useContext(...)' as it is null.
          at LinkWithRef (C:\Users\leotm\Desktop\Projetos\Programming\vacation-scheduler\node_modules\react-router\dist\development\chunk-2YMDXNOJ.js:399:11)
          at renderWithHooks (C:\Users\leotm\Desktop\Projetos\Programming\vacation-scheduler\node_modules\react-dom\cjs\react-dom.development.js:15486:18)
          at updateForwardRef (C:\Users\leotm\Desktop\Projetos\Programming\vacation-scheduler\node_modules\react-dom\cjs\react-dom.development.js:19245:20)
          at beginWork (C:\Users\leotm\Desktop\Projetos\Programming\vacation-scheduler\node_modules\react-dom\cjs\react-dom.development.js:21675:16)
          at HTMLUnknownElement.callCallback (C:\Users\leotm\Desktop\Projetos\Programming\vacation-scheduler\node_modules\react-dom\cjs\react-dom.development.js:4164:14)
          at HTMLUnknownElement.callTheUserObjectsOperation (C:\Users\leotm\Desktop\Projetos\Programming\vacation-scheduler\node_modules\jsdom\lib\jsdom\living\generated\EventListener.js:26:30)
          at innerInvokeEventListeners (C:\Users\leotm\Desktop\Projetos\Programming\vacation-scheduler\node_modules\jsdom\lib\jsdom\living\events\EventTarget-impl.js:338:25)
          at invokeEventListeners (C:\Users\leotm\Desktop\Projetos\Programming\vacation-scheduler\node_modules\jsdom\lib\jsdom\living\events\EventTarget-impl.js:274:3)
          at HTMLUnknownElementImpl._dispatch (C:\Users\leotm\Desktop\Projetos\Programming\vacation-scheduler\node_modules\jsdom\lib\jsdom\living\events\EventTarget-impl.js:221:9)
          at HTMLUnknownElementImpl.dispatchEvent (C:\Users\leotm\Desktop\Projetos\Programming\vacation-scheduler\node_modules\jsdom\lib\jsdom\living\events\EventTarget-impl.js:94:17)
          at HTMLUnknownElement.dispatchEvent (C:\Users\leotm\Desktop\Projetos\Programming\vacation-scheduler\node_modules\jsdom\lib\jsdom\living\generated\EventTarget.js:231:34)
          at Object.invokeGuardedCallbackDev (C:\Users\leotm\Desktop\Projetos\Programming\vacation-scheduler\node_modules\react-dom\cjs\react-dom.development.js:4213:16)
          at invokeGuardedCallback (C:\Users\leotm\Desktop\Projetos\Programming\vacation-scheduler\node_modules\react-dom\cjs\react-dom.development.js:4277:31)
          at beginWork$1 (C:\Users\leotm\Desktop\Projetos\Programming\vacation-scheduler\node_modules\react-dom\cjs\react-dom.development.js:27490:7)
          at performUnitOfWork (C:\Users\leotm\Desktop\Projetos\Programming\vacation-scheduler\node_modules\react-dom\cjs\react-dom.development.js:26599:12)
          at workLoopSync (C:\Users\leotm\Desktop\Projetos\Programming\vacation-scheduler\node_modules\react-dom\cjs\react-dom.development.js:26505:5)
          at renderRootSync (C:\Users\leotm\Desktop\Projetos\Programming\vacation-scheduler\node_modules\react-dom\cjs\react-dom.development.js:26473:7)
          at recoverFromConcurrentError (C:\Users\leotm\Desktop\Projetos\Programming\vacation-scheduler\node_modules\react-dom\cjs\react-dom.development.js:25889:20)
          at performConcurrentWorkOnRoot (C:\Users\leotm\Desktop\Projetos\Programming\vacation-scheduler\node_modules\react-dom\cjs\react-dom.development.js:25789:22)
          at flushActQueue (C:\Users\leotm\Desktop\Projetos\Programming\vacation-scheduler\node_modules\react\cjs\react.development.js:2667:24)
          at act (C:\Users\leotm\Desktop\Projetos\Programming\vacation-scheduler\node_modules\react\cjs\react.development.js:2582:11)
          at C:\Users\leotm\Desktop\Projetos\Programming\vacation-scheduler\node_modules\@testing-library\react\dist\act-compat.js:46:25
          at renderRoot (C:\Users\leotm\Desktop\Projetos\Programming\vacation-scheduler\node_modules\@testing-library\react\dist\pure.js:189:26)
          at render (C:\Users\leotm\Desktop\Projetos\Programming\vacation-scheduler\node_modules\@testing-library\react\dist\pure.js:291:10)
          at Object.<anonymous> (C:\Users\leotm\Desktop\Projetos\Programming\vacation-scheduler\src\shared\ui\Footer.test.js:7:15)
          at Promise.then.completed (C:\Users\leotm\Desktop\Projetos\Programming\vacation-scheduler\node_modules\jest-circus\build\utils.js:391:28)
          at new Promise (<anonymous>)
          at callAsyncCircusFn (C:\Users\leotm\Desktop\Projetos\Programming\vacation-scheduler\node_modules\jest-circus\build\utils.js:316:10)
          at _callCircusTest (C:\Users\leotm\Desktop\Projetos\Programming\vacation-scheduler\node_modules\jest-circus\build\run.js:218:40)
          at processTicksAndRejections (node:internal/process/task_queues:103:5)
          at _runTest (C:\Users\leotm\Desktop\Projetos\Programming\vacation-scheduler\node_modules\jest-circus\build\run.js:155:3)
          at _runTestsForDescribeBlock (C:\Users\leotm\Desktop\Projetos\Programming\vacation-scheduler\node_modules\jest-circus\build\run.js:66:9)
          at _runTestsForDescribeBlock (C:\Users\leotm\Desktop\Projetos\Programming\vacation-scheduler\node_modules\jest-circus\build\run.js:60:9)
          at run (C:\Users\leotm\Desktop\Projetos\Programming\vacation-scheduler\node_modules\jest-circus\build\run.js:25:3)
          at runAndTransformResultsToJestFormat (C:\Users\leotm\Desktop\Projetos\Programming\vacation-scheduler\node_modules\jest-circus\build\legacy-code-todo-rewrite\jestAdapterInit.js:170:21)
          at jestAdapter (C:\Users\leotm\Desktop\Projetos\Programming\vacation-scheduler\node_modules\jest-circus\build\legacy-code-todo-rewrite\jestAdapter.js:82:19)
          at runTestInternal (C:\Users\leotm\Desktop\Projetos\Programming\vacation-scheduler\node_modules\jest-runner\build\runTest.js:389:16)
          at runTest (C:\Users\leotm\Desktop\Projetos\Programming\vacation-scheduler\node_modules\jest-runner\build\runTest.js:475:34)
          at Object.worker (C:\Users\leotm\Desktop\Projetos\Programming\vacation-scheduler\node_modules\jest-runner\build\testWorker.js:133:12)

    [0m [90m  5 |[39m describe([32m'Footer Component'[39m[33m,[39m () [33m=>[39m {
     [90m  6 |[39m     it([32m'renders the branding text and description'[39m[33m,[39m () [33m=>[39m {
    [31m[1m>[22m[39m[90m  7 |[39m         render([33m<[39m[33mFooter[39m [33m/[39m[33m>[39m)[33m;[39m
     [90m    |[39m               [31m[1m^[22m[39m
     [90m  8 |[39m         expect(screen[33m.[39mgetByText((content[33m,[39m element) [33m=>[39m element[33m.[39mtagName [33m===[39m [32m'H3'[39m [33m&&[39m element[33m.[39mtextContent [33m===[39m [32m'FindADate'[39m))[33m.[39mtoBeInTheDocument()[33m;[39m
     [90m  9 |[39m         expect(screen[33m.[39mgetByText([35m/Find the best date for any group event/i[39m))[33m.[39mtoBeInTheDocument()[33m;[39m
     [90m 10 |[39m     })[33m;[39m[0m

      at VirtualConsole.<anonymous> (node_modules/jsdom/lib/jsdom/virtual-console.js:29:45)
      at reportException (node_modules/jsdom/lib/jsdom/living/helpers/runtime-script-errors.js:70:28)
      at innerInvokeEventListeners (node_modules/jsdom/lib/jsdom/living/events/EventTarget-impl.js:341:9)
      at invokeEventListeners (node_modules/jsdom/lib/jsdom/living/events/EventTarget-impl.js:274:3)
      at HTMLUnknownElementImpl._dispatch (node_modules/jsdom/lib/jsdom/living/events/EventTarget-impl.js:221:9)
      at HTMLUnknownElementImpl.dispatchEvent (node_modules/jsdom/lib/jsdom/living/events/EventTarget-impl.js:94:17)
      at HTMLUnknownElement.dispatchEvent (node_modules/jsdom/lib/jsdom/living/generated/EventTarget.js:231:34)
      at Object.invokeGuardedCallbackDev (node_modules/react-dom/cjs/react-dom.development.js:4213:16)
      at invokeGuardedCallback (node_modules/react-dom/cjs/react-dom.development.js:4277:31)
      at beginWork$1 (node_modules/react-dom/cjs/react-dom.development.js:27490:7)
      at performUnitOfWork (node_modules/react-dom/cjs/react-dom.development.js:26599:12)
      at workLoopSync (node_modules/react-dom/cjs/react-dom.development.js:26505:5)
      at renderRootSync (node_modules/react-dom/cjs/react-dom.development.js:26473:7)
      at recoverFromConcurrentError (node_modules/react-dom/cjs/react-dom.development.js:25889:20)
      at performConcurrentWorkOnRoot (node_modules/react-dom/cjs/react-dom.development.js:25789:22)
      at flushActQueue (node_modules/react/cjs/react.development.js:2667:24)
      at act (node_modules/react/cjs/react.development.js:2582:11)
      at node_modules/@testing-library/react/dist/act-compat.js:46:25
      at renderRoot (node_modules/@testing-library/react/dist/pure.js:189:26)
      at render (node_modules/@testing-library/react/dist/pure.js:291:10)
      at Object.<anonymous> (src/shared/ui/Footer.test.js:7:15)

    console.error
      The above error occurred in the <Link> component:
      
          at LinkWithRef (C:\Users\leotm\Desktop\Projetos\Programming\vacation-scheduler\node_modules\react-router\dist\development\chunk-2YMDXNOJ.js:384:5)
          at li
          at ul
          at div
          at div
          at footer
          at Footer (C:\Users\leotm\Desktop\Projetos\Programming\vacation-scheduler\src\shared\ui\Footer.js:5:26)
      
      Consider adding an error boundary to your tree to customize error handling behavior.
      Visit https://reactjs.org/link/error-boundaries to learn more about error boundaries.

    [0m [90m  5 |[39m describe([32m'Footer Component'[39m[33m,[39m () [33m=>[39m {
     [90m  6 |[39m     it([32m'renders the branding text and description'[39m[33m,[39m () [33m=>[39m {
    [31m[1m>[22m[39m[90m  7 |[39m         render([33m<[39m[33mFooter[39m [33m/[39m[33m>[39m)[33m;[39m
     [90m    |[39m               [31m[1m^[22m[39m
     [90m  8 |[39m         expect(screen[33m.[39mgetByText((content[33m,[39m element) [33m=>[39m element[33m.[39mtagName [33m===[39m [32m'H3'[39m [33m&&[39m element[33m.[39mtextContent [33m===[39m [32m'FindADate'[39m))[33m.[39mtoBeInTheDocument()[33m;[39m
     [90m  9 |[39m         expect(screen[33m.[39mgetByText([35m/Find the best date for any group event/i[39m))[33m.[39mtoBeInTheDocument()[33m;[39m
     [90m 10 |[39m     })[33m;[39m[0m

      at logCapturedError (node_modules/react-dom/cjs/react-dom.development.js:18704:23)
      at update.callback (node_modules/react-dom/cjs/react-dom.development.js:18737:5)
      at callCallback (node_modules/react-dom/cjs/react-dom.development.js:15036:12)
      at commitUpdateQueue (node_modules/react-dom/cjs/react-dom.development.js:15057:9)
      at commitLayoutEffectOnFiber (node_modules/react-dom/cjs/react-dom.development.js:23430:13)
      at commitLayoutMountEffects_complete (node_modules/react-dom/cjs/react-dom.development.js:24727:9)
      at commitLayoutEffects_begin (node_modules/react-dom/cjs/react-dom.development.js:24713:7)
      at commitLayoutEffects (node_modules/react-dom/cjs/react-dom.development.js:24651:3)
      at commitRootImpl (node_modules/react-dom/cjs/react-dom.development.js:26862:5)
      at commitRoot (node_modules/react-dom/cjs/react-dom.development.js:26721:5)
      at finishConcurrentRender (node_modules/react-dom/cjs/react-dom.development.js:25931:9)
      at performConcurrentWorkOnRoot (node_modules/react-dom/cjs/react-dom.development.js:25848:7)
      at flushActQueue (node_modules/react/cjs/react.development.js:2667:24)
      at act (node_modules/react/cjs/react.development.js:2582:11)
      at node_modules/@testing-library/react/dist/act-compat.js:46:25
      at renderRoot (node_modules/@testing-library/react/dist/pure.js:189:26)
      at render (node_modules/@testing-library/react/dist/pure.js:291:10)
      at Object.<anonymous> (src/shared/ui/Footer.test.js:7:15)

    console.error
      The above error occurred in the <Link> component:
      
          at LinkWithRef (C:\Users\leotm\Desktop\Projetos\Programming\vacation-scheduler\node_modules\react-router\dist\development\chunk-2YMDXNOJ.js:384:5)
          at div
          at div
          at footer
          at Footer (C:\Users\leotm\Desktop\Projetos\Programming\vacation-scheduler\src\shared\ui\Footer.js:5:26)
      
      Consider adding an error boundary to your tree to customize error handling behavior.
      Visit https://reactjs.org/link/error-boundaries to learn more about error boundaries.

    [0m [90m  5 |[39m describe([32m'Footer Component'[39m[33m,[39m () [33m=>[39m {
     [90m  6 |[39m     it([32m'renders the branding text and description'[39m[33m,[39m () [33m=>[39m {
    [31m[1m>[22m[39m[90m  7 |[39m         render([33m<[39m[33mFooter[39m [33m/[39m[33m>[39m)[33m;[39m
     [90m    |[39m               [31m[1m^[22m[39m
     [90m  8 |[39m         expect(screen[33m.[39mgetByText((content[33m,[39m element) [33m=>[39m element[33m.[39mtagName [33m===[39m [32m'H3'[39m [33m&&[39m element[33m.[39mtextContent [33m===[39m [32m'FindADate'[39m))[33m.[39mtoBeInTheDocument()[33m;[39m
     [90m  9 |[39m         expect(screen[33m.[39mgetByText([35m/Find the best date for any group event/i[39m))[33m.[39mtoBeInTheDocument()[33m;[39m
     [90m 10 |[39m     })[33m;[39m[0m

      at logCapturedError (node_modules/react-dom/cjs/react-dom.development.js:18704:23)
      at update.callback (node_modules/react-dom/cjs/react-dom.development.js:18737:5)
      at callCallback (node_modules/react-dom/cjs/react-dom.development.js:15036:12)
      at commitUpdateQueue (node_modules/react-dom/cjs/react-dom.development.js:15057:9)
      at commitLayoutEffectOnFiber (node_modules/react-dom/cjs/react-dom.development.js:23430:13)
      at commitLayoutMountEffects_complete (node_modules/react-dom/cjs/react-dom.development.js:24727:9)
      at commitLayoutEffects_begin (node_modules/react-dom/cjs/react-dom.development.js:24713:7)
      at commitLayoutEffects (node_modules/react-dom/cjs/react-dom.development.js:24651:3)
      at commitRootImpl (node_modules/react-dom/cjs/react-dom.development.js:26862:5)
      at commitRoot (node_modules/react-dom/cjs/react-dom.development.js:26721:5)
      at finishConcurrentRender (node_modules/react-dom/cjs/react-dom.development.js:25931:9)
      at performConcurrentWorkOnRoot (node_modules/react-dom/cjs/react-dom.development.js:25848:7)
      at flushActQueue (node_modules/react/cjs/react.development.js:2667:24)
      at act (node_modules/react/cjs/react.development.js:2582:11)
      at node_modules/@testing-library/react/dist/act-compat.js:46:25
      at renderRoot (node_modules/@testing-library/react/dist/pure.js:189:26)
      at render (node_modules/@testing-library/react/dist/pure.js:291:10)
      at Object.<anonymous> (src/shared/ui/Footer.test.js:7:15)

    console.error
      The above error occurred in the <Link> component:
      
          at LinkWithRef (C:\Users\leotm\Desktop\Projetos\Programming\vacation-scheduler\node_modules\react-router\dist\development\chunk-2YMDXNOJ.js:384:5)
          at div
          at div
          at footer
          at Footer (C:\Users\leotm\Desktop\Projetos\Programming\vacation-scheduler\src\shared\ui\Footer.js:5:26)
      
      Consider adding an error boundary to your tree to customize error handling behavior.
      Visit https://reactjs.org/link/error-boundaries to learn more about error boundaries.

    [0m [90m  5 |[39m describe([32m'Footer Component'[39m[33m,[39m () [33m=>[39m {
     [90m  6 |[39m     it([32m'renders the branding text and description'[39m[33m,[39m () [33m=>[39m {
    [31m[1m>[22m[39m[90m  7 |[39m         render([33m<[39m[33mFooter[39m [33m/[39m[33m>[39m)[33m;[39m
     [90m    |[39m               [31m[1m^[22m[39m
     [90m  8 |[39m         expect(screen[33m.[39mgetByText((content[33m,[39m element) [33m=>[39m element[33m.[39mtagName [33m===[39m [32m'H3'[39m [33m&&[39m element[33m.[39mtextContent [33m===[39m [32m'FindADate'[39m))[33m.[39mtoBeInTheDocument()[33m;[39m
     [90m  9 |[39m         expect(screen[33m.[39mgetByText([35m/Find the best date for any group event/i[39m))[33m.[39mtoBeInTheDocument()[33m;[39m
     [90m 10 |[39m     })[33m;[39m[0m

      at logCapturedError (node_modules/react-dom/cjs/react-dom.development.js:18704:23)
      at update.callback (node_modules/react-dom/cjs/react-dom.development.js:18737:5)
      at callCallback (node_modules/react-dom/cjs/react-dom.development.js:15036:12)
      at commitUpdateQueue (node_modules/react-dom/cjs/react-dom.development.js:15057:9)
      at commitLayoutEffectOnFiber (node_modules/react-dom/cjs/react-dom.development.js:23430:13)
      at commitLayoutMountEffects_complete (node_modules/react-dom/cjs/react-dom.development.js:24727:9)
      at commitLayoutEffects_begin (node_modules/react-dom/cjs/react-dom.development.js:24713:7)
      at commitLayoutEffects (node_modules/react-dom/cjs/react-dom.development.js:24651:3)
      at commitRootImpl (node_modules/react-dom/cjs/react-dom.development.js:26862:5)
      at commitRoot (node_modules/react-dom/cjs/react-dom.development.js:26721:5)
      at finishConcurrentRender (node_modules/react-dom/cjs/react-dom.development.js:25931:9)
      at performConcurrentWorkOnRoot (node_modules/react-dom/cjs/react-dom.development.js:25848:7)
      at flushActQueue (node_modules/react/cjs/react.development.js:2667:24)
      at act (node_modules/react/cjs/react.development.js:2582:11)
      at node_modules/@testing-library/react/dist/act-compat.js:46:25
      at renderRoot (node_modules/@testing-library/react/dist/pure.js:189:26)
      at render (node_modules/@testing-library/react/dist/pure.js:291:10)
      at Object.<anonymous> (src/shared/ui/Footer.test.js:7:15)

    console.error
      Error: Uncaught [TypeError: Cannot destructure property 'basename' of 'React.useContext(...)' as it is null.]
          at reportException (C:\Users\leotm\Desktop\Projetos\Programming\vacation-scheduler\node_modules\jsdom\lib\jsdom\living\helpers\runtime-script-errors.js:66:24)
          at innerInvokeEventListeners (C:\Users\leotm\Desktop\Projetos\Programming\vacation-scheduler\node_modules\jsdom\lib\jsdom\living\events\EventTarget-impl.js:341:9)
          at invokeEventListeners (C:\Users\leotm\Desktop\Projetos\Programming\vacation-scheduler\node_modules\jsdom\lib\jsdom\living\events\EventTarget-impl.js:274:3)
          at HTMLUnknownElementImpl._dispatch (C:\Users\leotm\Desktop\Projetos\Programming\vacation-scheduler\node_modules\jsdom\lib\jsdom\living\events\EventTarget-impl.js:221:9)
          at HTMLUnknownElementImpl.dispatchEvent (C:\Users\leotm\Desktop\Projetos\Programming\vacation-scheduler\node_modules\jsdom\lib\jsdom\living\events\EventTarget-impl.js:94:17)
          at HTMLUnknownElement.dispatchEvent (C:\Users\leotm\Desktop\Projetos\Programming\vacation-scheduler\node_modules\jsdom\lib\jsdom\living\generated\EventTarget.js:231:34)
          at Object.invokeGuardedCallbackDev (C:\Users\leotm\Desktop\Projetos\Programming\vacation-scheduler\node_modules\react-dom\cjs\react-dom.development.js:4213:16)
          at invokeGuardedCallback (C:\Users\leotm\Desktop\Projetos\Programming\vacation-scheduler\node_modules\react-dom\cjs\react-dom.development.js:4277:31)
          at beginWork$1 (C:\Users\leotm\Desktop\Projetos\Programming\vacation-scheduler\node_modules\react-dom\cjs\react-dom.development.js:27490:7)
          at performUnitOfWork (C:\Users\leotm\Desktop\Projetos\Programming\vacation-scheduler\node_modules\react-dom\cjs\react-dom.development.js:26599:12)
          at workLoopSync (C:\Users\leotm\Desktop\Projetos\Programming\vacation-scheduler\node_modules\react-dom\cjs\react-dom.development.js:26505:5)
          at renderRootSync (C:\Users\leotm\Desktop\Projetos\Programming\vacation-scheduler\node_modules\react-dom\cjs\react-dom.development.js:26473:7)
          at performConcurrentWorkOnRoot (C:\Users\leotm\Desktop\Projetos\Programming\vacation-scheduler\node_modules\react-dom\cjs\react-dom.development.js:25777:74)
          at flushActQueue (C:\Users\leotm\Desktop\Projetos\Programming\vacation-scheduler\node_modules\react\cjs\react.development.js:2667:24)
          at act (C:\Users\leotm\Desktop\Projetos\Programming\vacation-scheduler\node_modules\react\cjs\react.development.js:2582:11)
          at C:\Users\leotm\Desktop\Projetos\Programming\vacation-scheduler\node_modules\@testing-library\react\dist\act-compat.js:46:25
          at renderRoot (C:\Users\leotm\Desktop\Projetos\Programming\vacation-scheduler\node_modules\@testing-library\react\dist\pure.js:189:26)
          at render (C:\Users\leotm\Desktop\Projetos\Programming\vacation-scheduler\node_modules\@testing-library\react\dist\pure.js:291:10)
          at Object.<anonymous> (C:\Users\leotm\Desktop\Projetos\Programming\vacation-scheduler\src\shared\ui\Footer.test.js:13:15)
          at Promise.then.completed (C:\Users\leotm\Desktop\Projetos\Programming\vacation-scheduler\node_modules\jest-circus\build\utils.js:391:28)
          at new Promise (<anonymous>)
          at callAsyncCircusFn (C:\Users\leotm\Desktop\Projetos\Programming\vacation-scheduler\node_modules\jest-circus\build\utils.js:316:10)
          at _callCircusTest (C:\Users\leotm\Desktop\Projetos\Programming\vacation-scheduler\node_modules\jest-circus\build\run.js:218:40)
          at processTicksAndRejections (node:internal/process/task_queues:103:5)
          at _runTest (C:\Users\leotm\Desktop\Projetos\Programming\vacation-scheduler\node_modules\jest-circus\build\run.js:155:3)
          at _runTestsForDescribeBlock (C:\Users\leotm\Desktop\Projetos\Programming\vacation-scheduler\node_modules\jest-circus\build\run.js:66:9)
          at _runTestsForDescribeBlock (C:\Users\leotm\Desktop\Projetos\Programming\vacation-scheduler\node_modules\jest-circus\build\run.js:60:9)
          at run (C:\Users\leotm\Desktop\Projetos\Programming\vacation-scheduler\node_modules\jest-circus\build\run.js:25:3)
          at runAndTransformResultsToJestFormat (C:\Users\leotm\Desktop\Projetos\Programming\vacation-scheduler\node_modules\jest-circus\build\legacy-code-todo-rewrite\jestAdapterInit.js:170:21)
          at jestAdapter (C:\Users\leotm\Desktop\Projetos\Programming\vacation-scheduler\node_modules\jest-circus\build\legacy-code-todo-rewrite\jestAdapter.js:82:19)
          at runTestInternal (C:\Users\leotm\Desktop\Projetos\Programming\vacation-scheduler\node_modules\jest-runner\build\runTest.js:389:16)
          at runTest (C:\Users\leotm\Desktop\Projetos\Programming\vacation-scheduler\node_modules\jest-runner\build\runTest.js:475:34)
          at Object.worker (C:\Users\leotm\Desktop\Projetos\Programming\vacation-scheduler\node_modules\jest-runner\build\testWorker.js:133:12) TypeError: Cannot destructure property 'basename' of 'React.useContext(...)' as it is null.
          at LinkWithRef (C:\Users\leotm\Desktop\Projetos\Programming\vacation-scheduler\node_modules\react-router\dist\development\chunk-2YMDXNOJ.js:399:11)
          at renderWithHooks (C:\Users\leotm\Desktop\Projetos\Programming\vacation-scheduler\node_modules\react-dom\cjs\react-dom.development.js:15486:18)
          at updateForwardRef (C:\Users\leotm\Desktop\Projetos\Programming\vacation-scheduler\node_modules\react-dom\cjs\react-dom.development.js:19245:20)
          at beginWork (C:\Users\leotm\Desktop\Projetos\Programming\vacation-scheduler\node_modules\react-dom\cjs\react-dom.development.js:21675:16)
          at HTMLUnknownElement.callCallback (C:\Users\leotm\Desktop\Projetos\Programming\vacation-scheduler\node_modules\react-dom\cjs\react-dom.development.js:4164:14)
          at HTMLUnknownElement.callTheUserObjectsOperation (C:\Users\leotm\Desktop\Projetos\Programming\vacation-scheduler\node_modules\jsdom\lib\jsdom\living\generated\EventListener.js:26:30)
          at innerInvokeEventListeners (C:\Users\leotm\Desktop\Projetos\Programming\vacation-scheduler\node_modules\jsdom\lib\jsdom\living\events\EventTarget-impl.js:338:25)
          at invokeEventListeners (C:\Users\leotm\Desktop\Projetos\Programming\vacation-scheduler\node_modules\jsdom\lib\jsdom\living\events\EventTarget-impl.js:274:3)
          at HTMLUnknownElementImpl._dispatch (C:\Users\leotm\Desktop\Projetos\Programming\vacation-scheduler\node_modules\jsdom\lib\jsdom\living\events\EventTarget-impl.js:221:9)
          at HTMLUnknownElementImpl.dispatchEvent (C:\Users\leotm\Desktop\Projetos\Programming\vacation-scheduler\node_modules\jsdom\lib\jsdom\living\events\EventTarget-impl.js:94:17)
          at HTMLUnknownElement.dispatchEvent (C:\Users\leotm\Desktop\Projetos\Programming\vacation-scheduler\node_modules\jsdom\lib\jsdom\living\generated\EventTarget.js:231:34)
          at Object.invokeGuardedCallbackDev (C:\Users\leotm\Desktop\Projetos\Programming\vacation-scheduler\node_modules\react-dom\cjs\react-dom.development.js:4213:16)
          at invokeGuardedCallback (C:\Users\leotm\Desktop\Projetos\Programming\vacation-scheduler\node_modules\react-dom\cjs\react-dom.development.js:4277:31)
          at beginWork$1 (C:\Users\leotm\Desktop\Projetos\Programming\vacation-scheduler\node_modules\react-dom\cjs\react-dom.development.js:27490:7)
          at performUnitOfWork (C:\Users\leotm\Desktop\Projetos\Programming\vacation-scheduler\node_modules\react-dom\cjs\react-dom.development.js:26599:12)
          at workLoopSync (C:\Users\leotm\Desktop\Projetos\Programming\vacation-scheduler\node_modules\react-dom\cjs\react-dom.development.js:26505:5)
          at renderRootSync (C:\Users\leotm\Desktop\Projetos\Programming\vacation-scheduler\node_modules\react-dom\cjs\react-dom.development.js:26473:7)
          at performConcurrentWorkOnRoot (C:\Users\leotm\Desktop\Projetos\Programming\vacation-scheduler\node_modules\react-dom\cjs\react-dom.development.js:25777:74)
          at flushActQueue (C:\Users\leotm\Desktop\Projetos\Programming\vacation-scheduler\node_modules\react\cjs\react.development.js:2667:24)
          at act (C:\Users\leotm\Desktop\Projetos\Programming\vacation-scheduler\node_modules\react\cjs\react.development.js:2582:11)
          at C:\Users\leotm\Desktop\Projetos\Programming\vacation-scheduler\node_modules\@testing-library\react\dist\act-compat.js:46:25
          at renderRoot (C:\Users\leotm\Desktop\Projetos\Programming\vacation-scheduler\node_modules\@testing-library\react\dist\pure.js:189:26)
          at render (C:\Users\leotm\Desktop\Projetos\Programming\vacation-scheduler\node_modules\@testing-library\react\dist\pure.js:291:10)
          at Object.<anonymous> (C:\Users\leotm\Desktop\Projetos\Programming\vacation-scheduler\src\shared\ui\Footer.test.js:13:15)
          at Promise.then.completed (C:\Users\leotm\Desktop\Projetos\Programming\vacation-scheduler\node_modules\jest-circus\build\utils.js:391:28)
          at new Promise (<anonymous>)
          at callAsyncCircusFn (C:\Users\leotm\Desktop\Projetos\Programming\vacation-scheduler\node_modules\jest-circus\build\utils.js:316:10)
          at _callCircusTest (C:\Users\leotm\Desktop\Projetos\Programming\vacation-scheduler\node_modules\jest-circus\build\run.js:218:40)
          at processTicksAndRejections (node:internal/process/task_queues:103:5)
          at _runTest (C:\Users\leotm\Desktop\Projetos\Programming\vacation-scheduler\node_modules\jest-circus\build\run.js:155:3)
          at _runTestsForDescribeBlock (C:\Users\leotm\Desktop\Projetos\Programming\vacation-scheduler\node_modules\jest-circus\build\run.js:66:9)
          at _runTestsForDescribeBlock (C:\Users\leotm\Desktop\Projetos\Programming\vacation-scheduler\node_modules\jest-circus\build\run.js:60:9)
          at run (C:\Users\leotm\Desktop\Projetos\Programming\vacation-scheduler\node_modules\jest-circus\build\run.js:25:3)
          at runAndTransformResultsToJestFormat (C:\Users\leotm\Desktop\Projetos\Programming\vacation-scheduler\node_modules\jest-circus\build\legacy-code-todo-rewrite\jestAdapterInit.js:170:21)
          at jestAdapter (C:\Users\leotm\Desktop\Projetos\Programming\vacation-scheduler\node_modules\jest-circus\build\legacy-code-todo-rewrite\jestAdapter.js:82:19)
          at runTestInternal (C:\Users\leotm\Desktop\Projetos\Programming\vacation-scheduler\node_modules\jest-runner\build\runTest.js:389:16)
          at runTest (C:\Users\leotm\Desktop\Projetos\Programming\vacation-scheduler\node_modules\jest-runner\build\runTest.js:475:34)
          at Object.worker (C:\Users\leotm\Desktop\Projetos\Programming\vacation-scheduler\node_modules\jest-runner\build\testWorker.js:133:12)

    [0m [90m 11 |[39m
     [90m 12 |[39m     it([32m'renders contact email mailto link'[39m[33m,[39m () [33m=>[39m {
    [31m[1m>[22m[39m[90m 13 |[39m         render([33m<[39m[33mFooter[39m [33m/[39m[33m>[39m)[33m;[39m
     [90m    |[39m               [31m[1m^[22m[39m
     [90m 14 |[39m         [36mconst[39m link [33m=[39m screen[33m.[39mgetByRole([32m'link'[39m[33m,[39m { name[33m:[39m [35m/hello@findadate\.app/i[39m })[33m;[39m
     [90m 15 |[39m         expect(link)[33m.[39mtoHaveAttribute([32m'href'[39m[33m,[39m [32m'mailto:hello@findadate.app'[39m)[33m;[39m
     [90m 16 |[39m     })[33m;[39m[0m

      at VirtualConsole.<anonymous> (node_modules/jsdom/lib/jsdom/virtual-console.js:29:45)
      at reportException (node_modules/jsdom/lib/jsdom/living/helpers/runtime-script-errors.js:70:28)
      at innerInvokeEventListeners (node_modules/jsdom/lib/jsdom/living/events/EventTarget-impl.js:341:9)
      at invokeEventListeners (node_modules/jsdom/lib/jsdom/living/events/EventTarget-impl.js:274:3)
      at HTMLUnknownElementImpl._dispatch (node_modules/jsdom/lib/jsdom/living/events/EventTarget-impl.js:221:9)
      at HTMLUnknownElementImpl.dispatchEvent (node_modules/jsdom/lib/jsdom/living/events/EventTarget-impl.js:94:17)
      at HTMLUnknownElement.dispatchEvent (node_modules/jsdom/lib/jsdom/living/generated/EventTarget.js:231:34)
      at Object.invokeGuardedCallbackDev (node_modules/react-dom/cjs/react-dom.development.js:4213:16)
      at invokeGuardedCallback (node_modules/react-dom/cjs/react-dom.development.js:4277:31)
      at beginWork$1 (node_modules/react-dom/cjs/react-dom.development.js:27490:7)
      at performUnitOfWork (node_modules/react-dom/cjs/react-dom.development.js:26599:12)
      at workLoopSync (node_modules/react-dom/cjs/react-dom.development.js:26505:5)
      at renderRootSync (node_modules/react-dom/cjs/react-dom.development.js:26473:7)
      at performConcurrentWorkOnRoot (node_modules/react-dom/cjs/react-dom.development.js:25777:74)
      at flushActQueue (node_modules/react/cjs/react.development.js:2667:24)
      at act (node_modules/react/cjs/react.development.js:2582:11)
      at node_modules/@testing-library/react/dist/act-compat.js:46:25
      at renderRoot (node_modules/@testing-library/react/dist/pure.js:189:26)
      at render (node_modules/@testing-library/react/dist/pure.js:291:10)
      at Object.<anonymous> (src/shared/ui/Footer.test.js:13:15)

    console.error
      Error: Uncaught [TypeError: Cannot destructure property 'basename' of 'React.useContext(...)' as it is null.]
          at reportException (C:\Users\leotm\Desktop\Projetos\Programming\vacation-scheduler\node_modules\jsdom\lib\jsdom\living\helpers\runtime-script-errors.js:66:24)
          at innerInvokeEventListeners (C:\Users\leotm\Desktop\Projetos\Programming\vacation-scheduler\node_modules\jsdom\lib\jsdom\living\events\EventTarget-impl.js:341:9)
          at invokeEventListeners (C:\Users\leotm\Desktop\Projetos\Programming\vacation-scheduler\node_modules\jsdom\lib\jsdom\living\events\EventTarget-impl.js:274:3)
          at HTMLUnknownElementImpl._dispatch (C:\Users\leotm\Desktop\Projetos\Programming\vacation-scheduler\node_modules\jsdom\lib\jsdom\living\events\EventTarget-impl.js:221:9)
          at HTMLUnknownElementImpl.dispatchEvent (C:\Users\leotm\Desktop\Projetos\Programming\vacation-scheduler\node_modules\jsdom\lib\jsdom\living\events\EventTarget-impl.js:94:17)
          at HTMLUnknownElement.dispatchEvent (C:\Users\leotm\Desktop\Projetos\Programming\vacation-scheduler\node_modules\jsdom\lib\jsdom\living\generated\EventTarget.js:231:34)
          at Object.invokeGuardedCallbackDev (C:\Users\leotm\Desktop\Projetos\Programming\vacation-scheduler\node_modules\react-dom\cjs\react-dom.development.js:4213:16)
          at invokeGuardedCallback (C:\Users\leotm\Desktop\Projetos\Programming\vacation-scheduler\node_modules\react-dom\cjs\react-dom.development.js:4277:31)
          at beginWork$1 (C:\Users\leotm\Desktop\Projetos\Programming\vacation-scheduler\node_modules\react-dom\cjs\react-dom.development.js:27490:7)
          at performUnitOfWork (C:\Users\leotm\Desktop\Projetos\Programming\vacation-scheduler\node_modules\react-dom\cjs\react-dom.development.js:26599:12)
          at workLoopSync (C:\Users\leotm\Desktop\Projetos\Programming\vacation-scheduler\node_modules\react-dom\cjs\react-dom.development.js:26505:5)
          at renderRootSync (C:\Users\leotm\Desktop\Projetos\Programming\vacation-scheduler\node_modules\react-dom\cjs\react-dom.development.js:26473:7)
          at performConcurrentWorkOnRoot (C:\Users\leotm\Desktop\Projetos\Programming\vacation-scheduler\node_modules\react-dom\cjs\react-dom.development.js:25777:74)
          at flushActQueue (C:\Users\leotm\Desktop\Projetos\Programming\vacation-scheduler\node_modules\react\cjs\react.development.js:2667:24)
          at act (C:\Users\leotm\Desktop\Projetos\Programming\vacation-scheduler\node_modules\react\cjs\react.development.js:2582:11)
          at C:\Users\leotm\Desktop\Projetos\Programming\vacation-scheduler\node_modules\@testing-library\react\dist\act-compat.js:46:25
          at renderRoot (C:\Users\leotm\Desktop\Projetos\Programming\vacation-scheduler\node_modules\@testing-library\react\dist\pure.js:189:26)
          at render (C:\Users\leotm\Desktop\Projetos\Programming\vacation-scheduler\node_modules\@testing-library\react\dist\pure.js:291:10)
          at Object.<anonymous> (C:\Users\leotm\Desktop\Projetos\Programming\vacation-scheduler\src\shared\ui\Footer.test.js:13:15)
          at Promise.then.completed (C:\Users\leotm\Desktop\Projetos\Programming\vacation-scheduler\node_modules\jest-circus\build\utils.js:391:28)
          at new Promise (<anonymous>)
          at callAsyncCircusFn (C:\Users\leotm\Desktop\Projetos\Programming\vacation-scheduler\node_modules\jest-circus\build\utils.js:316:10)
          at _callCircusTest (C:\Users\leotm\Desktop\Projetos\Programming\vacation-scheduler\node_modules\jest-circus\build\run.js:218:40)
          at processTicksAndRejections (node:internal/process/task_queues:103:5)
          at _runTest (C:\Users\leotm\Desktop\Projetos\Programming\vacation-scheduler\node_modules\jest-circus\build\run.js:155:3)
          at _runTestsForDescribeBlock (C:\Users\leotm\Desktop\Projetos\Programming\vacation-scheduler\node_modules\jest-circus\build\run.js:66:9)
          at _runTestsForDescribeBlock (C:\Users\leotm\Desktop\Projetos\Programming\vacation-scheduler\node_modules\jest-circus\build\run.js:60:9)
          at run (C:\Users\leotm\Desktop\Projetos\Programming\vacation-scheduler\node_modules\jest-circus\build\run.js:25:3)
          at runAndTransformResultsToJestFormat (C:\Users\leotm\Desktop\Projetos\Programming\vacation-scheduler\node_modules\jest-circus\build\legacy-code-todo-rewrite\jestAdapterInit.js:170:21)
          at jestAdapter (C:\Users\leotm\Desktop\Projetos\Programming\vacation-scheduler\node_modules\jest-circus\build\legacy-code-todo-rewrite\jestAdapter.js:82:19)
          at runTestInternal (C:\Users\leotm\Desktop\Projetos\Programming\vacation-scheduler\node_modules\jest-runner\build\runTest.js:389:16)
          at runTest (C:\Users\leotm\Desktop\Projetos\Programming\vacation-scheduler\node_modules\jest-runner\build\runTest.js:475:34)
          at Object.worker (C:\Users\leotm\Desktop\Projetos\Programming\vacation-scheduler\node_modules\jest-runner\build\testWorker.js:133:12) TypeError: Cannot destructure property 'basename' of 'React.useContext(...)' as it is null.
          at LinkWithRef (C:\Users\leotm\Desktop\Projetos\Programming\vacation-scheduler\node_modules\react-router\dist\development\chunk-2YMDXNOJ.js:399:11)
          at renderWithHooks (C:\Users\leotm\Desktop\Projetos\Programming\vacation-scheduler\node_modules\react-dom\cjs\react-dom.development.js:15486:18)
          at updateForwardRef (C:\Users\leotm\Desktop\Projetos\Programming\vacation-scheduler\node_modules\react-dom\cjs\react-dom.development.js:19245:20)
          at beginWork (C:\Users\leotm\Desktop\Projetos\Programming\vacation-scheduler\node_modules\react-dom\cjs\react-dom.development.js:21675:16)
          at HTMLUnknownElement.callCallback (C:\Users\leotm\Desktop\Projetos\Programming\vacation-scheduler\node_modules\react-dom\cjs\react-dom.development.js:4164:14)
          at HTMLUnknownElement.callTheUserObjectsOperation (C:\Users\leotm\Desktop\Projetos\Programming\vacation-scheduler\node_modules\jsdom\lib\jsdom\living\generated\EventListener.js:26:30)
          at innerInvokeEventListeners (C:\Users\leotm\Desktop\Projetos\Programming\vacation-scheduler\node_modules\jsdom\lib\jsdom\living\events\EventTarget-impl.js:338:25)
          at invokeEventListeners (C:\Users\leotm\Desktop\Projetos\Programming\vacation-scheduler\node_modules\jsdom\lib\jsdom\living\events\EventTarget-impl.js:274:3)
          at HTMLUnknownElementImpl._dispatch (C:\Users\leotm\Desktop\Projetos\Programming\vacation-scheduler\node_modules\jsdom\lib\jsdom\living\events\EventTarget-impl.js:221:9)
          at HTMLUnknownElementImpl.dispatchEvent (C:\Users\leotm\Desktop\Projetos\Programming\vacation-scheduler\node_modules\jsdom\lib\jsdom\living\events\EventTarget-impl.js:94:17)
          at HTMLUnknownElement.dispatchEvent (C:\Users\leotm\Desktop\Projetos\Programming\vacation-scheduler\node_modules\jsdom\lib\jsdom\living\generated\EventTarget.js:231:34)
          at Object.invokeGuardedCallbackDev (C:\Users\leotm\Desktop\Projetos\Programming\vacation-scheduler\node_modules\react-dom\cjs\react-dom.development.js:4213:16)
          at invokeGuardedCallback (C:\Users\leotm\Desktop\Projetos\Programming\vacation-scheduler\node_modules\react-dom\cjs\react-dom.development.js:4277:31)
          at beginWork$1 (C:\Users\leotm\Desktop\Projetos\Programming\vacation-scheduler\node_modules\react-dom\cjs\react-dom.development.js:27490:7)
          at performUnitOfWork (C:\Users\leotm\Desktop\Projetos\Programming\vacation-scheduler\node_modules\react-dom\cjs\react-dom.development.js:26599:12)
          at workLoopSync (C:\Users\leotm\Desktop\Projetos\Programming\vacation-scheduler\node_modules\react-dom\cjs\react-dom.development.js:26505:5)
          at renderRootSync (C:\Users\leotm\Desktop\Projetos\Programming\vacation-scheduler\node_modules\react-dom\cjs\react-dom.development.js:26473:7)
          at performConcurrentWorkOnRoot (C:\Users\leotm\Desktop\Projetos\Programming\vacation-scheduler\node_modules\react-dom\cjs\react-dom.development.js:25777:74)
          at flushActQueue (C:\Users\leotm\Desktop\Projetos\Programming\vacation-scheduler\node_modules\react\cjs\react.development.js:2667:24)
          at act (C:\Users\leotm\Desktop\Projetos\Programming\vacation-scheduler\node_modules\react\cjs\react.development.js:2582:11)
          at C:\Users\leotm\Desktop\Projetos\Programming\vacation-scheduler\node_modules\@testing-library\react\dist\act-compat.js:46:25
          at renderRoot (C:\Users\leotm\Desktop\Projetos\Programming\vacation-scheduler\node_modules\@testing-library\react\dist\pure.js:189:26)
          at render (C:\Users\leotm\Desktop\Projetos\Programming\vacation-scheduler\node_modules\@testing-library\react\dist\pure.js:291:10)
          at Object.<anonymous> (C:\Users\leotm\Desktop\Projetos\Programming\vacation-scheduler\src\shared\ui\Footer.test.js:13:15)
          at Promise.then.completed (C:\Users\leotm\Desktop\Projetos\Programming\vacation-scheduler\node_modules\jest-circus\build\utils.js:391:28)
          at new Promise (<anonymous>)
          at callAsyncCircusFn (C:\Users\leotm\Desktop\Projetos\Programming\vacation-scheduler\node_modules\jest-circus\build\utils.js:316:10)
          at _callCircusTest (C:\Users\leotm\Desktop\Projetos\Programming\vacation-scheduler\node_modules\jest-circus\build\run.js:218:40)
          at processTicksAndRejections (node:internal/process/task_queues:103:5)
          at _runTest (C:\Users\leotm\Desktop\Projetos\Programming\vacation-scheduler\node_modules\jest-circus\build\run.js:155:3)
          at _runTestsForDescribeBlock (C:\Users\leotm\Desktop\Projetos\Programming\vacation-scheduler\node_modules\jest-circus\build\run.js:66:9)
          at _runTestsForDescribeBlock (C:\Users\leotm\Desktop\Projetos\Programming\vacation-scheduler\node_modules\jest-circus\build\run.js:60:9)
          at run (C:\Users\leotm\Desktop\Projetos\Programming\vacation-scheduler\node_modules\jest-circus\build\run.js:25:3)
          at runAndTransformResultsToJestFormat (C:\Users\leotm\Desktop\Projetos\Programming\vacation-scheduler\node_modules\jest-circus\build\legacy-code-todo-rewrite\jestAdapterInit.js:170:21)
          at jestAdapter (C:\Users\leotm\Desktop\Projetos\Programming\vacation-scheduler\node_modules\jest-circus\build\legacy-code-todo-rewrite\jestAdapter.js:82:19)
          at runTestInternal (C:\Users\leotm\Desktop\Projetos\Programming\vacation-scheduler\node_modules\jest-runner\build\runTest.js:389:16)
          at runTest (C:\Users\leotm\Desktop\Projetos\Programming\vacation-scheduler\node_modules\jest-runner\build\runTest.js:475:34)
          at Object.worker (C:\Users\leotm\Desktop\Projetos\Programming\vacation-scheduler\node_modules\jest-runner\build\testWorker.js:133:12)

    [0m [90m 11 |[39m
     [90m 12 |[39m     it([32m'renders contact email mailto link'[39m[33m,[39m () [33m=>[39m {
    [31m[1m>[22m[39m[90m 13 |[39m         render([33m<[39m[33mFooter[39m [33m/[39m[33m>[39m)[33m;[39m
     [90m    |[39m               [31m[1m^[22m[39m
     [90m 14 |[39m         [36mconst[39m link [33m=[39m screen[33m.[39mgetByRole([32m'link'[39m[33m,[39m { name[33m:[39m [35m/hello@findadate\.app/i[39m })[33m;[39m
     [90m 15 |[39m         expect(link)[33m.[39mtoHaveAttribute([32m'href'[39m[33m,[39m [32m'mailto:hello@findadate.app'[39m)[33m;[39m
     [90m 16 |[39m     })[33m;[39m[0m

      at VirtualConsole.<anonymous> (node_modules/jsdom/lib/jsdom/virtual-console.js:29:45)
      at reportException (node_modules/jsdom/lib/jsdom/living/helpers/runtime-script-errors.js:70:28)
      at innerInvokeEventListeners (node_modules/jsdom/lib/jsdom/living/events/EventTarget-impl.js:341:9)
      at invokeEventListeners (node_modules/jsdom/lib/jsdom/living/events/EventTarget-impl.js:274:3)
      at HTMLUnknownElementImpl._dispatch (node_modules/jsdom/lib/jsdom/living/events/EventTarget-impl.js:221:9)
      at HTMLUnknownElementImpl.dispatchEvent (node_modules/jsdom/lib/jsdom/living/events/EventTarget-impl.js:94:17)
      at HTMLUnknownElement.dispatchEvent (node_modules/jsdom/lib/jsdom/living/generated/EventTarget.js:231:34)
      at Object.invokeGuardedCallbackDev (node_modules/react-dom/cjs/react-dom.development.js:4213:16)
      at invokeGuardedCallback (node_modules/react-dom/cjs/react-dom.development.js:4277:31)
      at beginWork$1 (node_modules/react-dom/cjs/react-dom.development.js:27490:7)
      at performUnitOfWork (node_modules/react-dom/cjs/react-dom.development.js:26599:12)
      at workLoopSync (node_modules/react-dom/cjs/react-dom.development.js:26505:5)
      at renderRootSync (node_modules/react-dom/cjs/react-dom.development.js:26473:7)
      at performConcurrentWorkOnRoot (node_modules/react-dom/cjs/react-dom.development.js:25777:74)
      at flushActQueue (node_modules/react/cjs/react.development.js:2667:24)
      at act (node_modules/react/cjs/react.development.js:2582:11)
      at node_modules/@testing-library/react/dist/act-compat.js:46:25
      at renderRoot (node_modules/@testing-library/react/dist/pure.js:189:26)
      at render (node_modules/@testing-library/react/dist/pure.js:291:10)
      at Object.<anonymous> (src/shared/ui/Footer.test.js:13:15)

    console.error
      Error: Uncaught [TypeError: Cannot destructure property 'basename' of 'React.useContext(...)' as it is null.]
          at reportException (C:\Users\leotm\Desktop\Projetos\Programming\vacation-scheduler\node_modules\jsdom\lib\jsdom\living\helpers\runtime-script-errors.js:66:24)
          at innerInvokeEventListeners (C:\Users\leotm\Desktop\Projetos\Programming\vacation-scheduler\node_modules\jsdom\lib\jsdom\living\events\EventTarget-impl.js:341:9)
          at invokeEventListeners (C:\Users\leotm\Desktop\Projetos\Programming\vacation-scheduler\node_modules\jsdom\lib\jsdom\living\events\EventTarget-impl.js:274:3)
          at HTMLUnknownElementImpl._dispatch (C:\Users\leotm\Desktop\Projetos\Programming\vacation-scheduler\node_modules\jsdom\lib\jsdom\living\events\EventTarget-impl.js:221:9)
          at HTMLUnknownElementImpl.dispatchEvent (C:\Users\leotm\Desktop\Projetos\Programming\vacation-scheduler\node_modules\jsdom\lib\jsdom\living\events\EventTarget-impl.js:94:17)
          at HTMLUnknownElement.dispatchEvent (C:\Users\leotm\Desktop\Projetos\Programming\vacation-scheduler\node_modules\jsdom\lib\jsdom\living\generated\EventTarget.js:231:34)
          at Object.invokeGuardedCallbackDev (C:\Users\leotm\Desktop\Projetos\Programming\vacation-scheduler\node_modules\react-dom\cjs\react-dom.development.js:4213:16)
          at invokeGuardedCallback (C:\Users\leotm\Desktop\Projetos\Programming\vacation-scheduler\node_modules\react-dom\cjs\react-dom.development.js:4277:31)
          at beginWork$1 (C:\Users\leotm\Desktop\Projetos\Programming\vacation-scheduler\node_modules\react-dom\cjs\react-dom.development.js:27490:7)
          at performUnitOfWork (C:\Users\leotm\Desktop\Projetos\Programming\vacation-scheduler\node_modules\react-dom\cjs\react-dom.development.js:26599:12)
          at workLoopSync (C:\Users\leotm\Desktop\Projetos\Programming\vacation-scheduler\node_modules\react-dom\cjs\react-dom.development.js:26505:5)
          at renderRootSync (C:\Users\leotm\Desktop\Projetos\Programming\vacation-scheduler\node_modules\react-dom\cjs\react-dom.development.js:26473:7)
          at performConcurrentWorkOnRoot (C:\Users\leotm\Desktop\Projetos\Programming\vacation-scheduler\node_modules\react-dom\cjs\react-dom.development.js:25777:74)
          at flushActQueue (C:\Users\leotm\Desktop\Projetos\Programming\vacation-scheduler\node_modules\react\cjs\react.development.js:2667:24)
          at act (C:\Users\leotm\Desktop\Projetos\Programming\vacation-scheduler\node_modules\react\cjs\react.development.js:2582:11)
          at C:\Users\leotm\Desktop\Projetos\Programming\vacation-scheduler\node_modules\@testing-library\react\dist\act-compat.js:46:25
          at renderRoot (C:\Users\leotm\Desktop\Projetos\Programming\vacation-scheduler\node_modules\@testing-library\react\dist\pure.js:189:26)
          at render (C:\Users\leotm\Desktop\Projetos\Programming\vacation-scheduler\node_modules\@testing-library\react\dist\pure.js:291:10)
          at Object.<anonymous> (C:\Users\leotm\Desktop\Projetos\Programming\vacation-scheduler\src\shared\ui\Footer.test.js:13:15)
          at Promise.then.completed (C:\Users\leotm\Desktop\Projetos\Programming\vacation-scheduler\node_modules\jest-circus\build\utils.js:391:28)
          at new Promise (<anonymous>)
          at callAsyncCircusFn (C:\Users\leotm\Desktop\Projetos\Programming\vacation-scheduler\node_modules\jest-circus\build\utils.js:316:10)
          at _callCircusTest (C:\Users\leotm\Desktop\Projetos\Programming\vacation-scheduler\node_modules\jest-circus\build\run.js:218:40)
          at processTicksAndRejections (node:internal/process/task_queues:103:5)
          at _runTest (C:\Users\leotm\Desktop\Projetos\Programming\vacation-scheduler\node_modules\jest-circus\build\run.js:155:3)
          at _runTestsForDescribeBlock (C:\Users\leotm\Desktop\Projetos\Programming\vacation-scheduler\node_modules\jest-circus\build\run.js:66:9)
          at _runTestsForDescribeBlock (C:\Users\leotm\Desktop\Projetos\Programming\vacation-scheduler\node_modules\jest-circus\build\run.js:60:9)
          at run (C:\Users\leotm\Desktop\Projetos\Programming\vacation-scheduler\node_modules\jest-circus\build\run.js:25:3)
          at runAndTransformResultsToJestFormat (C:\Users\leotm\Desktop\Projetos\Programming\vacation-scheduler\node_modules\jest-circus\build\legacy-code-todo-rewrite\jestAdapterInit.js:170:21)
          at jestAdapter (C:\Users\leotm\Desktop\Projetos\Programming\vacation-scheduler\node_modules\jest-circus\build\legacy-code-todo-rewrite\jestAdapter.js:82:19)
          at runTestInternal (C:\Users\leotm\Desktop\Projetos\Programming\vacation-scheduler\node_modules\jest-runner\build\runTest.js:389:16)
          at runTest (C:\Users\leotm\Desktop\Projetos\Programming\vacation-scheduler\node_modules\jest-runner\build\runTest.js:475:34)
          at Object.worker (C:\Users\leotm\Desktop\Projetos\Programming\vacation-scheduler\node_modules\jest-runner\build\testWorker.js:133:12) TypeError: Cannot destructure property 'basename' of 'React.useContext(...)' as it is null.
          at LinkWithRef (C:\Users\leotm\Desktop\Projetos\Programming\vacation-scheduler\node_modules\react-router\dist\development\chunk-2YMDXNOJ.js:399:11)
          at renderWithHooks (C:\Users\leotm\Desktop\Projetos\Programming\vacation-scheduler\node_modules\react-dom\cjs\react-dom.development.js:15486:18)
          at updateForwardRef (C:\Users\leotm\Desktop\Projetos\Programming\vacation-scheduler\node_modules\react-dom\cjs\react-dom.development.js:19245:20)
          at beginWork (C:\Users\leotm\Desktop\Projetos\Programming\vacation-scheduler\node_modules\react-dom\cjs\react-dom.development.js:21675:16)
          at HTMLUnknownElement.callCallback (C:\Users\leotm\Desktop\Projetos\Programming\vacation-scheduler\node_modules\react-dom\cjs\react-dom.development.js:4164:14)
          at HTMLUnknownElement.callTheUserObjectsOperation (C:\Users\leotm\Desktop\Projetos\Programming\vacation-scheduler\node_modules\jsdom\lib\jsdom\living\generated\EventListener.js:26:30)
          at innerInvokeEventListeners (C:\Users\leotm\Desktop\Projetos\Programming\vacation-scheduler\node_modules\jsdom\lib\jsdom\living\events\EventTarget-impl.js:338:25)
          at invokeEventListeners (C:\Users\leotm\Desktop\Projetos\Programming\vacation-scheduler\node_modules\jsdom\lib\jsdom\living\events\EventTarget-impl.js:274:3)
          at HTMLUnknownElementImpl._dispatch (C:\Users\leotm\Desktop\Projetos\Programming\vacation-scheduler\node_modules\jsdom\lib\jsdom\living\events\EventTarget-impl.js:221:9)
          at HTMLUnknownElementImpl.dispatchEvent (C:\Users\leotm\Desktop\Projetos\Programming\vacation-scheduler\node_modules\jsdom\lib\jsdom\living\events\EventTarget-impl.js:94:17)
          at HTMLUnknownElement.dispatchEvent (C:\Users\leotm\Desktop\Projetos\Programming\vacation-scheduler\node_modules\jsdom\lib\jsdom\living\generated\EventTarget.js:231:34)
          at Object.invokeGuardedCallbackDev (C:\Users\leotm\Desktop\Projetos\Programming\vacation-scheduler\node_modules\react-dom\cjs\react-dom.development.js:4213:16)
          at invokeGuardedCallback (C:\Users\leotm\Desktop\Projetos\Programming\vacation-scheduler\node_modules\react-dom\cjs\react-dom.development.js:4277:31)
          at beginWork$1 (C:\Users\leotm\Desktop\Projetos\Programming\vacation-scheduler\node_modules\react-dom\cjs\react-dom.development.js:27490:7)
          at performUnitOfWork (C:\Users\leotm\Desktop\Projetos\Programming\vacation-scheduler\node_modules\react-dom\cjs\react-dom.development.js:26599:12)
          at workLoopSync (C:\Users\leotm\Desktop\Projetos\Programming\vacation-scheduler\node_modules\react-dom\cjs\react-dom.development.js:26505:5)
          at renderRootSync (C:\Users\leotm\Desktop\Projetos\Programming\vacation-scheduler\node_modules\react-dom\cjs\react-dom.development.js:26473:7)
          at performConcurrentWorkOnRoot (C:\Users\leotm\Desktop\Projetos\Programming\vacation-scheduler\node_modules\react-dom\cjs\react-dom.development.js:25777:74)
          at flushActQueue (C:\Users\leotm\Desktop\Projetos\Programming\vacation-scheduler\node_modules\react\cjs\react.development.js:2667:24)
          at act (C:\Users\leotm\Desktop\Projetos\Programming\vacation-scheduler\node_modules\react\cjs\react.development.js:2582:11)
          at C:\Users\leotm\Desktop\Projetos\Programming\vacation-scheduler\node_modules\@testing-library\react\dist\act-compat.js:46:25
          at renderRoot (C:\Users\leotm\Desktop\Projetos\Programming\vacation-scheduler\node_modules\@testing-library\react\dist\pure.js:189:26)
          at render (C:\Users\leotm\Desktop\Projetos\Programming\vacation-scheduler\node_modules\@testing-library\react\dist\pure.js:291:10)
          at Object.<anonymous> (C:\Users\leotm\Desktop\Projetos\Programming\vacation-scheduler\src\shared\ui\Footer.test.js:13:15)
          at Promise.then.completed (C:\Users\leotm\Desktop\Projetos\Programming\vacation-scheduler\node_modules\jest-circus\build\utils.js:391:28)
          at new Promise (<anonymous>)
          at callAsyncCircusFn (C:\Users\leotm\Desktop\Projetos\Programming\vacation-scheduler\node_modules\jest-circus\build\utils.js:316:10)
          at _callCircusTest (C:\Users\leotm\Desktop\Projetos\Programming\vacation-scheduler\node_modules\jest-circus\build\run.js:218:40)
          at processTicksAndRejections (node:internal/process/task_queues:103:5)
          at _runTest (C:\Users\leotm\Desktop\Projetos\Programming\vacation-scheduler\node_modules\jest-circus\build\run.js:155:3)
          at _runTestsForDescribeBlock (C:\Users\leotm\Desktop\Projetos\Programming\vacation-scheduler\node_modules\jest-circus\build\run.js:66:9)
          at _runTestsForDescribeBlock (C:\Users\leotm\Desktop\Projetos\Programming\vacation-scheduler\node_modules\jest-circus\build\run.js:60:9)
          at run (C:\Users\leotm\Desktop\Projetos\Programming\vacation-scheduler\node_modules\jest-circus\build\run.js:25:3)
          at runAndTransformResultsToJestFormat (C:\Users\leotm\Desktop\Projetos\Programming\vacation-scheduler\node_modules\jest-circus\build\legacy-code-todo-rewrite\jestAdapterInit.js:170:21)
          at jestAdapter (C:\Users\leotm\Desktop\Projetos\Programming\vacation-scheduler\node_modules\jest-circus\build\legacy-code-todo-rewrite\jestAdapter.js:82:19)
          at runTestInternal (C:\Users\leotm\Desktop\Projetos\Programming\vacation-scheduler\node_modules\jest-runner\build\runTest.js:389:16)
          at runTest (C:\Users\leotm\Desktop\Projetos\Programming\vacation-scheduler\node_modules\jest-runner\build\runTest.js:475:34)
          at Object.worker (C:\Users\leotm\Desktop\Projetos\Programming\vacation-scheduler\node_modules\jest-runner\build\testWorker.js:133:12)

    [0m [90m 11 |[39m
     [90m 12 |[39m     it([32m'renders contact email mailto link'[39m[33m,[39m () [33m=>[39m {
    [31m[1m>[22m[39m[90m 13 |[39m         render([33m<[39m[33mFooter[39m [33m/[39m[33m>[39m)[33m;[39m
     [90m    |[39m               [31m[1m^[22m[39m
     [90m 14 |[39m         [36mconst[39m link [33m=[39m screen[33m.[39mgetByRole([32m'link'[39m[33m,[39m { name[33m:[39m [35m/hello@findadate\.app/i[39m })[33m;[39m
     [90m 15 |[39m         expect(link)[33m.[39mtoHaveAttribute([32m'href'[39m[33m,[39m [32m'mailto:hello@findadate.app'[39m)[33m;[39m
     [90m 16 |[39m     })[33m;[39m[0m

      at VirtualConsole.<anonymous> (node_modules/jsdom/lib/jsdom/virtual-console.js:29:45)
      at reportException (node_modules/jsdom/lib/jsdom/living/helpers/runtime-script-errors.js:70:28)
      at innerInvokeEventListeners (node_modules/jsdom/lib/jsdom/living/events/EventTarget-impl.js:341:9)
      at invokeEventListeners (node_modules/jsdom/lib/jsdom/living/events/EventTarget-impl.js:274:3)
      at HTMLUnknownElementImpl._dispatch (node_modules/jsdom/lib/jsdom/living/events/EventTarget-impl.js:221:9)
      at HTMLUnknownElementImpl.dispatchEvent (node_modules/jsdom/lib/jsdom/living/events/EventTarget-impl.js:94:17)
      at HTMLUnknownElement.dispatchEvent (node_modules/jsdom/lib/jsdom/living/generated/EventTarget.js:231:34)
      at Object.invokeGuardedCallbackDev (node_modules/react-dom/cjs/react-dom.development.js:4213:16)
      at invokeGuardedCallback (node_modules/react-dom/cjs/react-dom.development.js:4277:31)
      at beginWork$1 (node_modules/react-dom/cjs/react-dom.development.js:27490:7)
      at performUnitOfWork (node_modules/react-dom/cjs/react-dom.development.js:26599:12)
      at workLoopSync (node_modules/react-dom/cjs/react-dom.development.js:26505:5)
      at renderRootSync (node_modules/react-dom/cjs/react-dom.development.js:26473:7)
      at performConcurrentWorkOnRoot (node_modules/react-dom/cjs/react-dom.development.js:25777:74)
      at flushActQueue (node_modules/react/cjs/react.development.js:2667:24)
      at act (node_modules/react/cjs/react.development.js:2582:11)
      at node_modules/@testing-library/react/dist/act-compat.js:46:25
      at renderRoot (node_modules/@testing-library/react/dist/pure.js:189:26)
      at render (node_modules/@testing-library/react/dist/pure.js:291:10)
      at Object.<anonymous> (src/shared/ui/Footer.test.js:13:15)

    console.error
      Error: Uncaught [TypeError: Cannot destructure property 'basename' of 'React.useContext(...)' as it is null.]
          at reportException (C:\Users\leotm\Desktop\Projetos\Programming\vacation-scheduler\node_modules\jsdom\lib\jsdom\living\helpers\runtime-script-errors.js:66:24)
          at innerInvokeEventListeners (C:\Users\leotm\Desktop\Projetos\Programming\vacation-scheduler\node_modules\jsdom\lib\jsdom\living\events\EventTarget-impl.js:341:9)
          at invokeEventListeners (C:\Users\leotm\Desktop\Projetos\Programming\vacation-scheduler\node_modules\jsdom\lib\jsdom\living\events\EventTarget-impl.js:274:3)
          at HTMLUnknownElementImpl._dispatch (C:\Users\leotm\Desktop\Projetos\Programming\vacation-scheduler\node_modules\jsdom\lib\jsdom\living\events\EventTarget-impl.js:221:9)
          at HTMLUnknownElementImpl.dispatchEvent (C:\Users\leotm\Desktop\Projetos\Programming\vacation-scheduler\node_modules\jsdom\lib\jsdom\living\events\EventTarget-impl.js:94:17)
          at HTMLUnknownElement.dispatchEvent (C:\Users\leotm\Desktop\Projetos\Programming\vacation-scheduler\node_modules\jsdom\lib\jsdom\living\generated\EventTarget.js:231:34)
          at Object.invokeGuardedCallbackDev (C:\Users\leotm\Desktop\Projetos\Programming\vacation-scheduler\node_modules\react-dom\cjs\react-dom.development.js:4213:16)
          at invokeGuardedCallback (C:\Users\leotm\Desktop\Projetos\Programming\vacation-scheduler\node_modules\react-dom\cjs\react-dom.development.js:4277:31)
          at beginWork$1 (C:\Users\leotm\Desktop\Projetos\Programming\vacation-scheduler\node_modules\react-dom\cjs\react-dom.development.js:27490:7)
          at performUnitOfWork (C:\Users\leotm\Desktop\Projetos\Programming\vacation-scheduler\node_modules\react-dom\cjs\react-dom.development.js:26599:12)
          at workLoopSync (C:\Users\leotm\Desktop\Projetos\Programming\vacation-scheduler\node_modules\react-dom\cjs\react-dom.development.js:26505:5)
          at renderRootSync (C:\Users\leotm\Desktop\Projetos\Programming\vacation-scheduler\node_modules\react-dom\cjs\react-dom.development.js:26473:7)
          at recoverFromConcurrentError (C:\Users\leotm\Desktop\Projetos\Programming\vacation-scheduler\node_modules\react-dom\cjs\react-dom.development.js:25889:20)
          at performConcurrentWorkOnRoot (C:\Users\leotm\Desktop\Projetos\Programming\vacation-scheduler\node_modules\react-dom\cjs\react-dom.development.js:25789:22)
          at flushActQueue (C:\Users\leotm\Desktop\Projetos\Programming\vacation-scheduler\node_modules\react\cjs\react.development.js:2667:24)
          at act (C:\Users\leotm\Desktop\Projetos\Programming\vacation-scheduler\node_modules\react\cjs\react.development.js:2582:11)
          at C:\Users\leotm\Desktop\Projetos\Programming\vacation-scheduler\node_modules\@testing-library\react\dist\act-compat.js:46:25
          at renderRoot (C:\Users\leotm\Desktop\Projetos\Programming\vacation-scheduler\node_modules\@testing-library\react\dist\pure.js:189:26)
          at render (C:\Users\leotm\Desktop\Projetos\Programming\vacation-scheduler\node_modules\@testing-library\react\dist\pure.js:291:10)
          at Object.<anonymous> (C:\Users\leotm\Desktop\Projetos\Programming\vacation-scheduler\src\shared\ui\Footer.test.js:13:15)
          at Promise.then.completed (C:\Users\leotm\Desktop\Projetos\Programming\vacation-scheduler\node_modules\jest-circus\build\utils.js:391:28)
          at new Promise (<anonymous>)
          at callAsyncCircusFn (C:\Users\leotm\Desktop\Projetos\Programming\vacation-scheduler\node_modules\jest-circus\build\utils.js:316:10)
          at _callCircusTest (C:\Users\leotm\Desktop\Projetos\Programming\vacation-scheduler\node_modules\jest-circus\build\run.js:218:40)
          at processTicksAndRejections (node:internal/process/task_queues:103:5)
          at _runTest (C:\Users\leotm\Desktop\Projetos\Programming\vacation-scheduler\node_modules\jest-circus\build\run.js:155:3)
          at _runTestsForDescribeBlock (C:\Users\leotm\Desktop\Projetos\Programming\vacation-scheduler\node_modules\jest-circus\build\run.js:66:9)
          at _runTestsForDescribeBlock (C:\Users\leotm\Desktop\Projetos\Programming\vacation-scheduler\node_modules\jest-circus\build\run.js:60:9)
          at run (C:\Users\leotm\Desktop\Projetos\Programming\vacation-scheduler\node_modules\jest-circus\build\run.js:25:3)
          at runAndTransformResultsToJestFormat (C:\Users\leotm\Desktop\Projetos\Programming\vacation-scheduler\node_modules\jest-circus\build\legacy-code-todo-rewrite\jestAdapterInit.js:170:21)
          at jestAdapter (C:\Users\leotm\Desktop\Projetos\Programming\vacation-scheduler\node_modules\jest-circus\build\legacy-code-todo-rewrite\jestAdapter.js:82:19)
          at runTestInternal (C:\Users\leotm\Desktop\Projetos\Programming\vacation-scheduler\node_modules\jest-runner\build\runTest.js:389:16)
          at runTest (C:\Users\leotm\Desktop\Projetos\Programming\vacation-scheduler\node_modules\jest-runner\build\runTest.js:475:34)
          at Object.worker (C:\Users\leotm\Desktop\Projetos\Programming\vacation-scheduler\node_modules\jest-runner\build\testWorker.js:133:12) TypeError: Cannot destructure property 'basename' of 'React.useContext(...)' as it is null.
          at LinkWithRef (C:\Users\leotm\Desktop\Projetos\Programming\vacation-scheduler\node_modules\react-router\dist\development\chunk-2YMDXNOJ.js:399:11)
          at renderWithHooks (C:\Users\leotm\Desktop\Projetos\Programming\vacation-scheduler\node_modules\react-dom\cjs\react-dom.development.js:15486:18)
          at updateForwardRef (C:\Users\leotm\Desktop\Projetos\Programming\vacation-scheduler\node_modules\react-dom\cjs\react-dom.development.js:19245:20)
          at beginWork (C:\Users\leotm\Desktop\Projetos\Programming\vacation-scheduler\node_modules\react-dom\cjs\react-dom.development.js:21675:16)
          at HTMLUnknownElement.callCallback (C:\Users\leotm\Desktop\Projetos\Programming\vacation-scheduler\node_modules\react-dom\cjs\react-dom.development.js:4164:14)
          at HTMLUnknownElement.callTheUserObjectsOperation (C:\Users\leotm\Desktop\Projetos\Programming\vacation-scheduler\node_modules\jsdom\lib\jsdom\living\generated\EventListener.js:26:30)
          at innerInvokeEventListeners (C:\Users\leotm\Desktop\Projetos\Programming\vacation-scheduler\node_modules\jsdom\lib\jsdom\living\events\EventTarget-impl.js:338:25)
          at invokeEventListeners (C:\Users\leotm\Desktop\Projetos\Programming\vacation-scheduler\node_modules\jsdom\lib\jsdom\living\events\EventTarget-impl.js:274:3)
          at HTMLUnknownElementImpl._dispatch (C:\Users\leotm\Desktop\Projetos\Programming\vacation-scheduler\node_modules\jsdom\lib\jsdom\living\events\EventTarget-impl.js:221:9)
          at HTMLUnknownElementImpl.dispatchEvent (C:\Users\leotm\Desktop\Projetos\Programming\vacation-scheduler\node_modules\jsdom\lib\jsdom\living\events\EventTarget-impl.js:94:17)
          at HTMLUnknownElement.dispatchEvent (C:\Users\leotm\Desktop\Projetos\Programming\vacation-scheduler\node_modules\jsdom\lib\jsdom\living\generated\EventTarget.js:231:34)
          at Object.invokeGuardedCallbackDev (C:\Users\leotm\Desktop\Projetos\Programming\vacation-scheduler\node_modules\react-dom\cjs\react-dom.development.js:4213:16)
          at invokeGuardedCallback (C:\Users\leotm\Desktop\Projetos\Programming\vacation-scheduler\node_modules\react-dom\cjs\react-dom.development.js:4277:31)
          at beginWork$1 (C:\Users\leotm\Desktop\Projetos\Programming\vacation-scheduler\node_modules\react-dom\cjs\react-dom.development.js:27490:7)
          at performUnitOfWork (C:\Users\leotm\Desktop\Projetos\Programming\vacation-scheduler\node_modules\react-dom\cjs\react-dom.development.js:26599:12)
          at workLoopSync (C:\Users\leotm\Desktop\Projetos\Programming\vacation-scheduler\node_modules\react-dom\cjs\react-dom.development.js:26505:5)
          at renderRootSync (C:\Users\leotm\Desktop\Projetos\Programming\vacation-scheduler\node_modules\react-dom\cjs\react-dom.development.js:26473:7)
          at recoverFromConcurrentError (C:\Users\leotm\Desktop\Projetos\Programming\vacation-scheduler\node_modules\react-dom\cjs\react-dom.development.js:25889:20)
          at performConcurrentWorkOnRoot (C:\Users\leotm\Desktop\Projetos\Programming\vacation-scheduler\node_modules\react-dom\cjs\react-dom.development.js:25789:22)
          at flushActQueue (C:\Users\leotm\Desktop\Projetos\Programming\vacation-scheduler\node_modules\react\cjs\react.development.js:2667:24)
          at act (C:\Users\leotm\Desktop\Projetos\Programming\vacation-scheduler\node_modules\react\cjs\react.development.js:2582:11)
          at C:\Users\leotm\Desktop\Projetos\Programming\vacation-scheduler\node_modules\@testing-library\react\dist\act-compat.js:46:25
          at renderRoot (C:\Users\leotm\Desktop\Projetos\Programming\vacation-scheduler\node_modules\@testing-library\react\dist\pure.js:189:26)
          at render (C:\Users\leotm\Desktop\Projetos\Programming\vacation-scheduler\node_modules\@testing-library\react\dist\pure.js:291:10)
          at Object.<anonymous> (C:\Users\leotm\Desktop\Projetos\Programming\vacation-scheduler\src\shared\ui\Footer.test.js:13:15)
          at Promise.then.completed (C:\Users\leotm\Desktop\Projetos\Programming\vacation-scheduler\node_modules\jest-circus\build\utils.js:391:28)
          at new Promise (<anonymous>)
          at callAsyncCircusFn (C:\Users\leotm\Desktop\Projetos\Programming\vacation-scheduler\node_modules\jest-circus\build\utils.js:316:10)
          at _callCircusTest (C:\Users\leotm\Desktop\Projetos\Programming\vacation-scheduler\node_modules\jest-circus\build\run.js:218:40)
          at processTicksAndRejections (node:internal/process/task_queues:103:5)
          at _runTest (C:\Users\leotm\Desktop\Projetos\Programming\vacation-scheduler\node_modules\jest-circus\build\run.js:155:3)
          at _runTestsForDescribeBlock (C:\Users\leotm\Desktop\Projetos\Programming\vacation-scheduler\node_modules\jest-circus\build\run.js:66:9)
          at _runTestsForDescribeBlock (C:\Users\leotm\Desktop\Projetos\Programming\vacation-scheduler\node_modules\jest-circus\build\run.js:60:9)
          at run (C:\Users\leotm\Desktop\Projetos\Programming\vacation-scheduler\node_modules\jest-circus\build\run.js:25:3)
          at runAndTransformResultsToJestFormat (C:\Users\leotm\Desktop\Projetos\Programming\vacation-scheduler\node_modules\jest-circus\build\legacy-code-todo-rewrite\jestAdapterInit.js:170:21)
          at jestAdapter (C:\Users\leotm\Desktop\Projetos\Programming\vacation-scheduler\node_modules\jest-circus\build\legacy-code-todo-rewrite\jestAdapter.js:82:19)
          at runTestInternal (C:\Users\leotm\Desktop\Projetos\Programming\vacation-scheduler\node_modules\jest-runner\build\runTest.js:389:16)
          at runTest (C:\Users\leotm\Desktop\Projetos\Programming\vacation-scheduler\node_modules\jest-runner\build\runTest.js:475:34)
          at Object.worker (C:\Users\leotm\Desktop\Projetos\Programming\vacation-scheduler\node_modules\jest-runner\build\testWorker.js:133:12)

    [0m [90m 11 |[39m
     [90m 12 |[39m     it([32m'renders contact email mailto link'[39m[33m,[39m () [33m=>[39m {
    [31m[1m>[22m[39m[90m 13 |[39m         render([33m<[39m[33mFooter[39m [33m/[39m[33m>[39m)[33m;[39m
     [90m    |[39m               [31m[1m^[22m[39m
     [90m 14 |[39m         [36mconst[39m link [33m=[39m screen[33m.[39mgetByRole([32m'link'[39m[33m,[39m { name[33m:[39m [35m/hello@findadate\.app/i[39m })[33m;[39m
     [90m 15 |[39m         expect(link)[33m.[39mtoHaveAttribute([32m'href'[39m[33m,[39m [32m'mailto:hello@findadate.app'[39m)[33m;[39m
     [90m 16 |[39m     })[33m;[39m[0m

      at VirtualConsole.<anonymous> (node_modules/jsdom/lib/jsdom/virtual-console.js:29:45)
      at reportException (node_modules/jsdom/lib/jsdom/living/helpers/runtime-script-errors.js:70:28)
      at innerInvokeEventListeners (node_modules/jsdom/lib/jsdom/living/events/EventTarget-impl.js:341:9)
      at invokeEventListeners (node_modules/jsdom/lib/jsdom/living/events/EventTarget-impl.js:274:3)
      at HTMLUnknownElementImpl._dispatch (node_modules/jsdom/lib/jsdom/living/events/EventTarget-impl.js:221:9)
      at HTMLUnknownElementImpl.dispatchEvent (node_modules/jsdom/lib/jsdom/living/events/EventTarget-impl.js:94:17)
      at HTMLUnknownElement.dispatchEvent (node_modules/jsdom/lib/jsdom/living/generated/EventTarget.js:231:34)
      at Object.invokeGuardedCallbackDev (node_modules/react-dom/cjs/react-dom.development.js:4213:16)
      at invokeGuardedCallback (node_modules/react-dom/cjs/react-dom.development.js:4277:31)
      at beginWork$1 (node_modules/react-dom/cjs/react-dom.development.js:27490:7)
      at performUnitOfWork (node_modules/react-dom/cjs/react-dom.development.js:26599:12)
      at workLoopSync (node_modules/react-dom/cjs/react-dom.development.js:26505:5)
      at renderRootSync (node_modules/react-dom/cjs/react-dom.development.js:26473:7)
      at recoverFromConcurrentError (node_modules/react-dom/cjs/react-dom.development.js:25889:20)
      at performConcurrentWorkOnRoot (node_modules/react-dom/cjs/react-dom.development.js:25789:22)
      at flushActQueue (node_modules/react/cjs/react.development.js:2667:24)
      at act (node_modules/react/cjs/react.development.js:2582:11)
      at node_modules/@testing-library/react/dist/act-compat.js:46:25
      at renderRoot (node_modules/@testing-library/react/dist/pure.js:189:26)
      at render (node_modules/@testing-library/react/dist/pure.js:291:10)
      at Object.<anonymous> (src/shared/ui/Footer.test.js:13:15)

    console.error
      Error: Uncaught [TypeError: Cannot destructure property 'basename' of 'React.useContext(...)' as it is null.]
          at reportException (C:\Users\leotm\Desktop\Projetos\Programming\vacation-scheduler\node_modules\jsdom\lib\jsdom\living\helpers\runtime-script-errors.js:66:24)
          at innerInvokeEventListeners (C:\Users\leotm\Desktop\Projetos\Programming\vacation-scheduler\node_modules\jsdom\lib\jsdom\living\events\EventTarget-impl.js:341:9)
          at invokeEventListeners (C:\Users\leotm\Desktop\Projetos\Programming\vacation-scheduler\node_modules\jsdom\lib\jsdom\living\events\EventTarget-impl.js:274:3)
          at HTMLUnknownElementImpl._dispatch (C:\Users\leotm\Desktop\Projetos\Programming\vacation-scheduler\node_modules\jsdom\lib\jsdom\living\events\EventTarget-impl.js:221:9)
          at HTMLUnknownElementImpl.dispatchEvent (C:\Users\leotm\Desktop\Projetos\Programming\vacation-scheduler\node_modules\jsdom\lib\jsdom\living\events\EventTarget-impl.js:94:17)
          at HTMLUnknownElement.dispatchEvent (C:\Users\leotm\Desktop\Projetos\Programming\vacation-scheduler\node_modules\jsdom\lib\jsdom\living\generated\EventTarget.js:231:34)
          at Object.invokeGuardedCallbackDev (C:\Users\leotm\Desktop\Projetos\Programming\vacation-scheduler\node_modules\react-dom\cjs\react-dom.development.js:4213:16)
          at invokeGuardedCallback (C:\Users\leotm\Desktop\Projetos\Programming\vacation-scheduler\node_modules\react-dom\cjs\react-dom.development.js:4277:31)
          at beginWork$1 (C:\Users\leotm\Desktop\Projetos\Programming\vacation-scheduler\node_modules\react-dom\cjs\react-dom.development.js:27490:7)
          at performUnitOfWork (C:\Users\leotm\Desktop\Projetos\Programming\vacation-scheduler\node_modules\react-dom\cjs\react-dom.development.js:26599:12)
          at workLoopSync (C:\Users\leotm\Desktop\Projetos\Programming\vacation-scheduler\node_modules\react-dom\cjs\react-dom.development.js:26505:5)
          at renderRootSync (C:\Users\leotm\Desktop\Projetos\Programming\vacation-scheduler\node_modules\react-dom\cjs\react-dom.development.js:26473:7)
          at recoverFromConcurrentError (C:\Users\leotm\Desktop\Projetos\Programming\vacation-scheduler\node_modules\react-dom\cjs\react-dom.development.js:25889:20)
          at performConcurrentWorkOnRoot (C:\Users\leotm\Desktop\Projetos\Programming\vacation-scheduler\node_modules\react-dom\cjs\react-dom.development.js:25789:22)
          at flushActQueue (C:\Users\leotm\Desktop\Projetos\Programming\vacation-scheduler\node_modules\react\cjs\react.development.js:2667:24)
          at act (C:\Users\leotm\Desktop\Projetos\Programming\vacation-scheduler\node_modules\react\cjs\react.development.js:2582:11)
          at C:\Users\leotm\Desktop\Projetos\Programming\vacation-scheduler\node_modules\@testing-library\react\dist\act-compat.js:46:25
          at renderRoot (C:\Users\leotm\Desktop\Projetos\Programming\vacation-scheduler\node_modules\@testing-library\react\dist\pure.js:189:26)
          at render (C:\Users\leotm\Desktop\Projetos\Programming\vacation-scheduler\node_modules\@testing-library\react\dist\pure.js:291:10)
          at Object.<anonymous> (C:\Users\leotm\Desktop\Projetos\Programming\vacation-scheduler\src\shared\ui\Footer.test.js:13:15)
          at Promise.then.completed (C:\Users\leotm\Desktop\Projetos\Programming\vacation-scheduler\node_modules\jest-circus\build\utils.js:391:28)
          at new Promise (<anonymous>)
          at callAsyncCircusFn (C:\Users\leotm\Desktop\Projetos\Programming\vacation-scheduler\node_modules\jest-circus\build\utils.js:316:10)
          at _callCircusTest (C:\Users\leotm\Desktop\Projetos\Programming\vacation-scheduler\node_modules\jest-circus\build\run.js:218:40)
          at processTicksAndRejections (node:internal/process/task_queues:103:5)
          at _runTest (C:\Users\leotm\Desktop\Projetos\Programming\vacation-scheduler\node_modules\jest-circus\build\run.js:155:3)
          at _runTestsForDescribeBlock (C:\Users\leotm\Desktop\Projetos\Programming\vacation-scheduler\node_modules\jest-circus\build\run.js:66:9)
          at _runTestsForDescribeBlock (C:\Users\leotm\Desktop\Projetos\Programming\vacation-scheduler\node_modules\jest-circus\build\run.js:60:9)
          at run (C:\Users\leotm\Desktop\Projetos\Programming\vacation-scheduler\node_modules\jest-circus\build\run.js:25:3)
          at runAndTransformResultsToJestFormat (C:\Users\leotm\Desktop\Projetos\Programming\vacation-scheduler\node_modules\jest-circus\build\legacy-code-todo-rewrite\jestAdapterInit.js:170:21)
          at jestAdapter (C:\Users\leotm\Desktop\Projetos\Programming\vacation-scheduler\node_modules\jest-circus\build\legacy-code-todo-rewrite\jestAdapter.js:82:19)
          at runTestInternal (C:\Users\leotm\Desktop\Projetos\Programming\vacation-scheduler\node_modules\jest-runner\build\runTest.js:389:16)
          at runTest (C:\Users\leotm\Desktop\Projetos\Programming\vacation-scheduler\node_modules\jest-runner\build\runTest.js:475:34)
          at Object.worker (C:\Users\leotm\Desktop\Projetos\Programming\vacation-scheduler\node_modules\jest-runner\build\testWorker.js:133:12) TypeError: Cannot destructure property 'basename' of 'React.useContext(...)' as it is null.
          at LinkWithRef (C:\Users\leotm\Desktop\Projetos\Programming\vacation-scheduler\node_modules\react-router\dist\development\chunk-2YMDXNOJ.js:399:11)
          at renderWithHooks (C:\Users\leotm\Desktop\Projetos\Programming\vacation-scheduler\node_modules\react-dom\cjs\react-dom.development.js:15486:18)
          at updateForwardRef (C:\Users\leotm\Desktop\Projetos\Programming\vacation-scheduler\node_modules\react-dom\cjs\react-dom.development.js:19245:20)
          at beginWork (C:\Users\leotm\Desktop\Projetos\Programming\vacation-scheduler\node_modules\react-dom\cjs\react-dom.development.js:21675:16)
          at HTMLUnknownElement.callCallback (C:\Users\leotm\Desktop\Projetos\Programming\vacation-scheduler\node_modules\react-dom\cjs\react-dom.development.js:4164:14)
          at HTMLUnknownElement.callTheUserObjectsOperation (C:\Users\leotm\Desktop\Projetos\Programming\vacation-scheduler\node_modules\jsdom\lib\jsdom\living\generated\EventListener.js:26:30)
          at innerInvokeEventListeners (C:\Users\leotm\Desktop\Projetos\Programming\vacation-scheduler\node_modules\jsdom\lib\jsdom\living\events\EventTarget-impl.js:338:25)
          at invokeEventListeners (C:\Users\leotm\Desktop\Projetos\Programming\vacation-scheduler\node_modules\jsdom\lib\jsdom\living\events\EventTarget-impl.js:274:3)
          at HTMLUnknownElementImpl._dispatch (C:\Users\leotm\Desktop\Projetos\Programming\vacation-scheduler\node_modules\jsdom\lib\jsdom\living\events\EventTarget-impl.js:221:9)
          at HTMLUnknownElementImpl.dispatchEvent (C:\Users\leotm\Desktop\Projetos\Programming\vacation-scheduler\node_modules\jsdom\lib\jsdom\living\events\EventTarget-impl.js:94:17)
          at HTMLUnknownElement.dispatchEvent (C:\Users\leotm\Desktop\Projetos\Programming\vacation-scheduler\node_modules\jsdom\lib\jsdom\living\generated\EventTarget.js:231:34)
          at Object.invokeGuardedCallbackDev (C:\Users\leotm\Desktop\Projetos\Programming\vacation-scheduler\node_modules\react-dom\cjs\react-dom.development.js:4213:16)
          at invokeGuardedCallback (C:\Users\leotm\Desktop\Projetos\Programming\vacation-scheduler\node_modules\react-dom\cjs\react-dom.development.js:4277:31)
          at beginWork$1 (C:\Users\leotm\Desktop\Projetos\Programming\vacation-scheduler\node_modules\react-dom\cjs\react-dom.development.js:27490:7)
          at performUnitOfWork (C:\Users\leotm\Desktop\Projetos\Programming\vacation-scheduler\node_modules\react-dom\cjs\react-dom.development.js:26599:12)
          at workLoopSync (C:\Users\leotm\Desktop\Projetos\Programming\vacation-scheduler\node_modules\react-dom\cjs\react-dom.development.js:26505:5)
          at renderRootSync (C:\Users\leotm\Desktop\Projetos\Programming\vacation-scheduler\node_modules\react-dom\cjs\react-dom.development.js:26473:7)
          at recoverFromConcurrentError (C:\Users\leotm\Desktop\Projetos\Programming\vacation-scheduler\node_modules\react-dom\cjs\react-dom.development.js:25889:20)
          at performConcurrentWorkOnRoot (C:\Users\leotm\Desktop\Projetos\Programming\vacation-scheduler\node_modules\react-dom\cjs\react-dom.development.js:25789:22)
          at flushActQueue (C:\Users\leotm\Desktop\Projetos\Programming\vacation-scheduler\node_modules\react\cjs\react.development.js:2667:24)
          at act (C:\Users\leotm\Desktop\Projetos\Programming\vacation-scheduler\node_modules\react\cjs\react.development.js:2582:11)
          at C:\Users\leotm\Desktop\Projetos\Programming\vacation-scheduler\node_modules\@testing-library\react\dist\act-compat.js:46:25
          at renderRoot (C:\Users\leotm\Desktop\Projetos\Programming\vacation-scheduler\node_modules\@testing-library\react\dist\pure.js:189:26)
          at render (C:\Users\leotm\Desktop\Projetos\Programming\vacation-scheduler\node_modules\@testing-library\react\dist\pure.js:291:10)
          at Object.<anonymous> (C:\Users\leotm\Desktop\Projetos\Programming\vacation-scheduler\src\shared\ui\Footer.test.js:13:15)
          at Promise.then.completed (C:\Users\leotm\Desktop\Projetos\Programming\vacation-scheduler\node_modules\jest-circus\build\utils.js:391:28)
          at new Promise (<anonymous>)
          at callAsyncCircusFn (C:\Users\leotm\Desktop\Projetos\Programming\vacation-scheduler\node_modules\jest-circus\build\utils.js:316:10)
          at _callCircusTest (C:\Users\leotm\Desktop\Projetos\Programming\vacation-scheduler\node_modules\jest-circus\build\run.js:218:40)
          at processTicksAndRejections (node:internal/process/task_queues:103:5)
          at _runTest (C:\Users\leotm\Desktop\Projetos\Programming\vacation-scheduler\node_modules\jest-circus\build\run.js:155:3)
          at _runTestsForDescribeBlock (C:\Users\leotm\Desktop\Projetos\Programming\vacation-scheduler\node_modules\jest-circus\build\run.js:66:9)
          at _runTestsForDescribeBlock (C:\Users\leotm\Desktop\Projetos\Programming\vacation-scheduler\node_modules\jest-circus\build\run.js:60:9)
          at run (C:\Users\leotm\Desktop\Projetos\Programming\vacation-scheduler\node_modules\jest-circus\build\run.js:25:3)
          at runAndTransformResultsToJestFormat (C:\Users\leotm\Desktop\Projetos\Programming\vacation-scheduler\node_modules\jest-circus\build\legacy-code-todo-rewrite\jestAdapterInit.js:170:21)
          at jestAdapter (C:\Users\leotm\Desktop\Projetos\Programming\vacation-scheduler\node_modules\jest-circus\build\legacy-code-todo-rewrite\jestAdapter.js:82:19)
          at runTestInternal (C:\Users\leotm\Desktop\Projetos\Programming\vacation-scheduler\node_modules\jest-runner\build\runTest.js:389:16)
          at runTest (C:\Users\leotm\Desktop\Projetos\Programming\vacation-scheduler\node_modules\jest-runner\build\runTest.js:475:34)
          at Object.worker (C:\Users\leotm\Desktop\Projetos\Programming\vacation-scheduler\node_modules\jest-runner\build\testWorker.js:133:12)

    [0m [90m 11 |[39m
     [90m 12 |[39m     it([32m'renders contact email mailto link'[39m[33m,[39m () [33m=>[39m {
    [31m[1m>[22m[39m[90m 13 |[39m         render([33m<[39m[33mFooter[39m [33m/[39m[33m>[39m)[33m;[39m
     [90m    |[39m               [31m[1m^[22m[39m
     [90m 14 |[39m         [36mconst[39m link [33m=[39m screen[33m.[39mgetByRole([32m'link'[39m[33m,[39m { name[33m:[39m [35m/hello@findadate\.app/i[39m })[33m;[39m
     [90m 15 |[39m         expect(link)[33m.[39mtoHaveAttribute([32m'href'[39m[33m,[39m [32m'mailto:hello@findadate.app'[39m)[33m;[39m
     [90m 16 |[39m     })[33m;[39m[0m

      at VirtualConsole.<anonymous> (node_modules/jsdom/lib/jsdom/virtual-console.js:29:45)
      at reportException (node_modules/jsdom/lib/jsdom/living/helpers/runtime-script-errors.js:70:28)
      at innerInvokeEventListeners (node_modules/jsdom/lib/jsdom/living/events/EventTarget-impl.js:341:9)
      at invokeEventListeners (node_modules/jsdom/lib/jsdom/living/events/EventTarget-impl.js:274:3)
      at HTMLUnknownElementImpl._dispatch (node_modules/jsdom/lib/jsdom/living/events/EventTarget-impl.js:221:9)
      at HTMLUnknownElementImpl.dispatchEvent (node_modules/jsdom/lib/jsdom/living/events/EventTarget-impl.js:94:17)
      at HTMLUnknownElement.dispatchEvent (node_modules/jsdom/lib/jsdom/living/generated/EventTarget.js:231:34)
      at Object.invokeGuardedCallbackDev (node_modules/react-dom/cjs/react-dom.development.js:4213:16)
      at invokeGuardedCallback (node_modules/react-dom/cjs/react-dom.development.js:4277:31)
      at beginWork$1 (node_modules/react-dom/cjs/react-dom.development.js:27490:7)
      at performUnitOfWork (node_modules/react-dom/cjs/react-dom.development.js:26599:12)
      at workLoopSync (node_modules/react-dom/cjs/react-dom.development.js:26505:5)
      at renderRootSync (node_modules/react-dom/cjs/react-dom.development.js:26473:7)
      at recoverFromConcurrentError (node_modules/react-dom/cjs/react-dom.development.js:25889:20)
      at performConcurrentWorkOnRoot (node_modules/react-dom/cjs/react-dom.development.js:25789:22)
      at flushActQueue (node_modules/react/cjs/react.development.js:2667:24)
      at act (node_modules/react/cjs/react.development.js:2582:11)
      at node_modules/@testing-library/react/dist/act-compat.js:46:25
      at renderRoot (node_modules/@testing-library/react/dist/pure.js:189:26)
      at render (node_modules/@testing-library/react/dist/pure.js:291:10)
      at Object.<anonymous> (src/shared/ui/Footer.test.js:13:15)

    console.error
      Error: Uncaught [TypeError: Cannot destructure property 'basename' of 'React.useContext(...)' as it is null.]
          at reportException (C:\Users\leotm\Desktop\Projetos\Programming\vacation-scheduler\node_modules\jsdom\lib\jsdom\living\helpers\runtime-script-errors.js:66:24)
          at innerInvokeEventListeners (C:\Users\leotm\Desktop\Projetos\Programming\vacation-scheduler\node_modules\jsdom\lib\jsdom\living\events\EventTarget-impl.js:341:9)
          at invokeEventListeners (C:\Users\leotm\Desktop\Projetos\Programming\vacation-scheduler\node_modules\jsdom\lib\jsdom\living\events\EventTarget-impl.js:274:3)
          at HTMLUnknownElementImpl._dispatch (C:\Users\leotm\Desktop\Projetos\Programming\vacation-scheduler\node_modules\jsdom\lib\jsdom\living\events\EventTarget-impl.js:221:9)
          at HTMLUnknownElementImpl.dispatchEvent (C:\Users\leotm\Desktop\Projetos\Programming\vacation-scheduler\node_modules\jsdom\lib\jsdom\living\events\EventTarget-impl.js:94:17)
          at HTMLUnknownElement.dispatchEvent (C:\Users\leotm\Desktop\Projetos\Programming\vacation-scheduler\node_modules\jsdom\lib\jsdom\living\generated\EventTarget.js:231:34)
          at Object.invokeGuardedCallbackDev (C:\Users\leotm\Desktop\Projetos\Programming\vacation-scheduler\node_modules\react-dom\cjs\react-dom.development.js:4213:16)
          at invokeGuardedCallback (C:\Users\leotm\Desktop\Projetos\Programming\vacation-scheduler\node_modules\react-dom\cjs\react-dom.development.js:4277:31)
          at beginWork$1 (C:\Users\leotm\Desktop\Projetos\Programming\vacation-scheduler\node_modules\react-dom\cjs\react-dom.development.js:27490:7)
          at performUnitOfWork (C:\Users\leotm\Desktop\Projetos\Programming\vacation-scheduler\node_modules\react-dom\cjs\react-dom.development.js:26599:12)
          at workLoopSync (C:\Users\leotm\Desktop\Projetos\Programming\vacation-scheduler\node_modules\react-dom\cjs\react-dom.development.js:26505:5)
          at renderRootSync (C:\Users\leotm\Desktop\Projetos\Programming\vacation-scheduler\node_modules\react-dom\cjs\react-dom.development.js:26473:7)
          at recoverFromConcurrentError (C:\Users\leotm\Desktop\Projetos\Programming\vacation-scheduler\node_modules\react-dom\cjs\react-dom.development.js:25889:20)
          at performConcurrentWorkOnRoot (C:\Users\leotm\Desktop\Projetos\Programming\vacation-scheduler\node_modules\react-dom\cjs\react-dom.development.js:25789:22)
          at flushActQueue (C:\Users\leotm\Desktop\Projetos\Programming\vacation-scheduler\node_modules\react\cjs\react.development.js:2667:24)
          at act (C:\Users\leotm\Desktop\Projetos\Programming\vacation-scheduler\node_modules\react\cjs\react.development.js:2582:11)
          at C:\Users\leotm\Desktop\Projetos\Programming\vacation-scheduler\node_modules\@testing-library\react\dist\act-compat.js:46:25
          at renderRoot (C:\Users\leotm\Desktop\Projetos\Programming\vacation-scheduler\node_modules\@testing-library\react\dist\pure.js:189:26)
          at render (C:\Users\leotm\Desktop\Projetos\Programming\vacation-scheduler\node_modules\@testing-library\react\dist\pure.js:291:10)
          at Object.<anonymous> (C:\Users\leotm\Desktop\Projetos\Programming\vacation-scheduler\src\shared\ui\Footer.test.js:13:15)
          at Promise.then.completed (C:\Users\leotm\Desktop\Projetos\Programming\vacation-scheduler\node_modules\jest-circus\build\utils.js:391:28)
          at new Promise (<anonymous>)
          at callAsyncCircusFn (C:\Users\leotm\Desktop\Projetos\Programming\vacation-scheduler\node_modules\jest-circus\build\utils.js:316:10)
          at _callCircusTest (C:\Users\leotm\Desktop\Projetos\Programming\vacation-scheduler\node_modules\jest-circus\build\run.js:218:40)
          at processTicksAndRejections (node:internal/process/task_queues:103:5)
          at _runTest (C:\Users\leotm\Desktop\Projetos\Programming\vacation-scheduler\node_modules\jest-circus\build\run.js:155:3)
          at _runTestsForDescribeBlock (C:\Users\leotm\Desktop\Projetos\Programming\vacation-scheduler\node_modules\jest-circus\build\run.js:66:9)
          at _runTestsForDescribeBlock (C:\Users\leotm\Desktop\Projetos\Programming\vacation-scheduler\node_modules\jest-circus\build\run.js:60:9)
          at run (C:\Users\leotm\Desktop\Projetos\Programming\vacation-scheduler\node_modules\jest-circus\build\run.js:25:3)
          at runAndTransformResultsToJestFormat (C:\Users\leotm\Desktop\Projetos\Programming\vacation-scheduler\node_modules\jest-circus\build\legacy-code-todo-rewrite\jestAdapterInit.js:170:21)
          at jestAdapter (C:\Users\leotm\Desktop\Projetos\Programming\vacation-scheduler\node_modules\jest-circus\build\legacy-code-todo-rewrite\jestAdapter.js:82:19)
          at runTestInternal (C:\Users\leotm\Desktop\Projetos\Programming\vacation-scheduler\node_modules\jest-runner\build\runTest.js:389:16)
          at runTest (C:\Users\leotm\Desktop\Projetos\Programming\vacation-scheduler\node_modules\jest-runner\build\runTest.js:475:34)
          at Object.worker (C:\Users\leotm\Desktop\Projetos\Programming\vacation-scheduler\node_modules\jest-runner\build\testWorker.js:133:12) TypeError: Cannot destructure property 'basename' of 'React.useContext(...)' as it is null.
          at LinkWithRef (C:\Users\leotm\Desktop\Projetos\Programming\vacation-scheduler\node_modules\react-router\dist\development\chunk-2YMDXNOJ.js:399:11)
          at renderWithHooks (C:\Users\leotm\Desktop\Projetos\Programming\vacation-scheduler\node_modules\react-dom\cjs\react-dom.development.js:15486:18)
          at updateForwardRef (C:\Users\leotm\Desktop\Projetos\Programming\vacation-scheduler\node_modules\react-dom\cjs\react-dom.development.js:19245:20)
          at beginWork (C:\Users\leotm\Desktop\Projetos\Programming\vacation-scheduler\node_modules\react-dom\cjs\react-dom.development.js:21675:16)
          at HTMLUnknownElement.callCallback (C:\Users\leotm\Desktop\Projetos\Programming\vacation-scheduler\node_modules\react-dom\cjs\react-dom.development.js:4164:14)
          at HTMLUnknownElement.callTheUserObjectsOperation (C:\Users\leotm\Desktop\Projetos\Programming\vacation-scheduler\node_modules\jsdom\lib\jsdom\living\generated\EventListener.js:26:30)
          at innerInvokeEventListeners (C:\Users\leotm\Desktop\Projetos\Programming\vacation-scheduler\node_modules\jsdom\lib\jsdom\living\events\EventTarget-impl.js:338:25)
          at invokeEventListeners (C:\Users\leotm\Desktop\Projetos\Programming\vacation-scheduler\node_modules\jsdom\lib\jsdom\living\events\EventTarget-impl.js:274:3)
          at HTMLUnknownElementImpl._dispatch (C:\Users\leotm\Desktop\Projetos\Programming\vacation-scheduler\node_modules\jsdom\lib\jsdom\living\events\EventTarget-impl.js:221:9)
          at HTMLUnknownElementImpl.dispatchEvent (C:\Users\leotm\Desktop\Projetos\Programming\vacation-scheduler\node_modules\jsdom\lib\jsdom\living\events\EventTarget-impl.js:94:17)
          at HTMLUnknownElement.dispatchEvent (C:\Users\leotm\Desktop\Projetos\Programming\vacation-scheduler\node_modules\jsdom\lib\jsdom\living\generated\EventTarget.js:231:34)
          at Object.invokeGuardedCallbackDev (C:\Users\leotm\Desktop\Projetos\Programming\vacation-scheduler\node_modules\react-dom\cjs\react-dom.development.js:4213:16)
          at invokeGuardedCallback (C:\Users\leotm\Desktop\Projetos\Programming\vacation-scheduler\node_modules\react-dom\cjs\react-dom.development.js:4277:31)
          at beginWork$1 (C:\Users\leotm\Desktop\Projetos\Programming\vacation-scheduler\node_modules\react-dom\cjs\react-dom.development.js:27490:7)
          at performUnitOfWork (C:\Users\leotm\Desktop\Projetos\Programming\vacation-scheduler\node_modules\react-dom\cjs\react-dom.development.js:26599:12)
          at workLoopSync (C:\Users\leotm\Desktop\Projetos\Programming\vacation-scheduler\node_modules\react-dom\cjs\react-dom.development.js:26505:5)
          at renderRootSync (C:\Users\leotm\Desktop\Projetos\Programming\vacation-scheduler\node_modules\react-dom\cjs\react-dom.development.js:26473:7)
          at recoverFromConcurrentError (C:\Users\leotm\Desktop\Projetos\Programming\vacation-scheduler\node_modules\react-dom\cjs\react-dom.development.js:25889:20)
          at performConcurrentWorkOnRoot (C:\Users\leotm\Desktop\Projetos\Programming\vacation-scheduler\node_modules\react-dom\cjs\react-dom.development.js:25789:22)
          at flushActQueue (C:\Users\leotm\Desktop\Projetos\Programming\vacation-scheduler\node_modules\react\cjs\react.development.js:2667:24)
          at act (C:\Users\leotm\Desktop\Projetos\Programming\vacation-scheduler\node_modules\react\cjs\react.development.js:2582:11)
          at C:\Users\leotm\Desktop\Projetos\Programming\vacation-scheduler\node_modules\@testing-library\react\dist\act-compat.js:46:25
          at renderRoot (C:\Users\leotm\Desktop\Projetos\Programming\vacation-scheduler\node_modules\@testing-library\react\dist\pure.js:189:26)
          at render (C:\Users\leotm\Desktop\Projetos\Programming\vacation-scheduler\node_modules\@testing-library\react\dist\pure.js:291:10)
          at Object.<anonymous> (C:\Users\leotm\Desktop\Projetos\Programming\vacation-scheduler\src\shared\ui\Footer.test.js:13:15)
          at Promise.then.completed (C:\Users\leotm\Desktop\Projetos\Programming\vacation-scheduler\node_modules\jest-circus\build\utils.js:391:28)
          at new Promise (<anonymous>)
          at callAsyncCircusFn (C:\Users\leotm\Desktop\Projetos\Programming\vacation-scheduler\node_modules\jest-circus\build\utils.js:316:10)
          at _callCircusTest (C:\Users\leotm\Desktop\Projetos\Programming\vacation-scheduler\node_modules\jest-circus\build\run.js:218:40)
          at processTicksAndRejections (node:internal/process/task_queues:103:5)
          at _runTest (C:\Users\leotm\Desktop\Projetos\Programming\vacation-scheduler\node_modules\jest-circus\build\run.js:155:3)
          at _runTestsForDescribeBlock (C:\Users\leotm\Desktop\Projetos\Programming\vacation-scheduler\node_modules\jest-circus\build\run.js:66:9)
          at _runTestsForDescribeBlock (C:\Users\leotm\Desktop\Projetos\Programming\vacation-scheduler\node_modules\jest-circus\build\run.js:60:9)
          at run (C:\Users\leotm\Desktop\Projetos\Programming\vacation-scheduler\node_modules\jest-circus\build\run.js:25:3)
          at runAndTransformResultsToJestFormat (C:\Users\leotm\Desktop\Projetos\Programming\vacation-scheduler\node_modules\jest-circus\build\legacy-code-todo-rewrite\jestAdapterInit.js:170:21)
          at jestAdapter (C:\Users\leotm\Desktop\Projetos\Programming\vacation-scheduler\node_modules\jest-circus\build\legacy-code-todo-rewrite\jestAdapter.js:82:19)
          at runTestInternal (C:\Users\leotm\Desktop\Projetos\Programming\vacation-scheduler\node_modules\jest-runner\build\runTest.js:389:16)
          at runTest (C:\Users\leotm\Desktop\Projetos\Programming\vacation-scheduler\node_modules\jest-runner\build\runTest.js:475:34)
          at Object.worker (C:\Users\leotm\Desktop\Projetos\Programming\vacation-scheduler\node_modules\jest-runner\build\testWorker.js:133:12)

    [0m [90m 11 |[39m
     [90m 12 |[39m     it([32m'renders contact email mailto link'[39m[33m,[39m () [33m=>[39m {
    [31m[1m>[22m[39m[90m 13 |[39m         render([33m<[39m[33mFooter[39m [33m/[39m[33m>[39m)[33m;[39m
     [90m    |[39m               [31m[1m^[22m[39m
     [90m 14 |[39m         [36mconst[39m link [33m=[39m screen[33m.[39mgetByRole([32m'link'[39m[33m,[39m { name[33m:[39m [35m/hello@findadate\.app/i[39m })[33m;[39m
     [90m 15 |[39m         expect(link)[33m.[39mtoHaveAttribute([32m'href'[39m[33m,[39m [32m'mailto:hello@findadate.app'[39m)[33m;[39m
     [90m 16 |[39m     })[33m;[39m[0m

      at VirtualConsole.<anonymous> (node_modules/jsdom/lib/jsdom/virtual-console.js:29:45)
      at reportException (node_modules/jsdom/lib/jsdom/living/helpers/runtime-script-errors.js:70:28)
      at innerInvokeEventListeners (node_modules/jsdom/lib/jsdom/living/events/EventTarget-impl.js:341:9)
      at invokeEventListeners (node_modules/jsdom/lib/jsdom/living/events/EventTarget-impl.js:274:3)
      at HTMLUnknownElementImpl._dispatch (node_modules/jsdom/lib/jsdom/living/events/EventTarget-impl.js:221:9)
      at HTMLUnknownElementImpl.dispatchEvent (node_modules/jsdom/lib/jsdom/living/events/EventTarget-impl.js:94:17)
      at HTMLUnknownElement.dispatchEvent (node_modules/jsdom/lib/jsdom/living/generated/EventTarget.js:231:34)
      at Object.invokeGuardedCallbackDev (node_modules/react-dom/cjs/react-dom.development.js:4213:16)
      at invokeGuardedCallback (node_modules/react-dom/cjs/react-dom.development.js:4277:31)
      at beginWork$1 (node_modules/react-dom/cjs/react-dom.development.js:27490:7)
      at performUnitOfWork (node_modules/react-dom/cjs/react-dom.development.js:26599:12)
      at workLoopSync (node_modules/react-dom/cjs/react-dom.development.js:26505:5)
      at renderRootSync (node_modules/react-dom/cjs/react-dom.development.js:26473:7)
      at recoverFromConcurrentError (node_modules/react-dom/cjs/react-dom.development.js:25889:20)
      at performConcurrentWorkOnRoot (node_modules/react-dom/cjs/react-dom.development.js:25789:22)
      at flushActQueue (node_modules/react/cjs/react.development.js:2667:24)
      at act (node_modules/react/cjs/react.development.js:2582:11)
      at node_modules/@testing-library/react/dist/act-compat.js:46:25
      at renderRoot (node_modules/@testing-library/react/dist/pure.js:189:26)
      at render (node_modules/@testing-library/react/dist/pure.js:291:10)
      at Object.<anonymous> (src/shared/ui/Footer.test.js:13:15)

    console.error
      The above error occurred in the <Link> component:
      
          at LinkWithRef (C:\Users\leotm\Desktop\Projetos\Programming\vacation-scheduler\node_modules\react-router\dist\development\chunk-2YMDXNOJ.js:384:5)
          at li
          at ul
          at div
          at div
          at footer
          at Footer (C:\Users\leotm\Desktop\Projetos\Programming\vacation-scheduler\src\shared\ui\Footer.js:5:26)
      
      Consider adding an error boundary to your tree to customize error handling behavior.
      Visit https://reactjs.org/link/error-boundaries to learn more about error boundaries.

    [0m [90m 11 |[39m
     [90m 12 |[39m     it([32m'renders contact email mailto link'[39m[33m,[39m () [33m=>[39m {
    [31m[1m>[22m[39m[90m 13 |[39m         render([33m<[39m[33mFooter[39m [33m/[39m[33m>[39m)[33m;[39m
     [90m    |[39m               [31m[1m^[22m[39m
     [90m 14 |[39m         [36mconst[39m link [33m=[39m screen[33m.[39mgetByRole([32m'link'[39m[33m,[39m { name[33m:[39m [35m/hello@findadate\.app/i[39m })[33m;[39m
     [90m 15 |[39m         expect(link)[33m.[39mtoHaveAttribute([32m'href'[39m[33m,[39m [32m'mailto:hello@findadate.app'[39m)[33m;[39m
     [90m 16 |[39m     })[33m;[39m[0m

      at logCapturedError (node_modules/react-dom/cjs/react-dom.development.js:18704:23)
      at update.callback (node_modules/react-dom/cjs/react-dom.development.js:18737:5)
      at callCallback (node_modules/react-dom/cjs/react-dom.development.js:15036:12)
      at commitUpdateQueue (node_modules/react-dom/cjs/react-dom.development.js:15057:9)
      at commitLayoutEffectOnFiber (node_modules/react-dom/cjs/react-dom.development.js:23430:13)
      at commitLayoutMountEffects_complete (node_modules/react-dom/cjs/react-dom.development.js:24727:9)
      at commitLayoutEffects_begin (node_modules/react-dom/cjs/react-dom.development.js:24713:7)
      at commitLayoutEffects (node_modules/react-dom/cjs/react-dom.development.js:24651:3)
      at commitRootImpl (node_modules/react-dom/cjs/react-dom.development.js:26862:5)
      at commitRoot (node_modules/react-dom/cjs/react-dom.development.js:26721:5)
      at finishConcurrentRender (node_modules/react-dom/cjs/react-dom.development.js:25931:9)
      at performConcurrentWorkOnRoot (node_modules/react-dom/cjs/react-dom.development.js:25848:7)
      at flushActQueue (node_modules/react/cjs/react.development.js:2667:24)
      at act (node_modules/react/cjs/react.development.js:2582:11)
      at node_modules/@testing-library/react/dist/act-compat.js:46:25
      at renderRoot (node_modules/@testing-library/react/dist/pure.js:189:26)
      at render (node_modules/@testing-library/react/dist/pure.js:291:10)
      at Object.<anonymous> (src/shared/ui/Footer.test.js:13:15)

    console.error
      The above error occurred in the <Link> component:
      
          at LinkWithRef (C:\Users\leotm\Desktop\Projetos\Programming\vacation-scheduler\node_modules\react-router\dist\development\chunk-2YMDXNOJ.js:384:5)
          at div
          at div
          at footer
          at Footer (C:\Users\leotm\Desktop\Projetos\Programming\vacation-scheduler\src\shared\ui\Footer.js:5:26)
      
      Consider adding an error boundary to your tree to customize error handling behavior.
      Visit https://reactjs.org/link/error-boundaries to learn more about error boundaries.

    [0m [90m 11 |[39m
     [90m 12 |[39m     it([32m'renders contact email mailto link'[39m[33m,[39m () [33m=>[39m {
    [31m[1m>[22m[39m[90m 13 |[39m         render([33m<[39m[33mFooter[39m [33m/[39m[33m>[39m)[33m;[39m
     [90m    |[39m               [31m[1m^[22m[39m
     [90m 14 |[39m         [36mconst[39m link [33m=[39m screen[33m.[39mgetByRole([32m'link'[39m[33m,[39m { name[33m:[39m [35m/hello@findadate\.app/i[39m })[33m;[39m
     [90m 15 |[39m         expect(link)[33m.[39mtoHaveAttribute([32m'href'[39m[33m,[39m [32m'mailto:hello@findadate.app'[39m)[33m;[39m
     [90m 16 |[39m     })[33m;[39m[0m

      at logCapturedError (node_modules/react-dom/cjs/react-dom.development.js:18704:23)
      at update.callback (node_modules/react-dom/cjs/react-dom.development.js:18737:5)
      at callCallback (node_modules/react-dom/cjs/react-dom.development.js:15036:12)
      at commitUpdateQueue (node_modules/react-dom/cjs/react-dom.development.js:15057:9)
      at commitLayoutEffectOnFiber (node_modules/react-dom/cjs/react-dom.development.js:23430:13)
      at commitLayoutMountEffects_complete (node_modules/react-dom/cjs/react-dom.development.js:24727:9)
      at commitLayoutEffects_begin (node_modules/react-dom/cjs/react-dom.development.js:24713:7)
      at commitLayoutEffects (node_modules/react-dom/cjs/react-dom.development.js:24651:3)
      at commitRootImpl (node_modules/react-dom/cjs/react-dom.development.js:26862:5)
      at commitRoot (node_modules/react-dom/cjs/react-dom.development.js:26721:5)
      at finishConcurrentRender (node_modules/react-dom/cjs/react-dom.development.js:25931:9)
      at performConcurrentWorkOnRoot (node_modules/react-dom/cjs/react-dom.development.js:25848:7)
      at flushActQueue (node_modules/react/cjs/react.development.js:2667:24)
      at act (node_modules/react/cjs/react.development.js:2582:11)
      at node_modules/@testing-library/react/dist/act-compat.js:46:25
      at renderRoot (node_modules/@testing-library/react/dist/pure.js:189:26)
      at render (node_modules/@testing-library/react/dist/pure.js:291:10)
      at Object.<anonymous> (src/shared/ui/Footer.test.js:13:15)

    console.error
      The above error occurred in the <Link> component:
      
          at LinkWithRef (C:\Users\leotm\Desktop\Projetos\Programming\vacation-scheduler\node_modules\react-router\dist\development\chunk-2YMDXNOJ.js:384:5)
          at div
          at div
          at footer
          at Footer (C:\Users\leotm\Desktop\Projetos\Programming\vacation-scheduler\src\shared\ui\Footer.js:5:26)
      
      Consider adding an error boundary to your tree to customize error handling behavior.
      Visit https://reactjs.org/link/error-boundaries to learn more about error boundaries.

    [0m [90m 11 |[39m
     [90m 12 |[39m     it([32m'renders contact email mailto link'[39m[33m,[39m () [33m=>[39m {
    [31m[1m>[22m[39m[90m 13 |[39m         render([33m<[39m[33mFooter[39m [33m/[39m[33m>[39m)[33m;[39m
     [90m    |[39m               [31m[1m^[22m[39m
     [90m 14 |[39m         [36mconst[39m link [33m=[39m screen[33m.[39mgetByRole([32m'link'[39m[33m,[39m { name[33m:[39m [35m/hello@findadate\.app/i[39m })[33m;[39m
     [90m 15 |[39m         expect(link)[33m.[39mtoHaveAttribute([32m'href'[39m[33m,[39m [32m'mailto:hello@findadate.app'[39m)[33m;[39m
     [90m 16 |[39m     })[33m;[39m[0m

      at logCapturedError (node_modules/react-dom/cjs/react-dom.development.js:18704:23)
      at update.callback (node_modules/react-dom/cjs/react-dom.development.js:18737:5)
      at callCallback (node_modules/react-dom/cjs/react-dom.development.js:15036:12)
      at commitUpdateQueue (node_modules/react-dom/cjs/react-dom.development.js:15057:9)
      at commitLayoutEffectOnFiber (node_modules/react-dom/cjs/react-dom.development.js:23430:13)
      at commitLayoutMountEffects_complete (node_modules/react-dom/cjs/react-dom.development.js:24727:9)
      at commitLayoutEffects_begin (node_modules/react-dom/cjs/react-dom.development.js:24713:7)
      at commitLayoutEffects (node_modules/react-dom/cjs/react-dom.development.js:24651:3)
      at commitRootImpl (node_modules/react-dom/cjs/react-dom.development.js:26862:5)
      at commitRoot (node_modules/react-dom/cjs/react-dom.development.js:26721:5)
      at finishConcurrentRender (node_modules/react-dom/cjs/react-dom.development.js:25931:9)
      at performConcurrentWorkOnRoot (node_modules/react-dom/cjs/react-dom.development.js:25848:7)
      at flushActQueue (node_modules/react/cjs/react.development.js:2667:24)
      at act (node_modules/react/cjs/react.development.js:2582:11)
      at node_modules/@testing-library/react/dist/act-compat.js:46:25
      at renderRoot (node_modules/@testing-library/react/dist/pure.js:189:26)
      at render (node_modules/@testing-library/react/dist/pure.js:291:10)
      at Object.<anonymous> (src/shared/ui/Footer.test.js:13:15)

    console.error
      Error: Uncaught [TypeError: Cannot destructure property 'basename' of 'React.useContext(...)' as it is null.]
          at reportException (C:\Users\leotm\Desktop\Projetos\Programming\vacation-scheduler\node_modules\jsdom\lib\jsdom\living\helpers\runtime-script-errors.js:66:24)
          at innerInvokeEventListeners (C:\Users\leotm\Desktop\Projetos\Programming\vacation-scheduler\node_modules\jsdom\lib\jsdom\living\events\EventTarget-impl.js:341:9)
          at invokeEventListeners (C:\Users\leotm\Desktop\Projetos\Programming\vacation-scheduler\node_modules\jsdom\lib\jsdom\living\events\EventTarget-impl.js:274:3)
          at HTMLUnknownElementImpl._dispatch (C:\Users\leotm\Desktop\Projetos\Programming\vacation-scheduler\node_modules\jsdom\lib\jsdom\living\events\EventTarget-impl.js:221:9)
          at HTMLUnknownElementImpl.dispatchEvent (C:\Users\leotm\Desktop\Projetos\Programming\vacation-scheduler\node_modules\jsdom\lib\jsdom\living\events\EventTarget-impl.js:94:17)
          at HTMLUnknownElement.dispatchEvent (C:\Users\leotm\Desktop\Projetos\Programming\vacation-scheduler\node_modules\jsdom\lib\jsdom\living\generated\EventTarget.js:231:34)
          at Object.invokeGuardedCallbackDev (C:\Users\leotm\Desktop\Projetos\Programming\vacation-scheduler\node_modules\react-dom\cjs\react-dom.development.js:4213:16)
          at invokeGuardedCallback (C:\Users\leotm\Desktop\Projetos\Programming\vacation-scheduler\node_modules\react-dom\cjs\react-dom.development.js:4277:31)
          at beginWork$1 (C:\Users\leotm\Desktop\Projetos\Programming\vacation-scheduler\node_modules\react-dom\cjs\react-dom.development.js:27490:7)
          at performUnitOfWork (C:\Users\leotm\Desktop\Projetos\Programming\vacation-scheduler\node_modules\react-dom\cjs\react-dom.development.js:26599:12)
          at workLoopSync (C:\Users\leotm\Desktop\Projetos\Programming\vacation-scheduler\node_modules\react-dom\cjs\react-dom.development.js:26505:5)
          at renderRootSync (C:\Users\leotm\Desktop\Projetos\Programming\vacation-scheduler\node_modules\react-dom\cjs\react-dom.development.js:26473:7)
          at performConcurrentWorkOnRoot (C:\Users\leotm\Desktop\Projetos\Programming\vacation-scheduler\node_modules\react-dom\cjs\react-dom.development.js:25777:74)
          at flushActQueue (C:\Users\leotm\Desktop\Projetos\Programming\vacation-scheduler\node_modules\react\cjs\react.development.js:2667:24)
          at act (C:\Users\leotm\Desktop\Projetos\Programming\vacation-scheduler\node_modules\react\cjs\react.development.js:2582:11)
          at C:\Users\leotm\Desktop\Projetos\Programming\vacation-scheduler\node_modules\@testing-library\react\dist\act-compat.js:46:25
          at renderRoot (C:\Users\leotm\Desktop\Projetos\Programming\vacation-scheduler\node_modules\@testing-library\react\dist\pure.js:189:26)
          at render (C:\Users\leotm\Desktop\Projetos\Programming\vacation-scheduler\node_modules\@testing-library\react\dist\pure.js:291:10)
          at Object.<anonymous> (C:\Users\leotm\Desktop\Projetos\Programming\vacation-scheduler\src\shared\ui\Footer.test.js:20:15)
          at Promise.then.completed (C:\Users\leotm\Desktop\Projetos\Programming\vacation-scheduler\node_modules\jest-circus\build\utils.js:391:28)
          at new Promise (<anonymous>)
          at callAsyncCircusFn (C:\Users\leotm\Desktop\Projetos\Programming\vacation-scheduler\node_modules\jest-circus\build\utils.js:316:10)
          at _callCircusTest (C:\Users\leotm\Desktop\Projetos\Programming\vacation-scheduler\node_modules\jest-circus\build\run.js:218:40)
          at processTicksAndRejections (node:internal/process/task_queues:103:5)
          at _runTest (C:\Users\leotm\Desktop\Projetos\Programming\vacation-scheduler\node_modules\jest-circus\build\run.js:155:3)
          at _runTestsForDescribeBlock (C:\Users\leotm\Desktop\Projetos\Programming\vacation-scheduler\node_modules\jest-circus\build\run.js:66:9)
          at _runTestsForDescribeBlock (C:\Users\leotm\Desktop\Projetos\Programming\vacation-scheduler\node_modules\jest-circus\build\run.js:60:9)
          at run (C:\Users\leotm\Desktop\Projetos\Programming\vacation-scheduler\node_modules\jest-circus\build\run.js:25:3)
          at runAndTransformResultsToJestFormat (C:\Users\leotm\Desktop\Projetos\Programming\vacation-scheduler\node_modules\jest-circus\build\legacy-code-todo-rewrite\jestAdapterInit.js:170:21)
          at jestAdapter (C:\Users\leotm\Desktop\Projetos\Programming\vacation-scheduler\node_modules\jest-circus\build\legacy-code-todo-rewrite\jestAdapter.js:82:19)
          at runTestInternal (C:\Users\leotm\Desktop\Projetos\Programming\vacation-scheduler\node_modules\jest-runner\build\runTest.js:389:16)
          at runTest (C:\Users\leotm\Desktop\Projetos\Programming\vacation-scheduler\node_modules\jest-runner\build\runTest.js:475:34)
          at Object.worker (C:\Users\leotm\Desktop\Projetos\Programming\vacation-scheduler\node_modules\jest-runner\build\testWorker.js:133:12) TypeError: Cannot destructure property 'basename' of 'React.useContext(...)' as it is null.
          at LinkWithRef (C:\Users\leotm\Desktop\Projetos\Programming\vacation-scheduler\node_modules\react-router\dist\development\chunk-2YMDXNOJ.js:399:11)
          at renderWithHooks (C:\Users\leotm\Desktop\Projetos\Programming\vacation-scheduler\node_modules\react-dom\cjs\react-dom.development.js:15486:18)
          at updateForwardRef (C:\Users\leotm\Desktop\Projetos\Programming\vacation-scheduler\node_modules\react-dom\cjs\react-dom.development.js:19245:20)
          at beginWork (C:\Users\leotm\Desktop\Projetos\Programming\vacation-scheduler\node_modules\react-dom\cjs\react-dom.development.js:21675:16)
          at HTMLUnknownElement.callCallback (C:\Users\leotm\Desktop\Projetos\Programming\vacation-scheduler\node_modules\react-dom\cjs\react-dom.development.js:4164:14)
          at HTMLUnknownElement.callTheUserObjectsOperation (C:\Users\leotm\Desktop\Projetos\Programming\vacation-scheduler\node_modules\jsdom\lib\jsdom\living\generated\EventListener.js:26:30)
          at innerInvokeEventListeners (C:\Users\leotm\Desktop\Projetos\Programming\vacation-scheduler\node_modules\jsdom\lib\jsdom\living\events\EventTarget-impl.js:338:25)
          at invokeEventListeners (C:\Users\leotm\Desktop\Projetos\Programming\vacation-scheduler\node_modules\jsdom\lib\jsdom\living\events\EventTarget-impl.js:274:3)
          at HTMLUnknownElementImpl._dispatch (C:\Users\leotm\Desktop\Projetos\Programming\vacation-scheduler\node_modules\jsdom\lib\jsdom\living\events\EventTarget-impl.js:221:9)
          at HTMLUnknownElementImpl.dispatchEvent (C:\Users\leotm\Desktop\Projetos\Programming\vacation-scheduler\node_modules\jsdom\lib\jsdom\living\events\EventTarget-impl.js:94:17)
          at HTMLUnknownElement.dispatchEvent (C:\Users\leotm\Desktop\Projetos\Programming\vacation-scheduler\node_modules\jsdom\lib\jsdom\living\generated\EventTarget.js:231:34)
          at Object.invokeGuardedCallbackDev (C:\Users\leotm\Desktop\Projetos\Programming\vacation-scheduler\node_modules\react-dom\cjs\react-dom.development.js:4213:16)
          at invokeGuardedCallback (C:\Users\leotm\Desktop\Projetos\Programming\vacation-scheduler\node_modules\react-dom\cjs\react-dom.development.js:4277:31)
          at beginWork$1 (C:\Users\leotm\Desktop\Projetos\Programming\vacation-scheduler\node_modules\react-dom\cjs\react-dom.development.js:27490:7)
          at performUnitOfWork (C:\Users\leotm\Desktop\Projetos\Programming\vacation-scheduler\node_modules\react-dom\cjs\react-dom.development.js:26599:12)
          at workLoopSync (C:\Users\leotm\Desktop\Projetos\Programming\vacation-scheduler\node_modules\react-dom\cjs\react-dom.development.js:26505:5)
          at renderRootSync (C:\Users\leotm\Desktop\Projetos\Programming\vacation-scheduler\node_modules\react-dom\cjs\react-dom.development.js:26473:7)
          at performConcurrentWorkOnRoot (C:\Users\leotm\Desktop\Projetos\Programming\vacation-scheduler\node_modules\react-dom\cjs\react-dom.development.js:25777:74)
          at flushActQueue (C:\Users\leotm\Desktop\Projetos\Programming\vacation-scheduler\node_modules\react\cjs\react.development.js:2667:24)
          at act (C:\Users\leotm\Desktop\Projetos\Programming\vacation-scheduler\node_modules\react\cjs\react.development.js:2582:11)
          at C:\Users\leotm\Desktop\Projetos\Programming\vacation-scheduler\node_modules\@testing-library\react\dist\act-compat.js:46:25
          at renderRoot (C:\Users\leotm\Desktop\Projetos\Programming\vacation-scheduler\node_modules\@testing-library\react\dist\pure.js:189:26)
          at render (C:\Users\leotm\Desktop\Projetos\Programming\vacation-scheduler\node_modules\@testing-library\react\dist\pure.js:291:10)
          at Object.<anonymous> (C:\Users\leotm\Desktop\Projetos\Programming\vacation-scheduler\src\shared\ui\Footer.test.js:20:15)
          at Promise.then.completed (C:\Users\leotm\Desktop\Projetos\Programming\vacation-scheduler\node_modules\jest-circus\build\utils.js:391:28)
          at new Promise (<anonymous>)
          at callAsyncCircusFn (C:\Users\leotm\Desktop\Projetos\Programming\vacation-scheduler\node_modules\jest-circus\build\utils.js:316:10)
          at _callCircusTest (C:\Users\leotm\Desktop\Projetos\Programming\vacation-scheduler\node_modules\jest-circus\build\run.js:218:40)
          at processTicksAndRejections (node:internal/process/task_queues:103:5)
          at _runTest (C:\Users\leotm\Desktop\Projetos\Programming\vacation-scheduler\node_modules\jest-circus\build\run.js:155:3)
          at _runTestsForDescribeBlock (C:\Users\leotm\Desktop\Projetos\Programming\vacation-scheduler\node_modules\jest-circus\build\run.js:66:9)
          at _runTestsForDescribeBlock (C:\Users\leotm\Desktop\Projetos\Programming\vacation-scheduler\node_modules\jest-circus\build\run.js:60:9)
          at run (C:\Users\leotm\Desktop\Projetos\Programming\vacation-scheduler\node_modules\jest-circus\build\run.js:25:3)
          at runAndTransformResultsToJestFormat (C:\Users\leotm\Desktop\Projetos\Programming\vacation-scheduler\node_modules\jest-circus\build\legacy-code-todo-rewrite\jestAdapterInit.js:170:21)
          at jestAdapter (C:\Users\leotm\Desktop\Projetos\Programming\vacation-scheduler\node_modules\jest-circus\build\legacy-code-todo-rewrite\jestAdapter.js:82:19)
          at runTestInternal (C:\Users\leotm\Desktop\Projetos\Programming\vacation-scheduler\node_modules\jest-runner\build\runTest.js:389:16)
          at runTest (C:\Users\leotm\Desktop\Projetos\Programming\vacation-scheduler\node_modules\jest-runner\build\runTest.js:475:34)
          at Object.worker (C:\Users\leotm\Desktop\Projetos\Programming\vacation-scheduler\node_modules\jest-runner\build\testWorker.js:133:12)

    [0m [90m 18 |[39m     it([32m'renders documentation link and tests interaction'[39m[33m,[39m () [33m=>[39m {
     [90m 19 |[39m         [36mconst[39m handleNavigate [33m=[39m jest[33m.[39mfn()[33m;[39m
    [31m[1m>[22m[39m[90m 20 |[39m         render([33m<[39m[33mFooter[39m onNavigateDocs[33m=[39m{handleNavigate} [33m/[39m[33m>[39m)[33m;[39m
     [90m    |[39m               [31m[1m^[22m[39m
     [90m 21 |[39m
     [90m 22 |[39m         [36mconst[39m docsLink [33m=[39m screen[33m.[39mgetByRole([32m'link'[39m[33m,[39m { name[33m:[39m [35m/Documentation/i[39m })[33m;[39m
     [90m 23 |[39m         expect(docsLink)[33m.[39mtoHaveAttribute([32m'href'[39m[33m,[39m [32m'/docs'[39m)[33m;[39m[0m

      at VirtualConsole.<anonymous> (node_modules/jsdom/lib/jsdom/virtual-console.js:29:45)
      at reportException (node_modules/jsdom/lib/jsdom/living/helpers/runtime-script-errors.js:70:28)
      at innerInvokeEventListeners (node_modules/jsdom/lib/jsdom/living/events/EventTarget-impl.js:341:9)
      at invokeEventListeners (node_modules/jsdom/lib/jsdom/living/events/EventTarget-impl.js:274:3)
      at HTMLUnknownElementImpl._dispatch (node_modules/jsdom/lib/jsdom/living/events/EventTarget-impl.js:221:9)
      at HTMLUnknownElementImpl.dispatchEvent (node_modules/jsdom/lib/jsdom/living/events/EventTarget-impl.js:94:17)
      at HTMLUnknownElement.dispatchEvent (node_modules/jsdom/lib/jsdom/living/generated/EventTarget.js:231:34)
      at Object.invokeGuardedCallbackDev (node_modules/react-dom/cjs/react-dom.development.js:4213:16)
      at invokeGuardedCallback (node_modules/react-dom/cjs/react-dom.development.js:4277:31)
      at beginWork$1 (node_modules/react-dom/cjs/react-dom.development.js:27490:7)
      at performUnitOfWork (node_modules/react-dom/cjs/react-dom.development.js:26599:12)
      at workLoopSync (node_modules/react-dom/cjs/react-dom.development.js:26505:5)
      at renderRootSync (node_modules/react-dom/cjs/react-dom.development.js:26473:7)
      at performConcurrentWorkOnRoot (node_modules/react-dom/cjs/react-dom.development.js:25777:74)
      at flushActQueue (node_modules/react/cjs/react.development.js:2667:24)
      at act (node_modules/react/cjs/react.development.js:2582:11)
      at node_modules/@testing-library/react/dist/act-compat.js:46:25
      at renderRoot (node_modules/@testing-library/react/dist/pure.js:189:26)
      at render (node_modules/@testing-library/react/dist/pure.js:291:10)
      at Object.<anonymous> (src/shared/ui/Footer.test.js:20:15)

    console.error
      Error: Uncaught [TypeError: Cannot destructure property 'basename' of 'React.useContext(...)' as it is null.]
          at reportException (C:\Users\leotm\Desktop\Projetos\Programming\vacation-scheduler\node_modules\jsdom\lib\jsdom\living\helpers\runtime-script-errors.js:66:24)
          at innerInvokeEventListeners (C:\Users\leotm\Desktop\Projetos\Programming\vacation-scheduler\node_modules\jsdom\lib\jsdom\living\events\EventTarget-impl.js:341:9)
          at invokeEventListeners (C:\Users\leotm\Desktop\Projetos\Programming\vacation-scheduler\node_modules\jsdom\lib\jsdom\living\events\EventTarget-impl.js:274:3)
          at HTMLUnknownElementImpl._dispatch (C:\Users\leotm\Desktop\Projetos\Programming\vacation-scheduler\node_modules\jsdom\lib\jsdom\living\events\EventTarget-impl.js:221:9)
          at HTMLUnknownElementImpl.dispatchEvent (C:\Users\leotm\Desktop\Projetos\Programming\vacation-scheduler\node_modules\jsdom\lib\jsdom\living\events\EventTarget-impl.js:94:17)
          at HTMLUnknownElement.dispatchEvent (C:\Users\leotm\Desktop\Projetos\Programming\vacation-scheduler\node_modules\jsdom\lib\jsdom\living\generated\EventTarget.js:231:34)
          at Object.invokeGuardedCallbackDev (C:\Users\leotm\Desktop\Projetos\Programming\vacation-scheduler\node_modules\react-dom\cjs\react-dom.development.js:4213:16)
          at invokeGuardedCallback (C:\Users\leotm\Desktop\Projetos\Programming\vacation-scheduler\node_modules\react-dom\cjs\react-dom.development.js:4277:31)
          at beginWork$1 (C:\Users\leotm\Desktop\Projetos\Programming\vacation-scheduler\node_modules\react-dom\cjs\react-dom.development.js:27490:7)
          at performUnitOfWork (C:\Users\leotm\Desktop\Projetos\Programming\vacation-scheduler\node_modules\react-dom\cjs\react-dom.development.js:26599:12)
          at workLoopSync (C:\Users\leotm\Desktop\Projetos\Programming\vacation-scheduler\node_modules\react-dom\cjs\react-dom.development.js:26505:5)
          at renderRootSync (C:\Users\leotm\Desktop\Projetos\Programming\vacation-scheduler\node_modules\react-dom\cjs\react-dom.development.js:26473:7)
          at performConcurrentWorkOnRoot (C:\Users\leotm\Desktop\Projetos\Programming\vacation-scheduler\node_modules\react-dom\cjs\react-dom.development.js:25777:74)
          at flushActQueue (C:\Users\leotm\Desktop\Projetos\Programming\vacation-scheduler\node_modules\react\cjs\react.development.js:2667:24)
          at act (C:\Users\leotm\Desktop\Projetos\Programming\vacation-scheduler\node_modules\react\cjs\react.development.js:2582:11)
          at C:\Users\leotm\Desktop\Projetos\Programming\vacation-scheduler\node_modules\@testing-library\react\dist\act-compat.js:46:25
          at renderRoot (C:\Users\leotm\Desktop\Projetos\Programming\vacation-scheduler\node_modules\@testing-library\react\dist\pure.js:189:26)
          at render (C:\Users\leotm\Desktop\Projetos\Programming\vacation-scheduler\node_modules\@testing-library\react\dist\pure.js:291:10)
          at Object.<anonymous> (C:\Users\leotm\Desktop\Projetos\Programming\vacation-scheduler\src\shared\ui\Footer.test.js:20:15)
          at Promise.then.completed (C:\Users\leotm\Desktop\Projetos\Programming\vacation-scheduler\node_modules\jest-circus\build\utils.js:391:28)
          at new Promise (<anonymous>)
          at callAsyncCircusFn (C:\Users\leotm\Desktop\Projetos\Programming\vacation-scheduler\node_modules\jest-circus\build\utils.js:316:10)
          at _callCircusTest (C:\Users\leotm\Desktop\Projetos\Programming\vacation-scheduler\node_modules\jest-circus\build\run.js:218:40)
          at processTicksAndRejections (node:internal/process/task_queues:103:5)
          at _runTest (C:\Users\leotm\Desktop\Projetos\Programming\vacation-scheduler\node_modules\jest-circus\build\run.js:155:3)
          at _runTestsForDescribeBlock (C:\Users\leotm\Desktop\Projetos\Programming\vacation-scheduler\node_modules\jest-circus\build\run.js:66:9)
          at _runTestsForDescribeBlock (C:\Users\leotm\Desktop\Projetos\Programming\vacation-scheduler\node_modules\jest-circus\build\run.js:60:9)
          at run (C:\Users\leotm\Desktop\Projetos\Programming\vacation-scheduler\node_modules\jest-circus\build\run.js:25:3)
          at runAndTransformResultsToJestFormat (C:\Users\leotm\Desktop\Projetos\Programming\vacation-scheduler\node_modules\jest-circus\build\legacy-code-todo-rewrite\jestAdapterInit.js:170:21)
          at jestAdapter (C:\Users\leotm\Desktop\Projetos\Programming\vacation-scheduler\node_modules\jest-circus\build\legacy-code-todo-rewrite\jestAdapter.js:82:19)
          at runTestInternal (C:\Users\leotm\Desktop\Projetos\Programming\vacation-scheduler\node_modules\jest-runner\build\runTest.js:389:16)
          at runTest (C:\Users\leotm\Desktop\Projetos\Programming\vacation-scheduler\node_modules\jest-runner\build\runTest.js:475:34)
          at Object.worker (C:\Users\leotm\Desktop\Projetos\Programming\vacation-scheduler\node_modules\jest-runner\build\testWorker.js:133:12) TypeError: Cannot destructure property 'basename' of 'React.useContext(...)' as it is null.
          at LinkWithRef (C:\Users\leotm\Desktop\Projetos\Programming\vacation-scheduler\node_modules\react-router\dist\development\chunk-2YMDXNOJ.js:399:11)
          at renderWithHooks (C:\Users\leotm\Desktop\Projetos\Programming\vacation-scheduler\node_modules\react-dom\cjs\react-dom.development.js:15486:18)
          at updateForwardRef (C:\Users\leotm\Desktop\Projetos\Programming\vacation-scheduler\node_modules\react-dom\cjs\react-dom.development.js:19245:20)
          at beginWork (C:\Users\leotm\Desktop\Projetos\Programming\vacation-scheduler\node_modules\react-dom\cjs\react-dom.development.js:21675:16)
          at HTMLUnknownElement.callCallback (C:\Users\leotm\Desktop\Projetos\Programming\vacation-scheduler\node_modules\react-dom\cjs\react-dom.development.js:4164:14)
          at HTMLUnknownElement.callTheUserObjectsOperation (C:\Users\leotm\Desktop\Projetos\Programming\vacation-scheduler\node_modules\jsdom\lib\jsdom\living\generated\EventListener.js:26:30)
          at innerInvokeEventListeners (C:\Users\leotm\Desktop\Projetos\Programming\vacation-scheduler\node_modules\jsdom\lib\jsdom\living\events\EventTarget-impl.js:338:25)
          at invokeEventListeners (C:\Users\leotm\Desktop\Projetos\Programming\vacation-scheduler\node_modules\jsdom\lib\jsdom\living\events\EventTarget-impl.js:274:3)
          at HTMLUnknownElementImpl._dispatch (C:\Users\leotm\Desktop\Projetos\Programming\vacation-scheduler\node_modules\jsdom\lib\jsdom\living\events\EventTarget-impl.js:221:9)
          at HTMLUnknownElementImpl.dispatchEvent (C:\Users\leotm\Desktop\Projetos\Programming\vacation-scheduler\node_modules\jsdom\lib\jsdom\living\events\EventTarget-impl.js:94:17)
          at HTMLUnknownElement.dispatchEvent (C:\Users\leotm\Desktop\Projetos\Programming\vacation-scheduler\node_modules\jsdom\lib\jsdom\living\generated\EventTarget.js:231:34)
          at Object.invokeGuardedCallbackDev (C:\Users\leotm\Desktop\Projetos\Programming\vacation-scheduler\node_modules\react-dom\cjs\react-dom.development.js:4213:16)
          at invokeGuardedCallback (C:\Users\leotm\Desktop\Projetos\Programming\vacation-scheduler\node_modules\react-dom\cjs\react-dom.development.js:4277:31)
          at beginWork$1 (C:\Users\leotm\Desktop\Projetos\Programming\vacation-scheduler\node_modules\react-dom\cjs\react-dom.development.js:27490:7)
          at performUnitOfWork (C:\Users\leotm\Desktop\Projetos\Programming\vacation-scheduler\node_modules\react-dom\cjs\react-dom.development.js:26599:12)
          at workLoopSync (C:\Users\leotm\Desktop\Projetos\Programming\vacation-scheduler\node_modules\react-dom\cjs\react-dom.development.js:26505:5)
          at renderRootSync (C:\Users\leotm\Desktop\Projetos\Programming\vacation-scheduler\node_modules\react-dom\cjs\react-dom.development.js:26473:7)
          at performConcurrentWorkOnRoot (C:\Users\leotm\Desktop\Projetos\Programming\vacation-scheduler\node_modules\react-dom\cjs\react-dom.development.js:25777:74)
          at flushActQueue (C:\Users\leotm\Desktop\Projetos\Programming\vacation-scheduler\node_modules\react\cjs\react.development.js:2667:24)
          at act (C:\Users\leotm\Desktop\Projetos\Programming\vacation-scheduler\node_modules\react\cjs\react.development.js:2582:11)
          at C:\Users\leotm\Desktop\Projetos\Programming\vacation-scheduler\node_modules\@testing-library\react\dist\act-compat.js:46:25
          at renderRoot (C:\Users\leotm\Desktop\Projetos\Programming\vacation-scheduler\node_modules\@testing-library\react\dist\pure.js:189:26)
          at render (C:\Users\leotm\Desktop\Projetos\Programming\vacation-scheduler\node_modules\@testing-library\react\dist\pure.js:291:10)
          at Object.<anonymous> (C:\Users\leotm\Desktop\Projetos\Programming\vacation-scheduler\src\shared\ui\Footer.test.js:20:15)
          at Promise.then.completed (C:\Users\leotm\Desktop\Projetos\Programming\vacation-scheduler\node_modules\jest-circus\build\utils.js:391:28)
          at new Promise (<anonymous>)
          at callAsyncCircusFn (C:\Users\leotm\Desktop\Projetos\Programming\vacation-scheduler\node_modules\jest-circus\build\utils.js:316:10)
          at _callCircusTest (C:\Users\leotm\Desktop\Projetos\Programming\vacation-scheduler\node_modules\jest-circus\build\run.js:218:40)
          at processTicksAndRejections (node:internal/process/task_queues:103:5)
          at _runTest (C:\Users\leotm\Desktop\Projetos\Programming\vacation-scheduler\node_modules\jest-circus\build\run.js:155:3)
          at _runTestsForDescribeBlock (C:\Users\leotm\Desktop\Projetos\Programming\vacation-scheduler\node_modules\jest-circus\build\run.js:66:9)
          at _runTestsForDescribeBlock (C:\Users\leotm\Desktop\Projetos\Programming\vacation-scheduler\node_modules\jest-circus\build\run.js:60:9)
          at run (C:\Users\leotm\Desktop\Projetos\Programming\vacation-scheduler\node_modules\jest-circus\build\run.js:25:3)
          at runAndTransformResultsToJestFormat (C:\Users\leotm\Desktop\Projetos\Programming\vacation-scheduler\node_modules\jest-circus\build\legacy-code-todo-rewrite\jestAdapterInit.js:170:21)
          at jestAdapter (C:\Users\leotm\Desktop\Projetos\Programming\vacation-scheduler\node_modules\jest-circus\build\legacy-code-todo-rewrite\jestAdapter.js:82:19)
          at runTestInternal (C:\Users\leotm\Desktop\Projetos\Programming\vacation-scheduler\node_modules\jest-runner\build\runTest.js:389:16)
          at runTest (C:\Users\leotm\Desktop\Projetos\Programming\vacation-scheduler\node_modules\jest-runner\build\runTest.js:475:34)
          at Object.worker (C:\Users\leotm\Desktop\Projetos\Programming\vacation-scheduler\node_modules\jest-runner\build\testWorker.js:133:12)

    [0m [90m 18 |[39m     it([32m'renders documentation link and tests interaction'[39m[33m,[39m () [33m=>[39m {
     [90m 19 |[39m         [36mconst[39m handleNavigate [33m=[39m jest[33m.[39mfn()[33m;[39m
    [31m[1m>[22m[39m[90m 20 |[39m         render([33m<[39m[33mFooter[39m onNavigateDocs[33m=[39m{handleNavigate} [33m/[39m[33m>[39m)[33m;[39m
     [90m    |[39m               [31m[1m^[22m[39m
     [90m 21 |[39m
     [90m 22 |[39m         [36mconst[39m docsLink [33m=[39m screen[33m.[39mgetByRole([32m'link'[39m[33m,[39m { name[33m:[39m [35m/Documentation/i[39m })[33m;[39m
     [90m 23 |[39m         expect(docsLink)[33m.[39mtoHaveAttribute([32m'href'[39m[33m,[39m [32m'/docs'[39m)[33m;[39m[0m

      at VirtualConsole.<anonymous> (node_modules/jsdom/lib/jsdom/virtual-console.js:29:45)
      at reportException (node_modules/jsdom/lib/jsdom/living/helpers/runtime-script-errors.js:70:28)
      at innerInvokeEventListeners (node_modules/jsdom/lib/jsdom/living/events/EventTarget-impl.js:341:9)
      at invokeEventListeners (node_modules/jsdom/lib/jsdom/living/events/EventTarget-impl.js:274:3)
      at HTMLUnknownElementImpl._dispatch (node_modules/jsdom/lib/jsdom/living/events/EventTarget-impl.js:221:9)
      at HTMLUnknownElementImpl.dispatchEvent (node_modules/jsdom/lib/jsdom/living/events/EventTarget-impl.js:94:17)
      at HTMLUnknownElement.dispatchEvent (node_modules/jsdom/lib/jsdom/living/generated/EventTarget.js:231:34)
      at Object.invokeGuardedCallbackDev (node_modules/react-dom/cjs/react-dom.development.js:4213:16)
      at invokeGuardedCallback (node_modules/react-dom/cjs/react-dom.development.js:4277:31)
      at beginWork$1 (node_modules/react-dom/cjs/react-dom.development.js:27490:7)
      at performUnitOfWork (node_modules/react-dom/cjs/react-dom.development.js:26599:12)
      at workLoopSync (node_modules/react-dom/cjs/react-dom.development.js:26505:5)
      at renderRootSync (node_modules/react-dom/cjs/react-dom.development.js:26473:7)
      at performConcurrentWorkOnRoot (node_modules/react-dom/cjs/react-dom.development.js:25777:74)
      at flushActQueue (node_modules/react/cjs/react.development.js:2667:24)
      at act (node_modules/react/cjs/react.development.js:2582:11)
      at node_modules/@testing-library/react/dist/act-compat.js:46:25
      at renderRoot (node_modules/@testing-library/react/dist/pure.js:189:26)
      at render (node_modules/@testing-library/react/dist/pure.js:291:10)
      at Object.<anonymous> (src/shared/ui/Footer.test.js:20:15)

    console.error
      Error: Uncaught [TypeError: Cannot destructure property 'basename' of 'React.useContext(...)' as it is null.]
          at reportException (C:\Users\leotm\Desktop\Projetos\Programming\vacation-scheduler\node_modules\jsdom\lib\jsdom\living\helpers\runtime-script-errors.js:66:24)
          at innerInvokeEventListeners (C:\Users\leotm\Desktop\Projetos\Programming\vacation-scheduler\node_modules\jsdom\lib\jsdom\living\events\EventTarget-impl.js:341:9)
          at invokeEventListeners (C:\Users\leotm\Desktop\Projetos\Programming\vacation-scheduler\node_modules\jsdom\lib\jsdom\living\events\EventTarget-impl.js:274:3)
          at HTMLUnknownElementImpl._dispatch (C:\Users\leotm\Desktop\Projetos\Programming\vacation-scheduler\node_modules\jsdom\lib\jsdom\living\events\EventTarget-impl.js:221:9)
          at HTMLUnknownElementImpl.dispatchEvent (C:\Users\leotm\Desktop\Projetos\Programming\vacation-scheduler\node_modules\jsdom\lib\jsdom\living\events\EventTarget-impl.js:94:17)
          at HTMLUnknownElement.dispatchEvent (C:\Users\leotm\Desktop\Projetos\Programming\vacation-scheduler\node_modules\jsdom\lib\jsdom\living\generated\EventTarget.js:231:34)
          at Object.invokeGuardedCallbackDev (C:\Users\leotm\Desktop\Projetos\Programming\vacation-scheduler\node_modules\react-dom\cjs\react-dom.development.js:4213:16)
          at invokeGuardedCallback (C:\Users\leotm\Desktop\Projetos\Programming\vacation-scheduler\node_modules\react-dom\cjs\react-dom.development.js:4277:31)
          at beginWork$1 (C:\Users\leotm\Desktop\Projetos\Programming\vacation-scheduler\node_modules\react-dom\cjs\react-dom.development.js:27490:7)
          at performUnitOfWork (C:\Users\leotm\Desktop\Projetos\Programming\vacation-scheduler\node_modules\react-dom\cjs\react-dom.development.js:26599:12)
          at workLoopSync (C:\Users\leotm\Desktop\Projetos\Programming\vacation-scheduler\node_modules\react-dom\cjs\react-dom.development.js:26505:5)
          at renderRootSync (C:\Users\leotm\Desktop\Projetos\Programming\vacation-scheduler\node_modules\react-dom\cjs\react-dom.development.js:26473:7)
          at performConcurrentWorkOnRoot (C:\Users\leotm\Desktop\Projetos\Programming\vacation-scheduler\node_modules\react-dom\cjs\react-dom.development.js:25777:74)
          at flushActQueue (C:\Users\leotm\Desktop\Projetos\Programming\vacation-scheduler\node_modules\react\cjs\react.development.js:2667:24)
          at act (C:\Users\leotm\Desktop\Projetos\Programming\vacation-scheduler\node_modules\react\cjs\react.development.js:2582:11)
          at C:\Users\leotm\Desktop\Projetos\Programming\vacation-scheduler\node_modules\@testing-library\react\dist\act-compat.js:46:25
          at renderRoot (C:\Users\leotm\Desktop\Projetos\Programming\vacation-scheduler\node_modules\@testing-library\react\dist\pure.js:189:26)
          at render (C:\Users\leotm\Desktop\Projetos\Programming\vacation-scheduler\node_modules\@testing-library\react\dist\pure.js:291:10)
          at Object.<anonymous> (C:\Users\leotm\Desktop\Projetos\Programming\vacation-scheduler\src\shared\ui\Footer.test.js:20:15)
          at Promise.then.completed (C:\Users\leotm\Desktop\Projetos\Programming\vacation-scheduler\node_modules\jest-circus\build\utils.js:391:28)
          at new Promise (<anonymous>)
          at callAsyncCircusFn (C:\Users\leotm\Desktop\Projetos\Programming\vacation-scheduler\node_modules\jest-circus\build\utils.js:316:10)
          at _callCircusTest (C:\Users\leotm\Desktop\Projetos\Programming\vacation-scheduler\node_modules\jest-circus\build\run.js:218:40)
          at processTicksAndRejections (node:internal/process/task_queues:103:5)
          at _runTest (C:\Users\leotm\Desktop\Projetos\Programming\vacation-scheduler\node_modules\jest-circus\build\run.js:155:3)
          at _runTestsForDescribeBlock (C:\Users\leotm\Desktop\Projetos\Programming\vacation-scheduler\node_modules\jest-circus\build\run.js:66:9)
          at _runTestsForDescribeBlock (C:\Users\leotm\Desktop\Projetos\Programming\vacation-scheduler\node_modules\jest-circus\build\run.js:60:9)
          at run (C:\Users\leotm\Desktop\Projetos\Programming\vacation-scheduler\node_modules\jest-circus\build\run.js:25:3)
          at runAndTransformResultsToJestFormat (C:\Users\leotm\Desktop\Projetos\Programming\vacation-scheduler\node_modules\jest-circus\build\legacy-code-todo-rewrite\jestAdapterInit.js:170:21)
          at jestAdapter (C:\Users\leotm\Desktop\Projetos\Programming\vacation-scheduler\node_modules\jest-circus\build\legacy-code-todo-rewrite\jestAdapter.js:82:19)
          at runTestInternal (C:\Users\leotm\Desktop\Projetos\Programming\vacation-scheduler\node_modules\jest-runner\build\runTest.js:389:16)
          at runTest (C:\Users\leotm\Desktop\Projetos\Programming\vacation-scheduler\node_modules\jest-runner\build\runTest.js:475:34)
          at Object.worker (C:\Users\leotm\Desktop\Projetos\Programming\vacation-scheduler\node_modules\jest-runner\build\testWorker.js:133:12) TypeError: Cannot destructure property 'basename' of 'React.useContext(...)' as it is null.
          at LinkWithRef (C:\Users\leotm\Desktop\Projetos\Programming\vacation-scheduler\node_modules\react-router\dist\development\chunk-2YMDXNOJ.js:399:11)
          at renderWithHooks (C:\Users\leotm\Desktop\Projetos\Programming\vacation-scheduler\node_modules\react-dom\cjs\react-dom.development.js:15486:18)
          at updateForwardRef (C:\Users\leotm\Desktop\Projetos\Programming\vacation-scheduler\node_modules\react-dom\cjs\react-dom.development.js:19245:20)
          at beginWork (C:\Users\leotm\Desktop\Projetos\Programming\vacation-scheduler\node_modules\react-dom\cjs\react-dom.development.js:21675:16)
          at HTMLUnknownElement.callCallback (C:\Users\leotm\Desktop\Projetos\Programming\vacation-scheduler\node_modules\react-dom\cjs\react-dom.development.js:4164:14)
          at HTMLUnknownElement.callTheUserObjectsOperation (C:\Users\leotm\Desktop\Projetos\Programming\vacation-scheduler\node_modules\jsdom\lib\jsdom\living\generated\EventListener.js:26:30)
          at innerInvokeEventListeners (C:\Users\leotm\Desktop\Projetos\Programming\vacation-scheduler\node_modules\jsdom\lib\jsdom\living\events\EventTarget-impl.js:338:25)
          at invokeEventListeners (C:\Users\leotm\Desktop\Projetos\Programming\vacation-scheduler\node_modules\jsdom\lib\jsdom\living\events\EventTarget-impl.js:274:3)
          at HTMLUnknownElementImpl._dispatch (C:\Users\leotm\Desktop\Projetos\Programming\vacation-scheduler\node_modules\jsdom\lib\jsdom\living\events\EventTarget-impl.js:221:9)
          at HTMLUnknownElementImpl.dispatchEvent (C:\Users\leotm\Desktop\Projetos\Programming\vacation-scheduler\node_modules\jsdom\lib\jsdom\living\events\EventTarget-impl.js:94:17)
          at HTMLUnknownElement.dispatchEvent (C:\Users\leotm\Desktop\Projetos\Programming\vacation-scheduler\node_modules\jsdom\lib\jsdom\living\generated\EventTarget.js:231:34)
          at Object.invokeGuardedCallbackDev (C:\Users\leotm\Desktop\Projetos\Programming\vacation-scheduler\node_modules\react-dom\cjs\react-dom.development.js:4213:16)
          at invokeGuardedCallback (C:\Users\leotm\Desktop\Projetos\Programming\vacation-scheduler\node_modules\react-dom\cjs\react-dom.development.js:4277:31)
          at beginWork$1 (C:\Users\leotm\Desktop\Projetos\Programming\vacation-scheduler\node_modules\react-dom\cjs\react-dom.development.js:27490:7)
          at performUnitOfWork (C:\Users\leotm\Desktop\Projetos\Programming\vacation-scheduler\node_modules\react-dom\cjs\react-dom.development.js:26599:12)
          at workLoopSync (C:\Users\leotm\Desktop\Projetos\Programming\vacation-scheduler\node_modules\react-dom\cjs\react-dom.development.js:26505:5)
          at renderRootSync (C:\Users\leotm\Desktop\Projetos\Programming\vacation-scheduler\node_modules\react-dom\cjs\react-dom.development.js:26473:7)
          at performConcurrentWorkOnRoot (C:\Users\leotm\Desktop\Projetos\Programming\vacation-scheduler\node_modules\react-dom\cjs\react-dom.development.js:25777:74)
          at flushActQueue (C:\Users\leotm\Desktop\Projetos\Programming\vacation-scheduler\node_modules\react\cjs\react.development.js:2667:24)
          at act (C:\Users\leotm\Desktop\Projetos\Programming\vacation-scheduler\node_modules\react\cjs\react.development.js:2582:11)
          at C:\Users\leotm\Desktop\Projetos\Programming\vacation-scheduler\node_modules\@testing-library\react\dist\act-compat.js:46:25
          at renderRoot (C:\Users\leotm\Desktop\Projetos\Programming\vacation-scheduler\node_modules\@testing-library\react\dist\pure.js:189:26)
          at render (C:\Users\leotm\Desktop\Projetos\Programming\vacation-scheduler\node_modules\@testing-library\react\dist\pure.js:291:10)
          at Object.<anonymous> (C:\Users\leotm\Desktop\Projetos\Programming\vacation-scheduler\src\shared\ui\Footer.test.js:20:15)
          at Promise.then.completed (C:\Users\leotm\Desktop\Projetos\Programming\vacation-scheduler\node_modules\jest-circus\build\utils.js:391:28)
          at new Promise (<anonymous>)
          at callAsyncCircusFn (C:\Users\leotm\Desktop\Projetos\Programming\vacation-scheduler\node_modules\jest-circus\build\utils.js:316:10)
          at _callCircusTest (C:\Users\leotm\Desktop\Projetos\Programming\vacation-scheduler\node_modules\jest-circus\build\run.js:218:40)
          at processTicksAndRejections (node:internal/process/task_queues:103:5)
          at _runTest (C:\Users\leotm\Desktop\Projetos\Programming\vacation-scheduler\node_modules\jest-circus\build\run.js:155:3)
          at _runTestsForDescribeBlock (C:\Users\leotm\Desktop\Projetos\Programming\vacation-scheduler\node_modules\jest-circus\build\run.js:66:9)
          at _runTestsForDescribeBlock (C:\Users\leotm\Desktop\Projetos\Programming\vacation-scheduler\node_modules\jest-circus\build\run.js:60:9)
          at run (C:\Users\leotm\Desktop\Projetos\Programming\vacation-scheduler\node_modules\jest-circus\build\run.js:25:3)
          at runAndTransformResultsToJestFormat (C:\Users\leotm\Desktop\Projetos\Programming\vacation-scheduler\node_modules\jest-circus\build\legacy-code-todo-rewrite\jestAdapterInit.js:170:21)
          at jestAdapter (C:\Users\leotm\Desktop\Projetos\Programming\vacation-scheduler\node_modules\jest-circus\build\legacy-code-todo-rewrite\jestAdapter.js:82:19)
          at runTestInternal (C:\Users\leotm\Desktop\Projetos\Programming\vacation-scheduler\node_modules\jest-runner\build\runTest.js:389:16)
          at runTest (C:\Users\leotm\Desktop\Projetos\Programming\vacation-scheduler\node_modules\jest-runner\build\runTest.js:475:34)
          at Object.worker (C:\Users\leotm\Desktop\Projetos\Programming\vacation-scheduler\node_modules\jest-runner\build\testWorker.js:133:12)

    [0m [90m 18 |[39m     it([32m'renders documentation link and tests interaction'[39m[33m,[39m () [33m=>[39m {
     [90m 19 |[39m         [36mconst[39m handleNavigate [33m=[39m jest[33m.[39mfn()[33m;[39m
    [31m[1m>[22m[39m[90m 20 |[39m         render([33m<[39m[33mFooter[39m onNavigateDocs[33m=[39m{handleNavigate} [33m/[39m[33m>[39m)[33m;[39m
     [90m    |[39m               [31m[1m^[22m[39m
     [90m 21 |[39m
     [90m 22 |[39m         [36mconst[39m docsLink [33m=[39m screen[33m.[39mgetByRole([32m'link'[39m[33m,[39m { name[33m:[39m [35m/Documentation/i[39m })[33m;[39m
     [90m 23 |[39m         expect(docsLink)[33m.[39mtoHaveAttribute([32m'href'[39m[33m,[39m [32m'/docs'[39m)[33m;[39m[0m

      at VirtualConsole.<anonymous> (node_modules/jsdom/lib/jsdom/virtual-console.js:29:45)
      at reportException (node_modules/jsdom/lib/jsdom/living/helpers/runtime-script-errors.js:70:28)
      at innerInvokeEventListeners (node_modules/jsdom/lib/jsdom/living/events/EventTarget-impl.js:341:9)
      at invokeEventListeners (node_modules/jsdom/lib/jsdom/living/events/EventTarget-impl.js:274:3)
      at HTMLUnknownElementImpl._dispatch (node_modules/jsdom/lib/jsdom/living/events/EventTarget-impl.js:221:9)
      at HTMLUnknownElementImpl.dispatchEvent (node_modules/jsdom/lib/jsdom/living/events/EventTarget-impl.js:94:17)
      at HTMLUnknownElement.dispatchEvent (node_modules/jsdom/lib/jsdom/living/generated/EventTarget.js:231:34)
      at Object.invokeGuardedCallbackDev (node_modules/react-dom/cjs/react-dom.development.js:4213:16)
      at invokeGuardedCallback (node_modules/react-dom/cjs/react-dom.development.js:4277:31)
      at beginWork$1 (node_modules/react-dom/cjs/react-dom.development.js:27490:7)
      at performUnitOfWork (node_modules/react-dom/cjs/react-dom.development.js:26599:12)
      at workLoopSync (node_modules/react-dom/cjs/react-dom.development.js:26505:5)
      at renderRootSync (node_modules/react-dom/cjs/react-dom.development.js:26473:7)
      at performConcurrentWorkOnRoot (node_modules/react-dom/cjs/react-dom.development.js:25777:74)
      at flushActQueue (node_modules/react/cjs/react.development.js:2667:24)
      at act (node_modules/react/cjs/react.development.js:2582:11)
      at node_modules/@testing-library/react/dist/act-compat.js:46:25
      at renderRoot (node_modules/@testing-library/react/dist/pure.js:189:26)
      at render (node_modules/@testing-library/react/dist/pure.js:291:10)
      at Object.<anonymous> (src/shared/ui/Footer.test.js:20:15)

    console.error
      Error: Uncaught [TypeError: Cannot destructure property 'basename' of 'React.useContext(...)' as it is null.]
          at reportException (C:\Users\leotm\Desktop\Projetos\Programming\vacation-scheduler\node_modules\jsdom\lib\jsdom\living\helpers\runtime-script-errors.js:66:24)
          at innerInvokeEventListeners (C:\Users\leotm\Desktop\Projetos\Programming\vacation-scheduler\node_modules\jsdom\lib\jsdom\living\events\EventTarget-impl.js:341:9)
          at invokeEventListeners (C:\Users\leotm\Desktop\Projetos\Programming\vacation-scheduler\node_modules\jsdom\lib\jsdom\living\events\EventTarget-impl.js:274:3)
          at HTMLUnknownElementImpl._dispatch (C:\Users\leotm\Desktop\Projetos\Programming\vacation-scheduler\node_modules\jsdom\lib\jsdom\living\events\EventTarget-impl.js:221:9)
          at HTMLUnknownElementImpl.dispatchEvent (C:\Users\leotm\Desktop\Projetos\Programming\vacation-scheduler\node_modules\jsdom\lib\jsdom\living\events\EventTarget-impl.js:94:17)
          at HTMLUnknownElement.dispatchEvent (C:\Users\leotm\Desktop\Projetos\Programming\vacation-scheduler\node_modules\jsdom\lib\jsdom\living\generated\EventTarget.js:231:34)
          at Object.invokeGuardedCallbackDev (C:\Users\leotm\Desktop\Projetos\Programming\vacation-scheduler\node_modules\react-dom\cjs\react-dom.development.js:4213:16)
          at invokeGuardedCallback (C:\Users\leotm\Desktop\Projetos\Programming\vacation-scheduler\node_modules\react-dom\cjs\react-dom.development.js:4277:31)
          at beginWork$1 (C:\Users\leotm\Desktop\Projetos\Programming\vacation-scheduler\node_modules\react-dom\cjs\react-dom.development.js:27490:7)
          at performUnitOfWork (C:\Users\leotm\Desktop\Projetos\Programming\vacation-scheduler\node_modules\react-dom\cjs\react-dom.development.js:26599:12)
          at workLoopSync (C:\Users\leotm\Desktop\Projetos\Programming\vacation-scheduler\node_modules\react-dom\cjs\react-dom.development.js:26505:5)
          at renderRootSync (C:\Users\leotm\Desktop\Projetos\Programming\vacation-scheduler\node_modules\react-dom\cjs\react-dom.development.js:26473:7)
          at recoverFromConcurrentError (C:\Users\leotm\Desktop\Projetos\Programming\vacation-scheduler\node_modules\react-dom\cjs\react-dom.development.js:25889:20)
          at performConcurrentWorkOnRoot (C:\Users\leotm\Desktop\Projetos\Programming\vacation-scheduler\node_modules\react-dom\cjs\react-dom.development.js:25789:22)
          at flushActQueue (C:\Users\leotm\Desktop\Projetos\Programming\vacation-scheduler\node_modules\react\cjs\react.development.js:2667:24)
          at act (C:\Users\leotm\Desktop\Projetos\Programming\vacation-scheduler\node_modules\react\cjs\react.development.js:2582:11)
          at C:\Users\leotm\Desktop\Projetos\Programming\vacation-scheduler\node_modules\@testing-library\react\dist\act-compat.js:46:25
          at renderRoot (C:\Users\leotm\Desktop\Projetos\Programming\vacation-scheduler\node_modules\@testing-library\react\dist\pure.js:189:26)
          at render (C:\Users\leotm\Desktop\Projetos\Programming\vacation-scheduler\node_modules\@testing-library\react\dist\pure.js:291:10)
          at Object.<anonymous> (C:\Users\leotm\Desktop\Projetos\Programming\vacation-scheduler\src\shared\ui\Footer.test.js:20:15)
          at Promise.then.completed (C:\Users\leotm\Desktop\Projetos\Programming\vacation-scheduler\node_modules\jest-circus\build\utils.js:391:28)
          at new Promise (<anonymous>)
          at callAsyncCircusFn (C:\Users\leotm\Desktop\Projetos\Programming\vacation-scheduler\node_modules\jest-circus\build\utils.js:316:10)
          at _callCircusTest (C:\Users\leotm\Desktop\Projetos\Programming\vacation-scheduler\node_modules\jest-circus\build\run.js:218:40)
          at processTicksAndRejections (node:internal/process/task_queues:103:5)
          at _runTest (C:\Users\leotm\Desktop\Projetos\Programming\vacation-scheduler\node_modules\jest-circus\build\run.js:155:3)
          at _runTestsForDescribeBlock (C:\Users\leotm\Desktop\Projetos\Programming\vacation-scheduler\node_modules\jest-circus\build\run.js:66:9)
          at _runTestsForDescribeBlock (C:\Users\leotm\Desktop\Projetos\Programming\vacation-scheduler\node_modules\jest-circus\build\run.js:60:9)
          at run (C:\Users\leotm\Desktop\Projetos\Programming\vacation-scheduler\node_modules\jest-circus\build\run.js:25:3)
          at runAndTransformResultsToJestFormat (C:\Users\leotm\Desktop\Projetos\Programming\vacation-scheduler\node_modules\jest-circus\build\legacy-code-todo-rewrite\jestAdapterInit.js:170:21)
          at jestAdapter (C:\Users\leotm\Desktop\Projetos\Programming\vacation-scheduler\node_modules\jest-circus\build\legacy-code-todo-rewrite\jestAdapter.js:82:19)
          at runTestInternal (C:\Users\leotm\Desktop\Projetos\Programming\vacation-scheduler\node_modules\jest-runner\build\runTest.js:389:16)
          at runTest (C:\Users\leotm\Desktop\Projetos\Programming\vacation-scheduler\node_modules\jest-runner\build\runTest.js:475:34)
          at Object.worker (C:\Users\leotm\Desktop\Projetos\Programming\vacation-scheduler\node_modules\jest-runner\build\testWorker.js:133:12) TypeError: Cannot destructure property 'basename' of 'React.useContext(...)' as it is null.
          at LinkWithRef (C:\Users\leotm\Desktop\Projetos\Programming\vacation-scheduler\node_modules\react-router\dist\development\chunk-2YMDXNOJ.js:399:11)
          at renderWithHooks (C:\Users\leotm\Desktop\Projetos\Programming\vacation-scheduler\node_modules\react-dom\cjs\react-dom.development.js:15486:18)
          at updateForwardRef (C:\Users\leotm\Desktop\Projetos\Programming\vacation-scheduler\node_modules\react-dom\cjs\react-dom.development.js:19245:20)
          at beginWork (C:\Users\leotm\Desktop\Projetos\Programming\vacation-scheduler\node_modules\react-dom\cjs\react-dom.development.js:21675:16)
          at HTMLUnknownElement.callCallback (C:\Users\leotm\Desktop\Projetos\Programming\vacation-scheduler\node_modules\react-dom\cjs\react-dom.development.js:4164:14)
          at HTMLUnknownElement.callTheUserObjectsOperation (C:\Users\leotm\Desktop\Projetos\Programming\vacation-scheduler\node_modules\jsdom\lib\jsdom\living\generated\EventListener.js:26:30)
          at innerInvokeEventListeners (C:\Users\leotm\Desktop\Projetos\Programming\vacation-scheduler\node_modules\jsdom\lib\jsdom\living\events\EventTarget-impl.js:338:25)
          at invokeEventListeners (C:\Users\leotm\Desktop\Projetos\Programming\vacation-scheduler\node_modules\jsdom\lib\jsdom\living\events\EventTarget-impl.js:274:3)
          at HTMLUnknownElementImpl._dispatch (C:\Users\leotm\Desktop\Projetos\Programming\vacation-scheduler\node_modules\jsdom\lib\jsdom\living\events\EventTarget-impl.js:221:9)
          at HTMLUnknownElementImpl.dispatchEvent (C:\Users\leotm\Desktop\Projetos\Programming\vacation-scheduler\node_modules\jsdom\lib\jsdom\living\events\EventTarget-impl.js:94:17)
          at HTMLUnknownElement.dispatchEvent (C:\Users\leotm\Desktop\Projetos\Programming\vacation-scheduler\node_modules\jsdom\lib\jsdom\living\generated\EventTarget.js:231:34)
          at Object.invokeGuardedCallbackDev (C:\Users\leotm\Desktop\Projetos\Programming\vacation-scheduler\node_modules\react-dom\cjs\react-dom.development.js:4213:16)
          at invokeGuardedCallback (C:\Users\leotm\Desktop\Projetos\Programming\vacation-scheduler\node_modules\react-dom\cjs\react-dom.development.js:4277:31)
          at beginWork$1 (C:\Users\leotm\Desktop\Projetos\Programming\vacation-scheduler\node_modules\react-dom\cjs\react-dom.development.js:27490:7)
          at performUnitOfWork (C:\Users\leotm\Desktop\Projetos\Programming\vacation-scheduler\node_modules\react-dom\cjs\react-dom.development.js:26599:12)
          at workLoopSync (C:\Users\leotm\Desktop\Projetos\Programming\vacation-scheduler\node_modules\react-dom\cjs\react-dom.development.js:26505:5)
          at renderRootSync (C:\Users\leotm\Desktop\Projetos\Programming\vacation-scheduler\node_modules\react-dom\cjs\react-dom.development.js:26473:7)
          at recoverFromConcurrentError (C:\Users\leotm\Desktop\Projetos\Programming\vacation-scheduler\node_modules\react-dom\cjs\react-dom.development.js:25889:20)
          at performConcurrentWorkOnRoot (C:\Users\leotm\Desktop\Projetos\Programming\vacation-scheduler\node_modules\react-dom\cjs\react-dom.development.js:25789:22)
          at flushActQueue (C:\Users\leotm\Desktop\Projetos\Programming\vacation-scheduler\node_modules\react\cjs\react.development.js:2667:24)
          at act (C:\Users\leotm\Desktop\Projetos\Programming\vacation-scheduler\node_modules\react\cjs\react.development.js:2582:11)
          at C:\Users\leotm\Desktop\Projetos\Programming\vacation-scheduler\node_modules\@testing-library\react\dist\act-compat.js:46:25
          at renderRoot (C:\Users\leotm\Desktop\Projetos\Programming\vacation-scheduler\node_modules\@testing-library\react\dist\pure.js:189:26)
          at render (C:\Users\leotm\Desktop\Projetos\Programming\vacation-scheduler\node_modules\@testing-library\react\dist\pure.js:291:10)
          at Object.<anonymous> (C:\Users\leotm\Desktop\Projetos\Programming\vacation-scheduler\src\shared\ui\Footer.test.js:20:15)
          at Promise.then.completed (C:\Users\leotm\Desktop\Projetos\Programming\vacation-scheduler\node_modules\jest-circus\build\utils.js:391:28)
          at new Promise (<anonymous>)
          at callAsyncCircusFn (C:\Users\leotm\Desktop\Projetos\Programming\vacation-scheduler\node_modules\jest-circus\build\utils.js:316:10)
          at _callCircusTest (C:\Users\leotm\Desktop\Projetos\Programming\vacation-scheduler\node_modules\jest-circus\build\run.js:218:40)
          at processTicksAndRejections (node:internal/process/task_queues:103:5)
          at _runTest (C:\Users\leotm\Desktop\Projetos\Programming\vacation-scheduler\node_modules\jest-circus\build\run.js:155:3)
          at _runTestsForDescribeBlock (C:\Users\leotm\Desktop\Projetos\Programming\vacation-scheduler\node_modules\jest-circus\build\run.js:66:9)
          at _runTestsForDescribeBlock (C:\Users\leotm\Desktop\Projetos\Programming\vacation-scheduler\node_modules\jest-circus\build\run.js:60:9)
          at run (C:\Users\leotm\Desktop\Projetos\Programming\vacation-scheduler\node_modules\jest-circus\build\run.js:25:3)
          at runAndTransformResultsToJestFormat (C:\Users\leotm\Desktop\Projetos\Programming\vacation-scheduler\node_modules\jest-circus\build\legacy-code-todo-rewrite\jestAdapterInit.js:170:21)
          at jestAdapter (C:\Users\leotm\Desktop\Projetos\Programming\vacation-scheduler\node_modules\jest-circus\build\legacy-code-todo-rewrite\jestAdapter.js:82:19)
          at runTestInternal (C:\Users\leotm\Desktop\Projetos\Programming\vacation-scheduler\node_modules\jest-runner\build\runTest.js:389:16)
          at runTest (C:\Users\leotm\Desktop\Projetos\Programming\vacation-scheduler\node_modules\jest-runner\build\runTest.js:475:34)
          at Object.worker (C:\Users\leotm\Desktop\Projetos\Programming\vacation-scheduler\node_modules\jest-runner\build\testWorker.js:133:12)

    [0m [90m 18 |[39m     it([32m'renders documentation link and tests interaction'[39m[33m,[39m () [33m=>[39m {
     [90m 19 |[39m         [36mconst[39m handleNavigate [33m=[39m jest[33m.[39mfn()[33m;[39m
    [31m[1m>[22m[39m[90m 20 |[39m         render([33m<[39m[33mFooter[39m onNavigateDocs[33m=[39m{handleNavigate} [33m/[39m[33m>[39m)[33m;[39m
     [90m    |[39m               [31m[1m^[22m[39m
     [90m 21 |[39m
     [90m 22 |[39m         [36mconst[39m docsLink [33m=[39m screen[33m.[39mgetByRole([32m'link'[39m[33m,[39m { name[33m:[39m [35m/Documentation/i[39m })[33m;[39m
     [90m 23 |[39m         expect(docsLink)[33m.[39mtoHaveAttribute([32m'href'[39m[33m,[39m [32m'/docs'[39m)[33m;[39m[0m

      at VirtualConsole.<anonymous> (node_modules/jsdom/lib/jsdom/virtual-console.js:29:45)
      at reportException (node_modules/jsdom/lib/jsdom/living/helpers/runtime-script-errors.js:70:28)
      at innerInvokeEventListeners (node_modules/jsdom/lib/jsdom/living/events/EventTarget-impl.js:341:9)
      at invokeEventListeners (node_modules/jsdom/lib/jsdom/living/events/EventTarget-impl.js:274:3)
      at HTMLUnknownElementImpl._dispatch (node_modules/jsdom/lib/jsdom/living/events/EventTarget-impl.js:221:9)
      at HTMLUnknownElementImpl.dispatchEvent (node_modules/jsdom/lib/jsdom/living/events/EventTarget-impl.js:94:17)
      at HTMLUnknownElement.dispatchEvent (node_modules/jsdom/lib/jsdom/living/generated/EventTarget.js:231:34)
      at Object.invokeGuardedCallbackDev (node_modules/react-dom/cjs/react-dom.development.js:4213:16)
      at invokeGuardedCallback (node_modules/react-dom/cjs/react-dom.development.js:4277:31)
      at beginWork$1 (node_modules/react-dom/cjs/react-dom.development.js:27490:7)
      at performUnitOfWork (node_modules/react-dom/cjs/react-dom.development.js:26599:12)
      at workLoopSync (node_modules/react-dom/cjs/react-dom.development.js:26505:5)
      at renderRootSync (node_modules/react-dom/cjs/react-dom.development.js:26473:7)
      at recoverFromConcurrentError (node_modules/react-dom/cjs/react-dom.development.js:25889:20)
      at performConcurrentWorkOnRoot (node_modules/react-dom/cjs/react-dom.development.js:25789:22)
      at flushActQueue (node_modules/react/cjs/react.development.js:2667:24)
      at act (node_modules/react/cjs/react.development.js:2582:11)
      at node_modules/@testing-library/react/dist/act-compat.js:46:25
      at renderRoot (node_modules/@testing-library/react/dist/pure.js:189:26)
      at render (node_modules/@testing-library/react/dist/pure.js:291:10)
      at Object.<anonymous> (src/shared/ui/Footer.test.js:20:15)

    console.error
      Error: Uncaught [TypeError: Cannot destructure property 'basename' of 'React.useContext(...)' as it is null.]
          at reportException (C:\Users\leotm\Desktop\Projetos\Programming\vacation-scheduler\node_modules\jsdom\lib\jsdom\living\helpers\runtime-script-errors.js:66:24)
          at innerInvokeEventListeners (C:\Users\leotm\Desktop\Projetos\Programming\vacation-scheduler\node_modules\jsdom\lib\jsdom\living\events\EventTarget-impl.js:341:9)
          at invokeEventListeners (C:\Users\leotm\Desktop\Projetos\Programming\vacation-scheduler\node_modules\jsdom\lib\jsdom\living\events\EventTarget-impl.js:274:3)
          at HTMLUnknownElementImpl._dispatch (C:\Users\leotm\Desktop\Projetos\Programming\vacation-scheduler\node_modules\jsdom\lib\jsdom\living\events\EventTarget-impl.js:221:9)
          at HTMLUnknownElementImpl.dispatchEvent (C:\Users\leotm\Desktop\Projetos\Programming\vacation-scheduler\node_modules\jsdom\lib\jsdom\living\events\EventTarget-impl.js:94:17)
          at HTMLUnknownElement.dispatchEvent (C:\Users\leotm\Desktop\Projetos\Programming\vacation-scheduler\node_modules\jsdom\lib\jsdom\living\generated\EventTarget.js:231:34)
          at Object.invokeGuardedCallbackDev (C:\Users\leotm\Desktop\Projetos\Programming\vacation-scheduler\node_modules\react-dom\cjs\react-dom.development.js:4213:16)
          at invokeGuardedCallback (C:\Users\leotm\Desktop\Projetos\Programming\vacation-scheduler\node_modules\react-dom\cjs\react-dom.development.js:4277:31)
          at beginWork$1 (C:\Users\leotm\Desktop\Projetos\Programming\vacation-scheduler\node_modules\react-dom\cjs\react-dom.development.js:27490:7)
          at performUnitOfWork (C:\Users\leotm\Desktop\Projetos\Programming\vacation-scheduler\node_modules\react-dom\cjs\react-dom.development.js:26599:12)
          at workLoopSync (C:\Users\leotm\Desktop\Projetos\Programming\vacation-scheduler\node_modules\react-dom\cjs\react-dom.development.js:26505:5)
          at renderRootSync (C:\Users\leotm\Desktop\Projetos\Programming\vacation-scheduler\node_modules\react-dom\cjs\react-dom.development.js:26473:7)
          at recoverFromConcurrentError (C:\Users\leotm\Desktop\Projetos\Programming\vacation-scheduler\node_modules\react-dom\cjs\react-dom.development.js:25889:20)
          at performConcurrentWorkOnRoot (C:\Users\leotm\Desktop\Projetos\Programming\vacation-scheduler\node_modules\react-dom\cjs\react-dom.development.js:25789:22)
          at flushActQueue (C:\Users\leotm\Desktop\Projetos\Programming\vacation-scheduler\node_modules\react\cjs\react.development.js:2667:24)
          at act (C:\Users\leotm\Desktop\Projetos\Programming\vacation-scheduler\node_modules\react\cjs\react.development.js:2582:11)
          at C:\Users\leotm\Desktop\Projetos\Programming\vacation-scheduler\node_modules\@testing-library\react\dist\act-compat.js:46:25
          at renderRoot (C:\Users\leotm\Desktop\Projetos\Programming\vacation-scheduler\node_modules\@testing-library\react\dist\pure.js:189:26)
          at render (C:\Users\leotm\Desktop\Projetos\Programming\vacation-scheduler\node_modules\@testing-library\react\dist\pure.js:291:10)
          at Object.<anonymous> (C:\Users\leotm\Desktop\Projetos\Programming\vacation-scheduler\src\shared\ui\Footer.test.js:20:15)
          at Promise.then.completed (C:\Users\leotm\Desktop\Projetos\Programming\vacation-scheduler\node_modules\jest-circus\build\utils.js:391:28)
          at new Promise (<anonymous>)
          at callAsyncCircusFn (C:\Users\leotm\Desktop\Projetos\Programming\vacation-scheduler\node_modules\jest-circus\build\utils.js:316:10)
          at _callCircusTest (C:\Users\leotm\Desktop\Projetos\Programming\vacation-scheduler\node_modules\jest-circus\build\run.js:218:40)
          at processTicksAndRejections (node:internal/process/task_queues:103:5)
          at _runTest (C:\Users\leotm\Desktop\Projetos\Programming\vacation-scheduler\node_modules\jest-circus\build\run.js:155:3)
          at _runTestsForDescribeBlock (C:\Users\leotm\Desktop\Projetos\Programming\vacation-scheduler\node_modules\jest-circus\build\run.js:66:9)
          at _runTestsForDescribeBlock (C:\Users\leotm\Desktop\Projetos\Programming\vacation-scheduler\node_modules\jest-circus\build\run.js:60:9)
          at run (C:\Users\leotm\Desktop\Projetos\Programming\vacation-scheduler\node_modules\jest-circus\build\run.js:25:3)
          at runAndTransformResultsToJestFormat (C:\Users\leotm\Desktop\Projetos\Programming\vacation-scheduler\node_modules\jest-circus\build\legacy-code-todo-rewrite\jestAdapterInit.js:170:21)
          at jestAdapter (C:\Users\leotm\Desktop\Projetos\Programming\vacation-scheduler\node_modules\jest-circus\build\legacy-code-todo-rewrite\jestAdapter.js:82:19)
          at runTestInternal (C:\Users\leotm\Desktop\Projetos\Programming\vacation-scheduler\node_modules\jest-runner\build\runTest.js:389:16)
          at runTest (C:\Users\leotm\Desktop\Projetos\Programming\vacation-scheduler\node_modules\jest-runner\build\runTest.js:475:34)
          at Object.worker (C:\Users\leotm\Desktop\Projetos\Programming\vacation-scheduler\node_modules\jest-runner\build\testWorker.js:133:12) TypeError: Cannot destructure property 'basename' of 'React.useContext(...)' as it is null.
          at LinkWithRef (C:\Users\leotm\Desktop\Projetos\Programming\vacation-scheduler\node_modules\react-router\dist\development\chunk-2YMDXNOJ.js:399:11)
          at renderWithHooks (C:\Users\leotm\Desktop\Projetos\Programming\vacation-scheduler\node_modules\react-dom\cjs\react-dom.development.js:15486:18)
          at updateForwardRef (C:\Users\leotm\Desktop\Projetos\Programming\vacation-scheduler\node_modules\react-dom\cjs\react-dom.development.js:19245:20)
          at beginWork (C:\Users\leotm\Desktop\Projetos\Programming\vacation-scheduler\node_modules\react-dom\cjs\react-dom.development.js:21675:16)
          at HTMLUnknownElement.callCallback (C:\Users\leotm\Desktop\Projetos\Programming\vacation-scheduler\node_modules\react-dom\cjs\react-dom.development.js:4164:14)
          at HTMLUnknownElement.callTheUserObjectsOperation (C:\Users\leotm\Desktop\Projetos\Programming\vacation-scheduler\node_modules\jsdom\lib\jsdom\living\generated\EventListener.js:26:30)
          at innerInvokeEventListeners (C:\Users\leotm\Desktop\Projetos\Programming\vacation-scheduler\node_modules\jsdom\lib\jsdom\living\events\EventTarget-impl.js:338:25)
          at invokeEventListeners (C:\Users\leotm\Desktop\Projetos\Programming\vacation-scheduler\node_modules\jsdom\lib\jsdom\living\events\EventTarget-impl.js:274:3)
          at HTMLUnknownElementImpl._dispatch (C:\Users\leotm\Desktop\Projetos\Programming\vacation-scheduler\node_modules\jsdom\lib\jsdom\living\events\EventTarget-impl.js:221:9)
          at HTMLUnknownElementImpl.dispatchEvent (C:\Users\leotm\Desktop\Projetos\Programming\vacation-scheduler\node_modules\jsdom\lib\jsdom\living\events\EventTarget-impl.js:94:17)
          at HTMLUnknownElement.dispatchEvent (C:\Users\leotm\Desktop\Projetos\Programming\vacation-scheduler\node_modules\jsdom\lib\jsdom\living\generated\EventTarget.js:231:34)
          at Object.invokeGuardedCallbackDev (C:\Users\leotm\Desktop\Projetos\Programming\vacation-scheduler\node_modules\react-dom\cjs\react-dom.development.js:4213:16)
          at invokeGuardedCallback (C:\Users\leotm\Desktop\Projetos\Programming\vacation-scheduler\node_modules\react-dom\cjs\react-dom.development.js:4277:31)
          at beginWork$1 (C:\Users\leotm\Desktop\Projetos\Programming\vacation-scheduler\node_modules\react-dom\cjs\react-dom.development.js:27490:7)
          at performUnitOfWork (C:\Users\leotm\Desktop\Projetos\Programming\vacation-scheduler\node_modules\react-dom\cjs\react-dom.development.js:26599:12)
          at workLoopSync (C:\Users\leotm\Desktop\Projetos\Programming\vacation-scheduler\node_modules\react-dom\cjs\react-dom.development.js:26505:5)
          at renderRootSync (C:\Users\leotm\Desktop\Projetos\Programming\vacation-scheduler\node_modules\react-dom\cjs\react-dom.development.js:26473:7)
          at recoverFromConcurrentError (C:\Users\leotm\Desktop\Projetos\Programming\vacation-scheduler\node_modules\react-dom\cjs\react-dom.development.js:25889:20)
          at performConcurrentWorkOnRoot (C:\Users\leotm\Desktop\Projetos\Programming\vacation-scheduler\node_modules\react-dom\cjs\react-dom.development.js:25789:22)
          at flushActQueue (C:\Users\leotm\Desktop\Projetos\Programming\vacation-scheduler\node_modules\react\cjs\react.development.js:2667:24)
          at act (C:\Users\leotm\Desktop\Projetos\Programming\vacation-scheduler\node_modules\react\cjs\react.development.js:2582:11)
          at C:\Users\leotm\Desktop\Projetos\Programming\vacation-scheduler\node_modules\@testing-library\react\dist\act-compat.js:46:25
          at renderRoot (C:\Users\leotm\Desktop\Projetos\Programming\vacation-scheduler\node_modules\@testing-library\react\dist\pure.js:189:26)
          at render (C:\Users\leotm\Desktop\Projetos\Programming\vacation-scheduler\node_modules\@testing-library\react\dist\pure.js:291:10)
          at Object.<anonymous> (C:\Users\leotm\Desktop\Projetos\Programming\vacation-scheduler\src\shared\ui\Footer.test.js:20:15)
          at Promise.then.completed (C:\Users\leotm\Desktop\Projetos\Programming\vacation-scheduler\node_modules\jest-circus\build\utils.js:391:28)
          at new Promise (<anonymous>)
          at callAsyncCircusFn (C:\Users\leotm\Desktop\Projetos\Programming\vacation-scheduler\node_modules\jest-circus\build\utils.js:316:10)
          at _callCircusTest (C:\Users\leotm\Desktop\Projetos\Programming\vacation-scheduler\node_modules\jest-circus\build\run.js:218:40)
          at processTicksAndRejections (node:internal/process/task_queues:103:5)
          at _runTest (C:\Users\leotm\Desktop\Projetos\Programming\vacation-scheduler\node_modules\jest-circus\build\run.js:155:3)
          at _runTestsForDescribeBlock (C:\Users\leotm\Desktop\Projetos\Programming\vacation-scheduler\node_modules\jest-circus\build\run.js:66:9)
          at _runTestsForDescribeBlock (C:\Users\leotm\Desktop\Projetos\Programming\vacation-scheduler\node_modules\jest-circus\build\run.js:60:9)
          at run (C:\Users\leotm\Desktop\Projetos\Programming\vacation-scheduler\node_modules\jest-circus\build\run.js:25:3)
          at runAndTransformResultsToJestFormat (C:\Users\leotm\Desktop\Projetos\Programming\vacation-scheduler\node_modules\jest-circus\build\legacy-code-todo-rewrite\jestAdapterInit.js:170:21)
          at jestAdapter (C:\Users\leotm\Desktop\Projetos\Programming\vacation-scheduler\node_modules\jest-circus\build\legacy-code-todo-rewrite\jestAdapter.js:82:19)
          at runTestInternal (C:\Users\leotm\Desktop\Projetos\Programming\vacation-scheduler\node_modules\jest-runner\build\runTest.js:389:16)
          at runTest (C:\Users\leotm\Desktop\Projetos\Programming\vacation-scheduler\node_modules\jest-runner\build\runTest.js:475:34)
          at Object.worker (C:\Users\leotm\Desktop\Projetos\Programming\vacation-scheduler\node_modules\jest-runner\build\testWorker.js:133:12)

    [0m [90m 18 |[39m     it([32m'renders documentation link and tests interaction'[39m[33m,[39m () [33m=>[39m {
     [90m 19 |[39m         [36mconst[39m handleNavigate [33m=[39m jest[33m.[39mfn()[33m;[39m
    [31m[1m>[22m[39m[90m 20 |[39m         render([33m<[39m[33mFooter[39m onNavigateDocs[33m=[39m{handleNavigate} [33m/[39m[33m>[39m)[33m;[39m
     [90m    |[39m               [31m[1m^[22m[39m
     [90m 21 |[39m
     [90m 22 |[39m         [36mconst[39m docsLink [33m=[39m screen[33m.[39mgetByRole([32m'link'[39m[33m,[39m { name[33m:[39m [35m/Documentation/i[39m })[33m;[39m
     [90m 23 |[39m         expect(docsLink)[33m.[39mtoHaveAttribute([32m'href'[39m[33m,[39m [32m'/docs'[39m)[33m;[39m[0m

      at VirtualConsole.<anonymous> (node_modules/jsdom/lib/jsdom/virtual-console.js:29:45)
      at reportException (node_modules/jsdom/lib/jsdom/living/helpers/runtime-script-errors.js:70:28)
      at innerInvokeEventListeners (node_modules/jsdom/lib/jsdom/living/events/EventTarget-impl.js:341:9)
      at invokeEventListeners (node_modules/jsdom/lib/jsdom/living/events/EventTarget-impl.js:274:3)
      at HTMLUnknownElementImpl._dispatch (node_modules/jsdom/lib/jsdom/living/events/EventTarget-impl.js:221:9)
      at HTMLUnknownElementImpl.dispatchEvent (node_modules/jsdom/lib/jsdom/living/events/EventTarget-impl.js:94:17)
      at HTMLUnknownElement.dispatchEvent (node_modules/jsdom/lib/jsdom/living/generated/EventTarget.js:231:34)
      at Object.invokeGuardedCallbackDev (node_modules/react-dom/cjs/react-dom.development.js:4213:16)
      at invokeGuardedCallback (node_modules/react-dom/cjs/react-dom.development.js:4277:31)
      at beginWork$1 (node_modules/react-dom/cjs/react-dom.development.js:27490:7)
      at performUnitOfWork (node_modules/react-dom/cjs/react-dom.development.js:26599:12)
      at workLoopSync (node_modules/react-dom/cjs/react-dom.development.js:26505:5)
      at renderRootSync (node_modules/react-dom/cjs/react-dom.development.js:26473:7)
      at recoverFromConcurrentError (node_modules/react-dom/cjs/react-dom.development.js:25889:20)
      at performConcurrentWorkOnRoot (node_modules/react-dom/cjs/react-dom.development.js:25789:22)
      at flushActQueue (node_modules/react/cjs/react.development.js:2667:24)
      at act (node_modules/react/cjs/react.development.js:2582:11)
      at node_modules/@testing-library/react/dist/act-compat.js:46:25
      at renderRoot (node_modules/@testing-library/react/dist/pure.js:189:26)
      at render (node_modules/@testing-library/react/dist/pure.js:291:10)
      at Object.<anonymous> (src/shared/ui/Footer.test.js:20:15)

    console.error
      Error: Uncaught [TypeError: Cannot destructure property 'basename' of 'React.useContext(...)' as it is null.]
          at reportException (C:\Users\leotm\Desktop\Projetos\Programming\vacation-scheduler\node_modules\jsdom\lib\jsdom\living\helpers\runtime-script-errors.js:66:24)
          at innerInvokeEventListeners (C:\Users\leotm\Desktop\Projetos\Programming\vacation-scheduler\node_modules\jsdom\lib\jsdom\living\events\EventTarget-impl.js:341:9)
          at invokeEventListeners (C:\Users\leotm\Desktop\Projetos\Programming\vacation-scheduler\node_modules\jsdom\lib\jsdom\living\events\EventTarget-impl.js:274:3)
          at HTMLUnknownElementImpl._dispatch (C:\Users\leotm\Desktop\Projetos\Programming\vacation-scheduler\node_modules\jsdom\lib\jsdom\living\events\EventTarget-impl.js:221:9)
          at HTMLUnknownElementImpl.dispatchEvent (C:\Users\leotm\Desktop\Projetos\Programming\vacation-scheduler\node_modules\jsdom\lib\jsdom\living\events\EventTarget-impl.js:94:17)
          at HTMLUnknownElement.dispatchEvent (C:\Users\leotm\Desktop\Projetos\Programming\vacation-scheduler\node_modules\jsdom\lib\jsdom\living\generated\EventTarget.js:231:34)
          at Object.invokeGuardedCallbackDev (C:\Users\leotm\Desktop\Projetos\Programming\vacation-scheduler\node_modules\react-dom\cjs\react-dom.development.js:4213:16)
          at invokeGuardedCallback (C:\Users\leotm\Desktop\Projetos\Programming\vacation-scheduler\node_modules\react-dom\cjs\react-dom.development.js:4277:31)
          at beginWork$1 (C:\Users\leotm\Desktop\Projetos\Programming\vacation-scheduler\node_modules\react-dom\cjs\react-dom.development.js:27490:7)
          at performUnitOfWork (C:\Users\leotm\Desktop\Projetos\Programming\vacation-scheduler\node_modules\react-dom\cjs\react-dom.development.js:26599:12)
          at workLoopSync (C:\Users\leotm\Desktop\Projetos\Programming\vacation-scheduler\node_modules\react-dom\cjs\react-dom.development.js:26505:5)
          at renderRootSync (C:\Users\leotm\Desktop\Projetos\Programming\vacation-scheduler\node_modules\react-dom\cjs\react-dom.development.js:26473:7)
          at recoverFromConcurrentError (C:\Users\leotm\Desktop\Projetos\Programming\vacation-scheduler\node_modules\react-dom\cjs\react-dom.development.js:25889:20)
          at performConcurrentWorkOnRoot (C:\Users\leotm\Desktop\Projetos\Programming\vacation-scheduler\node_modules\react-dom\cjs\react-dom.development.js:25789:22)
          at flushActQueue (C:\Users\leotm\Desktop\Projetos\Programming\vacation-scheduler\node_modules\react\cjs\react.development.js:2667:24)
          at act (C:\Users\leotm\Desktop\Projetos\Programming\vacation-scheduler\node_modules\react\cjs\react.development.js:2582:11)
          at C:\Users\leotm\Desktop\Projetos\Programming\vacation-scheduler\node_modules\@testing-library\react\dist\act-compat.js:46:25
          at renderRoot (C:\Users\leotm\Desktop\Projetos\Programming\vacation-scheduler\node_modules\@testing-library\react\dist\pure.js:189:26)
          at render (C:\Users\leotm\Desktop\Projetos\Programming\vacation-scheduler\node_modules\@testing-library\react\dist\pure.js:291:10)
          at Object.<anonymous> (C:\Users\leotm\Desktop\Projetos\Programming\vacation-scheduler\src\shared\ui\Footer.test.js:20:15)
          at Promise.then.completed (C:\Users\leotm\Desktop\Projetos\Programming\vacation-scheduler\node_modules\jest-circus\build\utils.js:391:28)
          at new Promise (<anonymous>)
          at callAsyncCircusFn (C:\Users\leotm\Desktop\Projetos\Programming\vacation-scheduler\node_modules\jest-circus\build\utils.js:316:10)
          at _callCircusTest (C:\Users\leotm\Desktop\Projetos\Programming\vacation-scheduler\node_modules\jest-circus\build\run.js:218:40)
          at processTicksAndRejections (node:internal/process/task_queues:103:5)
          at _runTest (C:\Users\leotm\Desktop\Projetos\Programming\vacation-scheduler\node_modules\jest-circus\build\run.js:155:3)
          at _runTestsForDescribeBlock (C:\Users\leotm\Desktop\Projetos\Programming\vacation-scheduler\node_modules\jest-circus\build\run.js:66:9)
          at _runTestsForDescribeBlock (C:\Users\leotm\Desktop\Projetos\Programming\vacation-scheduler\node_modules\jest-circus\build\run.js:60:9)
          at run (C:\Users\leotm\Desktop\Projetos\Programming\vacation-scheduler\node_modules\jest-circus\build\run.js:25:3)
          at runAndTransformResultsToJestFormat (C:\Users\leotm\Desktop\Projetos\Programming\vacation-scheduler\node_modules\jest-circus\build\legacy-code-todo-rewrite\jestAdapterInit.js:170:21)
          at jestAdapter (C:\Users\leotm\Desktop\Projetos\Programming\vacation-scheduler\node_modules\jest-circus\build\legacy-code-todo-rewrite\jestAdapter.js:82:19)
          at runTestInternal (C:\Users\leotm\Desktop\Projetos\Programming\vacation-scheduler\node_modules\jest-runner\build\runTest.js:389:16)
          at runTest (C:\Users\leotm\Desktop\Projetos\Programming\vacation-scheduler\node_modules\jest-runner\build\runTest.js:475:34)
          at Object.worker (C:\Users\leotm\Desktop\Projetos\Programming\vacation-scheduler\node_modules\jest-runner\build\testWorker.js:133:12) TypeError: Cannot destructure property 'basename' of 'React.useContext(...)' as it is null.
          at LinkWithRef (C:\Users\leotm\Desktop\Projetos\Programming\vacation-scheduler\node_modules\react-router\dist\development\chunk-2YMDXNOJ.js:399:11)
          at renderWithHooks (C:\Users\leotm\Desktop\Projetos\Programming\vacation-scheduler\node_modules\react-dom\cjs\react-dom.development.js:15486:18)
          at updateForwardRef (C:\Users\leotm\Desktop\Projetos\Programming\vacation-scheduler\node_modules\react-dom\cjs\react-dom.development.js:19245:20)
          at beginWork (C:\Users\leotm\Desktop\Projetos\Programming\vacation-scheduler\node_modules\react-dom\cjs\react-dom.development.js:21675:16)
          at HTMLUnknownElement.callCallback (C:\Users\leotm\Desktop\Projetos\Programming\vacation-scheduler\node_modules\react-dom\cjs\react-dom.development.js:4164:14)
          at HTMLUnknownElement.callTheUserObjectsOperation (C:\Users\leotm\Desktop\Projetos\Programming\vacation-scheduler\node_modules\jsdom\lib\jsdom\living\generated\EventListener.js:26:30)
          at innerInvokeEventListeners (C:\Users\leotm\Desktop\Projetos\Programming\vacation-scheduler\node_modules\jsdom\lib\jsdom\living\events\EventTarget-impl.js:338:25)
          at invokeEventListeners (C:\Users\leotm\Desktop\Projetos\Programming\vacation-scheduler\node_modules\jsdom\lib\jsdom\living\events\EventTarget-impl.js:274:3)
          at HTMLUnknownElementImpl._dispatch (C:\Users\leotm\Desktop\Projetos\Programming\vacation-scheduler\node_modules\jsdom\lib\jsdom\living\events\EventTarget-impl.js:221:9)
          at HTMLUnknownElementImpl.dispatchEvent (C:\Users\leotm\Desktop\Projetos\Programming\vacation-scheduler\node_modules\jsdom\lib\jsdom\living\events\EventTarget-impl.js:94:17)
          at HTMLUnknownElement.dispatchEvent (C:\Users\leotm\Desktop\Projetos\Programming\vacation-scheduler\node_modules\jsdom\lib\jsdom\living\generated\EventTarget.js:231:34)
          at Object.invokeGuardedCallbackDev (C:\Users\leotm\Desktop\Projetos\Programming\vacation-scheduler\node_modules\react-dom\cjs\react-dom.development.js:4213:16)
          at invokeGuardedCallback (C:\Users\leotm\Desktop\Projetos\Programming\vacation-scheduler\node_modules\react-dom\cjs\react-dom.development.js:4277:31)
          at beginWork$1 (C:\Users\leotm\Desktop\Projetos\Programming\vacation-scheduler\node_modules\react-dom\cjs\react-dom.development.js:27490:7)
          at performUnitOfWork (C:\Users\leotm\Desktop\Projetos\Programming\vacation-scheduler\node_modules\react-dom\cjs\react-dom.development.js:26599:12)
          at workLoopSync (C:\Users\leotm\Desktop\Projetos\Programming\vacation-scheduler\node_modules\react-dom\cjs\react-dom.development.js:26505:5)
          at renderRootSync (C:\Users\leotm\Desktop\Projetos\Programming\vacation-scheduler\node_modules\react-dom\cjs\react-dom.development.js:26473:7)
          at recoverFromConcurrentError (C:\Users\leotm\Desktop\Projetos\Programming\vacation-scheduler\node_modules\react-dom\cjs\react-dom.development.js:25889:20)
          at performConcurrentWorkOnRoot (C:\Users\leotm\Desktop\Projetos\Programming\vacation-scheduler\node_modules\react-dom\cjs\react-dom.development.js:25789:22)
          at flushActQueue (C:\Users\leotm\Desktop\Projetos\Programming\vacation-scheduler\node_modules\react\cjs\react.development.js:2667:24)
          at act (C:\Users\leotm\Desktop\Projetos\Programming\vacation-scheduler\node_modules\react\cjs\react.development.js:2582:11)
          at C:\Users\leotm\Desktop\Projetos\Programming\vacation-scheduler\node_modules\@testing-library\react\dist\act-compat.js:46:25
          at renderRoot (C:\Users\leotm\Desktop\Projetos\Programming\vacation-scheduler\node_modules\@testing-library\react\dist\pure.js:189:26)
          at render (C:\Users\leotm\Desktop\Projetos\Programming\vacation-scheduler\node_modules\@testing-library\react\dist\pure.js:291:10)
          at Object.<anonymous> (C:\Users\leotm\Desktop\Projetos\Programming\vacation-scheduler\src\shared\ui\Footer.test.js:20:15)
          at Promise.then.completed (C:\Users\leotm\Desktop\Projetos\Programming\vacation-scheduler\node_modules\jest-circus\build\utils.js:391:28)
          at new Promise (<anonymous>)
          at callAsyncCircusFn (C:\Users\leotm\Desktop\Projetos\Programming\vacation-scheduler\node_modules\jest-circus\build\utils.js:316:10)
          at _callCircusTest (C:\Users\leotm\Desktop\Projetos\Programming\vacation-scheduler\node_modules\jest-circus\build\run.js:218:40)
          at processTicksAndRejections (node:internal/process/task_queues:103:5)
          at _runTest (C:\Users\leotm\Desktop\Projetos\Programming\vacation-scheduler\node_modules\jest-circus\build\run.js:155:3)
          at _runTestsForDescribeBlock (C:\Users\leotm\Desktop\Projetos\Programming\vacation-scheduler\node_modules\jest-circus\build\run.js:66:9)
          at _runTestsForDescribeBlock (C:\Users\leotm\Desktop\Projetos\Programming\vacation-scheduler\node_modules\jest-circus\build\run.js:60:9)
          at run (C:\Users\leotm\Desktop\Projetos\Programming\vacation-scheduler\node_modules\jest-circus\build\run.js:25:3)
          at runAndTransformResultsToJestFormat (C:\Users\leotm\Desktop\Projetos\Programming\vacation-scheduler\node_modules\jest-circus\build\legacy-code-todo-rewrite\jestAdapterInit.js:170:21)
          at jestAdapter (C:\Users\leotm\Desktop\Projetos\Programming\vacation-scheduler\node_modules\jest-circus\build\legacy-code-todo-rewrite\jestAdapter.js:82:19)
          at runTestInternal (C:\Users\leotm\Desktop\Projetos\Programming\vacation-scheduler\node_modules\jest-runner\build\runTest.js:389:16)
          at runTest (C:\Users\leotm\Desktop\Projetos\Programming\vacation-scheduler\node_modules\jest-runner\build\runTest.js:475:34)
          at Object.worker (C:\Users\leotm\Desktop\Projetos\Programming\vacation-scheduler\node_modules\jest-runner\build\testWorker.js:133:12)

    [0m [90m 18 |[39m     it([32m'renders documentation link and tests interaction'[39m[33m,[39m () [33m=>[39m {
     [90m 19 |[39m         [36mconst[39m handleNavigate [33m=[39m jest[33m.[39mfn()[33m;[39m
    [31m[1m>[22m[39m[90m 20 |[39m         render([33m<[39m[33mFooter[39m onNavigateDocs[33m=[39m{handleNavigate} [33m/[39m[33m>[39m)[33m;[39m
     [90m    |[39m               [31m[1m^[22m[39m
     [90m 21 |[39m
     [90m 22 |[39m         [36mconst[39m docsLink [33m=[39m screen[33m.[39mgetByRole([32m'link'[39m[33m,[39m { name[33m:[39m [35m/Documentation/i[39m })[33m;[39m
     [90m 23 |[39m         expect(docsLink)[33m.[39mtoHaveAttribute([32m'href'[39m[33m,[39m [32m'/docs'[39m)[33m;[39m[0m

      at VirtualConsole.<anonymous> (node_modules/jsdom/lib/jsdom/virtual-console.js:29:45)
      at reportException (node_modules/jsdom/lib/jsdom/living/helpers/runtime-script-errors.js:70:28)
      at innerInvokeEventListeners (node_modules/jsdom/lib/jsdom/living/events/EventTarget-impl.js:341:9)
      at invokeEventListeners (node_modules/jsdom/lib/jsdom/living/events/EventTarget-impl.js:274:3)
      at HTMLUnknownElementImpl._dispatch (node_modules/jsdom/lib/jsdom/living/events/EventTarget-impl.js:221:9)
      at HTMLUnknownElementImpl.dispatchEvent (node_modules/jsdom/lib/jsdom/living/events/EventTarget-impl.js:94:17)
      at HTMLUnknownElement.dispatchEvent (node_modules/jsdom/lib/jsdom/living/generated/EventTarget.js:231:34)
      at Object.invokeGuardedCallbackDev (node_modules/react-dom/cjs/react-dom.development.js:4213:16)
      at invokeGuardedCallback (node_modules/react-dom/cjs/react-dom.development.js:4277:31)
      at beginWork$1 (node_modules/react-dom/cjs/react-dom.development.js:27490:7)
      at performUnitOfWork (node_modules/react-dom/cjs/react-dom.development.js:26599:12)
      at workLoopSync (node_modules/react-dom/cjs/react-dom.development.js:26505:5)
      at renderRootSync (node_modules/react-dom/cjs/react-dom.development.js:26473:7)
      at recoverFromConcurrentError (node_modules/react-dom/cjs/react-dom.development.js:25889:20)
      at performConcurrentWorkOnRoot (node_modules/react-dom/cjs/react-dom.development.js:25789:22)
      at flushActQueue (node_modules/react/cjs/react.development.js:2667:24)
      at act (node_modules/react/cjs/react.development.js:2582:11)
      at node_modules/@testing-library/react/dist/act-compat.js:46:25
      at renderRoot (node_modules/@testing-library/react/dist/pure.js:189:26)
      at render (node_modules/@testing-library/react/dist/pure.js:291:10)
      at Object.<anonymous> (src/shared/ui/Footer.test.js:20:15)

    console.error
      The above error occurred in the <Link> component:
      
          at LinkWithRef (C:\Users\leotm\Desktop\Projetos\Programming\vacation-scheduler\node_modules\react-router\dist\development\chunk-2YMDXNOJ.js:384:5)
          at li
          at ul
          at div
          at div
          at footer
          at Footer (C:\Users\leotm\Desktop\Projetos\Programming\vacation-scheduler\src\shared\ui\Footer.js:5:26)
      
      Consider adding an error boundary to your tree to customize error handling behavior.
      Visit https://reactjs.org/link/error-boundaries to learn more about error boundaries.

    [0m [90m 18 |[39m     it([32m'renders documentation link and tests interaction'[39m[33m,[39m () [33m=>[39m {
     [90m 19 |[39m         [36mconst[39m handleNavigate [33m=[39m jest[33m.[39mfn()[33m;[39m
    [31m[1m>[22m[39m[90m 20 |[39m         render([33m<[39m[33mFooter[39m onNavigateDocs[33m=[39m{handleNavigate} [33m/[39m[33m>[39m)[33m;[39m
     [90m    |[39m               [31m[1m^[22m[39m
     [90m 21 |[39m
     [90m 22 |[39m         [36mconst[39m docsLink [33m=[39m screen[33m.[39mgetByRole([32m'link'[39m[33m,[39m { name[33m:[39m [35m/Documentation/i[39m })[33m;[39m
     [90m 23 |[39m         expect(docsLink)[33m.[39mtoHaveAttribute([32m'href'[39m[33m,[39m [32m'/docs'[39m)[33m;[39m[0m

      at logCapturedError (node_modules/react-dom/cjs/react-dom.development.js:18704:23)
      at update.callback (node_modules/react-dom/cjs/react-dom.development.js:18737:5)
      at callCallback (node_modules/react-dom/cjs/react-dom.development.js:15036:12)
      at commitUpdateQueue (node_modules/react-dom/cjs/react-dom.development.js:15057:9)
      at commitLayoutEffectOnFiber (node_modules/react-dom/cjs/react-dom.development.js:23430:13)
      at commitLayoutMountEffects_complete (node_modules/react-dom/cjs/react-dom.development.js:24727:9)
      at commitLayoutEffects_begin (node_modules/react-dom/cjs/react-dom.development.js:24713:7)
      at commitLayoutEffects (node_modules/react-dom/cjs/react-dom.development.js:24651:3)
      at commitRootImpl (node_modules/react-dom/cjs/react-dom.development.js:26862:5)
      at commitRoot (node_modules/react-dom/cjs/react-dom.development.js:26721:5)
      at finishConcurrentRender (node_modules/react-dom/cjs/react-dom.development.js:25931:9)
      at performConcurrentWorkOnRoot (node_modules/react-dom/cjs/react-dom.development.js:25848:7)
      at flushActQueue (node_modules/react/cjs/react.development.js:2667:24)
      at act (node_modules/react/cjs/react.development.js:2582:11)
      at node_modules/@testing-library/react/dist/act-compat.js:46:25
      at renderRoot (node_modules/@testing-library/react/dist/pure.js:189:26)
      at render (node_modules/@testing-library/react/dist/pure.js:291:10)
      at Object.<anonymous> (src/shared/ui/Footer.test.js:20:15)

    console.error
      The above error occurred in the <Link> component:
      
          at LinkWithRef (C:\Users\leotm\Desktop\Projetos\Programming\vacation-scheduler\node_modules\react-router\dist\development\chunk-2YMDXNOJ.js:384:5)
          at div
          at div
          at footer
          at Footer (C:\Users\leotm\Desktop\Projetos\Programming\vacation-scheduler\src\shared\ui\Footer.js:5:26)
      
      Consider adding an error boundary to your tree to customize error handling behavior.
      Visit https://reactjs.org/link/error-boundaries to learn more about error boundaries.

    [0m [90m 18 |[39m     it([32m'renders documentation link and tests interaction'[39m[33m,[39m () [33m=>[39m {
     [90m 19 |[39m         [36mconst[39m handleNavigate [33m=[39m jest[33m.[39mfn()[33m;[39m
    [31m[1m>[22m[39m[90m 20 |[39m         render([33m<[39m[33mFooter[39m onNavigateDocs[33m=[39m{handleNavigate} [33m/[39m[33m>[39m)[33m;[39m
     [90m    |[39m               [31m[1m^[22m[39m
     [90m 21 |[39m
     [90m 22 |[39m         [36mconst[39m docsLink [33m=[39m screen[33m.[39mgetByRole([32m'link'[39m[33m,[39m { name[33m:[39m [35m/Documentation/i[39m })[33m;[39m
     [90m 23 |[39m         expect(docsLink)[33m.[39mtoHaveAttribute([32m'href'[39m[33m,[39m [32m'/docs'[39m)[33m;[39m[0m

      at logCapturedError (node_modules/react-dom/cjs/react-dom.development.js:18704:23)
      at update.callback (node_modules/react-dom/cjs/react-dom.development.js:18737:5)
      at callCallback (node_modules/react-dom/cjs/react-dom.development.js:15036:12)
      at commitUpdateQueue (node_modules/react-dom/cjs/react-dom.development.js:15057:9)
      at commitLayoutEffectOnFiber (node_modules/react-dom/cjs/react-dom.development.js:23430:13)
      at commitLayoutMountEffects_complete (node_modules/react-dom/cjs/react-dom.development.js:24727:9)
      at commitLayoutEffects_begin (node_modules/react-dom/cjs/react-dom.development.js:24713:7)
      at commitLayoutEffects (node_modules/react-dom/cjs/react-dom.development.js:24651:3)
      at commitRootImpl (node_modules/react-dom/cjs/react-dom.development.js:26862:5)
      at commitRoot (node_modules/react-dom/cjs/react-dom.development.js:26721:5)
      at finishConcurrentRender (node_modules/react-dom/cjs/react-dom.development.js:25931:9)
      at performConcurrentWorkOnRoot (node_modules/react-dom/cjs/react-dom.development.js:25848:7)
      at flushActQueue (node_modules/react/cjs/react.development.js:2667:24)
      at act (node_modules/react/cjs/react.development.js:2582:11)
      at node_modules/@testing-library/react/dist/act-compat.js:46:25
      at renderRoot (node_modules/@testing-library/react/dist/pure.js:189:26)
      at render (node_modules/@testing-library/react/dist/pure.js:291:10)
      at Object.<anonymous> (src/shared/ui/Footer.test.js:20:15)

    console.error
      The above error occurred in the <Link> component:
      
          at LinkWithRef (C:\Users\leotm\Desktop\Projetos\Programming\vacation-scheduler\node_modules\react-router\dist\development\chunk-2YMDXNOJ.js:384:5)
          at div
          at div
          at footer
          at Footer (C:\Users\leotm\Desktop\Projetos\Programming\vacation-scheduler\src\shared\ui\Footer.js:5:26)
      
      Consider adding an error boundary to your tree to customize error handling behavior.
      Visit https://reactjs.org/link/error-boundaries to learn more about error boundaries.

    [0m [90m 18 |[39m     it([32m'renders documentation link and tests interaction'[39m[33m,[39m () [33m=>[39m {
     [90m 19 |[39m         [36mconst[39m handleNavigate [33m=[39m jest[33m.[39mfn()[33m;[39m
    [31m[1m>[22m[39m[90m 20 |[39m         render([33m<[39m[33mFooter[39m onNavigateDocs[33m=[39m{handleNavigate} [33m/[39m[33m>[39m)[33m;[39m
     [90m    |[39m               [31m[1m^[22m[39m
     [90m 21 |[39m
     [90m 22 |[39m         [36mconst[39m docsLink [33m=[39m screen[33m.[39mgetByRole([32m'link'[39m[33m,[39m { name[33m:[39m [35m/Documentation/i[39m })[33m;[39m
     [90m 23 |[39m         expect(docsLink)[33m.[39mtoHaveAttribute([32m'href'[39m[33m,[39m [32m'/docs'[39m)[33m;[39m[0m

      at logCapturedError (node_modules/react-dom/cjs/react-dom.development.js:18704:23)
      at update.callback (node_modules/react-dom/cjs/react-dom.development.js:18737:5)
      at callCallback (node_modules/react-dom/cjs/react-dom.development.js:15036:12)
      at commitUpdateQueue (node_modules/react-dom/cjs/react-dom.development.js:15057:9)
      at commitLayoutEffectOnFiber (node_modules/react-dom/cjs/react-dom.development.js:23430:13)
      at commitLayoutMountEffects_complete (node_modules/react-dom/cjs/react-dom.development.js:24727:9)
      at commitLayoutEffects_begin (node_modules/react-dom/cjs/react-dom.development.js:24713:7)
      at commitLayoutEffects (node_modules/react-dom/cjs/react-dom.development.js:24651:3)
      at commitRootImpl (node_modules/react-dom/cjs/react-dom.development.js:26862:5)
      at commitRoot (node_modules/react-dom/cjs/react-dom.development.js:26721:5)
      at finishConcurrentRender (node_modules/react-dom/cjs/react-dom.development.js:25931:9)
      at performConcurrentWorkOnRoot (node_modules/react-dom/cjs/react-dom.development.js:25848:7)
      at flushActQueue (node_modules/react/cjs/react.development.js:2667:24)
      at act (node_modules/react/cjs/react.development.js:2582:11)
      at node_modules/@testing-library/react/dist/act-compat.js:46:25
      at renderRoot (node_modules/@testing-library/react/dist/pure.js:189:26)
      at render (node_modules/@testing-library/react/dist/pure.js:291:10)
      at Object.<anonymous> (src/shared/ui/Footer.test.js:20:15)

    console.error
      Error: Uncaught [TypeError: Cannot destructure property 'basename' of 'React.useContext(...)' as it is null.]
          at reportException (C:\Users\leotm\Desktop\Projetos\Programming\vacation-scheduler\node_modules\jsdom\lib\jsdom\living\helpers\runtime-script-errors.js:66:24)
          at innerInvokeEventListeners (C:\Users\leotm\Desktop\Projetos\Programming\vacation-scheduler\node_modules\jsdom\lib\jsdom\living\events\EventTarget-impl.js:341:9)
          at invokeEventListeners (C:\Users\leotm\Desktop\Projetos\Programming\vacation-scheduler\node_modules\jsdom\lib\jsdom\living\events\EventTarget-impl.js:274:3)
          at HTMLUnknownElementImpl._dispatch (C:\Users\leotm\Desktop\Projetos\Programming\vacation-scheduler\node_modules\jsdom\lib\jsdom\living\events\EventTarget-impl.js:221:9)
          at HTMLUnknownElementImpl.dispatchEvent (C:\Users\leotm\Desktop\Projetos\Programming\vacation-scheduler\node_modules\jsdom\lib\jsdom\living\events\EventTarget-impl.js:94:17)
          at HTMLUnknownElement.dispatchEvent (C:\Users\leotm\Desktop\Projetos\Programming\vacation-scheduler\node_modules\jsdom\lib\jsdom\living\generated\EventTarget.js:231:34)
          at Object.invokeGuardedCallbackDev (C:\Users\leotm\Desktop\Projetos\Programming\vacation-scheduler\node_modules\react-dom\cjs\react-dom.development.js:4213:16)
          at invokeGuardedCallback (C:\Users\leotm\Desktop\Projetos\Programming\vacation-scheduler\node_modules\react-dom\cjs\react-dom.development.js:4277:31)
          at beginWork$1 (C:\Users\leotm\Desktop\Projetos\Programming\vacation-scheduler\node_modules\react-dom\cjs\react-dom.development.js:27490:7)
          at performUnitOfWork (C:\Users\leotm\Desktop\Projetos\Programming\vacation-scheduler\node_modules\react-dom\cjs\react-dom.development.js:26599:12)
          at workLoopSync (C:\Users\leotm\Desktop\Projetos\Programming\vacation-scheduler\node_modules\react-dom\cjs\react-dom.development.js:26505:5)
          at renderRootSync (C:\Users\leotm\Desktop\Projetos\Programming\vacation-scheduler\node_modules\react-dom\cjs\react-dom.development.js:26473:7)
          at performConcurrentWorkOnRoot (C:\Users\leotm\Desktop\Projetos\Programming\vacation-scheduler\node_modules\react-dom\cjs\react-dom.development.js:25777:74)
          at flushActQueue (C:\Users\leotm\Desktop\Projetos\Programming\vacation-scheduler\node_modules\react\cjs\react.development.js:2667:24)
          at act (C:\Users\leotm\Desktop\Projetos\Programming\vacation-scheduler\node_modules\react\cjs\react.development.js:2582:11)
          at C:\Users\leotm\Desktop\Projetos\Programming\vacation-scheduler\node_modules\@testing-library\react\dist\act-compat.js:46:25
          at renderRoot (C:\Users\leotm\Desktop\Projetos\Programming\vacation-scheduler\node_modules\@testing-library\react\dist\pure.js:189:26)
          at render (C:\Users\leotm\Desktop\Projetos\Programming\vacation-scheduler\node_modules\@testing-library\react\dist\pure.js:291:10)
          at Object.<anonymous> (C:\Users\leotm\Desktop\Projetos\Programming\vacation-scheduler\src\shared\ui\Footer.test.js:30:15)
          at Promise.then.completed (C:\Users\leotm\Desktop\Projetos\Programming\vacation-scheduler\node_modules\jest-circus\build\utils.js:391:28)
          at new Promise (<anonymous>)
          at callAsyncCircusFn (C:\Users\leotm\Desktop\Projetos\Programming\vacation-scheduler\node_modules\jest-circus\build\utils.js:316:10)
          at _callCircusTest (C:\Users\leotm\Desktop\Projetos\Programming\vacation-scheduler\node_modules\jest-circus\build\run.js:218:40)
          at processTicksAndRejections (node:internal/process/task_queues:103:5)
          at _runTest (C:\Users\leotm\Desktop\Projetos\Programming\vacation-scheduler\node_modules\jest-circus\build\run.js:155:3)
          at _runTestsForDescribeBlock (C:\Users\leotm\Desktop\Projetos\Programming\vacation-scheduler\node_modules\jest-circus\build\run.js:66:9)
          at _runTestsForDescribeBlock (C:\Users\leotm\Desktop\Projetos\Programming\vacation-scheduler\node_modules\jest-circus\build\run.js:60:9)
          at run (C:\Users\leotm\Desktop\Projetos\Programming\vacation-scheduler\node_modules\jest-circus\build\run.js:25:3)
          at runAndTransformResultsToJestFormat (C:\Users\leotm\Desktop\Projetos\Programming\vacation-scheduler\node_modules\jest-circus\build\legacy-code-todo-rewrite\jestAdapterInit.js:170:21)
          at jestAdapter (C:\Users\leotm\Desktop\Projetos\Programming\vacation-scheduler\node_modules\jest-circus\build\legacy-code-todo-rewrite\jestAdapter.js:82:19)
          at runTestInternal (C:\Users\leotm\Desktop\Projetos\Programming\vacation-scheduler\node_modules\jest-runner\build\runTest.js:389:16)
          at runTest (C:\Users\leotm\Desktop\Projetos\Programming\vacation-scheduler\node_modules\jest-runner\build\runTest.js:475:34)
          at Object.worker (C:\Users\leotm\Desktop\Projetos\Programming\vacation-scheduler\node_modules\jest-runner\build\testWorker.js:133:12) TypeError: Cannot destructure property 'basename' of 'React.useContext(...)' as it is null.
          at LinkWithRef (C:\Users\leotm\Desktop\Projetos\Programming\vacation-scheduler\node_modules\react-router\dist\development\chunk-2YMDXNOJ.js:399:11)
          at renderWithHooks (C:\Users\leotm\Desktop\Projetos\Programming\vacation-scheduler\node_modules\react-dom\cjs\react-dom.development.js:15486:18)
          at updateForwardRef (C:\Users\leotm\Desktop\Projetos\Programming\vacation-scheduler\node_modules\react-dom\cjs\react-dom.development.js:19245:20)
          at beginWork (C:\Users\leotm\Desktop\Projetos\Programming\vacation-scheduler\node_modules\react-dom\cjs\react-dom.development.js:21675:16)
          at HTMLUnknownElement.callCallback (C:\Users\leotm\Desktop\Projetos\Programming\vacation-scheduler\node_modules\react-dom\cjs\react-dom.development.js:4164:14)
          at HTMLUnknownElement.callTheUserObjectsOperation (C:\Users\leotm\Desktop\Projetos\Programming\vacation-scheduler\node_modules\jsdom\lib\jsdom\living\generated\EventListener.js:26:30)
          at innerInvokeEventListeners (C:\Users\leotm\Desktop\Projetos\Programming\vacation-scheduler\node_modules\jsdom\lib\jsdom\living\events\EventTarget-impl.js:338:25)
          at invokeEventListeners (C:\Users\leotm\Desktop\Projetos\Programming\vacation-scheduler\node_modules\jsdom\lib\jsdom\living\events\EventTarget-impl.js:274:3)
          at HTMLUnknownElementImpl._dispatch (C:\Users\leotm\Desktop\Projetos\Programming\vacation-scheduler\node_modules\jsdom\lib\jsdom\living\events\EventTarget-impl.js:221:9)
          at HTMLUnknownElementImpl.dispatchEvent (C:\Users\leotm\Desktop\Projetos\Programming\vacation-scheduler\node_modules\jsdom\lib\jsdom\living\events\EventTarget-impl.js:94:17)
          at HTMLUnknownElement.dispatchEvent (C:\Users\leotm\Desktop\Projetos\Programming\vacation-scheduler\node_modules\jsdom\lib\jsdom\living\generated\EventTarget.js:231:34)
          at Object.invokeGuardedCallbackDev (C:\Users\leotm\Desktop\Projetos\Programming\vacation-scheduler\node_modules\react-dom\cjs\react-dom.development.js:4213:16)
          at invokeGuardedCallback (C:\Users\leotm\Desktop\Projetos\Programming\vacation-scheduler\node_modules\react-dom\cjs\react-dom.development.js:4277:31)
          at beginWork$1 (C:\Users\leotm\Desktop\Projetos\Programming\vacation-scheduler\node_modules\react-dom\cjs\react-dom.development.js:27490:7)
          at performUnitOfWork (C:\Users\leotm\Desktop\Projetos\Programming\vacation-scheduler\node_modules\react-dom\cjs\react-dom.development.js:26599:12)
          at workLoopSync (C:\Users\leotm\Desktop\Projetos\Programming\vacation-scheduler\node_modules\react-dom\cjs\react-dom.development.js:26505:5)
          at renderRootSync (C:\Users\leotm\Desktop\Projetos\Programming\vacation-scheduler\node_modules\react-dom\cjs\react-dom.development.js:26473:7)
          at performConcurrentWorkOnRoot (C:\Users\leotm\Desktop\Projetos\Programming\vacation-scheduler\node_modules\react-dom\cjs\react-dom.development.js:25777:74)
          at flushActQueue (C:\Users\leotm\Desktop\Projetos\Programming\vacation-scheduler\node_modules\react\cjs\react.development.js:2667:24)
          at act (C:\Users\leotm\Desktop\Projetos\Programming\vacation-scheduler\node_modules\react\cjs\react.development.js:2582:11)
          at C:\Users\leotm\Desktop\Projetos\Programming\vacation-scheduler\node_modules\@testing-library\react\dist\act-compat.js:46:25
          at renderRoot (C:\Users\leotm\Desktop\Projetos\Programming\vacation-scheduler\node_modules\@testing-library\react\dist\pure.js:189:26)
          at render (C:\Users\leotm\Desktop\Projetos\Programming\vacation-scheduler\node_modules\@testing-library\react\dist\pure.js:291:10)
          at Object.<anonymous> (C:\Users\leotm\Desktop\Projetos\Programming\vacation-scheduler\src\shared\ui\Footer.test.js:30:15)
          at Promise.then.completed (C:\Users\leotm\Desktop\Projetos\Programming\vacation-scheduler\node_modules\jest-circus\build\utils.js:391:28)
          at new Promise (<anonymous>)
          at callAsyncCircusFn (C:\Users\leotm\Desktop\Projetos\Programming\vacation-scheduler\node_modules\jest-circus\build\utils.js:316:10)
          at _callCircusTest (C:\Users\leotm\Desktop\Projetos\Programming\vacation-scheduler\node_modules\jest-circus\build\run.js:218:40)
          at processTicksAndRejections (node:internal/process/task_queues:103:5)
          at _runTest (C:\Users\leotm\Desktop\Projetos\Programming\vacation-scheduler\node_modules\jest-circus\build\run.js:155:3)
          at _runTestsForDescribeBlock (C:\Users\leotm\Desktop\Projetos\Programming\vacation-scheduler\node_modules\jest-circus\build\run.js:66:9)
          at _runTestsForDescribeBlock (C:\Users\leotm\Desktop\Projetos\Programming\vacation-scheduler\node_modules\jest-circus\build\run.js:60:9)
          at run (C:\Users\leotm\Desktop\Projetos\Programming\vacation-scheduler\node_modules\jest-circus\build\run.js:25:3)
          at runAndTransformResultsToJestFormat (C:\Users\leotm\Desktop\Projetos\Programming\vacation-scheduler\node_modules\jest-circus\build\legacy-code-todo-rewrite\jestAdapterInit.js:170:21)
          at jestAdapter (C:\Users\leotm\Desktop\Projetos\Programming\vacation-scheduler\node_modules\jest-circus\build\legacy-code-todo-rewrite\jestAdapter.js:82:19)
          at runTestInternal (C:\Users\leotm\Desktop\Projetos\Programming\vacation-scheduler\node_modules\jest-runner\build\runTest.js:389:16)
          at runTest (C:\Users\leotm\Desktop\Projetos\Programming\vacation-scheduler\node_modules\jest-runner\build\runTest.js:475:34)
          at Object.worker (C:\Users\leotm\Desktop\Projetos\Programming\vacation-scheduler\node_modules\jest-runner\build\testWorker.js:133:12)

    [0m [90m 28 |[39m
     [90m 29 |[39m     it([32m'renders repository link correctly'[39m[33m,[39m () [33m=>[39m {
    [31m[1m>[22m[39m[90m 30 |[39m         render([33m<[39m[33mFooter[39m [33m/[39m[33m>[39m)[33m;[39m
     [90m    |[39m               [31m[1m^[22m[39m
     [90m 31 |[39m         [36mconst[39m repoLink [33m=[39m screen[33m.[39mgetByRole([32m'link'[39m[33m,[39m { name[33m:[39m [35m/GitHub Repository/i[39m })[33m;[39m
     [90m 32 |[39m         expect(repoLink)[33m.[39mtoHaveAttribute([32m'href'[39m[33m,[39m [32m'https://github.com/tomasleote/vacation-scheduler'[39m)[33m;[39m
     [90m 33 |[39m         expect(repoLink)[33m.[39mtoHaveAttribute([32m'target'[39m[33m,[39m [32m'_blank'[39m)[33m;[39m[0m

      at VirtualConsole.<anonymous> (node_modules/jsdom/lib/jsdom/virtual-console.js:29:45)
      at reportException (node_modules/jsdom/lib/jsdom/living/helpers/runtime-script-errors.js:70:28)
      at innerInvokeEventListeners (node_modules/jsdom/lib/jsdom/living/events/EventTarget-impl.js:341:9)
      at invokeEventListeners (node_modules/jsdom/lib/jsdom/living/events/EventTarget-impl.js:274:3)
      at HTMLUnknownElementImpl._dispatch (node_modules/jsdom/lib/jsdom/living/events/EventTarget-impl.js:221:9)
      at HTMLUnknownElementImpl.dispatchEvent (node_modules/jsdom/lib/jsdom/living/events/EventTarget-impl.js:94:17)
      at HTMLUnknownElement.dispatchEvent (node_modules/jsdom/lib/jsdom/living/generated/EventTarget.js:231:34)
      at Object.invokeGuardedCallbackDev (node_modules/react-dom/cjs/react-dom.development.js:4213:16)
      at invokeGuardedCallback (node_modules/react-dom/cjs/react-dom.development.js:4277:31)
      at beginWork$1 (node_modules/react-dom/cjs/react-dom.development.js:27490:7)
      at performUnitOfWork (node_modules/react-dom/cjs/react-dom.development.js:26599:12)
      at workLoopSync (node_modules/react-dom/cjs/react-dom.development.js:26505:5)
      at renderRootSync (node_modules/react-dom/cjs/react-dom.development.js:26473:7)
      at performConcurrentWorkOnRoot (node_modules/react-dom/cjs/react-dom.development.js:25777:74)
      at flushActQueue (node_modules/react/cjs/react.development.js:2667:24)
      at act (node_modules/react/cjs/react.development.js:2582:11)
      at node_modules/@testing-library/react/dist/act-compat.js:46:25
      at renderRoot (node_modules/@testing-library/react/dist/pure.js:189:26)
      at render (node_modules/@testing-library/react/dist/pure.js:291:10)
      at Object.<anonymous> (src/shared/ui/Footer.test.js:30:15)

    console.error
      Error: Uncaught [TypeError: Cannot destructure property 'basename' of 'React.useContext(...)' as it is null.]
          at reportException (C:\Users\leotm\Desktop\Projetos\Programming\vacation-scheduler\node_modules\jsdom\lib\jsdom\living\helpers\runtime-script-errors.js:66:24)
          at innerInvokeEventListeners (C:\Users\leotm\Desktop\Projetos\Programming\vacation-scheduler\node_modules\jsdom\lib\jsdom\living\events\EventTarget-impl.js:341:9)
          at invokeEventListeners (C:\Users\leotm\Desktop\Projetos\Programming\vacation-scheduler\node_modules\jsdom\lib\jsdom\living\events\EventTarget-impl.js:274:3)
          at HTMLUnknownElementImpl._dispatch (C:\Users\leotm\Desktop\Projetos\Programming\vacation-scheduler\node_modules\jsdom\lib\jsdom\living\events\EventTarget-impl.js:221:9)
          at HTMLUnknownElementImpl.dispatchEvent (C:\Users\leotm\Desktop\Projetos\Programming\vacation-scheduler\node_modules\jsdom\lib\jsdom\living\events\EventTarget-impl.js:94:17)
          at HTMLUnknownElement.dispatchEvent (C:\Users\leotm\Desktop\Projetos\Programming\vacation-scheduler\node_modules\jsdom\lib\jsdom\living\generated\EventTarget.js:231:34)
          at Object.invokeGuardedCallbackDev (C:\Users\leotm\Desktop\Projetos\Programming\vacation-scheduler\node_modules\react-dom\cjs\react-dom.development.js:4213:16)
          at invokeGuardedCallback (C:\Users\leotm\Desktop\Projetos\Programming\vacation-scheduler\node_modules\react-dom\cjs\react-dom.development.js:4277:31)
          at beginWork$1 (C:\Users\leotm\Desktop\Projetos\Programming\vacation-scheduler\node_modules\react-dom\cjs\react-dom.development.js:27490:7)
          at performUnitOfWork (C:\Users\leotm\Desktop\Projetos\Programming\vacation-scheduler\node_modules\react-dom\cjs\react-dom.development.js:26599:12)
          at workLoopSync (C:\Users\leotm\Desktop\Projetos\Programming\vacation-scheduler\node_modules\react-dom\cjs\react-dom.development.js:26505:5)
          at renderRootSync (C:\Users\leotm\Desktop\Projetos\Programming\vacation-scheduler\node_modules\react-dom\cjs\react-dom.development.js:26473:7)
          at performConcurrentWorkOnRoot (C:\Users\leotm\Desktop\Projetos\Programming\vacation-scheduler\node_modules\react-dom\cjs\react-dom.development.js:25777:74)
          at flushActQueue (C:\Users\leotm\Desktop\Projetos\Programming\vacation-scheduler\node_modules\react\cjs\react.development.js:2667:24)
          at act (C:\Users\leotm\Desktop\Projetos\Programming\vacation-scheduler\node_modules\react\cjs\react.development.js:2582:11)
          at C:\Users\leotm\Desktop\Projetos\Programming\vacation-scheduler\node_modules\@testing-library\react\dist\act-compat.js:46:25
          at renderRoot (C:\Users\leotm\Desktop\Projetos\Programming\vacation-scheduler\node_modules\@testing-library\react\dist\pure.js:189:26)
          at render (C:\Users\leotm\Desktop\Projetos\Programming\vacation-scheduler\node_modules\@testing-library\react\dist\pure.js:291:10)
          at Object.<anonymous> (C:\Users\leotm\Desktop\Projetos\Programming\vacation-scheduler\src\shared\ui\Footer.test.js:30:15)
          at Promise.then.completed (C:\Users\leotm\Desktop\Projetos\Programming\vacation-scheduler\node_modules\jest-circus\build\utils.js:391:28)
          at new Promise (<anonymous>)
          at callAsyncCircusFn (C:\Users\leotm\Desktop\Projetos\Programming\vacation-scheduler\node_modules\jest-circus\build\utils.js:316:10)
          at _callCircusTest (C:\Users\leotm\Desktop\Projetos\Programming\vacation-scheduler\node_modules\jest-circus\build\run.js:218:40)
          at processTicksAndRejections (node:internal/process/task_queues:103:5)
          at _runTest (C:\Users\leotm\Desktop\Projetos\Programming\vacation-scheduler\node_modules\jest-circus\build\run.js:155:3)
          at _runTestsForDescribeBlock (C:\Users\leotm\Desktop\Projetos\Programming\vacation-scheduler\node_modules\jest-circus\build\run.js:66:9)
          at _runTestsForDescribeBlock (C:\Users\leotm\Desktop\Projetos\Programming\vacation-scheduler\node_modules\jest-circus\build\run.js:60:9)
          at run (C:\Users\leotm\Desktop\Projetos\Programming\vacation-scheduler\node_modules\jest-circus\build\run.js:25:3)
          at runAndTransformResultsToJestFormat (C:\Users\leotm\Desktop\Projetos\Programming\vacation-scheduler\node_modules\jest-circus\build\legacy-code-todo-rewrite\jestAdapterInit.js:170:21)
          at jestAdapter (C:\Users\leotm\Desktop\Projetos\Programming\vacation-scheduler\node_modules\jest-circus\build\legacy-code-todo-rewrite\jestAdapter.js:82:19)
          at runTestInternal (C:\Users\leotm\Desktop\Projetos\Programming\vacation-scheduler\node_modules\jest-runner\build\runTest.js:389:16)
          at runTest (C:\Users\leotm\Desktop\Projetos\Programming\vacation-scheduler\node_modules\jest-runner\build\runTest.js:475:34)
          at Object.worker (C:\Users\leotm\Desktop\Projetos\Programming\vacation-scheduler\node_modules\jest-runner\build\testWorker.js:133:12) TypeError: Cannot destructure property 'basename' of 'React.useContext(...)' as it is null.
          at LinkWithRef (C:\Users\leotm\Desktop\Projetos\Programming\vacation-scheduler\node_modules\react-router\dist\development\chunk-2YMDXNOJ.js:399:11)
          at renderWithHooks (C:\Users\leotm\Desktop\Projetos\Programming\vacation-scheduler\node_modules\react-dom\cjs\react-dom.development.js:15486:18)
          at updateForwardRef (C:\Users\leotm\Desktop\Projetos\Programming\vacation-scheduler\node_modules\react-dom\cjs\react-dom.development.js:19245:20)
          at beginWork (C:\Users\leotm\Desktop\Projetos\Programming\vacation-scheduler\node_modules\react-dom\cjs\react-dom.development.js:21675:16)
          at HTMLUnknownElement.callCallback (C:\Users\leotm\Desktop\Projetos\Programming\vacation-scheduler\node_modules\react-dom\cjs\react-dom.development.js:4164:14)
          at HTMLUnknownElement.callTheUserObjectsOperation (C:\Users\leotm\Desktop\Projetos\Programming\vacation-scheduler\node_modules\jsdom\lib\jsdom\living\generated\EventListener.js:26:30)
          at innerInvokeEventListeners (C:\Users\leotm\Desktop\Projetos\Programming\vacation-scheduler\node_modules\jsdom\lib\jsdom\living\events\EventTarget-impl.js:338:25)
          at invokeEventListeners (C:\Users\leotm\Desktop\Projetos\Programming\vacation-scheduler\node_modules\jsdom\lib\jsdom\living\events\EventTarget-impl.js:274:3)
          at HTMLUnknownElementImpl._dispatch (C:\Users\leotm\Desktop\Projetos\Programming\vacation-scheduler\node_modules\jsdom\lib\jsdom\living\events\EventTarget-impl.js:221:9)
          at HTMLUnknownElementImpl.dispatchEvent (C:\Users\leotm\Desktop\Projetos\Programming\vacation-scheduler\node_modules\jsdom\lib\jsdom\living\events\EventTarget-impl.js:94:17)
          at HTMLUnknownElement.dispatchEvent (C:\Users\leotm\Desktop\Projetos\Programming\vacation-scheduler\node_modules\jsdom\lib\jsdom\living\generated\EventTarget.js:231:34)
          at Object.invokeGuardedCallbackDev (C:\Users\leotm\Desktop\Projetos\Programming\vacation-scheduler\node_modules\react-dom\cjs\react-dom.development.js:4213:16)
          at invokeGuardedCallback (C:\Users\leotm\Desktop\Projetos\Programming\vacation-scheduler\node_modules\react-dom\cjs\react-dom.development.js:4277:31)
          at beginWork$1 (C:\Users\leotm\Desktop\Projetos\Programming\vacation-scheduler\node_modules\react-dom\cjs\react-dom.development.js:27490:7)
          at performUnitOfWork (C:\Users\leotm\Desktop\Projetos\Programming\vacation-scheduler\node_modules\react-dom\cjs\react-dom.development.js:26599:12)
          at workLoopSync (C:\Users\leotm\Desktop\Projetos\Programming\vacation-scheduler\node_modules\react-dom\cjs\react-dom.development.js:26505:5)
          at renderRootSync (C:\Users\leotm\Desktop\Projetos\Programming\vacation-scheduler\node_modules\react-dom\cjs\react-dom.development.js:26473:7)
          at performConcurrentWorkOnRoot (C:\Users\leotm\Desktop\Projetos\Programming\vacation-scheduler\node_modules\react-dom\cjs\react-dom.development.js:25777:74)
          at flushActQueue (C:\Users\leotm\Desktop\Projetos\Programming\vacation-scheduler\node_modules\react\cjs\react.development.js:2667:24)
          at act (C:\Users\leotm\Desktop\Projetos\Programming\vacation-scheduler\node_modules\react\cjs\react.development.js:2582:11)
          at C:\Users\leotm\Desktop\Projetos\Programming\vacation-scheduler\node_modules\@testing-library\react\dist\act-compat.js:46:25
          at renderRoot (C:\Users\leotm\Desktop\Projetos\Programming\vacation-scheduler\node_modules\@testing-library\react\dist\pure.js:189:26)
          at render (C:\Users\leotm\Desktop\Projetos\Programming\vacation-scheduler\node_modules\@testing-library\react\dist\pure.js:291:10)
          at Object.<anonymous> (C:\Users\leotm\Desktop\Projetos\Programming\vacation-scheduler\src\shared\ui\Footer.test.js:30:15)
          at Promise.then.completed (C:\Users\leotm\Desktop\Projetos\Programming\vacation-scheduler\node_modules\jest-circus\build\utils.js:391:28)
          at new Promise (<anonymous>)
          at callAsyncCircusFn (C:\Users\leotm\Desktop\Projetos\Programming\vacation-scheduler\node_modules\jest-circus\build\utils.js:316:10)
          at _callCircusTest (C:\Users\leotm\Desktop\Projetos\Programming\vacation-scheduler\node_modules\jest-circus\build\run.js:218:40)
          at processTicksAndRejections (node:internal/process/task_queues:103:5)
          at _runTest (C:\Users\leotm\Desktop\Projetos\Programming\vacation-scheduler\node_modules\jest-circus\build\run.js:155:3)
          at _runTestsForDescribeBlock (C:\Users\leotm\Desktop\Projetos\Programming\vacation-scheduler\node_modules\jest-circus\build\run.js:66:9)
          at _runTestsForDescribeBlock (C:\Users\leotm\Desktop\Projetos\Programming\vacation-scheduler\node_modules\jest-circus\build\run.js:60:9)
          at run (C:\Users\leotm\Desktop\Projetos\Programming\vacation-scheduler\node_modules\jest-circus\build\run.js:25:3)
          at runAndTransformResultsToJestFormat (C:\Users\leotm\Desktop\Projetos\Programming\vacation-scheduler\node_modules\jest-circus\build\legacy-code-todo-rewrite\jestAdapterInit.js:170:21)
          at jestAdapter (C:\Users\leotm\Desktop\Projetos\Programming\vacation-scheduler\node_modules\jest-circus\build\legacy-code-todo-rewrite\jestAdapter.js:82:19)
          at runTestInternal (C:\Users\leotm\Desktop\Projetos\Programming\vacation-scheduler\node_modules\jest-runner\build\runTest.js:389:16)
          at runTest (C:\Users\leotm\Desktop\Projetos\Programming\vacation-scheduler\node_modules\jest-runner\build\runTest.js:475:34)
          at Object.worker (C:\Users\leotm\Desktop\Projetos\Programming\vacation-scheduler\node_modules\jest-runner\build\testWorker.js:133:12)

    [0m [90m 28 |[39m
     [90m 29 |[39m     it([32m'renders repository link correctly'[39m[33m,[39m () [33m=>[39m {
    [31m[1m>[22m[39m[90m 30 |[39m         render([33m<[39m[33mFooter[39m [33m/[39m[33m>[39m)[33m;[39m
     [90m    |[39m               [31m[1m^[22m[39m
     [90m 31 |[39m         [36mconst[39m repoLink [33m=[39m screen[33m.[39mgetByRole([32m'link'[39m[33m,[39m { name[33m:[39m [35m/GitHub Repository/i[39m })[33m;[39m
     [90m 32 |[39m         expect(repoLink)[33m.[39mtoHaveAttribute([32m'href'[39m[33m,[39m [32m'https://github.com/tomasleote/vacation-scheduler'[39m)[33m;[39m
     [90m 33 |[39m         expect(repoLink)[33m.[39mtoHaveAttribute([32m'target'[39m[33m,[39m [32m'_blank'[39m)[33m;[39m[0m

      at VirtualConsole.<anonymous> (node_modules/jsdom/lib/jsdom/virtual-console.js:29:45)
      at reportException (node_modules/jsdom/lib/jsdom/living/helpers/runtime-script-errors.js:70:28)
      at innerInvokeEventListeners (node_modules/jsdom/lib/jsdom/living/events/EventTarget-impl.js:341:9)
      at invokeEventListeners (node_modules/jsdom/lib/jsdom/living/events/EventTarget-impl.js:274:3)
      at HTMLUnknownElementImpl._dispatch (node_modules/jsdom/lib/jsdom/living/events/EventTarget-impl.js:221:9)
      at HTMLUnknownElementImpl.dispatchEvent (node_modules/jsdom/lib/jsdom/living/events/EventTarget-impl.js:94:17)
      at HTMLUnknownElement.dispatchEvent (node_modules/jsdom/lib/jsdom/living/generated/EventTarget.js:231:34)
      at Object.invokeGuardedCallbackDev (node_modules/react-dom/cjs/react-dom.development.js:4213:16)
      at invokeGuardedCallback (node_modules/react-dom/cjs/react-dom.development.js:4277:31)
      at beginWork$1 (node_modules/react-dom/cjs/react-dom.development.js:27490:7)
      at performUnitOfWork (node_modules/react-dom/cjs/react-dom.development.js:26599:12)
      at workLoopSync (node_modules/react-dom/cjs/react-dom.development.js:26505:5)
      at renderRootSync (node_modules/react-dom/cjs/react-dom.development.js:26473:7)
      at performConcurrentWorkOnRoot (node_modules/react-dom/cjs/react-dom.development.js:25777:74)
      at flushActQueue (node_modules/react/cjs/react.development.js:2667:24)
      at act (node_modules/react/cjs/react.development.js:2582:11)
      at node_modules/@testing-library/react/dist/act-compat.js:46:25
      at renderRoot (node_modules/@testing-library/react/dist/pure.js:189:26)
      at render (node_modules/@testing-library/react/dist/pure.js:291:10)
      at Object.<anonymous> (src/shared/ui/Footer.test.js:30:15)

    console.error
      Error: Uncaught [TypeError: Cannot destructure property 'basename' of 'React.useContext(...)' as it is null.]
          at reportException (C:\Users\leotm\Desktop\Projetos\Programming\vacation-scheduler\node_modules\jsdom\lib\jsdom\living\helpers\runtime-script-errors.js:66:24)
          at innerInvokeEventListeners (C:\Users\leotm\Desktop\Projetos\Programming\vacation-scheduler\node_modules\jsdom\lib\jsdom\living\events\EventTarget-impl.js:341:9)
          at invokeEventListeners (C:\Users\leotm\Desktop\Projetos\Programming\vacation-scheduler\node_modules\jsdom\lib\jsdom\living\events\EventTarget-impl.js:274:3)
          at HTMLUnknownElementImpl._dispatch (C:\Users\leotm\Desktop\Projetos\Programming\vacation-scheduler\node_modules\jsdom\lib\jsdom\living\events\EventTarget-impl.js:221:9)
          at HTMLUnknownElementImpl.dispatchEvent (C:\Users\leotm\Desktop\Projetos\Programming\vacation-scheduler\node_modules\jsdom\lib\jsdom\living\events\EventTarget-impl.js:94:17)
          at HTMLUnknownElement.dispatchEvent (C:\Users\leotm\Desktop\Projetos\Programming\vacation-scheduler\node_modules\jsdom\lib\jsdom\living\generated\EventTarget.js:231:34)
          at Object.invokeGuardedCallbackDev (C:\Users\leotm\Desktop\Projetos\Programming\vacation-scheduler\node_modules\react-dom\cjs\react-dom.development.js:4213:16)
          at invokeGuardedCallback (C:\Users\leotm\Desktop\Projetos\Programming\vacation-scheduler\node_modules\react-dom\cjs\react-dom.development.js:4277:31)
          at beginWork$1 (C:\Users\leotm\Desktop\Projetos\Programming\vacation-scheduler\node_modules\react-dom\cjs\react-dom.development.js:27490:7)
          at performUnitOfWork (C:\Users\leotm\Desktop\Projetos\Programming\vacation-scheduler\node_modules\react-dom\cjs\react-dom.development.js:26599:12)
          at workLoopSync (C:\Users\leotm\Desktop\Projetos\Programming\vacation-scheduler\node_modules\react-dom\cjs\react-dom.development.js:26505:5)
          at renderRootSync (C:\Users\leotm\Desktop\Projetos\Programming\vacation-scheduler\node_modules\react-dom\cjs\react-dom.development.js:26473:7)
          at performConcurrentWorkOnRoot (C:\Users\leotm\Desktop\Projetos\Programming\vacation-scheduler\node_modules\react-dom\cjs\react-dom.development.js:25777:74)
          at flushActQueue (C:\Users\leotm\Desktop\Projetos\Programming\vacation-scheduler\node_modules\react\cjs\react.development.js:2667:24)
          at act (C:\Users\leotm\Desktop\Projetos\Programming\vacation-scheduler\node_modules\react\cjs\react.development.js:2582:11)
          at C:\Users\leotm\Desktop\Projetos\Programming\vacation-scheduler\node_modules\@testing-library\react\dist\act-compat.js:46:25
          at renderRoot (C:\Users\leotm\Desktop\Projetos\Programming\vacation-scheduler\node_modules\@testing-library\react\dist\pure.js:189:26)
          at render (C:\Users\leotm\Desktop\Projetos\Programming\vacation-scheduler\node_modules\@testing-library\react\dist\pure.js:291:10)
          at Object.<anonymous> (C:\Users\leotm\Desktop\Projetos\Programming\vacation-scheduler\src\shared\ui\Footer.test.js:30:15)
          at Promise.then.completed (C:\Users\leotm\Desktop\Projetos\Programming\vacation-scheduler\node_modules\jest-circus\build\utils.js:391:28)
          at new Promise (<anonymous>)
          at callAsyncCircusFn (C:\Users\leotm\Desktop\Projetos\Programming\vacation-scheduler\node_modules\jest-circus\build\utils.js:316:10)
          at _callCircusTest (C:\Users\leotm\Desktop\Projetos\Programming\vacation-scheduler\node_modules\jest-circus\build\run.js:218:40)
          at processTicksAndRejections (node:internal/process/task_queues:103:5)
          at _runTest (C:\Users\leotm\Desktop\Projetos\Programming\vacation-scheduler\node_modules\jest-circus\build\run.js:155:3)
          at _runTestsForDescribeBlock (C:\Users\leotm\Desktop\Projetos\Programming\vacation-scheduler\node_modules\jest-circus\build\run.js:66:9)
          at _runTestsForDescribeBlock (C:\Users\leotm\Desktop\Projetos\Programming\vacation-scheduler\node_modules\jest-circus\build\run.js:60:9)
          at run (C:\Users\leotm\Desktop\Projetos\Programming\vacation-scheduler\node_modules\jest-circus\build\run.js:25:3)
          at runAndTransformResultsToJestFormat (C:\Users\leotm\Desktop\Projetos\Programming\vacation-scheduler\node_modules\jest-circus\build\legacy-code-todo-rewrite\jestAdapterInit.js:170:21)
          at jestAdapter (C:\Users\leotm\Desktop\Projetos\Programming\vacation-scheduler\node_modules\jest-circus\build\legacy-code-todo-rewrite\jestAdapter.js:82:19)
          at runTestInternal (C:\Users\leotm\Desktop\Projetos\Programming\vacation-scheduler\node_modules\jest-runner\build\runTest.js:389:16)
          at runTest (C:\Users\leotm\Desktop\Projetos\Programming\vacation-scheduler\node_modules\jest-runner\build\runTest.js:475:34)
          at Object.worker (C:\Users\leotm\Desktop\Projetos\Programming\vacation-scheduler\node_modules\jest-runner\build\testWorker.js:133:12) TypeError: Cannot destructure property 'basename' of 'React.useContext(...)' as it is null.
          at LinkWithRef (C:\Users\leotm\Desktop\Projetos\Programming\vacation-scheduler\node_modules\react-router\dist\development\chunk-2YMDXNOJ.js:399:11)
          at renderWithHooks (C:\Users\leotm\Desktop\Projetos\Programming\vacation-scheduler\node_modules\react-dom\cjs\react-dom.development.js:15486:18)
          at updateForwardRef (C:\Users\leotm\Desktop\Projetos\Programming\vacation-scheduler\node_modules\react-dom\cjs\react-dom.development.js:19245:20)
          at beginWork (C:\Users\leotm\Desktop\Projetos\Programming\vacation-scheduler\node_modules\react-dom\cjs\react-dom.development.js:21675:16)
          at HTMLUnknownElement.callCallback (C:\Users\leotm\Desktop\Projetos\Programming\vacation-scheduler\node_modules\react-dom\cjs\react-dom.development.js:4164:14)
          at HTMLUnknownElement.callTheUserObjectsOperation (C:\Users\leotm\Desktop\Projetos\Programming\vacation-scheduler\node_modules\jsdom\lib\jsdom\living\generated\EventListener.js:26:30)
          at innerInvokeEventListeners (C:\Users\leotm\Desktop\Projetos\Programming\vacation-scheduler\node_modules\jsdom\lib\jsdom\living\events\EventTarget-impl.js:338:25)
          at invokeEventListeners (C:\Users\leotm\Desktop\Projetos\Programming\vacation-scheduler\node_modules\jsdom\lib\jsdom\living\events\EventTarget-impl.js:274:3)
          at HTMLUnknownElementImpl._dispatch (C:\Users\leotm\Desktop\Projetos\Programming\vacation-scheduler\node_modules\jsdom\lib\jsdom\living\events\EventTarget-impl.js:221:9)
          at HTMLUnknownElementImpl.dispatchEvent (C:\Users\leotm\Desktop\Projetos\Programming\vacation-scheduler\node_modules\jsdom\lib\jsdom\living\events\EventTarget-impl.js:94:17)
          at HTMLUnknownElement.dispatchEvent (C:\Users\leotm\Desktop\Projetos\Programming\vacation-scheduler\node_modules\jsdom\lib\jsdom\living\generated\EventTarget.js:231:34)
          at Object.invokeGuardedCallbackDev (C:\Users\leotm\Desktop\Projetos\Programming\vacation-scheduler\node_modules\react-dom\cjs\react-dom.development.js:4213:16)
          at invokeGuardedCallback (C:\Users\leotm\Desktop\Projetos\Programming\vacation-scheduler\node_modules\react-dom\cjs\react-dom.development.js:4277:31)
          at beginWork$1 (C:\Users\leotm\Desktop\Projetos\Programming\vacation-scheduler\node_modules\react-dom\cjs\react-dom.development.js:27490:7)
          at performUnitOfWork (C:\Users\leotm\Desktop\Projetos\Programming\vacation-scheduler\node_modules\react-dom\cjs\react-dom.development.js:26599:12)
          at workLoopSync (C:\Users\leotm\Desktop\Projetos\Programming\vacation-scheduler\node_modules\react-dom\cjs\react-dom.development.js:26505:5)
          at renderRootSync (C:\Users\leotm\Desktop\Projetos\Programming\vacation-scheduler\node_modules\react-dom\cjs\react-dom.development.js:26473:7)
          at performConcurrentWorkOnRoot (C:\Users\leotm\Desktop\Projetos\Programming\vacation-scheduler\node_modules\react-dom\cjs\react-dom.development.js:25777:74)
          at flushActQueue (C:\Users\leotm\Desktop\Projetos\Programming\vacation-scheduler\node_modules\react\cjs\react.development.js:2667:24)
          at act (C:\Users\leotm\Desktop\Projetos\Programming\vacation-scheduler\node_modules\react\cjs\react.development.js:2582:11)
          at C:\Users\leotm\Desktop\Projetos\Programming\vacation-scheduler\node_modules\@testing-library\react\dist\act-compat.js:46:25
          at renderRoot (C:\Users\leotm\Desktop\Projetos\Programming\vacation-scheduler\node_modules\@testing-library\react\dist\pure.js:189:26)
          at render (C:\Users\leotm\Desktop\Projetos\Programming\vacation-scheduler\node_modules\@testing-library\react\dist\pure.js:291:10)
          at Object.<anonymous> (C:\Users\leotm\Desktop\Projetos\Programming\vacation-scheduler\src\shared\ui\Footer.test.js:30:15)
          at Promise.then.completed (C:\Users\leotm\Desktop\Projetos\Programming\vacation-scheduler\node_modules\jest-circus\build\utils.js:391:28)
          at new Promise (<anonymous>)
          at callAsyncCircusFn (C:\Users\leotm\Desktop\Projetos\Programming\vacation-scheduler\node_modules\jest-circus\build\utils.js:316:10)
          at _callCircusTest (C:\Users\leotm\Desktop\Projetos\Programming\vacation-scheduler\node_modules\jest-circus\build\run.js:218:40)
          at processTicksAndRejections (node:internal/process/task_queues:103:5)
          at _runTest (C:\Users\leotm\Desktop\Projetos\Programming\vacation-scheduler\node_modules\jest-circus\build\run.js:155:3)
          at _runTestsForDescribeBlock (C:\Users\leotm\Desktop\Projetos\Programming\vacation-scheduler\node_modules\jest-circus\build\run.js:66:9)
          at _runTestsForDescribeBlock (C:\Users\leotm\Desktop\Projetos\Programming\vacation-scheduler\node_modules\jest-circus\build\run.js:60:9)
          at run (C:\Users\leotm\Desktop\Projetos\Programming\vacation-scheduler\node_modules\jest-circus\build\run.js:25:3)
          at runAndTransformResultsToJestFormat (C:\Users\leotm\Desktop\Projetos\Programming\vacation-scheduler\node_modules\jest-circus\build\legacy-code-todo-rewrite\jestAdapterInit.js:170:21)
          at jestAdapter (C:\Users\leotm\Desktop\Projetos\Programming\vacation-scheduler\node_modules\jest-circus\build\legacy-code-todo-rewrite\jestAdapter.js:82:19)
          at runTestInternal (C:\Users\leotm\Desktop\Projetos\Programming\vacation-scheduler\node_modules\jest-runner\build\runTest.js:389:16)
          at runTest (C:\Users\leotm\Desktop\Projetos\Programming\vacation-scheduler\node_modules\jest-runner\build\runTest.js:475:34)
          at Object.worker (C:\Users\leotm\Desktop\Projetos\Programming\vacation-scheduler\node_modules\jest-runner\build\testWorker.js:133:12)

    [0m [90m 28 |[39m
     [90m 29 |[39m     it([32m'renders repository link correctly'[39m[33m,[39m () [33m=>[39m {
    [31m[1m>[22m[39m[90m 30 |[39m         render([33m<[39m[33mFooter[39m [33m/[39m[33m>[39m)[33m;[39m
     [90m    |[39m               [31m[1m^[22m[39m
     [90m 31 |[39m         [36mconst[39m repoLink [33m=[39m screen[33m.[39mgetByRole([32m'link'[39m[33m,[39m { name[33m:[39m [35m/GitHub Repository/i[39m })[33m;[39m
     [90m 32 |[39m         expect(repoLink)[33m.[39mtoHaveAttribute([32m'href'[39m[33m,[39m [32m'https://github.com/tomasleote/vacation-scheduler'[39m)[33m;[39m
     [90m 33 |[39m         expect(repoLink)[33m.[39mtoHaveAttribute([32m'target'[39m[33m,[39m [32m'_blank'[39m)[33m;[39m[0m

      at VirtualConsole.<anonymous> (node_modules/jsdom/lib/jsdom/virtual-console.js:29:45)
      at reportException (node_modules/jsdom/lib/jsdom/living/helpers/runtime-script-errors.js:70:28)
      at innerInvokeEventListeners (node_modules/jsdom/lib/jsdom/living/events/EventTarget-impl.js:341:9)
      at invokeEventListeners (node_modules/jsdom/lib/jsdom/living/events/EventTarget-impl.js:274:3)
      at HTMLUnknownElementImpl._dispatch (node_modules/jsdom/lib/jsdom/living/events/EventTarget-impl.js:221:9)
      at HTMLUnknownElementImpl.dispatchEvent (node_modules/jsdom/lib/jsdom/living/events/EventTarget-impl.js:94:17)
      at HTMLUnknownElement.dispatchEvent (node_modules/jsdom/lib/jsdom/living/generated/EventTarget.js:231:34)
      at Object.invokeGuardedCallbackDev (node_modules/react-dom/cjs/react-dom.development.js:4213:16)
      at invokeGuardedCallback (node_modules/react-dom/cjs/react-dom.development.js:4277:31)
      at beginWork$1 (node_modules/react-dom/cjs/react-dom.development.js:27490:7)
      at performUnitOfWork (node_modules/react-dom/cjs/react-dom.development.js:26599:12)
      at workLoopSync (node_modules/react-dom/cjs/react-dom.development.js:26505:5)
      at renderRootSync (node_modules/react-dom/cjs/react-dom.development.js:26473:7)
      at performConcurrentWorkOnRoot (node_modules/react-dom/cjs/react-dom.development.js:25777:74)
      at flushActQueue (node_modules/react/cjs/react.development.js:2667:24)
      at act (node_modules/react/cjs/react.development.js:2582:11)
      at node_modules/@testing-library/react/dist/act-compat.js:46:25
      at renderRoot (node_modules/@testing-library/react/dist/pure.js:189:26)
      at render (node_modules/@testing-library/react/dist/pure.js:291:10)
      at Object.<anonymous> (src/shared/ui/Footer.test.js:30:15)

    console.error
      Error: Uncaught [TypeError: Cannot destructure property 'basename' of 'React.useContext(...)' as it is null.]
          at reportException (C:\Users\leotm\Desktop\Projetos\Programming\vacation-scheduler\node_modules\jsdom\lib\jsdom\living\helpers\runtime-script-errors.js:66:24)
          at innerInvokeEventListeners (C:\Users\leotm\Desktop\Projetos\Programming\vacation-scheduler\node_modules\jsdom\lib\jsdom\living\events\EventTarget-impl.js:341:9)
          at invokeEventListeners (C:\Users\leotm\Desktop\Projetos\Programming\vacation-scheduler\node_modules\jsdom\lib\jsdom\living\events\EventTarget-impl.js:274:3)
          at HTMLUnknownElementImpl._dispatch (C:\Users\leotm\Desktop\Projetos\Programming\vacation-scheduler\node_modules\jsdom\lib\jsdom\living\events\EventTarget-impl.js:221:9)
          at HTMLUnknownElementImpl.dispatchEvent (C:\Users\leotm\Desktop\Projetos\Programming\vacation-scheduler\node_modules\jsdom\lib\jsdom\living\events\EventTarget-impl.js:94:17)
          at HTMLUnknownElement.dispatchEvent (C:\Users\leotm\Desktop\Projetos\Programming\vacation-scheduler\node_modules\jsdom\lib\jsdom\living\generated\EventTarget.js:231:34)
          at Object.invokeGuardedCallbackDev (C:\Users\leotm\Desktop\Projetos\Programming\vacation-scheduler\node_modules\react-dom\cjs\react-dom.development.js:4213:16)
          at invokeGuardedCallback (C:\Users\leotm\Desktop\Projetos\Programming\vacation-scheduler\node_modules\react-dom\cjs\react-dom.development.js:4277:31)
          at beginWork$1 (C:\Users\leotm\Desktop\Projetos\Programming\vacation-scheduler\node_modules\react-dom\cjs\react-dom.development.js:27490:7)
          at performUnitOfWork (C:\Users\leotm\Desktop\Projetos\Programming\vacation-scheduler\node_modules\react-dom\cjs\react-dom.development.js:26599:12)
          at workLoopSync (C:\Users\leotm\Desktop\Projetos\Programming\vacation-scheduler\node_modules\react-dom\cjs\react-dom.development.js:26505:5)
          at renderRootSync (C:\Users\leotm\Desktop\Projetos\Programming\vacation-scheduler\node_modules\react-dom\cjs\react-dom.development.js:26473:7)
          at recoverFromConcurrentError (C:\Users\leotm\Desktop\Projetos\Programming\vacation-scheduler\node_modules\react-dom\cjs\react-dom.development.js:25889:20)
          at performConcurrentWorkOnRoot (C:\Users\leotm\Desktop\Projetos\Programming\vacation-scheduler\node_modules\react-dom\cjs\react-dom.development.js:25789:22)
          at flushActQueue (C:\Users\leotm\Desktop\Projetos\Programming\vacation-scheduler\node_modules\react\cjs\react.development.js:2667:24)
          at act (C:\Users\leotm\Desktop\Projetos\Programming\vacation-scheduler\node_modules\react\cjs\react.development.js:2582:11)
          at C:\Users\leotm\Desktop\Projetos\Programming\vacation-scheduler\node_modules\@testing-library\react\dist\act-compat.js:46:25
          at renderRoot (C:\Users\leotm\Desktop\Projetos\Programming\vacation-scheduler\node_modules\@testing-library\react\dist\pure.js:189:26)
          at render (C:\Users\leotm\Desktop\Projetos\Programming\vacation-scheduler\node_modules\@testing-library\react\dist\pure.js:291:10)
          at Object.<anonymous> (C:\Users\leotm\Desktop\Projetos\Programming\vacation-scheduler\src\shared\ui\Footer.test.js:30:15)
          at Promise.then.completed (C:\Users\leotm\Desktop\Projetos\Programming\vacation-scheduler\node_modules\jest-circus\build\utils.js:391:28)
          at new Promise (<anonymous>)
          at callAsyncCircusFn (C:\Users\leotm\Desktop\Projetos\Programming\vacation-scheduler\node_modules\jest-circus\build\utils.js:316:10)
          at _callCircusTest (C:\Users\leotm\Desktop\Projetos\Programming\vacation-scheduler\node_modules\jest-circus\build\run.js:218:40)
          at processTicksAndRejections (node:internal/process/task_queues:103:5)
          at _runTest (C:\Users\leotm\Desktop\Projetos\Programming\vacation-scheduler\node_modules\jest-circus\build\run.js:155:3)
          at _runTestsForDescribeBlock (C:\Users\leotm\Desktop\Projetos\Programming\vacation-scheduler\node_modules\jest-circus\build\run.js:66:9)
          at _runTestsForDescribeBlock (C:\Users\leotm\Desktop\Projetos\Programming\vacation-scheduler\node_modules\jest-circus\build\run.js:60:9)
          at run (C:\Users\leotm\Desktop\Projetos\Programming\vacation-scheduler\node_modules\jest-circus\build\run.js:25:3)
          at runAndTransformResultsToJestFormat (C:\Users\leotm\Desktop\Projetos\Programming\vacation-scheduler\node_modules\jest-circus\build\legacy-code-todo-rewrite\jestAdapterInit.js:170:21)
          at jestAdapter (C:\Users\leotm\Desktop\Projetos\Programming\vacation-scheduler\node_modules\jest-circus\build\legacy-code-todo-rewrite\jestAdapter.js:82:19)
          at runTestInternal (C:\Users\leotm\Desktop\Projetos\Programming\vacation-scheduler\node_modules\jest-runner\build\runTest.js:389:16)
          at runTest (C:\Users\leotm\Desktop\Projetos\Programming\vacation-scheduler\node_modules\jest-runner\build\runTest.js:475:34)
          at Object.worker (C:\Users\leotm\Desktop\Projetos\Programming\vacation-scheduler\node_modules\jest-runner\build\testWorker.js:133:12) TypeError: Cannot destructure property 'basename' of 'React.useContext(...)' as it is null.
          at LinkWithRef (C:\Users\leotm\Desktop\Projetos\Programming\vacation-scheduler\node_modules\react-router\dist\development\chunk-2YMDXNOJ.js:399:11)
          at renderWithHooks (C:\Users\leotm\Desktop\Projetos\Programming\vacation-scheduler\node_modules\react-dom\cjs\react-dom.development.js:15486:18)
          at updateForwardRef (C:\Users\leotm\Desktop\Projetos\Programming\vacation-scheduler\node_modules\react-dom\cjs\react-dom.development.js:19245:20)
          at beginWork (C:\Users\leotm\Desktop\Projetos\Programming\vacation-scheduler\node_modules\react-dom\cjs\react-dom.development.js:21675:16)
          at HTMLUnknownElement.callCallback (C:\Users\leotm\Desktop\Projetos\Programming\vacation-scheduler\node_modules\react-dom\cjs\react-dom.development.js:4164:14)
          at HTMLUnknownElement.callTheUserObjectsOperation (C:\Users\leotm\Desktop\Projetos\Programming\vacation-scheduler\node_modules\jsdom\lib\jsdom\living\generated\EventListener.js:26:30)
          at innerInvokeEventListeners (C:\Users\leotm\Desktop\Projetos\Programming\vacation-scheduler\node_modules\jsdom\lib\jsdom\living\events\EventTarget-impl.js:338:25)
          at invokeEventListeners (C:\Users\leotm\Desktop\Projetos\Programming\vacation-scheduler\node_modules\jsdom\lib\jsdom\living\events\EventTarget-impl.js:274:3)
          at HTMLUnknownElementImpl._dispatch (C:\Users\leotm\Desktop\Projetos\Programming\vacation-scheduler\node_modules\jsdom\lib\jsdom\living\events\EventTarget-impl.js:221:9)
          at HTMLUnknownElementImpl.dispatchEvent (C:\Users\leotm\Desktop\Projetos\Programming\vacation-scheduler\node_modules\jsdom\lib\jsdom\living\events\EventTarget-impl.js:94:17)
          at HTMLUnknownElement.dispatchEvent (C:\Users\leotm\Desktop\Projetos\Programming\vacation-scheduler\node_modules\jsdom\lib\jsdom\living\generated\EventTarget.js:231:34)
          at Object.invokeGuardedCallbackDev (C:\Users\leotm\Desktop\Projetos\Programming\vacation-scheduler\node_modules\react-dom\cjs\react-dom.development.js:4213:16)
          at invokeGuardedCallback (C:\Users\leotm\Desktop\Projetos\Programming\vacation-scheduler\node_modules\react-dom\cjs\react-dom.development.js:4277:31)
          at beginWork$1 (C:\Users\leotm\Desktop\Projetos\Programming\vacation-scheduler\node_modules\react-dom\cjs\react-dom.development.js:27490:7)
          at performUnitOfWork (C:\Users\leotm\Desktop\Projetos\Programming\vacation-scheduler\node_modules\react-dom\cjs\react-dom.development.js:26599:12)
          at workLoopSync (C:\Users\leotm\Desktop\Projetos\Programming\vacation-scheduler\node_modules\react-dom\cjs\react-dom.development.js:26505:5)
          at renderRootSync (C:\Users\leotm\Desktop\Projetos\Programming\vacation-scheduler\node_modules\react-dom\cjs\react-dom.development.js:26473:7)
          at recoverFromConcurrentError (C:\Users\leotm\Desktop\Projetos\Programming\vacation-scheduler\node_modules\react-dom\cjs\react-dom.development.js:25889:20)
          at performConcurrentWorkOnRoot (C:\Users\leotm\Desktop\Projetos\Programming\vacation-scheduler\node_modules\react-dom\cjs\react-dom.development.js:25789:22)
          at flushActQueue (C:\Users\leotm\Desktop\Projetos\Programming\vacation-scheduler\node_modules\react\cjs\react.development.js:2667:24)
          at act (C:\Users\leotm\Desktop\Projetos\Programming\vacation-scheduler\node_modules\react\cjs\react.development.js:2582:11)
          at C:\Users\leotm\Desktop\Projetos\Programming\vacation-scheduler\node_modules\@testing-library\react\dist\act-compat.js:46:25
          at renderRoot (C:\Users\leotm\Desktop\Projetos\Programming\vacation-scheduler\node_modules\@testing-library\react\dist\pure.js:189:26)
          at render (C:\Users\leotm\Desktop\Projetos\Programming\vacation-scheduler\node_modules\@testing-library\react\dist\pure.js:291:10)
          at Object.<anonymous> (C:\Users\leotm\Desktop\Projetos\Programming\vacation-scheduler\src\shared\ui\Footer.test.js:30:15)
          at Promise.then.completed (C:\Users\leotm\Desktop\Projetos\Programming\vacation-scheduler\node_modules\jest-circus\build\utils.js:391:28)
          at new Promise (<anonymous>)
          at callAsyncCircusFn (C:\Users\leotm\Desktop\Projetos\Programming\vacation-scheduler\node_modules\jest-circus\build\utils.js:316:10)
          at _callCircusTest (C:\Users\leotm\Desktop\Projetos\Programming\vacation-scheduler\node_modules\jest-circus\build\run.js:218:40)
          at processTicksAndRejections (node:internal/process/task_queues:103:5)
          at _runTest (C:\Users\leotm\Desktop\Projetos\Programming\vacation-scheduler\node_modules\jest-circus\build\run.js:155:3)
          at _runTestsForDescribeBlock (C:\Users\leotm\Desktop\Projetos\Programming\vacation-scheduler\node_modules\jest-circus\build\run.js:66:9)
          at _runTestsForDescribeBlock (C:\Users\leotm\Desktop\Projetos\Programming\vacation-scheduler\node_modules\jest-circus\build\run.js:60:9)
          at run (C:\Users\leotm\Desktop\Projetos\Programming\vacation-scheduler\node_modules\jest-circus\build\run.js:25:3)
          at runAndTransformResultsToJestFormat (C:\Users\leotm\Desktop\Projetos\Programming\vacation-scheduler\node_modules\jest-circus\build\legacy-code-todo-rewrite\jestAdapterInit.js:170:21)
          at jestAdapter (C:\Users\leotm\Desktop\Projetos\Programming\vacation-scheduler\node_modules\jest-circus\build\legacy-code-todo-rewrite\jestAdapter.js:82:19)
          at runTestInternal (C:\Users\leotm\Desktop\Projetos\Programming\vacation-scheduler\node_modules\jest-runner\build\runTest.js:389:16)
          at runTest (C:\Users\leotm\Desktop\Projetos\Programming\vacation-scheduler\node_modules\jest-runner\build\runTest.js:475:34)
          at Object.worker (C:\Users\leotm\Desktop\Projetos\Programming\vacation-scheduler\node_modules\jest-runner\build\testWorker.js:133:12)

    [0m [90m 28 |[39m
     [90m 29 |[39m     it([32m'renders repository link correctly'[39m[33m,[39m () [33m=>[39m {
    [31m[1m>[22m[39m[90m 30 |[39m         render([33m<[39m[33mFooter[39m [33m/[39m[33m>[39m)[33m;[39m
     [90m    |[39m               [31m[1m^[22m[39m
     [90m 31 |[39m         [36mconst[39m repoLink [33m=[39m screen[33m.[39mgetByRole([32m'link'[39m[33m,[39m { name[33m:[39m [35m/GitHub Repository/i[39m })[33m;[39m
     [90m 32 |[39m         expect(repoLink)[33m.[39mtoHaveAttribute([32m'href'[39m[33m,[39m [32m'https://github.com/tomasleote/vacation-scheduler'[39m)[33m;[39m
     [90m 33 |[39m         expect(repoLink)[33m.[39mtoHaveAttribute([32m'target'[39m[33m,[39m [32m'_blank'[39m)[33m;[39m[0m

      at VirtualConsole.<anonymous> (node_modules/jsdom/lib/jsdom/virtual-console.js:29:45)
      at reportException (node_modules/jsdom/lib/jsdom/living/helpers/runtime-script-errors.js:70:28)
      at innerInvokeEventListeners (node_modules/jsdom/lib/jsdom/living/events/EventTarget-impl.js:341:9)
      at invokeEventListeners (node_modules/jsdom/lib/jsdom/living/events/EventTarget-impl.js:274:3)
      at HTMLUnknownElementImpl._dispatch (node_modules/jsdom/lib/jsdom/living/events/EventTarget-impl.js:221:9)
      at HTMLUnknownElementImpl.dispatchEvent (node_modules/jsdom/lib/jsdom/living/events/EventTarget-impl.js:94:17)
      at HTMLUnknownElement.dispatchEvent (node_modules/jsdom/lib/jsdom/living/generated/EventTarget.js:231:34)
      at Object.invokeGuardedCallbackDev (node_modules/react-dom/cjs/react-dom.development.js:4213:16)
      at invokeGuardedCallback (node_modules/react-dom/cjs/react-dom.development.js:4277:31)
      at beginWork$1 (node_modules/react-dom/cjs/react-dom.development.js:27490:7)
      at performUnitOfWork (node_modules/react-dom/cjs/react-dom.development.js:26599:12)
      at workLoopSync (node_modules/react-dom/cjs/react-dom.development.js:26505:5)
      at renderRootSync (node_modules/react-dom/cjs/react-dom.development.js:26473:7)
      at recoverFromConcurrentError (node_modules/react-dom/cjs/react-dom.development.js:25889:20)
      at performConcurrentWorkOnRoot (node_modules/react-dom/cjs/react-dom.development.js:25789:22)
      at flushActQueue (node_modules/react/cjs/react.development.js:2667:24)
      at act (node_modules/react/cjs/react.development.js:2582:11)
      at node_modules/@testing-library/react/dist/act-compat.js:46:25
      at renderRoot (node_modules/@testing-library/react/dist/pure.js:189:26)
      at render (node_modules/@testing-library/react/dist/pure.js:291:10)
      at Object.<anonymous> (src/shared/ui/Footer.test.js:30:15)

    console.error
      Error: Uncaught [TypeError: Cannot destructure property 'basename' of 'React.useContext(...)' as it is null.]
          at reportException (C:\Users\leotm\Desktop\Projetos\Programming\vacation-scheduler\node_modules\jsdom\lib\jsdom\living\helpers\runtime-script-errors.js:66:24)
          at innerInvokeEventListeners (C:\Users\leotm\Desktop\Projetos\Programming\vacation-scheduler\node_modules\jsdom\lib\jsdom\living\events\EventTarget-impl.js:341:9)
          at invokeEventListeners (C:\Users\leotm\Desktop\Projetos\Programming\vacation-scheduler\node_modules\jsdom\lib\jsdom\living\events\EventTarget-impl.js:274:3)
          at HTMLUnknownElementImpl._dispatch (C:\Users\leotm\Desktop\Projetos\Programming\vacation-scheduler\node_modules\jsdom\lib\jsdom\living\events\EventTarget-impl.js:221:9)
          at HTMLUnknownElementImpl.dispatchEvent (C:\Users\leotm\Desktop\Projetos\Programming\vacation-scheduler\node_modules\jsdom\lib\jsdom\living\events\EventTarget-impl.js:94:17)
          at HTMLUnknownElement.dispatchEvent (C:\Users\leotm\Desktop\Projetos\Programming\vacation-scheduler\node_modules\jsdom\lib\jsdom\living\generated\EventTarget.js:231:34)
          at Object.invokeGuardedCallbackDev (C:\Users\leotm\Desktop\Projetos\Programming\vacation-scheduler\node_modules\react-dom\cjs\react-dom.development.js:4213:16)
          at invokeGuardedCallback (C:\Users\leotm\Desktop\Projetos\Programming\vacation-scheduler\node_modules\react-dom\cjs\react-dom.development.js:4277:31)
          at beginWork$1 (C:\Users\leotm\Desktop\Projetos\Programming\vacation-scheduler\node_modules\react-dom\cjs\react-dom.development.js:27490:7)
          at performUnitOfWork (C:\Users\leotm\Desktop\Projetos\Programming\vacation-scheduler\node_modules\react-dom\cjs\react-dom.development.js:26599:12)
          at workLoopSync (C:\Users\leotm\Desktop\Projetos\Programming\vacation-scheduler\node_modules\react-dom\cjs\react-dom.development.js:26505:5)
          at renderRootSync (C:\Users\leotm\Desktop\Projetos\Programming\vacation-scheduler\node_modules\react-dom\cjs\react-dom.development.js:26473:7)
          at recoverFromConcurrentError (C:\Users\leotm\Desktop\Projetos\Programming\vacation-scheduler\node_modules\react-dom\cjs\react-dom.development.js:25889:20)
          at performConcurrentWorkOnRoot (C:\Users\leotm\Desktop\Projetos\Programming\vacation-scheduler\node_modules\react-dom\cjs\react-dom.development.js:25789:22)
          at flushActQueue (C:\Users\leotm\Desktop\Projetos\Programming\vacation-scheduler\node_modules\react\cjs\react.development.js:2667:24)
          at act (C:\Users\leotm\Desktop\Projetos\Programming\vacation-scheduler\node_modules\react\cjs\react.development.js:2582:11)
          at C:\Users\leotm\Desktop\Projetos\Programming\vacation-scheduler\node_modules\@testing-library\react\dist\act-compat.js:46:25
          at renderRoot (C:\Users\leotm\Desktop\Projetos\Programming\vacation-scheduler\node_modules\@testing-library\react\dist\pure.js:189:26)
          at render (C:\Users\leotm\Desktop\Projetos\Programming\vacation-scheduler\node_modules\@testing-library\react\dist\pure.js:291:10)
          at Object.<anonymous> (C:\Users\leotm\Desktop\Projetos\Programming\vacation-scheduler\src\shared\ui\Footer.test.js:30:15)
          at Promise.then.completed (C:\Users\leotm\Desktop\Projetos\Programming\vacation-scheduler\node_modules\jest-circus\build\utils.js:391:28)
          at new Promise (<anonymous>)
          at callAsyncCircusFn (C:\Users\leotm\Desktop\Projetos\Programming\vacation-scheduler\node_modules\jest-circus\build\utils.js:316:10)
          at _callCircusTest (C:\Users\leotm\Desktop\Projetos\Programming\vacation-scheduler\node_modules\jest-circus\build\run.js:218:40)
          at processTicksAndRejections (node:internal/process/task_queues:103:5)
          at _runTest (C:\Users\leotm\Desktop\Projetos\Programming\vacation-scheduler\node_modules\jest-circus\build\run.js:155:3)
          at _runTestsForDescribeBlock (C:\Users\leotm\Desktop\Projetos\Programming\vacation-scheduler\node_modules\jest-circus\build\run.js:66:9)
          at _runTestsForDescribeBlock (C:\Users\leotm\Desktop\Projetos\Programming\vacation-scheduler\node_modules\jest-circus\build\run.js:60:9)
          at run (C:\Users\leotm\Desktop\Projetos\Programming\vacation-scheduler\node_modules\jest-circus\build\run.js:25:3)
          at runAndTransformResultsToJestFormat (C:\Users\leotm\Desktop\Projetos\Programming\vacation-scheduler\node_modules\jest-circus\build\legacy-code-todo-rewrite\jestAdapterInit.js:170:21)
          at jestAdapter (C:\Users\leotm\Desktop\Projetos\Programming\vacation-scheduler\node_modules\jest-circus\build\legacy-code-todo-rewrite\jestAdapter.js:82:19)
          at runTestInternal (C:\Users\leotm\Desktop\Projetos\Programming\vacation-scheduler\node_modules\jest-runner\build\runTest.js:389:16)
          at runTest (C:\Users\leotm\Desktop\Projetos\Programming\vacation-scheduler\node_modules\jest-runner\build\runTest.js:475:34)
          at Object.worker (C:\Users\leotm\Desktop\Projetos\Programming\vacation-scheduler\node_modules\jest-runner\build\testWorker.js:133:12) TypeError: Cannot destructure property 'basename' of 'React.useContext(...)' as it is null.
          at LinkWithRef (C:\Users\leotm\Desktop\Projetos\Programming\vacation-scheduler\node_modules\react-router\dist\development\chunk-2YMDXNOJ.js:399:11)
          at renderWithHooks (C:\Users\leotm\Desktop\Projetos\Programming\vacation-scheduler\node_modules\react-dom\cjs\react-dom.development.js:15486:18)
          at updateForwardRef (C:\Users\leotm\Desktop\Projetos\Programming\vacation-scheduler\node_modules\react-dom\cjs\react-dom.development.js:19245:20)
          at beginWork (C:\Users\leotm\Desktop\Projetos\Programming\vacation-scheduler\node_modules\react-dom\cjs\react-dom.development.js:21675:16)
          at HTMLUnknownElement.callCallback (C:\Users\leotm\Desktop\Projetos\Programming\vacation-scheduler\node_modules\react-dom\cjs\react-dom.development.js:4164:14)
          at HTMLUnknownElement.callTheUserObjectsOperation (C:\Users\leotm\Desktop\Projetos\Programming\vacation-scheduler\node_modules\jsdom\lib\jsdom\living\generated\EventListener.js:26:30)
          at innerInvokeEventListeners (C:\Users\leotm\Desktop\Projetos\Programming\vacation-scheduler\node_modules\jsdom\lib\jsdom\living\events\EventTarget-impl.js:338:25)
          at invokeEventListeners (C:\Users\leotm\Desktop\Projetos\Programming\vacation-scheduler\node_modules\jsdom\lib\jsdom\living\events\EventTarget-impl.js:274:3)
          at HTMLUnknownElementImpl._dispatch (C:\Users\leotm\Desktop\Projetos\Programming\vacation-scheduler\node_modules\jsdom\lib\jsdom\living\events\EventTarget-impl.js:221:9)
          at HTMLUnknownElementImpl.dispatchEvent (C:\Users\leotm\Desktop\Projetos\Programming\vacation-scheduler\node_modules\jsdom\lib\jsdom\living\events\EventTarget-impl.js:94:17)
          at HTMLUnknownElement.dispatchEvent (C:\Users\leotm\Desktop\Projetos\Programming\vacation-scheduler\node_modules\jsdom\lib\jsdom\living\generated\EventTarget.js:231:34)
          at Object.invokeGuardedCallbackDev (C:\Users\leotm\Desktop\Projetos\Programming\vacation-scheduler\node_modules\react-dom\cjs\react-dom.development.js:4213:16)
          at invokeGuardedCallback (C:\Users\leotm\Desktop\Projetos\Programming\vacation-scheduler\node_modules\react-dom\cjs\react-dom.development.js:4277:31)
          at beginWork$1 (C:\Users\leotm\Desktop\Projetos\Programming\vacation-scheduler\node_modules\react-dom\cjs\react-dom.development.js:27490:7)
          at performUnitOfWork (C:\Users\leotm\Desktop\Projetos\Programming\vacation-scheduler\node_modules\react-dom\cjs\react-dom.development.js:26599:12)
          at workLoopSync (C:\Users\leotm\Desktop\Projetos\Programming\vacation-scheduler\node_modules\react-dom\cjs\react-dom.development.js:26505:5)
          at renderRootSync (C:\Users\leotm\Desktop\Projetos\Programming\vacation-scheduler\node_modules\react-dom\cjs\react-dom.development.js:26473:7)
          at recoverFromConcurrentError (C:\Users\leotm\Desktop\Projetos\Programming\vacation-scheduler\node_modules\react-dom\cjs\react-dom.development.js:25889:20)
          at performConcurrentWorkOnRoot (C:\Users\leotm\Desktop\Projetos\Programming\vacation-scheduler\node_modules\react-dom\cjs\react-dom.development.js:25789:22)
          at flushActQueue (C:\Users\leotm\Desktop\Projetos\Programming\vacation-scheduler\node_modules\react\cjs\react.development.js:2667:24)
          at act (C:\Users\leotm\Desktop\Projetos\Programming\vacation-scheduler\node_modules\react\cjs\react.development.js:2582:11)
          at C:\Users\leotm\Desktop\Projetos\Programming\vacation-scheduler\node_modules\@testing-library\react\dist\act-compat.js:46:25
          at renderRoot (C:\Users\leotm\Desktop\Projetos\Programming\vacation-scheduler\node_modules\@testing-library\react\dist\pure.js:189:26)
          at render (C:\Users\leotm\Desktop\Projetos\Programming\vacation-scheduler\node_modules\@testing-library\react\dist\pure.js:291:10)
          at Object.<anonymous> (C:\Users\leotm\Desktop\Projetos\Programming\vacation-scheduler\src\shared\ui\Footer.test.js:30:15)
          at Promise.then.completed (C:\Users\leotm\Desktop\Projetos\Programming\vacation-scheduler\node_modules\jest-circus\build\utils.js:391:28)
          at new Promise (<anonymous>)
          at callAsyncCircusFn (C:\Users\leotm\Desktop\Projetos\Programming\vacation-scheduler\node_modules\jest-circus\build\utils.js:316:10)
          at _callCircusTest (C:\Users\leotm\Desktop\Projetos\Programming\vacation-scheduler\node_modules\jest-circus\build\run.js:218:40)
          at processTicksAndRejections (node:internal/process/task_queues:103:5)
          at _runTest (C:\Users\leotm\Desktop\Projetos\Programming\vacation-scheduler\node_modules\jest-circus\build\run.js:155:3)
          at _runTestsForDescribeBlock (C:\Users\leotm\Desktop\Projetos\Programming\vacation-scheduler\node_modules\jest-circus\build\run.js:66:9)
          at _runTestsForDescribeBlock (C:\Users\leotm\Desktop\Projetos\Programming\vacation-scheduler\node_modules\jest-circus\build\run.js:60:9)
          at run (C:\Users\leotm\Desktop\Projetos\Programming\vacation-scheduler\node_modules\jest-circus\build\run.js:25:3)
          at runAndTransformResultsToJestFormat (C:\Users\leotm\Desktop\Projetos\Programming\vacation-scheduler\node_modules\jest-circus\build\legacy-code-todo-rewrite\jestAdapterInit.js:170:21)
          at jestAdapter (C:\Users\leotm\Desktop\Projetos\Programming\vacation-scheduler\node_modules\jest-circus\build\legacy-code-todo-rewrite\jestAdapter.js:82:19)
          at runTestInternal (C:\Users\leotm\Desktop\Projetos\Programming\vacation-scheduler\node_modules\jest-runner\build\runTest.js:389:16)
          at runTest (C:\Users\leotm\Desktop\Projetos\Programming\vacation-scheduler\node_modules\jest-runner\build\runTest.js:475:34)
          at Object.worker (C:\Users\leotm\Desktop\Projetos\Programming\vacation-scheduler\node_modules\jest-runner\build\testWorker.js:133:12)

    [0m [90m 28 |[39m
     [90m 29 |[39m     it([32m'renders repository link correctly'[39m[33m,[39m () [33m=>[39m {
    [31m[1m>[22m[39m[90m 30 |[39m         render([33m<[39m[33mFooter[39m [33m/[39m[33m>[39m)[33m;[39m
     [90m    |[39m               [31m[1m^[22m[39m
     [90m 31 |[39m         [36mconst[39m repoLink [33m=[39m screen[33m.[39mgetByRole([32m'link'[39m[33m,[39m { name[33m:[39m [35m/GitHub Repository/i[39m })[33m;[39m
     [90m 32 |[39m         expect(repoLink)[33m.[39mtoHaveAttribute([32m'href'[39m[33m,[39m [32m'https://github.com/tomasleote/vacation-scheduler'[39m)[33m;[39m
     [90m 33 |[39m         expect(repoLink)[33m.[39mtoHaveAttribute([32m'target'[39m[33m,[39m [32m'_blank'[39m)[33m;[39m[0m

      at VirtualConsole.<anonymous> (node_modules/jsdom/lib/jsdom/virtual-console.js:29:45)
      at reportException (node_modules/jsdom/lib/jsdom/living/helpers/runtime-script-errors.js:70:28)
      at innerInvokeEventListeners (node_modules/jsdom/lib/jsdom/living/events/EventTarget-impl.js:341:9)
      at invokeEventListeners (node_modules/jsdom/lib/jsdom/living/events/EventTarget-impl.js:274:3)
      at HTMLUnknownElementImpl._dispatch (node_modules/jsdom/lib/jsdom/living/events/EventTarget-impl.js:221:9)
      at HTMLUnknownElementImpl.dispatchEvent (node_modules/jsdom/lib/jsdom/living/events/EventTarget-impl.js:94:17)
      at HTMLUnknownElement.dispatchEvent (node_modules/jsdom/lib/jsdom/living/generated/EventTarget.js:231:34)
      at Object.invokeGuardedCallbackDev (node_modules/react-dom/cjs/react-dom.development.js:4213:16)
      at invokeGuardedCallback (node_modules/react-dom/cjs/react-dom.development.js:4277:31)
      at beginWork$1 (node_modules/react-dom/cjs/react-dom.development.js:27490:7)
      at performUnitOfWork (node_modules/react-dom/cjs/react-dom.development.js:26599:12)
      at workLoopSync (node_modules/react-dom/cjs/react-dom.development.js:26505:5)
      at renderRootSync (node_modules/react-dom/cjs/react-dom.development.js:26473:7)
      at recoverFromConcurrentError (node_modules/react-dom/cjs/react-dom.development.js:25889:20)
      at performConcurrentWorkOnRoot (node_modules/react-dom/cjs/react-dom.development.js:25789:22)
      at flushActQueue (node_modules/react/cjs/react.development.js:2667:24)
      at act (node_modules/react/cjs/react.development.js:2582:11)
      at node_modules/@testing-library/react/dist/act-compat.js:46:25
      at renderRoot (node_modules/@testing-library/react/dist/pure.js:189:26)
      at render (node_modules/@testing-library/react/dist/pure.js:291:10)
      at Object.<anonymous> (src/shared/ui/Footer.test.js:30:15)

    console.error
      Error: Uncaught [TypeError: Cannot destructure property 'basename' of 'React.useContext(...)' as it is null.]
          at reportException (C:\Users\leotm\Desktop\Projetos\Programming\vacation-scheduler\node_modules\jsdom\lib\jsdom\living\helpers\runtime-script-errors.js:66:24)
          at innerInvokeEventListeners (C:\Users\leotm\Desktop\Projetos\Programming\vacation-scheduler\node_modules\jsdom\lib\jsdom\living\events\EventTarget-impl.js:341:9)
          at invokeEventListeners (C:\Users\leotm\Desktop\Projetos\Programming\vacation-scheduler\node_modules\jsdom\lib\jsdom\living\events\EventTarget-impl.js:274:3)
          at HTMLUnknownElementImpl._dispatch (C:\Users\leotm\Desktop\Projetos\Programming\vacation-scheduler\node_modules\jsdom\lib\jsdom\living\events\EventTarget-impl.js:221:9)
          at HTMLUnknownElementImpl.dispatchEvent (C:\Users\leotm\Desktop\Projetos\Programming\vacation-scheduler\node_modules\jsdom\lib\jsdom\living\events\EventTarget-impl.js:94:17)
          at HTMLUnknownElement.dispatchEvent (C:\Users\leotm\Desktop\Projetos\Programming\vacation-scheduler\node_modules\jsdom\lib\jsdom\living\generated\EventTarget.js:231:34)
          at Object.invokeGuardedCallbackDev (C:\Users\leotm\Desktop\Projetos\Programming\vacation-scheduler\node_modules\react-dom\cjs\react-dom.development.js:4213:16)
          at invokeGuardedCallback (C:\Users\leotm\Desktop\Projetos\Programming\vacation-scheduler\node_modules\react-dom\cjs\react-dom.development.js:4277:31)
          at beginWork$1 (C:\Users\leotm\Desktop\Projetos\Programming\vacation-scheduler\node_modules\react-dom\cjs\react-dom.development.js:27490:7)
          at performUnitOfWork (C:\Users\leotm\Desktop\Projetos\Programming\vacation-scheduler\node_modules\react-dom\cjs\react-dom.development.js:26599:12)
          at workLoopSync (C:\Users\leotm\Desktop\Projetos\Programming\vacation-scheduler\node_modules\react-dom\cjs\react-dom.development.js:26505:5)
          at renderRootSync (C:\Users\leotm\Desktop\Projetos\Programming\vacation-scheduler\node_modules\react-dom\cjs\react-dom.development.js:26473:7)
          at recoverFromConcurrentError (C:\Users\leotm\Desktop\Projetos\Programming\vacation-scheduler\node_modules\react-dom\cjs\react-dom.development.js:25889:20)
          at performConcurrentWorkOnRoot (C:\Users\leotm\Desktop\Projetos\Programming\vacation-scheduler\node_modules\react-dom\cjs\react-dom.development.js:25789:22)
          at flushActQueue (C:\Users\leotm\Desktop\Projetos\Programming\vacation-scheduler\node_modules\react\cjs\react.development.js:2667:24)
          at act (C:\Users\leotm\Desktop\Projetos\Programming\vacation-scheduler\node_modules\react\cjs\react.development.js:2582:11)
          at C:\Users\leotm\Desktop\Projetos\Programming\vacation-scheduler\node_modules\@testing-library\react\dist\act-compat.js:46:25
          at renderRoot (C:\Users\leotm\Desktop\Projetos\Programming\vacation-scheduler\node_modules\@testing-library\react\dist\pure.js:189:26)
          at render (C:\Users\leotm\Desktop\Projetos\Programming\vacation-scheduler\node_modules\@testing-library\react\dist\pure.js:291:10)
          at Object.<anonymous> (C:\Users\leotm\Desktop\Projetos\Programming\vacation-scheduler\src\shared\ui\Footer.test.js:30:15)
          at Promise.then.completed (C:\Users\leotm\Desktop\Projetos\Programming\vacation-scheduler\node_modules\jest-circus\build\utils.js:391:28)
          at new Promise (<anonymous>)
          at callAsyncCircusFn (C:\Users\leotm\Desktop\Projetos\Programming\vacation-scheduler\node_modules\jest-circus\build\utils.js:316:10)
          at _callCircusTest (C:\Users\leotm\Desktop\Projetos\Programming\vacation-scheduler\node_modules\jest-circus\build\run.js:218:40)
          at processTicksAndRejections (node:internal/process/task_queues:103:5)
          at _runTest (C:\Users\leotm\Desktop\Projetos\Programming\vacation-scheduler\node_modules\jest-circus\build\run.js:155:3)
          at _runTestsForDescribeBlock (C:\Users\leotm\Desktop\Projetos\Programming\vacation-scheduler\node_modules\jest-circus\build\run.js:66:9)
          at _runTestsForDescribeBlock (C:\Users\leotm\Desktop\Projetos\Programming\vacation-scheduler\node_modules\jest-circus\build\run.js:60:9)
          at run (C:\Users\leotm\Desktop\Projetos\Programming\vacation-scheduler\node_modules\jest-circus\build\run.js:25:3)
          at runAndTransformResultsToJestFormat (C:\Users\leotm\Desktop\Projetos\Programming\vacation-scheduler\node_modules\jest-circus\build\legacy-code-todo-rewrite\jestAdapterInit.js:170:21)
          at jestAdapter (C:\Users\leotm\Desktop\Projetos\Programming\vacation-scheduler\node_modules\jest-circus\build\legacy-code-todo-rewrite\jestAdapter.js:82:19)
          at runTestInternal (C:\Users\leotm\Desktop\Projetos\Programming\vacation-scheduler\node_modules\jest-runner\build\runTest.js:389:16)
          at runTest (C:\Users\leotm\Desktop\Projetos\Programming\vacation-scheduler\node_modules\jest-runner\build\runTest.js:475:34)
          at Object.worker (C:\Users\leotm\Desktop\Projetos\Programming\vacation-scheduler\node_modules\jest-runner\build\testWorker.js:133:12) TypeError: Cannot destructure property 'basename' of 'React.useContext(...)' as it is null.
          at LinkWithRef (C:\Users\leotm\Desktop\Projetos\Programming\vacation-scheduler\node_modules\react-router\dist\development\chunk-2YMDXNOJ.js:399:11)
          at renderWithHooks (C:\Users\leotm\Desktop\Projetos\Programming\vacation-scheduler\node_modules\react-dom\cjs\react-dom.development.js:15486:18)
          at updateForwardRef (C:\Users\leotm\Desktop\Projetos\Programming\vacation-scheduler\node_modules\react-dom\cjs\react-dom.development.js:19245:20)
          at beginWork (C:\Users\leotm\Desktop\Projetos\Programming\vacation-scheduler\node_modules\react-dom\cjs\react-dom.development.js:21675:16)
          at HTMLUnknownElement.callCallback (C:\Users\leotm\Desktop\Projetos\Programming\vacation-scheduler\node_modules\react-dom\cjs\react-dom.development.js:4164:14)
          at HTMLUnknownElement.callTheUserObjectsOperation (C:\Users\leotm\Desktop\Projetos\Programming\vacation-scheduler\node_modules\jsdom\lib\jsdom\living\generated\EventListener.js:26:30)
          at innerInvokeEventListeners (C:\Users\leotm\Desktop\Projetos\Programming\vacation-scheduler\node_modules\jsdom\lib\jsdom\living\events\EventTarget-impl.js:338:25)
          at invokeEventListeners (C:\Users\leotm\Desktop\Projetos\Programming\vacation-scheduler\node_modules\jsdom\lib\jsdom\living\events\EventTarget-impl.js:274:3)
          at HTMLUnknownElementImpl._dispatch (C:\Users\leotm\Desktop\Projetos\Programming\vacation-scheduler\node_modules\jsdom\lib\jsdom\living\events\EventTarget-impl.js:221:9)
          at HTMLUnknownElementImpl.dispatchEvent (C:\Users\leotm\Desktop\Projetos\Programming\vacation-scheduler\node_modules\jsdom\lib\jsdom\living\events\EventTarget-impl.js:94:17)
          at HTMLUnknownElement.dispatchEvent (C:\Users\leotm\Desktop\Projetos\Programming\vacation-scheduler\node_modules\jsdom\lib\jsdom\living\generated\EventTarget.js:231:34)
          at Object.invokeGuardedCallbackDev (C:\Users\leotm\Desktop\Projetos\Programming\vacation-scheduler\node_modules\react-dom\cjs\react-dom.development.js:4213:16)
          at invokeGuardedCallback (C:\Users\leotm\Desktop\Projetos\Programming\vacation-scheduler\node_modules\react-dom\cjs\react-dom.development.js:4277:31)
          at beginWork$1 (C:\Users\leotm\Desktop\Projetos\Programming\vacation-scheduler\node_modules\react-dom\cjs\react-dom.development.js:27490:7)
          at performUnitOfWork (C:\Users\leotm\Desktop\Projetos\Programming\vacation-scheduler\node_modules\react-dom\cjs\react-dom.development.js:26599:12)
          at workLoopSync (C:\Users\leotm\Desktop\Projetos\Programming\vacation-scheduler\node_modules\react-dom\cjs\react-dom.development.js:26505:5)
          at renderRootSync (C:\Users\leotm\Desktop\Projetos\Programming\vacation-scheduler\node_modules\react-dom\cjs\react-dom.development.js:26473:7)
          at recoverFromConcurrentError (C:\Users\leotm\Desktop\Projetos\Programming\vacation-scheduler\node_modules\react-dom\cjs\react-dom.development.js:25889:20)
          at performConcurrentWorkOnRoot (C:\Users\leotm\Desktop\Projetos\Programming\vacation-scheduler\node_modules\react-dom\cjs\react-dom.development.js:25789:22)
          at flushActQueue (C:\Users\leotm\Desktop\Projetos\Programming\vacation-scheduler\node_modules\react\cjs\react.development.js:2667:24)
          at act (C:\Users\leotm\Desktop\Projetos\Programming\vacation-scheduler\node_modules\react\cjs\react.development.js:2582:11)
          at C:\Users\leotm\Desktop\Projetos\Programming\vacation-scheduler\node_modules\@testing-library\react\dist\act-compat.js:46:25
          at renderRoot (C:\Users\leotm\Desktop\Projetos\Programming\vacation-scheduler\node_modules\@testing-library\react\dist\pure.js:189:26)
          at render (C:\Users\leotm\Desktop\Projetos\Programming\vacation-scheduler\node_modules\@testing-library\react\dist\pure.js:291:10)
          at Object.<anonymous> (C:\Users\leotm\Desktop\Projetos\Programming\vacation-scheduler\src\shared\ui\Footer.test.js:30:15)
          at Promise.then.completed (C:\Users\leotm\Desktop\Projetos\Programming\vacation-scheduler\node_modules\jest-circus\build\utils.js:391:28)
          at new Promise (<anonymous>)
          at callAsyncCircusFn (C:\Users\leotm\Desktop\Projetos\Programming\vacation-scheduler\node_modules\jest-circus\build\utils.js:316:10)
          at _callCircusTest (C:\Users\leotm\Desktop\Projetos\Programming\vacation-scheduler\node_modules\jest-circus\build\run.js:218:40)
          at processTicksAndRejections (node:internal/process/task_queues:103:5)
          at _runTest (C:\Users\leotm\Desktop\Projetos\Programming\vacation-scheduler\node_modules\jest-circus\build\run.js:155:3)
          at _runTestsForDescribeBlock (C:\Users\leotm\Desktop\Projetos\Programming\vacation-scheduler\node_modules\jest-circus\build\run.js:66:9)
          at _runTestsForDescribeBlock (C:\Users\leotm\Desktop\Projetos\Programming\vacation-scheduler\node_modules\jest-circus\build\run.js:60:9)
          at run (C:\Users\leotm\Desktop\Projetos\Programming\vacation-scheduler\node_modules\jest-circus\build\run.js:25:3)
          at runAndTransformResultsToJestFormat (C:\Users\leotm\Desktop\Projetos\Programming\vacation-scheduler\node_modules\jest-circus\build\legacy-code-todo-rewrite\jestAdapterInit.js:170:21)
          at jestAdapter (C:\Users\leotm\Desktop\Projetos\Programming\vacation-scheduler\node_modules\jest-circus\build\legacy-code-todo-rewrite\jestAdapter.js:82:19)
          at runTestInternal (C:\Users\leotm\Desktop\Projetos\Programming\vacation-scheduler\node_modules\jest-runner\build\runTest.js:389:16)
          at runTest (C:\Users\leotm\Desktop\Projetos\Programming\vacation-scheduler\node_modules\jest-runner\build\runTest.js:475:34)
          at Object.worker (C:\Users\leotm\Desktop\Projetos\Programming\vacation-scheduler\node_modules\jest-runner\build\testWorker.js:133:12)

    [0m [90m 28 |[39m
     [90m 29 |[39m     it([32m'renders repository link correctly'[39m[33m,[39m () [33m=>[39m {
    [31m[1m>[22m[39m[90m 30 |[39m         render([33m<[39m[33mFooter[39m [33m/[39m[33m>[39m)[33m;[39m
     [90m    |[39m               [31m[1m^[22m[39m
     [90m 31 |[39m         [36mconst[39m repoLink [33m=[39m screen[33m.[39mgetByRole([32m'link'[39m[33m,[39m { name[33m:[39m [35m/GitHub Repository/i[39m })[33m;[39m
     [90m 32 |[39m         expect(repoLink)[33m.[39mtoHaveAttribute([32m'href'[39m[33m,[39m [32m'https://github.com/tomasleote/vacation-scheduler'[39m)[33m;[39m
     [90m 33 |[39m         expect(repoLink)[33m.[39mtoHaveAttribute([32m'target'[39m[33m,[39m [32m'_blank'[39m)[33m;[39m[0m

      at VirtualConsole.<anonymous> (node_modules/jsdom/lib/jsdom/virtual-console.js:29:45)
      at reportException (node_modules/jsdom/lib/jsdom/living/helpers/runtime-script-errors.js:70:28)
      at innerInvokeEventListeners (node_modules/jsdom/lib/jsdom/living/events/EventTarget-impl.js:341:9)
      at invokeEventListeners (node_modules/jsdom/lib/jsdom/living/events/EventTarget-impl.js:274:3)
      at HTMLUnknownElementImpl._dispatch (node_modules/jsdom/lib/jsdom/living/events/EventTarget-impl.js:221:9)
      at HTMLUnknownElementImpl.dispatchEvent (node_modules/jsdom/lib/jsdom/living/events/EventTarget-impl.js:94:17)
      at HTMLUnknownElement.dispatchEvent (node_modules/jsdom/lib/jsdom/living/generated/EventTarget.js:231:34)
      at Object.invokeGuardedCallbackDev (node_modules/react-dom/cjs/react-dom.development.js:4213:16)
      at invokeGuardedCallback (node_modules/react-dom/cjs/react-dom.development.js:4277:31)
      at beginWork$1 (node_modules/react-dom/cjs/react-dom.development.js:27490:7)
      at performUnitOfWork (node_modules/react-dom/cjs/react-dom.development.js:26599:12)
      at workLoopSync (node_modules/react-dom/cjs/react-dom.development.js:26505:5)
      at renderRootSync (node_modules/react-dom/cjs/react-dom.development.js:26473:7)
      at recoverFromConcurrentError (node_modules/react-dom/cjs/react-dom.development.js:25889:20)
      at performConcurrentWorkOnRoot (node_modules/react-dom/cjs/react-dom.development.js:25789:22)
      at flushActQueue (node_modules/react/cjs/react.development.js:2667:24)
      at act (node_modules/react/cjs/react.development.js:2582:11)
      at node_modules/@testing-library/react/dist/act-compat.js:46:25
      at renderRoot (node_modules/@testing-library/react/dist/pure.js:189:26)
      at render (node_modules/@testing-library/react/dist/pure.js:291:10)
      at Object.<anonymous> (src/shared/ui/Footer.test.js:30:15)

    console.error
      The above error occurred in the <Link> component:
      
          at LinkWithRef (C:\Users\leotm\Desktop\Projetos\Programming\vacation-scheduler\node_modules\react-router\dist\development\chunk-2YMDXNOJ.js:384:5)
          at li
          at ul
          at div
          at div
          at footer
          at Footer (C:\Users\leotm\Desktop\Projetos\Programming\vacation-scheduler\src\shared\ui\Footer.js:5:26)
      
      Consider adding an error boundary to your tree to customize error handling behavior.
      Visit https://reactjs.org/link/error-boundaries to learn more about error boundaries.

    [0m [90m 28 |[39m
     [90m 29 |[39m     it([32m'renders repository link correctly'[39m[33m,[39m () [33m=>[39m {
    [31m[1m>[22m[39m[90m 30 |[39m         render([33m<[39m[33mFooter[39m [33m/[39m[33m>[39m)[33m;[39m
     [90m    |[39m               [31m[1m^[22m[39m
     [90m 31 |[39m         [36mconst[39m repoLink [33m=[39m screen[33m.[39mgetByRole([32m'link'[39m[33m,[39m { name[33m:[39m [35m/GitHub Repository/i[39m })[33m;[39m
     [90m 32 |[39m         expect(repoLink)[33m.[39mtoHaveAttribute([32m'href'[39m[33m,[39m [32m'https://github.com/tomasleote/vacation-scheduler'[39m)[33m;[39m
     [90m 33 |[39m         expect(repoLink)[33m.[39mtoHaveAttribute([32m'target'[39m[33m,[39m [32m'_blank'[39m)[33m;[39m[0m

      at logCapturedError (node_modules/react-dom/cjs/react-dom.development.js:18704:23)
      at update.callback (node_modules/react-dom/cjs/react-dom.development.js:18737:5)
      at callCallback (node_modules/react-dom/cjs/react-dom.development.js:15036:12)
      at commitUpdateQueue (node_modules/react-dom/cjs/react-dom.development.js:15057:9)
      at commitLayoutEffectOnFiber (node_modules/react-dom/cjs/react-dom.development.js:23430:13)
      at commitLayoutMountEffects_complete (node_modules/react-dom/cjs/react-dom.development.js:24727:9)
      at commitLayoutEffects_begin (node_modules/react-dom/cjs/react-dom.development.js:24713:7)
      at commitLayoutEffects (node_modules/react-dom/cjs/react-dom.development.js:24651:3)
      at commitRootImpl (node_modules/react-dom/cjs/react-dom.development.js:26862:5)
      at commitRoot (node_modules/react-dom/cjs/react-dom.development.js:26721:5)
      at finishConcurrentRender (node_modules/react-dom/cjs/react-dom.development.js:25931:9)
      at performConcurrentWorkOnRoot (node_modules/react-dom/cjs/react-dom.development.js:25848:7)
      at flushActQueue (node_modules/react/cjs/react.development.js:2667:24)
      at act (node_modules/react/cjs/react.development.js:2582:11)
      at node_modules/@testing-library/react/dist/act-compat.js:46:25
      at renderRoot (node_modules/@testing-library/react/dist/pure.js:189:26)
      at render (node_modules/@testing-library/react/dist/pure.js:291:10)
      at Object.<anonymous> (src/shared/ui/Footer.test.js:30:15)

    console.error
      The above error occurred in the <Link> component:
      
          at LinkWithRef (C:\Users\leotm\Desktop\Projetos\Programming\vacation-scheduler\node_modules\react-router\dist\development\chunk-2YMDXNOJ.js:384:5)
          at div
          at div
          at footer
          at Footer (C:\Users\leotm\Desktop\Projetos\Programming\vacation-scheduler\src\shared\ui\Footer.js:5:26)
      
      Consider adding an error boundary to your tree to customize error handling behavior.
      Visit https://reactjs.org/link/error-boundaries to learn more about error boundaries.

    [0m [90m 28 |[39m
     [90m 29 |[39m     it([32m'renders repository link correctly'[39m[33m,[39m () [33m=>[39m {
    [31m[1m>[22m[39m[90m 30 |[39m         render([33m<[39m[33mFooter[39m [33m/[39m[33m>[39m)[33m;[39m
     [90m    |[39m               [31m[1m^[22m[39m
     [90m 31 |[39m         [36mconst[39m repoLink [33m=[39m screen[33m.[39mgetByRole([32m'link'[39m[33m,[39m { name[33m:[39m [35m/GitHub Repository/i[39m })[33m;[39m
     [90m 32 |[39m         expect(repoLink)[33m.[39mtoHaveAttribute([32m'href'[39m[33m,[39m [32m'https://github.com/tomasleote/vacation-scheduler'[39m)[33m;[39m
     [90m 33 |[39m         expect(repoLink)[33m.[39mtoHaveAttribute([32m'target'[39m[33m,[39m [32m'_blank'[39m)[33m;[39m[0m

      at logCapturedError (node_modules/react-dom/cjs/react-dom.development.js:18704:23)
      at update.callback (node_modules/react-dom/cjs/react-dom.development.js:18737:5)
      at callCallback (node_modules/react-dom/cjs/react-dom.development.js:15036:12)
      at commitUpdateQueue (node_modules/react-dom/cjs/react-dom.development.js:15057:9)
      at commitLayoutEffectOnFiber (node_modules/react-dom/cjs/react-dom.development.js:23430:13)
      at commitLayoutMountEffects_complete (node_modules/react-dom/cjs/react-dom.development.js:24727:9)
      at commitLayoutEffects_begin (node_modules/react-dom/cjs/react-dom.development.js:24713:7)
      at commitLayoutEffects (node_modules/react-dom/cjs/react-dom.development.js:24651:3)
      at commitRootImpl (node_modules/react-dom/cjs/react-dom.development.js:26862:5)
      at commitRoot (node_modules/react-dom/cjs/react-dom.development.js:26721:5)
      at finishConcurrentRender (node_modules/react-dom/cjs/react-dom.development.js:25931:9)
      at performConcurrentWorkOnRoot (node_modules/react-dom/cjs/react-dom.development.js:25848:7)
      at flushActQueue (node_modules/react/cjs/react.development.js:2667:24)
      at act (node_modules/react/cjs/react.development.js:2582:11)
      at node_modules/@testing-library/react/dist/act-compat.js:46:25
      at renderRoot (node_modules/@testing-library/react/dist/pure.js:189:26)
      at render (node_modules/@testing-library/react/dist/pure.js:291:10)
      at Object.<anonymous> (src/shared/ui/Footer.test.js:30:15)

    console.error
      The above error occurred in the <Link> component:
      
          at LinkWithRef (C:\Users\leotm\Desktop\Projetos\Programming\vacation-scheduler\node_modules\react-router\dist\development\chunk-2YMDXNOJ.js:384:5)
          at div
          at div
          at footer
          at Footer (C:\Users\leotm\Desktop\Projetos\Programming\vacation-scheduler\src\shared\ui\Footer.js:5:26)
      
      Consider adding an error boundary to your tree to customize error handling behavior.
      Visit https://reactjs.org/link/error-boundaries to learn more about error boundaries.

    [0m [90m 28 |[39m
     [90m 29 |[39m     it([32m'renders repository link correctly'[39m[33m,[39m () [33m=>[39m {
    [31m[1m>[22m[39m[90m 30 |[39m         render([33m<[39m[33mFooter[39m [33m/[39m[33m>[39m)[33m;[39m
     [90m    |[39m               [31m[1m^[22m[39m
     [90m 31 |[39m         [36mconst[39m repoLink [33m=[39m screen[33m.[39mgetByRole([32m'link'[39m[33m,[39m { name[33m:[39m [35m/GitHub Repository/i[39m })[33m;[39m
     [90m 32 |[39m         expect(repoLink)[33m.[39mtoHaveAttribute([32m'href'[39m[33m,[39m [32m'https://github.com/tomasleote/vacation-scheduler'[39m)[33m;[39m
     [90m 33 |[39m         expect(repoLink)[33m.[39mtoHaveAttribute([32m'target'[39m[33m,[39m [32m'_blank'[39m)[33m;[39m[0m

      at logCapturedError (node_modules/react-dom/cjs/react-dom.development.js:18704:23)
      at update.callback (node_modules/react-dom/cjs/react-dom.development.js:18737:5)
      at callCallback (node_modules/react-dom/cjs/react-dom.development.js:15036:12)
      at commitUpdateQueue (node_modules/react-dom/cjs/react-dom.development.js:15057:9)
      at commitLayoutEffectOnFiber (node_modules/react-dom/cjs/react-dom.development.js:23430:13)
      at commitLayoutMountEffects_complete (node_modules/react-dom/cjs/react-dom.development.js:24727:9)
      at commitLayoutEffects_begin (node_modules/react-dom/cjs/react-dom.development.js:24713:7)
      at commitLayoutEffects (node_modules/react-dom/cjs/react-dom.development.js:24651:3)
      at commitRootImpl (node_modules/react-dom/cjs/react-dom.development.js:26862:5)
      at commitRoot (node_modules/react-dom/cjs/react-dom.development.js:26721:5)
      at finishConcurrentRender (node_modules/react-dom/cjs/react-dom.development.js:25931:9)
      at performConcurrentWorkOnRoot (node_modules/react-dom/cjs/react-dom.development.js:25848:7)
      at flushActQueue (node_modules/react/cjs/react.development.js:2667:24)
      at act (node_modules/react/cjs/react.development.js:2582:11)
      at node_modules/@testing-library/react/dist/act-compat.js:46:25
      at renderRoot (node_modules/@testing-library/react/dist/pure.js:189:26)
      at render (node_modules/@testing-library/react/dist/pure.js:291:10)
      at Object.<anonymous> (src/shared/ui/Footer.test.js:30:15)

  ● Footer Component › renders the branding text and description

    TypeError: Cannot destructure property 'basename' of 'React.useContext(...)' as it is null.

    [0m [90m  5 |[39m describe([32m'Footer Component'[39m[33m,[39m () [33m=>[39m {
     [90m  6 |[39m     it([32m'renders the branding text and description'[39m[33m,[39m () [33m=>[39m {
    [31m[1m>[22m[39m[90m  7 |[39m         render([33m<[39m[33mFooter[39m [33m/[39m[33m>[39m)[33m;[39m
     [90m    |[39m               [31m[1m^[22m[39m
     [90m  8 |[39m         expect(screen[33m.[39mgetByText((content[33m,[39m element) [33m=>[39m element[33m.[39mtagName [33m===[39m [32m'H3'[39m [33m&&[39m element[33m.[39mtextContent [33m===[39m [32m'FindADate'[39m))[33m.[39mtoBeInTheDocument()[33m;[39m
     [90m  9 |[39m         expect(screen[33m.[39mgetByText([35m/Find the best date for any group event/i[39m))[33m.[39mtoBeInTheDocument()[33m;[39m
     [90m 10 |[39m     })[33m;[39m[0m

      at LinkWithRef (node_modules/react-router/dist/development/chunk-2YMDXNOJ.js:399:11)
      at renderWithHooks (node_modules/react-dom/cjs/react-dom.development.js:15486:18)
      at updateForwardRef (node_modules/react-dom/cjs/react-dom.development.js:19245:20)
      at beginWork (node_modules/react-dom/cjs/react-dom.development.js:21675:16)
      at beginWork$1 (node_modules/react-dom/cjs/react-dom.development.js:27465:14)
      at performUnitOfWork (node_modules/react-dom/cjs/react-dom.development.js:26599:12)
      at workLoopSync (node_modules/react-dom/cjs/react-dom.development.js:26505:5)
      at renderRootSync (node_modules/react-dom/cjs/react-dom.development.js:26473:7)
      at recoverFromConcurrentError (node_modules/react-dom/cjs/react-dom.development.js:25889:20)
      at performConcurrentWorkOnRoot (node_modules/react-dom/cjs/react-dom.development.js:25789:22)
      at flushActQueue (node_modules/react/cjs/react.development.js:2667:24)
      at act (node_modules/react/cjs/react.development.js:2582:11)
      at node_modules/@testing-library/react/dist/act-compat.js:46:25
      at renderRoot (node_modules/@testing-library/react/dist/pure.js:189:26)
      at render (node_modules/@testing-library/react/dist/pure.js:291:10)
      at Object.<anonymous> (src/shared/ui/Footer.test.js:7:15)

  ● Footer Component › renders contact email mailto link

    TypeError: Cannot destructure property 'basename' of 'React.useContext(...)' as it is null.

    [0m [90m 11 |[39m
     [90m 12 |[39m     it([32m'renders contact email mailto link'[39m[33m,[39m () [33m=>[39m {
    [31m[1m>[22m[39m[90m 13 |[39m         render([33m<[39m[33mFooter[39m [33m/[39m[33m>[39m)[33m;[39m
     [90m    |[39m               [31m[1m^[22m[39m
     [90m 14 |[39m         [36mconst[39m link [33m=[39m screen[33m.[39mgetByRole([32m'link'[39m[33m,[39m { name[33m:[39m [35m/hello@findadate\.app/i[39m })[33m;[39m
     [90m 15 |[39m         expect(link)[33m.[39mtoHaveAttribute([32m'href'[39m[33m,[39m [32m'mailto:hello@findadate.app'[39m)[33m;[39m
     [90m 16 |[39m     })[33m;[39m[0m

      at LinkWithRef (node_modules/react-router/dist/development/chunk-2YMDXNOJ.js:399:11)
      at renderWithHooks (node_modules/react-dom/cjs/react-dom.development.js:15486:18)
      at updateForwardRef (node_modules/react-dom/cjs/react-dom.development.js:19245:20)
      at beginWork (node_modules/react-dom/cjs/react-dom.development.js:21675:16)
      at beginWork$1 (node_modules/react-dom/cjs/react-dom.development.js:27465:14)
      at performUnitOfWork (node_modules/react-dom/cjs/react-dom.development.js:26599:12)
      at workLoopSync (node_modules/react-dom/cjs/react-dom.development.js:26505:5)
      at renderRootSync (node_modules/react-dom/cjs/react-dom.development.js:26473:7)
      at recoverFromConcurrentError (node_modules/react-dom/cjs/react-dom.development.js:25889:20)
      at performConcurrentWorkOnRoot (node_modules/react-dom/cjs/react-dom.development.js:25789:22)
      at flushActQueue (node_modules/react/cjs/react.development.js:2667:24)
      at act (node_modules/react/cjs/react.development.js:2582:11)
      at node_modules/@testing-library/react/dist/act-compat.js:46:25
      at renderRoot (node_modules/@testing-library/react/dist/pure.js:189:26)
      at render (node_modules/@testing-library/react/dist/pure.js:291:10)
      at Object.<anonymous> (src/shared/ui/Footer.test.js:13:15)

  ● Footer Component › renders documentation link and tests interaction

    TypeError: Cannot destructure property 'basename' of 'React.useContext(...)' as it is null.

    [0m [90m 18 |[39m     it([32m'renders documentation link and tests interaction'[39m[33m,[39m () [33m=>[39m {
     [90m 19 |[39m         [36mconst[39m handleNavigate [33m=[39m jest[33m.[39mfn()[33m;[39m
    [31m[1m>[22m[39m[90m 20 |[39m         render([33m<[39m[33mFooter[39m onNavigateDocs[33m=[39m{handleNavigate} [33m/[39m[33m>[39m)[33m;[39m
     [90m    |[39m               [31m[1m^[22m[39m
     [90m 21 |[39m
     [90m 22 |[39m         [36mconst[39m docsLink [33m=[39m screen[33m.[39mgetByRole([32m'link'[39m[33m,[39m { name[33m:[39m [35m/Documentation/i[39m })[33m;[39m
     [90m 23 |[39m         expect(docsLink)[33m.[39mtoHaveAttribute([32m'href'[39m[33m,[39m [32m'/docs'[39m)[33m;[39m[0m

      at LinkWithRef (node_modules/react-router/dist/development/chunk-2YMDXNOJ.js:399:11)
      at renderWithHooks (node_modules/react-dom/cjs/react-dom.development.js:15486:18)
      at updateForwardRef (node_modules/react-dom/cjs/react-dom.development.js:19245:20)
      at beginWork (node_modules/react-dom/cjs/react-dom.development.js:21675:16)
      at beginWork$1 (node_modules/react-dom/cjs/react-dom.development.js:27465:14)
      at performUnitOfWork (node_modules/react-dom/cjs/react-dom.development.js:26599:12)
      at workLoopSync (node_modules/react-dom/cjs/react-dom.development.js:26505:5)
      at renderRootSync (node_modules/react-dom/cjs/react-dom.development.js:26473:7)
      at recoverFromConcurrentError (node_modules/react-dom/cjs/react-dom.development.js:25889:20)
      at performConcurrentWorkOnRoot (node_modules/react-dom/cjs/react-dom.development.js:25789:22)
      at flushActQueue (node_modules/react/cjs/react.development.js:2667:24)
      at act (node_modules/react/cjs/react.development.js:2582:11)
      at node_modules/@testing-library/react/dist/act-compat.js:46:25
      at renderRoot (node_modules/@testing-library/react/dist/pure.js:189:26)
      at render (node_modules/@testing-library/react/dist/pure.js:291:10)
      at Object.<anonymous> (src/shared/ui/Footer.test.js:20:15)

  ● Footer Component › renders repository link correctly

    TypeError: Cannot destructure property 'basename' of 'React.useContext(...)' as it is null.

    [0m [90m 28 |[39m
     [90m 29 |[39m     it([32m'renders repository link correctly'[39m[33m,[39m () [33m=>[39m {
    [31m[1m>[22m[39m[90m 30 |[39m         render([33m<[39m[33mFooter[39m [33m/[39m[33m>[39m)[33m;[39m
     [90m    |[39m               [31m[1m^[22m[39m
     [90m 31 |[39m         [36mconst[39m repoLink [33m=[39m screen[33m.[39mgetByRole([32m'link'[39m[33m,[39m { name[33m:[39m [35m/GitHub Repository/i[39m })[33m;[39m
     [90m 32 |[39m         expect(repoLink)[33m.[39mtoHaveAttribute([32m'href'[39m[33m,[39m [32m'https://github.com/tomasleote/vacation-scheduler'[39m)[33m;[39m
     [90m 33 |[39m         expect(repoLink)[33m.[39mtoHaveAttribute([32m'target'[39m[33m,[39m [32m'_blank'[39m)[33m;[39m[0m

      at LinkWithRef (node_modules/react-router/dist/development/chunk-2YMDXNOJ.js:399:11)
      at renderWithHooks (node_modules/react-dom/cjs/react-dom.development.js:15486:18)
      at updateForwardRef (node_modules/react-dom/cjs/react-dom.development.js:19245:20)
      at beginWork (node_modules/react-dom/cjs/react-dom.development.js:21675:16)
      at beginWork$1 (node_modules/react-dom/cjs/react-dom.development.js:27465:14)
      at performUnitOfWork (node_modules/react-dom/cjs/react-dom.development.js:26599:12)
      at workLoopSync (node_modules/react-dom/cjs/react-dom.development.js:26505:5)
      at renderRootSync (node_modules/react-dom/cjs/react-dom.development.js:26473:7)
      at recoverFromConcurrentError (node_modules/react-dom/cjs/react-dom.development.js:25889:20)
      at performConcurrentWorkOnRoot (node_modules/react-dom/cjs/react-dom.development.js:25789:22)
      at flushActQueue (node_modules/react/cjs/react.development.js:2667:24)
      at act (node_modules/react/cjs/react.development.js:2582:11)
      at node_modules/@testing-library/react/dist/act-compat.js:46:25
      at renderRoot (node_modules/@testing-library/react/dist/pure.js:189:26)
      at render (node_modules/@testing-library/react/dist/pure.js:291:10)
      at Object.<anonymous> (src/shared/ui/Footer.test.js:30:15)

PASS src/shared/ui/TruncatedText.test.js
PASS src/components/ResultsDisplay.test.js
FAIL src/features/docs/DocumentationPage.test.js
  ● Console

    console.error
      Error: Uncaught [TypeError: Cannot destructure property 'basename' of 'React.useContext(...)' as it is null.]
          at reportException (C:\Users\leotm\Desktop\Projetos\Programming\vacation-scheduler\node_modules\jsdom\lib\jsdom\living\helpers\runtime-script-errors.js:66:24)
          at innerInvokeEventListeners (C:\Users\leotm\Desktop\Projetos\Programming\vacation-scheduler\node_modules\jsdom\lib\jsdom\living\events\EventTarget-impl.js:341:9)
          at invokeEventListeners (C:\Users\leotm\Desktop\Projetos\Programming\vacation-scheduler\node_modules\jsdom\lib\jsdom\living\events\EventTarget-impl.js:274:3)
          at HTMLUnknownElementImpl._dispatch (C:\Users\leotm\Desktop\Projetos\Programming\vacation-scheduler\node_modules\jsdom\lib\jsdom\living\events\EventTarget-impl.js:221:9)
          at HTMLUnknownElementImpl.dispatchEvent (C:\Users\leotm\Desktop\Projetos\Programming\vacation-scheduler\node_modules\jsdom\lib\jsdom\living\events\EventTarget-impl.js:94:17)
          at HTMLUnknownElement.dispatchEvent (C:\Users\leotm\Desktop\Projetos\Programming\vacation-scheduler\node_modules\jsdom\lib\jsdom\living\generated\EventTarget.js:231:34)
          at Object.invokeGuardedCallbackDev (C:\Users\leotm\Desktop\Projetos\Programming\vacation-scheduler\node_modules\react-dom\cjs\react-dom.development.js:4213:16)
          at invokeGuardedCallback (C:\Users\leotm\Desktop\Projetos\Programming\vacation-scheduler\node_modules\react-dom\cjs\react-dom.development.js:4277:31)
          at beginWork$1 (C:\Users\leotm\Desktop\Projetos\Programming\vacation-scheduler\node_modules\react-dom\cjs\react-dom.development.js:27490:7)
          at performUnitOfWork (C:\Users\leotm\Desktop\Projetos\Programming\vacation-scheduler\node_modules\react-dom\cjs\react-dom.development.js:26599:12)
          at workLoopSync (C:\Users\leotm\Desktop\Projetos\Programming\vacation-scheduler\node_modules\react-dom\cjs\react-dom.development.js:26505:5)
          at renderRootSync (C:\Users\leotm\Desktop\Projetos\Programming\vacation-scheduler\node_modules\react-dom\cjs\react-dom.development.js:26473:7)
          at performConcurrentWorkOnRoot (C:\Users\leotm\Desktop\Projetos\Programming\vacation-scheduler\node_modules\react-dom\cjs\react-dom.development.js:25777:74)
          at flushActQueue (C:\Users\leotm\Desktop\Projetos\Programming\vacation-scheduler\node_modules\react\cjs\react.development.js:2667:24)
          at act (C:\Users\leotm\Desktop\Projetos\Programming\vacation-scheduler\node_modules\react\cjs\react.development.js:2582:11)
          at C:\Users\leotm\Desktop\Projetos\Programming\vacation-scheduler\node_modules\@testing-library\react\dist\act-compat.js:46:25
          at renderRoot (C:\Users\leotm\Desktop\Projetos\Programming\vacation-scheduler\node_modules\@testing-library\react\dist\pure.js:189:26)
          at render (C:\Users\leotm\Desktop\Projetos\Programming\vacation-scheduler\node_modules\@testing-library\react\dist\pure.js:291:10)
          at Object.<anonymous> (C:\Users\leotm\Desktop\Projetos\Programming\vacation-scheduler\src\features\docs\DocumentationPage.test.js:12:15)
          at Promise.then.completed (C:\Users\leotm\Desktop\Projetos\Programming\vacation-scheduler\node_modules\jest-circus\build\utils.js:391:28)
          at new Promise (<anonymous>)
          at callAsyncCircusFn (C:\Users\leotm\Desktop\Projetos\Programming\vacation-scheduler\node_modules\jest-circus\build\utils.js:316:10)
          at _callCircusTest (C:\Users\leotm\Desktop\Projetos\Programming\vacation-scheduler\node_modules\jest-circus\build\run.js:218:40)
          at processTicksAndRejections (node:internal/process/task_queues:103:5)
          at _runTest (C:\Users\leotm\Desktop\Projetos\Programming\vacation-scheduler\node_modules\jest-circus\build\run.js:155:3)
          at _runTestsForDescribeBlock (C:\Users\leotm\Desktop\Projetos\Programming\vacation-scheduler\node_modules\jest-circus\build\run.js:66:9)
          at _runTestsForDescribeBlock (C:\Users\leotm\Desktop\Projetos\Programming\vacation-scheduler\node_modules\jest-circus\build\run.js:60:9)
          at run (C:\Users\leotm\Desktop\Projetos\Programming\vacation-scheduler\node_modules\jest-circus\build\run.js:25:3)
          at runAndTransformResultsToJestFormat (C:\Users\leotm\Desktop\Projetos\Programming\vacation-scheduler\node_modules\jest-circus\build\legacy-code-todo-rewrite\jestAdapterInit.js:170:21)
          at jestAdapter (C:\Users\leotm\Desktop\Projetos\Programming\vacation-scheduler\node_modules\jest-circus\build\legacy-code-todo-rewrite\jestAdapter.js:82:19)
          at runTestInternal (C:\Users\leotm\Desktop\Projetos\Programming\vacation-scheduler\node_modules\jest-runner\build\runTest.js:389:16)
          at runTest (C:\Users\leotm\Desktop\Projetos\Programming\vacation-scheduler\node_modules\jest-runner\build\runTest.js:475:34)
          at Object.worker (C:\Users\leotm\Desktop\Projetos\Programming\vacation-scheduler\node_modules\jest-runner\build\testWorker.js:133:12) TypeError: Cannot destructure property 'basename' of 'React.useContext(...)' as it is null.
          at LinkWithRef (C:\Users\leotm\Desktop\Projetos\Programming\vacation-scheduler\node_modules\react-router\dist\development\chunk-2YMDXNOJ.js:399:11)
          at renderWithHooks (C:\Users\leotm\Desktop\Projetos\Programming\vacation-scheduler\node_modules\react-dom\cjs\react-dom.development.js:15486:18)
          at updateForwardRef (C:\Users\leotm\Desktop\Projetos\Programming\vacation-scheduler\node_modules\react-dom\cjs\react-dom.development.js:19245:20)
          at beginWork (C:\Users\leotm\Desktop\Projetos\Programming\vacation-scheduler\node_modules\react-dom\cjs\react-dom.development.js:21675:16)
          at HTMLUnknownElement.callCallback (C:\Users\leotm\Desktop\Projetos\Programming\vacation-scheduler\node_modules\react-dom\cjs\react-dom.development.js:4164:14)
          at HTMLUnknownElement.callTheUserObjectsOperation (C:\Users\leotm\Desktop\Projetos\Programming\vacation-scheduler\node_modules\jsdom\lib\jsdom\living\generated\EventListener.js:26:30)
          at innerInvokeEventListeners (C:\Users\leotm\Desktop\Projetos\Programming\vacation-scheduler\node_modules\jsdom\lib\jsdom\living\events\EventTarget-impl.js:338:25)
          at invokeEventListeners (C:\Users\leotm\Desktop\Projetos\Programming\vacation-scheduler\node_modules\jsdom\lib\jsdom\living\events\EventTarget-impl.js:274:3)
          at HTMLUnknownElementImpl._dispatch (C:\Users\leotm\Desktop\Projetos\Programming\vacation-scheduler\node_modules\jsdom\lib\jsdom\living\events\EventTarget-impl.js:221:9)
          at HTMLUnknownElementImpl.dispatchEvent (C:\Users\leotm\Desktop\Projetos\Programming\vacation-scheduler\node_modules\jsdom\lib\jsdom\living\events\EventTarget-impl.js:94:17)
          at HTMLUnknownElement.dispatchEvent (C:\Users\leotm\Desktop\Projetos\Programming\vacation-scheduler\node_modules\jsdom\lib\jsdom\living\generated\EventTarget.js:231:34)
          at Object.invokeGuardedCallbackDev (C:\Users\leotm\Desktop\Projetos\Programming\vacation-scheduler\node_modules\react-dom\cjs\react-dom.development.js:4213:16)
          at invokeGuardedCallback (C:\Users\leotm\Desktop\Projetos\Programming\vacation-scheduler\node_modules\react-dom\cjs\react-dom.development.js:4277:31)
          at beginWork$1 (C:\Users\leotm\Desktop\Projetos\Programming\vacation-scheduler\node_modules\react-dom\cjs\react-dom.development.js:27490:7)
          at performUnitOfWork (C:\Users\leotm\Desktop\Projetos\Programming\vacation-scheduler\node_modules\react-dom\cjs\react-dom.development.js:26599:12)
          at workLoopSync (C:\Users\leotm\Desktop\Projetos\Programming\vacation-scheduler\node_modules\react-dom\cjs\react-dom.development.js:26505:5)
          at renderRootSync (C:\Users\leotm\Desktop\Projetos\Programming\vacation-scheduler\node_modules\react-dom\cjs\react-dom.development.js:26473:7)
          at performConcurrentWorkOnRoot (C:\Users\leotm\Desktop\Projetos\Programming\vacation-scheduler\node_modules\react-dom\cjs\react-dom.development.js:25777:74)
          at flushActQueue (C:\Users\leotm\Desktop\Projetos\Programming\vacation-scheduler\node_modules\react\cjs\react.development.js:2667:24)
          at act (C:\Users\leotm\Desktop\Projetos\Programming\vacation-scheduler\node_modules\react\cjs\react.development.js:2582:11)
          at C:\Users\leotm\Desktop\Projetos\Programming\vacation-scheduler\node_modules\@testing-library\react\dist\act-compat.js:46:25
          at renderRoot (C:\Users\leotm\Desktop\Projetos\Programming\vacation-scheduler\node_modules\@testing-library\react\dist\pure.js:189:26)
          at render (C:\Users\leotm\Desktop\Projetos\Programming\vacation-scheduler\node_modules\@testing-library\react\dist\pure.js:291:10)
          at Object.<anonymous> (C:\Users\leotm\Desktop\Projetos\Programming\vacation-scheduler\src\features\docs\DocumentationPage.test.js:12:15)
          at Promise.then.completed (C:\Users\leotm\Desktop\Projetos\Programming\vacation-scheduler\node_modules\jest-circus\build\utils.js:391:28)
          at new Promise (<anonymous>)
          at callAsyncCircusFn (C:\Users\leotm\Desktop\Projetos\Programming\vacation-scheduler\node_modules\jest-circus\build\utils.js:316:10)
          at _callCircusTest (C:\Users\leotm\Desktop\Projetos\Programming\vacation-scheduler\node_modules\jest-circus\build\run.js:218:40)
          at processTicksAndRejections (node:internal/process/task_queues:103:5)
          at _runTest (C:\Users\leotm\Desktop\Projetos\Programming\vacation-scheduler\node_modules\jest-circus\build\run.js:155:3)
          at _runTestsForDescribeBlock (C:\Users\leotm\Desktop\Projetos\Programming\vacation-scheduler\node_modules\jest-circus\build\run.js:66:9)
          at _runTestsForDescribeBlock (C:\Users\leotm\Desktop\Projetos\Programming\vacation-scheduler\node_modules\jest-circus\build\run.js:60:9)
          at run (C:\Users\leotm\Desktop\Projetos\Programming\vacation-scheduler\node_modules\jest-circus\build\run.js:25:3)
          at runAndTransformResultsToJestFormat (C:\Users\leotm\Desktop\Projetos\Programming\vacation-scheduler\node_modules\jest-circus\build\legacy-code-todo-rewrite\jestAdapterInit.js:170:21)
          at jestAdapter (C:\Users\leotm\Desktop\Projetos\Programming\vacation-scheduler\node_modules\jest-circus\build\legacy-code-todo-rewrite\jestAdapter.js:82:19)
          at runTestInternal (C:\Users\leotm\Desktop\Projetos\Programming\vacation-scheduler\node_modules\jest-runner\build\runTest.js:389:16)
          at runTest (C:\Users\leotm\Desktop\Projetos\Programming\vacation-scheduler\node_modules\jest-runner\build\runTest.js:475:34)
          at Object.worker (C:\Users\leotm\Desktop\Projetos\Programming\vacation-scheduler\node_modules\jest-runner\build\testWorker.js:133:12)

    [0m [90m 10 |[39m
     [90m 11 |[39m     it([32m'renders the header and core concepts'[39m[33m,[39m () [33m=>[39m {
    [31m[1m>[22m[39m[90m 12 |[39m         render([33m<[39m[33mDocumentationPage[39m [33m/[39m[33m>[39m)[33m;[39m
     [90m    |[39m               [31m[1m^[22m[39m
     [90m 13 |[39m         [90m// Header[39m
     [90m 14 |[39m         expect(screen[33m.[39mgetByRole([32m'heading'[39m[33m,[39m { level[33m:[39m [35m1[39m[33m,[39m name[33m:[39m [35m/Documentation/i[39m }))[33m.[39mtoBeInTheDocument()[33m;[39m
     [90m 15 |[39m[0m

      at VirtualConsole.<anonymous> (node_modules/jsdom/lib/jsdom/virtual-console.js:29:45)
      at reportException (node_modules/jsdom/lib/jsdom/living/helpers/runtime-script-errors.js:70:28)
      at innerInvokeEventListeners (node_modules/jsdom/lib/jsdom/living/events/EventTarget-impl.js:341:9)
      at invokeEventListeners (node_modules/jsdom/lib/jsdom/living/events/EventTarget-impl.js:274:3)
      at HTMLUnknownElementImpl._dispatch (node_modules/jsdom/lib/jsdom/living/events/EventTarget-impl.js:221:9)
      at HTMLUnknownElementImpl.dispatchEvent (node_modules/jsdom/lib/jsdom/living/events/EventTarget-impl.js:94:17)
      at HTMLUnknownElement.dispatchEvent (node_modules/jsdom/lib/jsdom/living/generated/EventTarget.js:231:34)
      at Object.invokeGuardedCallbackDev (node_modules/react-dom/cjs/react-dom.development.js:4213:16)
      at invokeGuardedCallback (node_modules/react-dom/cjs/react-dom.development.js:4277:31)
      at beginWork$1 (node_modules/react-dom/cjs/react-dom.development.js:27490:7)
      at performUnitOfWork (node_modules/react-dom/cjs/react-dom.development.js:26599:12)
      at workLoopSync (node_modules/react-dom/cjs/react-dom.development.js:26505:5)
      at renderRootSync (node_modules/react-dom/cjs/react-dom.development.js:26473:7)
      at performConcurrentWorkOnRoot (node_modules/react-dom/cjs/react-dom.development.js:25777:74)
      at flushActQueue (node_modules/react/cjs/react.development.js:2667:24)
      at act (node_modules/react/cjs/react.development.js:2582:11)
      at node_modules/@testing-library/react/dist/act-compat.js:46:25
      at renderRoot (node_modules/@testing-library/react/dist/pure.js:189:26)
      at render (node_modules/@testing-library/react/dist/pure.js:291:10)
      at Object.<anonymous> (src/features/docs/DocumentationPage.test.js:12:15)

    console.error
      Error: Uncaught [TypeError: Cannot destructure property 'basename' of 'React.useContext(...)' as it is null.]
          at reportException (C:\Users\leotm\Desktop\Projetos\Programming\vacation-scheduler\node_modules\jsdom\lib\jsdom\living\helpers\runtime-script-errors.js:66:24)
          at innerInvokeEventListeners (C:\Users\leotm\Desktop\Projetos\Programming\vacation-scheduler\node_modules\jsdom\lib\jsdom\living\events\EventTarget-impl.js:341:9)
          at invokeEventListeners (C:\Users\leotm\Desktop\Projetos\Programming\vacation-scheduler\node_modules\jsdom\lib\jsdom\living\events\EventTarget-impl.js:274:3)
          at HTMLUnknownElementImpl._dispatch (C:\Users\leotm\Desktop\Projetos\Programming\vacation-scheduler\node_modules\jsdom\lib\jsdom\living\events\EventTarget-impl.js:221:9)
          at HTMLUnknownElementImpl.dispatchEvent (C:\Users\leotm\Desktop\Projetos\Programming\vacation-scheduler\node_modules\jsdom\lib\jsdom\living\events\EventTarget-impl.js:94:17)
          at HTMLUnknownElement.dispatchEvent (C:\Users\leotm\Desktop\Projetos\Programming\vacation-scheduler\node_modules\jsdom\lib\jsdom\living\generated\EventTarget.js:231:34)
          at Object.invokeGuardedCallbackDev (C:\Users\leotm\Desktop\Projetos\Programming\vacation-scheduler\node_modules\react-dom\cjs\react-dom.development.js:4213:16)
          at invokeGuardedCallback (C:\Users\leotm\Desktop\Projetos\Programming\vacation-scheduler\node_modules\react-dom\cjs\react-dom.development.js:4277:31)
          at beginWork$1 (C:\Users\leotm\Desktop\Projetos\Programming\vacation-scheduler\node_modules\react-dom\cjs\react-dom.development.js:27490:7)
          at performUnitOfWork (C:\Users\leotm\Desktop\Projetos\Programming\vacation-scheduler\node_modules\react-dom\cjs\react-dom.development.js:26599:12)
          at workLoopSync (C:\Users\leotm\Desktop\Projetos\Programming\vacation-scheduler\node_modules\react-dom\cjs\react-dom.development.js:26505:5)
          at renderRootSync (C:\Users\leotm\Desktop\Projetos\Programming\vacation-scheduler\node_modules\react-dom\cjs\react-dom.development.js:26473:7)
          at recoverFromConcurrentError (C:\Users\leotm\Desktop\Projetos\Programming\vacation-scheduler\node_modules\react-dom\cjs\react-dom.development.js:25889:20)
          at performConcurrentWorkOnRoot (C:\Users\leotm\Desktop\Projetos\Programming\vacation-scheduler\node_modules\react-dom\cjs\react-dom.development.js:25789:22)
          at flushActQueue (C:\Users\leotm\Desktop\Projetos\Programming\vacation-scheduler\node_modules\react\cjs\react.development.js:2667:24)
          at act (C:\Users\leotm\Desktop\Projetos\Programming\vacation-scheduler\node_modules\react\cjs\react.development.js:2582:11)
          at C:\Users\leotm\Desktop\Projetos\Programming\vacation-scheduler\node_modules\@testing-library\react\dist\act-compat.js:46:25
          at renderRoot (C:\Users\leotm\Desktop\Projetos\Programming\vacation-scheduler\node_modules\@testing-library\react\dist\pure.js:189:26)
          at render (C:\Users\leotm\Desktop\Projetos\Programming\vacation-scheduler\node_modules\@testing-library\react\dist\pure.js:291:10)
          at Object.<anonymous> (C:\Users\leotm\Desktop\Projetos\Programming\vacation-scheduler\src\features\docs\DocumentationPage.test.js:12:15)
          at Promise.then.completed (C:\Users\leotm\Desktop\Projetos\Programming\vacation-scheduler\node_modules\jest-circus\build\utils.js:391:28)
          at new Promise (<anonymous>)
          at callAsyncCircusFn (C:\Users\leotm\Desktop\Projetos\Programming\vacation-scheduler\node_modules\jest-circus\build\utils.js:316:10)
          at _callCircusTest (C:\Users\leotm\Desktop\Projetos\Programming\vacation-scheduler\node_modules\jest-circus\build\run.js:218:40)
          at processTicksAndRejections (node:internal/process/task_queues:103:5)
          at _runTest (C:\Users\leotm\Desktop\Projetos\Programming\vacation-scheduler\node_modules\jest-circus\build\run.js:155:3)
          at _runTestsForDescribeBlock (C:\Users\leotm\Desktop\Projetos\Programming\vacation-scheduler\node_modules\jest-circus\build\run.js:66:9)
          at _runTestsForDescribeBlock (C:\Users\leotm\Desktop\Projetos\Programming\vacation-scheduler\node_modules\jest-circus\build\run.js:60:9)
          at run (C:\Users\leotm\Desktop\Projetos\Programming\vacation-scheduler\node_modules\jest-circus\build\run.js:25:3)
          at runAndTransformResultsToJestFormat (C:\Users\leotm\Desktop\Projetos\Programming\vacation-scheduler\node_modules\jest-circus\build\legacy-code-todo-rewrite\jestAdapterInit.js:170:21)
          at jestAdapter (C:\Users\leotm\Desktop\Projetos\Programming\vacation-scheduler\node_modules\jest-circus\build\legacy-code-todo-rewrite\jestAdapter.js:82:19)
          at runTestInternal (C:\Users\leotm\Desktop\Projetos\Programming\vacation-scheduler\node_modules\jest-runner\build\runTest.js:389:16)
          at runTest (C:\Users\leotm\Desktop\Projetos\Programming\vacation-scheduler\node_modules\jest-runner\build\runTest.js:475:34)
          at Object.worker (C:\Users\leotm\Desktop\Projetos\Programming\vacation-scheduler\node_modules\jest-runner\build\testWorker.js:133:12) TypeError: Cannot destructure property 'basename' of 'React.useContext(...)' as it is null.
          at LinkWithRef (C:\Users\leotm\Desktop\Projetos\Programming\vacation-scheduler\node_modules\react-router\dist\development\chunk-2YMDXNOJ.js:399:11)
          at renderWithHooks (C:\Users\leotm\Desktop\Projetos\Programming\vacation-scheduler\node_modules\react-dom\cjs\react-dom.development.js:15486:18)
          at updateForwardRef (C:\Users\leotm\Desktop\Projetos\Programming\vacation-scheduler\node_modules\react-dom\cjs\react-dom.development.js:19245:20)
          at beginWork (C:\Users\leotm\Desktop\Projetos\Programming\vacation-scheduler\node_modules\react-dom\cjs\react-dom.development.js:21675:16)
          at HTMLUnknownElement.callCallback (C:\Users\leotm\Desktop\Projetos\Programming\vacation-scheduler\node_modules\react-dom\cjs\react-dom.development.js:4164:14)
          at HTMLUnknownElement.callTheUserObjectsOperation (C:\Users\leotm\Desktop\Projetos\Programming\vacation-scheduler\node_modules\jsdom\lib\jsdom\living\generated\EventListener.js:26:30)
          at innerInvokeEventListeners (C:\Users\leotm\Desktop\Projetos\Programming\vacation-scheduler\node_modules\jsdom\lib\jsdom\living\events\EventTarget-impl.js:338:25)
          at invokeEventListeners (C:\Users\leotm\Desktop\Projetos\Programming\vacation-scheduler\node_modules\jsdom\lib\jsdom\living\events\EventTarget-impl.js:274:3)
          at HTMLUnknownElementImpl._dispatch (C:\Users\leotm\Desktop\Projetos\Programming\vacation-scheduler\node_modules\jsdom\lib\jsdom\living\events\EventTarget-impl.js:221:9)
          at HTMLUnknownElementImpl.dispatchEvent (C:\Users\leotm\Desktop\Projetos\Programming\vacation-scheduler\node_modules\jsdom\lib\jsdom\living\events\EventTarget-impl.js:94:17)
          at HTMLUnknownElement.dispatchEvent (C:\Users\leotm\Desktop\Projetos\Programming\vacation-scheduler\node_modules\jsdom\lib\jsdom\living\generated\EventTarget.js:231:34)
          at Object.invokeGuardedCallbackDev (C:\Users\leotm\Desktop\Projetos\Programming\vacation-scheduler\node_modules\react-dom\cjs\react-dom.development.js:4213:16)
          at invokeGuardedCallback (C:\Users\leotm\Desktop\Projetos\Programming\vacation-scheduler\node_modules\react-dom\cjs\react-dom.development.js:4277:31)
          at beginWork$1 (C:\Users\leotm\Desktop\Projetos\Programming\vacation-scheduler\node_modules\react-dom\cjs\react-dom.development.js:27490:7)
          at performUnitOfWork (C:\Users\leotm\Desktop\Projetos\Programming\vacation-scheduler\node_modules\react-dom\cjs\react-dom.development.js:26599:12)
          at workLoopSync (C:\Users\leotm\Desktop\Projetos\Programming\vacation-scheduler\node_modules\react-dom\cjs\react-dom.development.js:26505:5)
          at renderRootSync (C:\Users\leotm\Desktop\Projetos\Programming\vacation-scheduler\node_modules\react-dom\cjs\react-dom.development.js:26473:7)
          at recoverFromConcurrentError (C:\Users\leotm\Desktop\Projetos\Programming\vacation-scheduler\node_modules\react-dom\cjs\react-dom.development.js:25889:20)
          at performConcurrentWorkOnRoot (C:\Users\leotm\Desktop\Projetos\Programming\vacation-scheduler\node_modules\react-dom\cjs\react-dom.development.js:25789:22)
          at flushActQueue (C:\Users\leotm\Desktop\Projetos\Programming\vacation-scheduler\node_modules\react\cjs\react.development.js:2667:24)
          at act (C:\Users\leotm\Desktop\Projetos\Programming\vacation-scheduler\node_modules\react\cjs\react.development.js:2582:11)
          at C:\Users\leotm\Desktop\Projetos\Programming\vacation-scheduler\node_modules\@testing-library\react\dist\act-compat.js:46:25
          at renderRoot (C:\Users\leotm\Desktop\Projetos\Programming\vacation-scheduler\node_modules\@testing-library\react\dist\pure.js:189:26)
          at render (C:\Users\leotm\Desktop\Projetos\Programming\vacation-scheduler\node_modules\@testing-library\react\dist\pure.js:291:10)
          at Object.<anonymous> (C:\Users\leotm\Desktop\Projetos\Programming\vacation-scheduler\src\features\docs\DocumentationPage.test.js:12:15)
          at Promise.then.completed (C:\Users\leotm\Desktop\Projetos\Programming\vacation-scheduler\node_modules\jest-circus\build\utils.js:391:28)
          at new Promise (<anonymous>)
          at callAsyncCircusFn (C:\Users\leotm\Desktop\Projetos\Programming\vacation-scheduler\node_modules\jest-circus\build\utils.js:316:10)
          at _callCircusTest (C:\Users\leotm\Desktop\Projetos\Programming\vacation-scheduler\node_modules\jest-circus\build\run.js:218:40)
          at processTicksAndRejections (node:internal/process/task_queues:103:5)
          at _runTest (C:\Users\leotm\Desktop\Projetos\Programming\vacation-scheduler\node_modules\jest-circus\build\run.js:155:3)
          at _runTestsForDescribeBlock (C:\Users\leotm\Desktop\Projetos\Programming\vacation-scheduler\node_modules\jest-circus\build\run.js:66:9)
          at _runTestsForDescribeBlock (C:\Users\leotm\Desktop\Projetos\Programming\vacation-scheduler\node_modules\jest-circus\build\run.js:60:9)
          at run (C:\Users\leotm\Desktop\Projetos\Programming\vacation-scheduler\node_modules\jest-circus\build\run.js:25:3)
          at runAndTransformResultsToJestFormat (C:\Users\leotm\Desktop\Projetos\Programming\vacation-scheduler\node_modules\jest-circus\build\legacy-code-todo-rewrite\jestAdapterInit.js:170:21)
          at jestAdapter (C:\Users\leotm\Desktop\Projetos\Programming\vacation-scheduler\node_modules\jest-circus\build\legacy-code-todo-rewrite\jestAdapter.js:82:19)
          at runTestInternal (C:\Users\leotm\Desktop\Projetos\Programming\vacation-scheduler\node_modules\jest-runner\build\runTest.js:389:16)
          at runTest (C:\Users\leotm\Desktop\Projetos\Programming\vacation-scheduler\node_modules\jest-runner\build\runTest.js:475:34)
          at Object.worker (C:\Users\leotm\Desktop\Projetos\Programming\vacation-scheduler\node_modules\jest-runner\build\testWorker.js:133:12)

    [0m [90m 10 |[39m
     [90m 11 |[39m     it([32m'renders the header and core concepts'[39m[33m,[39m () [33m=>[39m {
    [31m[1m>[22m[39m[90m 12 |[39m         render([33m<[39m[33mDocumentationPage[39m [33m/[39m[33m>[39m)[33m;[39m
     [90m    |[39m               [31m[1m^[22m[39m
     [90m 13 |[39m         [90m// Header[39m
     [90m 14 |[39m         expect(screen[33m.[39mgetByRole([32m'heading'[39m[33m,[39m { level[33m:[39m [35m1[39m[33m,[39m name[33m:[39m [35m/Documentation/i[39m }))[33m.[39mtoBeInTheDocument()[33m;[39m
     [90m 15 |[39m[0m

      at VirtualConsole.<anonymous> (node_modules/jsdom/lib/jsdom/virtual-console.js:29:45)
      at reportException (node_modules/jsdom/lib/jsdom/living/helpers/runtime-script-errors.js:70:28)
      at innerInvokeEventListeners (node_modules/jsdom/lib/jsdom/living/events/EventTarget-impl.js:341:9)
      at invokeEventListeners (node_modules/jsdom/lib/jsdom/living/events/EventTarget-impl.js:274:3)
      at HTMLUnknownElementImpl._dispatch (node_modules/jsdom/lib/jsdom/living/events/EventTarget-impl.js:221:9)
      at HTMLUnknownElementImpl.dispatchEvent (node_modules/jsdom/lib/jsdom/living/events/EventTarget-impl.js:94:17)
      at HTMLUnknownElement.dispatchEvent (node_modules/jsdom/lib/jsdom/living/generated/EventTarget.js:231:34)
      at Object.invokeGuardedCallbackDev (node_modules/react-dom/cjs/react-dom.development.js:4213:16)
      at invokeGuardedCallback (node_modules/react-dom/cjs/react-dom.development.js:4277:31)
      at beginWork$1 (node_modules/react-dom/cjs/react-dom.development.js:27490:7)
      at performUnitOfWork (node_modules/react-dom/cjs/react-dom.development.js:26599:12)
      at workLoopSync (node_modules/react-dom/cjs/react-dom.development.js:26505:5)
      at renderRootSync (node_modules/react-dom/cjs/react-dom.development.js:26473:7)
      at recoverFromConcurrentError (node_modules/react-dom/cjs/react-dom.development.js:25889:20)
      at performConcurrentWorkOnRoot (node_modules/react-dom/cjs/react-dom.development.js:25789:22)
      at flushActQueue (node_modules/react/cjs/react.development.js:2667:24)
      at act (node_modules/react/cjs/react.development.js:2582:11)
      at node_modules/@testing-library/react/dist/act-compat.js:46:25
      at renderRoot (node_modules/@testing-library/react/dist/pure.js:189:26)
      at render (node_modules/@testing-library/react/dist/pure.js:291:10)
      at Object.<anonymous> (src/features/docs/DocumentationPage.test.js:12:15)

    console.error
      The above error occurred in the <Link> component:
      
          at LinkWithRef (C:\Users\leotm\Desktop\Projetos\Programming\vacation-scheduler\node_modules\react-router\dist\development\chunk-2YMDXNOJ.js:384:5)
          at div
          at div
          at section
          at article
          at div
          at div
          at DocumentationPage (C:\Users\leotm\Desktop\Projetos\Programming\vacation-scheduler\src\features\docs\DocumentationPage.jsx:5:45)
      
      Consider adding an error boundary to your tree to customize error handling behavior.
      Visit https://reactjs.org/link/error-boundaries to learn more about error boundaries.

    [0m [90m 10 |[39m
     [90m 11 |[39m     it([32m'renders the header and core concepts'[39m[33m,[39m () [33m=>[39m {
    [31m[1m>[22m[39m[90m 12 |[39m         render([33m<[39m[33mDocumentationPage[39m [33m/[39m[33m>[39m)[33m;[39m
     [90m    |[39m               [31m[1m^[22m[39m
     [90m 13 |[39m         [90m// Header[39m
     [90m 14 |[39m         expect(screen[33m.[39mgetByRole([32m'heading'[39m[33m,[39m { level[33m:[39m [35m1[39m[33m,[39m name[33m:[39m [35m/Documentation/i[39m }))[33m.[39mtoBeInTheDocument()[33m;[39m
     [90m 15 |[39m[0m

      at logCapturedError (node_modules/react-dom/cjs/react-dom.development.js:18704:23)
      at update.callback (node_modules/react-dom/cjs/react-dom.development.js:18737:5)
      at callCallback (node_modules/react-dom/cjs/react-dom.development.js:15036:12)
      at commitUpdateQueue (node_modules/react-dom/cjs/react-dom.development.js:15057:9)
      at commitLayoutEffectOnFiber (node_modules/react-dom/cjs/react-dom.development.js:23430:13)
      at commitLayoutMountEffects_complete (node_modules/react-dom/cjs/react-dom.development.js:24727:9)
      at commitLayoutEffects_begin (node_modules/react-dom/cjs/react-dom.development.js:24713:7)
      at commitLayoutEffects (node_modules/react-dom/cjs/react-dom.development.js:24651:3)
      at commitRootImpl (node_modules/react-dom/cjs/react-dom.development.js:26862:5)
      at commitRoot (node_modules/react-dom/cjs/react-dom.development.js:26721:5)
      at finishConcurrentRender (node_modules/react-dom/cjs/react-dom.development.js:25931:9)
      at performConcurrentWorkOnRoot (node_modules/react-dom/cjs/react-dom.development.js:25848:7)
      at flushActQueue (node_modules/react/cjs/react.development.js:2667:24)
      at act (node_modules/react/cjs/react.development.js:2582:11)
      at node_modules/@testing-library/react/dist/act-compat.js:46:25
      at renderRoot (node_modules/@testing-library/react/dist/pure.js:189:26)
      at render (node_modules/@testing-library/react/dist/pure.js:291:10)
      at Object.<anonymous> (src/features/docs/DocumentationPage.test.js:12:15)

    console.error
      Error: Uncaught [TypeError: Cannot destructure property 'basename' of 'React.useContext(...)' as it is null.]
          at reportException (C:\Users\leotm\Desktop\Projetos\Programming\vacation-scheduler\node_modules\jsdom\lib\jsdom\living\helpers\runtime-script-errors.js:66:24)
          at innerInvokeEventListeners (C:\Users\leotm\Desktop\Projetos\Programming\vacation-scheduler\node_modules\jsdom\lib\jsdom\living\events\EventTarget-impl.js:341:9)
          at invokeEventListeners (C:\Users\leotm\Desktop\Projetos\Programming\vacation-scheduler\node_modules\jsdom\lib\jsdom\living\events\EventTarget-impl.js:274:3)
          at HTMLUnknownElementImpl._dispatch (C:\Users\leotm\Desktop\Projetos\Programming\vacation-scheduler\node_modules\jsdom\lib\jsdom\living\events\EventTarget-impl.js:221:9)
          at HTMLUnknownElementImpl.dispatchEvent (C:\Users\leotm\Desktop\Projetos\Programming\vacation-scheduler\node_modules\jsdom\lib\jsdom\living\events\EventTarget-impl.js:94:17)
          at HTMLUnknownElement.dispatchEvent (C:\Users\leotm\Desktop\Projetos\Programming\vacation-scheduler\node_modules\jsdom\lib\jsdom\living\generated\EventTarget.js:231:34)
          at Object.invokeGuardedCallbackDev (C:\Users\leotm\Desktop\Projetos\Programming\vacation-scheduler\node_modules\react-dom\cjs\react-dom.development.js:4213:16)
          at invokeGuardedCallback (C:\Users\leotm\Desktop\Projetos\Programming\vacation-scheduler\node_modules\react-dom\cjs\react-dom.development.js:4277:31)
          at beginWork$1 (C:\Users\leotm\Desktop\Projetos\Programming\vacation-scheduler\node_modules\react-dom\cjs\react-dom.development.js:27490:7)
          at performUnitOfWork (C:\Users\leotm\Desktop\Projetos\Programming\vacation-scheduler\node_modules\react-dom\cjs\react-dom.development.js:26599:12)
          at workLoopSync (C:\Users\leotm\Desktop\Projetos\Programming\vacation-scheduler\node_modules\react-dom\cjs\react-dom.development.js:26505:5)
          at renderRootSync (C:\Users\leotm\Desktop\Projetos\Programming\vacation-scheduler\node_modules\react-dom\cjs\react-dom.development.js:26473:7)
          at performConcurrentWorkOnRoot (C:\Users\leotm\Desktop\Projetos\Programming\vacation-scheduler\node_modules\react-dom\cjs\react-dom.development.js:25777:74)
          at flushActQueue (C:\Users\leotm\Desktop\Projetos\Programming\vacation-scheduler\node_modules\react\cjs\react.development.js:2667:24)
          at act (C:\Users\leotm\Desktop\Projetos\Programming\vacation-scheduler\node_modules\react\cjs\react.development.js:2582:11)
          at C:\Users\leotm\Desktop\Projetos\Programming\vacation-scheduler\node_modules\@testing-library\react\dist\act-compat.js:46:25
          at renderRoot (C:\Users\leotm\Desktop\Projetos\Programming\vacation-scheduler\node_modules\@testing-library\react\dist\pure.js:189:26)
          at render (C:\Users\leotm\Desktop\Projetos\Programming\vacation-scheduler\node_modules\@testing-library\react\dist\pure.js:291:10)
          at Object.<anonymous> (C:\Users\leotm\Desktop\Projetos\Programming\vacation-scheduler\src\features\docs\DocumentationPage.test.js:27:15)
          at Promise.then.completed (C:\Users\leotm\Desktop\Projetos\Programming\vacation-scheduler\node_modules\jest-circus\build\utils.js:391:28)
          at new Promise (<anonymous>)
          at callAsyncCircusFn (C:\Users\leotm\Desktop\Projetos\Programming\vacation-scheduler\node_modules\jest-circus\build\utils.js:316:10)
          at _callCircusTest (C:\Users\leotm\Desktop\Projetos\Programming\vacation-scheduler\node_modules\jest-circus\build\run.js:218:40)
          at processTicksAndRejections (node:internal/process/task_queues:103:5)
          at _runTest (C:\Users\leotm\Desktop\Projetos\Programming\vacation-scheduler\node_modules\jest-circus\build\run.js:155:3)
          at _runTestsForDescribeBlock (C:\Users\leotm\Desktop\Projetos\Programming\vacation-scheduler\node_modules\jest-circus\build\run.js:66:9)
          at _runTestsForDescribeBlock (C:\Users\leotm\Desktop\Projetos\Programming\vacation-scheduler\node_modules\jest-circus\build\run.js:60:9)
          at run (C:\Users\leotm\Desktop\Projetos\Programming\vacation-scheduler\node_modules\jest-circus\build\run.js:25:3)
          at runAndTransformResultsToJestFormat (C:\Users\leotm\Desktop\Projetos\Programming\vacation-scheduler\node_modules\jest-circus\build\legacy-code-todo-rewrite\jestAdapterInit.js:170:21)
          at jestAdapter (C:\Users\leotm\Desktop\Projetos\Programming\vacation-scheduler\node_modules\jest-circus\build\legacy-code-todo-rewrite\jestAdapter.js:82:19)
          at runTestInternal (C:\Users\leotm\Desktop\Projetos\Programming\vacation-scheduler\node_modules\jest-runner\build\runTest.js:389:16)
          at runTest (C:\Users\leotm\Desktop\Projetos\Programming\vacation-scheduler\node_modules\jest-runner\build\runTest.js:475:34)
          at Object.worker (C:\Users\leotm\Desktop\Projetos\Programming\vacation-scheduler\node_modules\jest-runner\build\testWorker.js:133:12) TypeError: Cannot destructure property 'basename' of 'React.useContext(...)' as it is null.
          at LinkWithRef (C:\Users\leotm\Desktop\Projetos\Programming\vacation-scheduler\node_modules\react-router\dist\development\chunk-2YMDXNOJ.js:399:11)
          at renderWithHooks (C:\Users\leotm\Desktop\Projetos\Programming\vacation-scheduler\node_modules\react-dom\cjs\react-dom.development.js:15486:18)
          at updateForwardRef (C:\Users\leotm\Desktop\Projetos\Programming\vacation-scheduler\node_modules\react-dom\cjs\react-dom.development.js:19245:20)
          at beginWork (C:\Users\leotm\Desktop\Projetos\Programming\vacation-scheduler\node_modules\react-dom\cjs\react-dom.development.js:21675:16)
          at HTMLUnknownElement.callCallback (C:\Users\leotm\Desktop\Projetos\Programming\vacation-scheduler\node_modules\react-dom\cjs\react-dom.development.js:4164:14)
          at HTMLUnknownElement.callTheUserObjectsOperation (C:\Users\leotm\Desktop\Projetos\Programming\vacation-scheduler\node_modules\jsdom\lib\jsdom\living\generated\EventListener.js:26:30)
          at innerInvokeEventListeners (C:\Users\leotm\Desktop\Projetos\Programming\vacation-scheduler\node_modules\jsdom\lib\jsdom\living\events\EventTarget-impl.js:338:25)
          at invokeEventListeners (C:\Users\leotm\Desktop\Projetos\Programming\vacation-scheduler\node_modules\jsdom\lib\jsdom\living\events\EventTarget-impl.js:274:3)
          at HTMLUnknownElementImpl._dispatch (C:\Users\leotm\Desktop\Projetos\Programming\vacation-scheduler\node_modules\jsdom\lib\jsdom\living\events\EventTarget-impl.js:221:9)
          at HTMLUnknownElementImpl.dispatchEvent (C:\Users\leotm\Desktop\Projetos\Programming\vacation-scheduler\node_modules\jsdom\lib\jsdom\living\events\EventTarget-impl.js:94:17)
          at HTMLUnknownElement.dispatchEvent (C:\Users\leotm\Desktop\Projetos\Programming\vacation-scheduler\node_modules\jsdom\lib\jsdom\living\generated\EventTarget.js:231:34)
          at Object.invokeGuardedCallbackDev (C:\Users\leotm\Desktop\Projetos\Programming\vacation-scheduler\node_modules\react-dom\cjs\react-dom.development.js:4213:16)
          at invokeGuardedCallback (C:\Users\leotm\Desktop\Projetos\Programming\vacation-scheduler\node_modules\react-dom\cjs\react-dom.development.js:4277:31)
          at beginWork$1 (C:\Users\leotm\Desktop\Projetos\Programming\vacation-scheduler\node_modules\react-dom\cjs\react-dom.development.js:27490:7)
          at performUnitOfWork (C:\Users\leotm\Desktop\Projetos\Programming\vacation-scheduler\node_modules\react-dom\cjs\react-dom.development.js:26599:12)
          at workLoopSync (C:\Users\leotm\Desktop\Projetos\Programming\vacation-scheduler\node_modules\react-dom\cjs\react-dom.development.js:26505:5)
          at renderRootSync (C:\Users\leotm\Desktop\Projetos\Programming\vacation-scheduler\node_modules\react-dom\cjs\react-dom.development.js:26473:7)
          at performConcurrentWorkOnRoot (C:\Users\leotm\Desktop\Projetos\Programming\vacation-scheduler\node_modules\react-dom\cjs\react-dom.development.js:25777:74)
          at flushActQueue (C:\Users\leotm\Desktop\Projetos\Programming\vacation-scheduler\node_modules\react\cjs\react.development.js:2667:24)
          at act (C:\Users\leotm\Desktop\Projetos\Programming\vacation-scheduler\node_modules\react\cjs\react.development.js:2582:11)
          at C:\Users\leotm\Desktop\Projetos\Programming\vacation-scheduler\node_modules\@testing-library\react\dist\act-compat.js:46:25
          at renderRoot (C:\Users\leotm\Desktop\Projetos\Programming\vacation-scheduler\node_modules\@testing-library\react\dist\pure.js:189:26)
          at render (C:\Users\leotm\Desktop\Projetos\Programming\vacation-scheduler\node_modules\@testing-library\react\dist\pure.js:291:10)
          at Object.<anonymous> (C:\Users\leotm\Desktop\Projetos\Programming\vacation-scheduler\src\features\docs\DocumentationPage.test.js:27:15)
          at Promise.then.completed (C:\Users\leotm\Desktop\Projetos\Programming\vacation-scheduler\node_modules\jest-circus\build\utils.js:391:28)
          at new Promise (<anonymous>)
          at callAsyncCircusFn (C:\Users\leotm\Desktop\Projetos\Programming\vacation-scheduler\node_modules\jest-circus\build\utils.js:316:10)
          at _callCircusTest (C:\Users\leotm\Desktop\Projetos\Programming\vacation-scheduler\node_modules\jest-circus\build\run.js:218:40)
          at processTicksAndRejections (node:internal/process/task_queues:103:5)
          at _runTest (C:\Users\leotm\Desktop\Projetos\Programming\vacation-scheduler\node_modules\jest-circus\build\run.js:155:3)
          at _runTestsForDescribeBlock (C:\Users\leotm\Desktop\Projetos\Programming\vacation-scheduler\node_modules\jest-circus\build\run.js:66:9)
          at _runTestsForDescribeBlock (C:\Users\leotm\Desktop\Projetos\Programming\vacation-scheduler\node_modules\jest-circus\build\run.js:60:9)
          at run (C:\Users\leotm\Desktop\Projetos\Programming\vacation-scheduler\node_modules\jest-circus\build\run.js:25:3)
          at runAndTransformResultsToJestFormat (C:\Users\leotm\Desktop\Projetos\Programming\vacation-scheduler\node_modules\jest-circus\build\legacy-code-todo-rewrite\jestAdapterInit.js:170:21)
          at jestAdapter (C:\Users\leotm\Desktop\Projetos\Programming\vacation-scheduler\node_modules\jest-circus\build\legacy-code-todo-rewrite\jestAdapter.js:82:19)
          at runTestInternal (C:\Users\leotm\Desktop\Projetos\Programming\vacation-scheduler\node_modules\jest-runner\build\runTest.js:389:16)
          at runTest (C:\Users\leotm\Desktop\Projetos\Programming\vacation-scheduler\node_modules\jest-runner\build\runTest.js:475:34)
          at Object.worker (C:\Users\leotm\Desktop\Projetos\Programming\vacation-scheduler\node_modules\jest-runner\build\testWorker.js:133:12)

    [0m [90m 25 |[39m     it([32m'calls onBack when back button is clicked (if provided)'[39m[33m,[39m () [33m=>[39m {
     [90m 26 |[39m         [36mconst[39m handleBack [33m=[39m jest[33m.[39mfn()[33m;[39m
    [31m[1m>[22m[39m[90m 27 |[39m         render([33m<[39m[33mDocumentationPage[39m onBack[33m=[39m{handleBack} [33m/[39m[33m>[39m)[33m;[39m
     [90m    |[39m               [31m[1m^[22m[39m
     [90m 28 |[39m
     [90m 29 |[39m         [36mconst[39m backBtn [33m=[39m screen[33m.[39mgetByRole([32m'button'[39m[33m,[39m { name[33m:[39m [35m/Go Back/i[39m })[33m;[39m
     [90m 30 |[39m         fireEvent[33m.[39mclick(backBtn)[33m;[39m[0m

      at VirtualConsole.<anonymous> (node_modules/jsdom/lib/jsdom/virtual-console.js:29:45)
      at reportException (node_modules/jsdom/lib/jsdom/living/helpers/runtime-script-errors.js:70:28)
      at innerInvokeEventListeners (node_modules/jsdom/lib/jsdom/living/events/EventTarget-impl.js:341:9)
      at invokeEventListeners (node_modules/jsdom/lib/jsdom/living/events/EventTarget-impl.js:274:3)
      at HTMLUnknownElementImpl._dispatch (node_modules/jsdom/lib/jsdom/living/events/EventTarget-impl.js:221:9)
      at HTMLUnknownElementImpl.dispatchEvent (node_modules/jsdom/lib/jsdom/living/events/EventTarget-impl.js:94:17)
      at HTMLUnknownElement.dispatchEvent (node_modules/jsdom/lib/jsdom/living/generated/EventTarget.js:231:34)
      at Object.invokeGuardedCallbackDev (node_modules/react-dom/cjs/react-dom.development.js:4213:16)
      at invokeGuardedCallback (node_modules/react-dom/cjs/react-dom.development.js:4277:31)
      at beginWork$1 (node_modules/react-dom/cjs/react-dom.development.js:27490:7)
      at performUnitOfWork (node_modules/react-dom/cjs/react-dom.development.js:26599:12)
      at workLoopSync (node_modules/react-dom/cjs/react-dom.development.js:26505:5)
      at renderRootSync (node_modules/react-dom/cjs/react-dom.development.js:26473:7)
      at performConcurrentWorkOnRoot (node_modules/react-dom/cjs/react-dom.development.js:25777:74)
      at flushActQueue (node_modules/react/cjs/react.development.js:2667:24)
      at act (node_modules/react/cjs/react.development.js:2582:11)
      at node_modules/@testing-library/react/dist/act-compat.js:46:25
      at renderRoot (node_modules/@testing-library/react/dist/pure.js:189:26)
      at render (node_modules/@testing-library/react/dist/pure.js:291:10)
      at Object.<anonymous> (src/features/docs/DocumentationPage.test.js:27:15)

    console.error
      Error: Uncaught [TypeError: Cannot destructure property 'basename' of 'React.useContext(...)' as it is null.]
          at reportException (C:\Users\leotm\Desktop\Projetos\Programming\vacation-scheduler\node_modules\jsdom\lib\jsdom\living\helpers\runtime-script-errors.js:66:24)
          at innerInvokeEventListeners (C:\Users\leotm\Desktop\Projetos\Programming\vacation-scheduler\node_modules\jsdom\lib\jsdom\living\events\EventTarget-impl.js:341:9)
          at invokeEventListeners (C:\Users\leotm\Desktop\Projetos\Programming\vacation-scheduler\node_modules\jsdom\lib\jsdom\living\events\EventTarget-impl.js:274:3)
          at HTMLUnknownElementImpl._dispatch (C:\Users\leotm\Desktop\Projetos\Programming\vacation-scheduler\node_modules\jsdom\lib\jsdom\living\events\EventTarget-impl.js:221:9)
          at HTMLUnknownElementImpl.dispatchEvent (C:\Users\leotm\Desktop\Projetos\Programming\vacation-scheduler\node_modules\jsdom\lib\jsdom\living\events\EventTarget-impl.js:94:17)
          at HTMLUnknownElement.dispatchEvent (C:\Users\leotm\Desktop\Projetos\Programming\vacation-scheduler\node_modules\jsdom\lib\jsdom\living\generated\EventTarget.js:231:34)
          at Object.invokeGuardedCallbackDev (C:\Users\leotm\Desktop\Projetos\Programming\vacation-scheduler\node_modules\react-dom\cjs\react-dom.development.js:4213:16)
          at invokeGuardedCallback (C:\Users\leotm\Desktop\Projetos\Programming\vacation-scheduler\node_modules\react-dom\cjs\react-dom.development.js:4277:31)
          at beginWork$1 (C:\Users\leotm\Desktop\Projetos\Programming\vacation-scheduler\node_modules\react-dom\cjs\react-dom.development.js:27490:7)
          at performUnitOfWork (C:\Users\leotm\Desktop\Projetos\Programming\vacation-scheduler\node_modules\react-dom\cjs\react-dom.development.js:26599:12)
          at workLoopSync (C:\Users\leotm\Desktop\Projetos\Programming\vacation-scheduler\node_modules\react-dom\cjs\react-dom.development.js:26505:5)
          at renderRootSync (C:\Users\leotm\Desktop\Projetos\Programming\vacation-scheduler\node_modules\react-dom\cjs\react-dom.development.js:26473:7)
          at recoverFromConcurrentError (C:\Users\leotm\Desktop\Projetos\Programming\vacation-scheduler\node_modules\react-dom\cjs\react-dom.development.js:25889:20)
          at performConcurrentWorkOnRoot (C:\Users\leotm\Desktop\Projetos\Programming\vacation-scheduler\node_modules\react-dom\cjs\react-dom.development.js:25789:22)
          at flushActQueue (C:\Users\leotm\Desktop\Projetos\Programming\vacation-scheduler\node_modules\react\cjs\react.development.js:2667:24)
          at act (C:\Users\leotm\Desktop\Projetos\Programming\vacation-scheduler\node_modules\react\cjs\react.development.js:2582:11)
          at C:\Users\leotm\Desktop\Projetos\Programming\vacation-scheduler\node_modules\@testing-library\react\dist\act-compat.js:46:25
          at renderRoot (C:\Users\leotm\Desktop\Projetos\Programming\vacation-scheduler\node_modules\@testing-library\react\dist\pure.js:189:26)
          at render (C:\Users\leotm\Desktop\Projetos\Programming\vacation-scheduler\node_modules\@testing-library\react\dist\pure.js:291:10)
          at Object.<anonymous> (C:\Users\leotm\Desktop\Projetos\Programming\vacation-scheduler\src\features\docs\DocumentationPage.test.js:27:15)
          at Promise.then.completed (C:\Users\leotm\Desktop\Projetos\Programming\vacation-scheduler\node_modules\jest-circus\build\utils.js:391:28)
          at new Promise (<anonymous>)
          at callAsyncCircusFn (C:\Users\leotm\Desktop\Projetos\Programming\vacation-scheduler\node_modules\jest-circus\build\utils.js:316:10)
          at _callCircusTest (C:\Users\leotm\Desktop\Projetos\Programming\vacation-scheduler\node_modules\jest-circus\build\run.js:218:40)
          at processTicksAndRejections (node:internal/process/task_queues:103:5)
          at _runTest (C:\Users\leotm\Desktop\Projetos\Programming\vacation-scheduler\node_modules\jest-circus\build\run.js:155:3)
          at _runTestsForDescribeBlock (C:\Users\leotm\Desktop\Projetos\Programming\vacation-scheduler\node_modules\jest-circus\build\run.js:66:9)
          at _runTestsForDescribeBlock (C:\Users\leotm\Desktop\Projetos\Programming\vacation-scheduler\node_modules\jest-circus\build\run.js:60:9)
          at run (C:\Users\leotm\Desktop\Projetos\Programming\vacation-scheduler\node_modules\jest-circus\build\run.js:25:3)
          at runAndTransformResultsToJestFormat (C:\Users\leotm\Desktop\Projetos\Programming\vacation-scheduler\node_modules\jest-circus\build\legacy-code-todo-rewrite\jestAdapterInit.js:170:21)
          at jestAdapter (C:\Users\leotm\Desktop\Projetos\Programming\vacation-scheduler\node_modules\jest-circus\build\legacy-code-todo-rewrite\jestAdapter.js:82:19)
          at runTestInternal (C:\Users\leotm\Desktop\Projetos\Programming\vacation-scheduler\node_modules\jest-runner\build\runTest.js:389:16)
          at runTest (C:\Users\leotm\Desktop\Projetos\Programming\vacation-scheduler\node_modules\jest-runner\build\runTest.js:475:34)
          at Object.worker (C:\Users\leotm\Desktop\Projetos\Programming\vacation-scheduler\node_modules\jest-runner\build\testWorker.js:133:12) TypeError: Cannot destructure property 'basename' of 'React.useContext(...)' as it is null.
          at LinkWithRef (C:\Users\leotm\Desktop\Projetos\Programming\vacation-scheduler\node_modules\react-router\dist\development\chunk-2YMDXNOJ.js:399:11)
          at renderWithHooks (C:\Users\leotm\Desktop\Projetos\Programming\vacation-scheduler\node_modules\react-dom\cjs\react-dom.development.js:15486:18)
          at updateForwardRef (C:\Users\leotm\Desktop\Projetos\Programming\vacation-scheduler\node_modules\react-dom\cjs\react-dom.development.js:19245:20)
          at beginWork (C:\Users\leotm\Desktop\Projetos\Programming\vacation-scheduler\node_modules\react-dom\cjs\react-dom.development.js:21675:16)
          at HTMLUnknownElement.callCallback (C:\Users\leotm\Desktop\Projetos\Programming\vacation-scheduler\node_modules\react-dom\cjs\react-dom.development.js:4164:14)
          at HTMLUnknownElement.callTheUserObjectsOperation (C:\Users\leotm\Desktop\Projetos\Programming\vacation-scheduler\node_modules\jsdom\lib\jsdom\living\generated\EventListener.js:26:30)
          at innerInvokeEventListeners (C:\Users\leotm\Desktop\Projetos\Programming\vacation-scheduler\node_modules\jsdom\lib\jsdom\living\events\EventTarget-impl.js:338:25)
          at invokeEventListeners (C:\Users\leotm\Desktop\Projetos\Programming\vacation-scheduler\node_modules\jsdom\lib\jsdom\living\events\EventTarget-impl.js:274:3)
          at HTMLUnknownElementImpl._dispatch (C:\Users\leotm\Desktop\Projetos\Programming\vacation-scheduler\node_modules\jsdom\lib\jsdom\living\events\EventTarget-impl.js:221:9)
          at HTMLUnknownElementImpl.dispatchEvent (C:\Users\leotm\Desktop\Projetos\Programming\vacation-scheduler\node_modules\jsdom\lib\jsdom\living\events\EventTarget-impl.js:94:17)
          at HTMLUnknownElement.dispatchEvent (C:\Users\leotm\Desktop\Projetos\Programming\vacation-scheduler\node_modules\jsdom\lib\jsdom\living\generated\EventTarget.js:231:34)
          at Object.invokeGuardedCallbackDev (C:\Users\leotm\Desktop\Projetos\Programming\vacation-scheduler\node_modules\react-dom\cjs\react-dom.development.js:4213:16)
          at invokeGuardedCallback (C:\Users\leotm\Desktop\Projetos\Programming\vacation-scheduler\node_modules\react-dom\cjs\react-dom.development.js:4277:31)
          at beginWork$1 (C:\Users\leotm\Desktop\Projetos\Programming\vacation-scheduler\node_modules\react-dom\cjs\react-dom.development.js:27490:7)
          at performUnitOfWork (C:\Users\leotm\Desktop\Projetos\Programming\vacation-scheduler\node_modules\react-dom\cjs\react-dom.development.js:26599:12)
          at workLoopSync (C:\Users\leotm\Desktop\Projetos\Programming\vacation-scheduler\node_modules\react-dom\cjs\react-dom.development.js:26505:5)
          at renderRootSync (C:\Users\leotm\Desktop\Projetos\Programming\vacation-scheduler\node_modules\react-dom\cjs\react-dom.development.js:26473:7)
          at recoverFromConcurrentError (C:\Users\leotm\Desktop\Projetos\Programming\vacation-scheduler\node_modules\react-dom\cjs\react-dom.development.js:25889:20)
          at performConcurrentWorkOnRoot (C:\Users\leotm\Desktop\Projetos\Programming\vacation-scheduler\node_modules\react-dom\cjs\react-dom.development.js:25789:22)
          at flushActQueue (C:\Users\leotm\Desktop\Projetos\Programming\vacation-scheduler\node_modules\react\cjs\react.development.js:2667:24)
          at act (C:\Users\leotm\Desktop\Projetos\Programming\vacation-scheduler\node_modules\react\cjs\react.development.js:2582:11)
          at C:\Users\leotm\Desktop\Projetos\Programming\vacation-scheduler\node_modules\@testing-library\react\dist\act-compat.js:46:25
          at renderRoot (C:\Users\leotm\Desktop\Projetos\Programming\vacation-scheduler\node_modules\@testing-library\react\dist\pure.js:189:26)
          at render (C:\Users\leotm\Desktop\Projetos\Programming\vacation-scheduler\node_modules\@testing-library\react\dist\pure.js:291:10)
          at Object.<anonymous> (C:\Users\leotm\Desktop\Projetos\Programming\vacation-scheduler\src\features\docs\DocumentationPage.test.js:27:15)
          at Promise.then.completed (C:\Users\leotm\Desktop\Projetos\Programming\vacation-scheduler\node_modules\jest-circus\build\utils.js:391:28)
          at new Promise (<anonymous>)
          at callAsyncCircusFn (C:\Users\leotm\Desktop\Projetos\Programming\vacation-scheduler\node_modules\jest-circus\build\utils.js:316:10)
          at _callCircusTest (C:\Users\leotm\Desktop\Projetos\Programming\vacation-scheduler\node_modules\jest-circus\build\run.js:218:40)
          at processTicksAndRejections (node:internal/process/task_queues:103:5)
          at _runTest (C:\Users\leotm\Desktop\Projetos\Programming\vacation-scheduler\node_modules\jest-circus\build\run.js:155:3)
          at _runTestsForDescribeBlock (C:\Users\leotm\Desktop\Projetos\Programming\vacation-scheduler\node_modules\jest-circus\build\run.js:66:9)
          at _runTestsForDescribeBlock (C:\Users\leotm\Desktop\Projetos\Programming\vacation-scheduler\node_modules\jest-circus\build\run.js:60:9)
          at run (C:\Users\leotm\Desktop\Projetos\Programming\vacation-scheduler\node_modules\jest-circus\build\run.js:25:3)
          at runAndTransformResultsToJestFormat (C:\Users\leotm\Desktop\Projetos\Programming\vacation-scheduler\node_modules\jest-circus\build\legacy-code-todo-rewrite\jestAdapterInit.js:170:21)
          at jestAdapter (C:\Users\leotm\Desktop\Projetos\Programming\vacation-scheduler\node_modules\jest-circus\build\legacy-code-todo-rewrite\jestAdapter.js:82:19)
          at runTestInternal (C:\Users\leotm\Desktop\Projetos\Programming\vacation-scheduler\node_modules\jest-runner\build\runTest.js:389:16)
          at runTest (C:\Users\leotm\Desktop\Projetos\Programming\vacation-scheduler\node_modules\jest-runner\build\runTest.js:475:34)
          at Object.worker (C:\Users\leotm\Desktop\Projetos\Programming\vacation-scheduler\node_modules\jest-runner\build\testWorker.js:133:12)

    [0m [90m 25 |[39m     it([32m'calls onBack when back button is clicked (if provided)'[39m[33m,[39m () [33m=>[39m {
     [90m 26 |[39m         [36mconst[39m handleBack [33m=[39m jest[33m.[39mfn()[33m;[39m
    [31m[1m>[22m[39m[90m 27 |[39m         render([33m<[39m[33mDocumentationPage[39m onBack[33m=[39m{handleBack} [33m/[39m[33m>[39m)[33m;[39m
     [90m    |[39m               [31m[1m^[22m[39m
     [90m 28 |[39m
     [90m 29 |[39m         [36mconst[39m backBtn [33m=[39m screen[33m.[39mgetByRole([32m'button'[39m[33m,[39m { name[33m:[39m [35m/Go Back/i[39m })[33m;[39m
     [90m 30 |[39m         fireEvent[33m.[39mclick(backBtn)[33m;[39m[0m

      at VirtualConsole.<anonymous> (node_modules/jsdom/lib/jsdom/virtual-console.js:29:45)
      at reportException (node_modules/jsdom/lib/jsdom/living/helpers/runtime-script-errors.js:70:28)
      at innerInvokeEventListeners (node_modules/jsdom/lib/jsdom/living/events/EventTarget-impl.js:341:9)
      at invokeEventListeners (node_modules/jsdom/lib/jsdom/living/events/EventTarget-impl.js:274:3)
      at HTMLUnknownElementImpl._dispatch (node_modules/jsdom/lib/jsdom/living/events/EventTarget-impl.js:221:9)
      at HTMLUnknownElementImpl.dispatchEvent (node_modules/jsdom/lib/jsdom/living/events/EventTarget-impl.js:94:17)
      at HTMLUnknownElement.dispatchEvent (node_modules/jsdom/lib/jsdom/living/generated/EventTarget.js:231:34)
      at Object.invokeGuardedCallbackDev (node_modules/react-dom/cjs/react-dom.development.js:4213:16)
      at invokeGuardedCallback (node_modules/react-dom/cjs/react-dom.development.js:4277:31)
      at beginWork$1 (node_modules/react-dom/cjs/react-dom.development.js:27490:7)
      at performUnitOfWork (node_modules/react-dom/cjs/react-dom.development.js:26599:12)
      at workLoopSync (node_modules/react-dom/cjs/react-dom.development.js:26505:5)
      at renderRootSync (node_modules/react-dom/cjs/react-dom.development.js:26473:7)
      at recoverFromConcurrentError (node_modules/react-dom/cjs/react-dom.development.js:25889:20)
      at performConcurrentWorkOnRoot (node_modules/react-dom/cjs/react-dom.development.js:25789:22)
      at flushActQueue (node_modules/react/cjs/react.development.js:2667:24)
      at act (node_modules/react/cjs/react.development.js:2582:11)
      at node_modules/@testing-library/react/dist/act-compat.js:46:25
      at renderRoot (node_modules/@testing-library/react/dist/pure.js:189:26)
      at render (node_modules/@testing-library/react/dist/pure.js:291:10)
      at Object.<anonymous> (src/features/docs/DocumentationPage.test.js:27:15)

    console.error
      The above error occurred in the <Link> component:
      
          at LinkWithRef (C:\Users\leotm\Desktop\Projetos\Programming\vacation-scheduler\node_modules\react-router\dist\development\chunk-2YMDXNOJ.js:384:5)
          at div
          at div
          at section
          at article
          at div
          at div
          at DocumentationPage (C:\Users\leotm\Desktop\Projetos\Programming\vacation-scheduler\src\features\docs\DocumentationPage.jsx:5:45)
      
      Consider adding an error boundary to your tree to customize error handling behavior.
      Visit https://reactjs.org/link/error-boundaries to learn more about error boundaries.

    [0m [90m 25 |[39m     it([32m'calls onBack when back button is clicked (if provided)'[39m[33m,[39m () [33m=>[39m {
     [90m 26 |[39m         [36mconst[39m handleBack [33m=[39m jest[33m.[39mfn()[33m;[39m
    [31m[1m>[22m[39m[90m 27 |[39m         render([33m<[39m[33mDocumentationPage[39m onBack[33m=[39m{handleBack} [33m/[39m[33m>[39m)[33m;[39m
     [90m    |[39m               [31m[1m^[22m[39m
     [90m 28 |[39m
     [90m 29 |[39m         [36mconst[39m backBtn [33m=[39m screen[33m.[39mgetByRole([32m'button'[39m[33m,[39m { name[33m:[39m [35m/Go Back/i[39m })[33m;[39m
     [90m 30 |[39m         fireEvent[33m.[39mclick(backBtn)[33m;[39m[0m

      at logCapturedError (node_modules/react-dom/cjs/react-dom.development.js:18704:23)
      at update.callback (node_modules/react-dom/cjs/react-dom.development.js:18737:5)
      at callCallback (node_modules/react-dom/cjs/react-dom.development.js:15036:12)
      at commitUpdateQueue (node_modules/react-dom/cjs/react-dom.development.js:15057:9)
      at commitLayoutEffectOnFiber (node_modules/react-dom/cjs/react-dom.development.js:23430:13)
      at commitLayoutMountEffects_complete (node_modules/react-dom/cjs/react-dom.development.js:24727:9)
      at commitLayoutEffects_begin (node_modules/react-dom/cjs/react-dom.development.js:24713:7)
      at commitLayoutEffects (node_modules/react-dom/cjs/react-dom.development.js:24651:3)
      at commitRootImpl (node_modules/react-dom/cjs/react-dom.development.js:26862:5)
      at commitRoot (node_modules/react-dom/cjs/react-dom.development.js:26721:5)
      at finishConcurrentRender (node_modules/react-dom/cjs/react-dom.development.js:25931:9)
      at performConcurrentWorkOnRoot (node_modules/react-dom/cjs/react-dom.development.js:25848:7)
      at flushActQueue (node_modules/react/cjs/react.development.js:2667:24)
      at act (node_modules/react/cjs/react.development.js:2582:11)
      at node_modules/@testing-library/react/dist/act-compat.js:46:25
      at renderRoot (node_modules/@testing-library/react/dist/pure.js:189:26)
      at render (node_modules/@testing-library/react/dist/pure.js:291:10)
      at Object.<anonymous> (src/features/docs/DocumentationPage.test.js:27:15)

  ● DocumentationPage Component › renders the header and core concepts

    TypeError: Cannot destructure property 'basename' of 'React.useContext(...)' as it is null.

    [0m [90m 10 |[39m
     [90m 11 |[39m     it([32m'renders the header and core concepts'[39m[33m,[39m () [33m=>[39m {
    [31m[1m>[22m[39m[90m 12 |[39m         render([33m<[39m[33mDocumentationPage[39m [33m/[39m[33m>[39m)[33m;[39m
     [90m    |[39m               [31m[1m^[22m[39m
     [90m 13 |[39m         [90m// Header[39m
     [90m 14 |[39m         expect(screen[33m.[39mgetByRole([32m'heading'[39m[33m,[39m { level[33m:[39m [35m1[39m[33m,[39m name[33m:[39m [35m/Documentation/i[39m }))[33m.[39mtoBeInTheDocument()[33m;[39m
     [90m 15 |[39m[0m

      at LinkWithRef (node_modules/react-router/dist/development/chunk-2YMDXNOJ.js:399:11)
      at renderWithHooks (node_modules/react-dom/cjs/react-dom.development.js:15486:18)
      at updateForwardRef (node_modules/react-dom/cjs/react-dom.development.js:19245:20)
      at beginWork (node_modules/react-dom/cjs/react-dom.development.js:21675:16)
      at beginWork$1 (node_modules/react-dom/cjs/react-dom.development.js:27465:14)
      at performUnitOfWork (node_modules/react-dom/cjs/react-dom.development.js:26599:12)
      at workLoopSync (node_modules/react-dom/cjs/react-dom.development.js:26505:5)
      at renderRootSync (node_modules/react-dom/cjs/react-dom.development.js:26473:7)
      at recoverFromConcurrentError (node_modules/react-dom/cjs/react-dom.development.js:25889:20)
      at performConcurrentWorkOnRoot (node_modules/react-dom/cjs/react-dom.development.js:25789:22)
      at flushActQueue (node_modules/react/cjs/react.development.js:2667:24)
      at act (node_modules/react/cjs/react.development.js:2582:11)
      at node_modules/@testing-library/react/dist/act-compat.js:46:25
      at renderRoot (node_modules/@testing-library/react/dist/pure.js:189:26)
      at render (node_modules/@testing-library/react/dist/pure.js:291:10)
      at Object.<anonymous> (src/features/docs/DocumentationPage.test.js:12:15)

  ● DocumentationPage Component › calls onBack when back button is clicked (if provided)

    TypeError: Cannot destructure property 'basename' of 'React.useContext(...)' as it is null.

    [0m [90m 25 |[39m     it([32m'calls onBack when back button is clicked (if provided)'[39m[33m,[39m () [33m=>[39m {
     [90m 26 |[39m         [36mconst[39m handleBack [33m=[39m jest[33m.[39mfn()[33m;[39m
    [31m[1m>[22m[39m[90m 27 |[39m         render([33m<[39m[33mDocumentationPage[39m onBack[33m=[39m{handleBack} [33m/[39m[33m>[39m)[33m;[39m
     [90m    |[39m               [31m[1m^[22m[39m
     [90m 28 |[39m
     [90m 29 |[39m         [36mconst[39m backBtn [33m=[39m screen[33m.[39mgetByRole([32m'button'[39m[33m,[39m { name[33m:[39m [35m/Go Back/i[39m })[33m;[39m
     [90m 30 |[39m         fireEvent[33m.[39mclick(backBtn)[33m;[39m[0m

      at LinkWithRef (node_modules/react-router/dist/development/chunk-2YMDXNOJ.js:399:11)
      at renderWithHooks (node_modules/react-dom/cjs/react-dom.development.js:15486:18)
      at updateForwardRef (node_modules/react-dom/cjs/react-dom.development.js:19245:20)
      at beginWork (node_modules/react-dom/cjs/react-dom.development.js:21675:16)
      at beginWork$1 (node_modules/react-dom/cjs/react-dom.development.js:27465:14)
      at performUnitOfWork (node_modules/react-dom/cjs/react-dom.development.js:26599:12)
      at workLoopSync (node_modules/react-dom/cjs/react-dom.development.js:26505:5)
      at renderRootSync (node_modules/react-dom/cjs/react-dom.development.js:26473:7)
      at recoverFromConcurrentError (node_modules/react-dom/cjs/react-dom.development.js:25889:20)
      at performConcurrentWorkOnRoot (node_modules/react-dom/cjs/react-dom.development.js:25789:22)
      at flushActQueue (node_modules/react/cjs/react.development.js:2667:24)
      at act (node_modules/react/cjs/react.development.js:2582:11)
      at node_modules/@testing-library/react/dist/act-compat.js:46:25
      at renderRoot (node_modules/@testing-library/react/dist/pure.js:189:26)
      at render (node_modules/@testing-library/react/dist/pure.js:291:10)
      at Object.<anonymous> (src/features/docs/DocumentationPage.test.js:27:15)

PASS src/components/SlidingOverlapCalendar.test.js
FAIL src/components/ParticipantView.test.js
  ● Console

    console.error
      Error: Uncaught [TypeError: Cannot destructure property 'basename' of 'React.useContext(...)' as it is null.]
          at reportException (C:\Users\leotm\Desktop\Projetos\Programming\vacation-scheduler\node_modules\jsdom\lib\jsdom\living\helpers\runtime-script-errors.js:66:24)
          at innerInvokeEventListeners (C:\Users\leotm\Desktop\Projetos\Programming\vacation-scheduler\node_modules\jsdom\lib\jsdom\living\events\EventTarget-impl.js:341:9)
          at invokeEventListeners (C:\Users\leotm\Desktop\Projetos\Programming\vacation-scheduler\node_modules\jsdom\lib\jsdom\living\events\EventTarget-impl.js:274:3)
          at HTMLUnknownElementImpl._dispatch (C:\Users\leotm\Desktop\Projetos\Programming\vacation-scheduler\node_modules\jsdom\lib\jsdom\living\events\EventTarget-impl.js:221:9)
          at HTMLUnknownElementImpl.dispatchEvent (C:\Users\leotm\Desktop\Projetos\Programming\vacation-scheduler\node_modules\jsdom\lib\jsdom\living\events\EventTarget-impl.js:94:17)
          at HTMLUnknownElement.dispatchEvent (C:\Users\leotm\Desktop\Projetos\Programming\vacation-scheduler\node_modules\jsdom\lib\jsdom\living\generated\EventTarget.js:231:34)
          at Object.invokeGuardedCallbackDev (C:\Users\leotm\Desktop\Projetos\Programming\vacation-scheduler\node_modules\react-dom\cjs\react-dom.development.js:4213:16)
          at invokeGuardedCallback (C:\Users\leotm\Desktop\Projetos\Programming\vacation-scheduler\node_modules\react-dom\cjs\react-dom.development.js:4277:31)
          at beginWork$1 (C:\Users\leotm\Desktop\Projetos\Programming\vacation-scheduler\node_modules\react-dom\cjs\react-dom.development.js:27490:7)
          at performUnitOfWork (C:\Users\leotm\Desktop\Projetos\Programming\vacation-scheduler\node_modules\react-dom\cjs\react-dom.development.js:26599:12)
          at workLoopSync (C:\Users\leotm\Desktop\Projetos\Programming\vacation-scheduler\node_modules\react-dom\cjs\react-dom.development.js:26505:5)
          at renderRootSync (C:\Users\leotm\Desktop\Projetos\Programming\vacation-scheduler\node_modules\react-dom\cjs\react-dom.development.js:26473:7)
          at performConcurrentWorkOnRoot (C:\Users\leotm\Desktop\Projetos\Programming\vacation-scheduler\node_modules\react-dom\cjs\react-dom.development.js:25777:74)
          at flushActQueue (C:\Users\leotm\Desktop\Projetos\Programming\vacation-scheduler\node_modules\react\cjs\react.development.js:2667:24)
          at act (C:\Users\leotm\Desktop\Projetos\Programming\vacation-scheduler\node_modules\react\cjs\react.development.js:2582:11)
          at C:\Users\leotm\Desktop\Projetos\Programming\vacation-scheduler\node_modules\@testing-library\react\dist\act-compat.js:46:25
          at renderRoot (C:\Users\leotm\Desktop\Projetos\Programming\vacation-scheduler\node_modules\@testing-library\react\dist\pure.js:189:26)
          at render (C:\Users\leotm\Desktop\Projetos\Programming\vacation-scheduler\node_modules\@testing-library\react\dist\pure.js:291:10)
          at Object.<anonymous> (C:\Users\leotm\Desktop\Projetos\Programming\vacation-scheduler\src\components\ParticipantView.test.js:59:15)
          at Promise.then.completed (C:\Users\leotm\Desktop\Projetos\Programming\vacation-scheduler\node_modules\jest-circus\build\utils.js:391:28)
          at new Promise (<anonymous>)
          at callAsyncCircusFn (C:\Users\leotm\Desktop\Projetos\Programming\vacation-scheduler\node_modules\jest-circus\build\utils.js:316:10)
          at _callCircusTest (C:\Users\leotm\Desktop\Projetos\Programming\vacation-scheduler\node_modules\jest-circus\build\run.js:218:40)
          at processTicksAndRejections (node:internal/process/task_queues:103:5)
          at _runTest (C:\Users\leotm\Desktop\Projetos\Programming\vacation-scheduler\node_modules\jest-circus\build\run.js:155:3)
          at _runTestsForDescribeBlock (C:\Users\leotm\Desktop\Projetos\Programming\vacation-scheduler\node_modules\jest-circus\build\run.js:66:9)
          at _runTestsForDescribeBlock (C:\Users\leotm\Desktop\Projetos\Programming\vacation-scheduler\node_modules\jest-circus\build\run.js:60:9)
          at run (C:\Users\leotm\Desktop\Projetos\Programming\vacation-scheduler\node_modules\jest-circus\build\run.js:25:3)
          at runAndTransformResultsToJestFormat (C:\Users\leotm\Desktop\Projetos\Programming\vacation-scheduler\node_modules\jest-circus\build\legacy-code-todo-rewrite\jestAdapterInit.js:170:21)
          at jestAdapter (C:\Users\leotm\Desktop\Projetos\Programming\vacation-scheduler\node_modules\jest-circus\build\legacy-code-todo-rewrite\jestAdapter.js:82:19)
          at runTestInternal (C:\Users\leotm\Desktop\Projetos\Programming\vacation-scheduler\node_modules\jest-runner\build\runTest.js:389:16)
          at runTest (C:\Users\leotm\Desktop\Projetos\Programming\vacation-scheduler\node_modules\jest-runner\build\runTest.js:475:34)
          at Object.worker (C:\Users\leotm\Desktop\Projetos\Programming\vacation-scheduler\node_modules\jest-runner\build\testWorker.js:133:12) TypeError: Cannot destructure property 'basename' of 'React.useContext(...)' as it is null.
          at LinkWithRef (C:\Users\leotm\Desktop\Projetos\Programming\vacation-scheduler\node_modules\react-router\dist\development\chunk-2YMDXNOJ.js:399:11)
          at renderWithHooks (C:\Users\leotm\Desktop\Projetos\Programming\vacation-scheduler\node_modules\react-dom\cjs\react-dom.development.js:15486:18)
          at updateForwardRef (C:\Users\leotm\Desktop\Projetos\Programming\vacation-scheduler\node_modules\react-dom\cjs\react-dom.development.js:19245:20)
          at beginWork (C:\Users\leotm\Desktop\Projetos\Programming\vacation-scheduler\node_modules\react-dom\cjs\react-dom.development.js:21675:16)
          at HTMLUnknownElement.callCallback (C:\Users\leotm\Desktop\Projetos\Programming\vacation-scheduler\node_modules\react-dom\cjs\react-dom.development.js:4164:14)
          at HTMLUnknownElement.callTheUserObjectsOperation (C:\Users\leotm\Desktop\Projetos\Programming\vacation-scheduler\node_modules\jsdom\lib\jsdom\living\generated\EventListener.js:26:30)
          at innerInvokeEventListeners (C:\Users\leotm\Desktop\Projetos\Programming\vacation-scheduler\node_modules\jsdom\lib\jsdom\living\events\EventTarget-impl.js:338:25)
          at invokeEventListeners (C:\Users\leotm\Desktop\Projetos\Programming\vacation-scheduler\node_modules\jsdom\lib\jsdom\living\events\EventTarget-impl.js:274:3)
          at HTMLUnknownElementImpl._dispatch (C:\Users\leotm\Desktop\Projetos\Programming\vacation-scheduler\node_modules\jsdom\lib\jsdom\living\events\EventTarget-impl.js:221:9)
          at HTMLUnknownElementImpl.dispatchEvent (C:\Users\leotm\Desktop\Projetos\Programming\vacation-scheduler\node_modules\jsdom\lib\jsdom\living\events\EventTarget-impl.js:94:17)
          at HTMLUnknownElement.dispatchEvent (C:\Users\leotm\Desktop\Projetos\Programming\vacation-scheduler\node_modules\jsdom\lib\jsdom\living\generated\EventTarget.js:231:34)
          at Object.invokeGuardedCallbackDev (C:\Users\leotm\Desktop\Projetos\Programming\vacation-scheduler\node_modules\react-dom\cjs\react-dom.development.js:4213:16)
          at invokeGuardedCallback (C:\Users\leotm\Desktop\Projetos\Programming\vacation-scheduler\node_modules\react-dom\cjs\react-dom.development.js:4277:31)
          at beginWork$1 (C:\Users\leotm\Desktop\Projetos\Programming\vacation-scheduler\node_modules\react-dom\cjs\react-dom.development.js:27490:7)
          at performUnitOfWork (C:\Users\leotm\Desktop\Projetos\Programming\vacation-scheduler\node_modules\react-dom\cjs\react-dom.development.js:26599:12)
          at workLoopSync (C:\Users\leotm\Desktop\Projetos\Programming\vacation-scheduler\node_modules\react-dom\cjs\react-dom.development.js:26505:5)
          at renderRootSync (C:\Users\leotm\Desktop\Projetos\Programming\vacation-scheduler\node_modules\react-dom\cjs\react-dom.development.js:26473:7)
          at performConcurrentWorkOnRoot (C:\Users\leotm\Desktop\Projetos\Programming\vacation-scheduler\node_modules\react-dom\cjs\react-dom.development.js:25777:74)
          at flushActQueue (C:\Users\leotm\Desktop\Projetos\Programming\vacation-scheduler\node_modules\react\cjs\react.development.js:2667:24)
          at act (C:\Users\leotm\Desktop\Projetos\Programming\vacation-scheduler\node_modules\react\cjs\react.development.js:2582:11)
          at C:\Users\leotm\Desktop\Projetos\Programming\vacation-scheduler\node_modules\@testing-library\react\dist\act-compat.js:46:25
          at renderRoot (C:\Users\leotm\Desktop\Projetos\Programming\vacation-scheduler\node_modules\@testing-library\react\dist\pure.js:189:26)
          at render (C:\Users\leotm\Desktop\Projetos\Programming\vacation-scheduler\node_modules\@testing-library\react\dist\pure.js:291:10)
          at Object.<anonymous> (C:\Users\leotm\Desktop\Projetos\Programming\vacation-scheduler\src\components\ParticipantView.test.js:59:15)
          at Promise.then.completed (C:\Users\leotm\Desktop\Projetos\Programming\vacation-scheduler\node_modules\jest-circus\build\utils.js:391:28)
          at new Promise (<anonymous>)
          at callAsyncCircusFn (C:\Users\leotm\Desktop\Projetos\Programming\vacation-scheduler\node_modules\jest-circus\build\utils.js:316:10)
          at _callCircusTest (C:\Users\leotm\Desktop\Projetos\Programming\vacation-scheduler\node_modules\jest-circus\build\run.js:218:40)
          at processTicksAndRejections (node:internal/process/task_queues:103:5)
          at _runTest (C:\Users\leotm\Desktop\Projetos\Programming\vacation-scheduler\node_modules\jest-circus\build\run.js:155:3)
          at _runTestsForDescribeBlock (C:\Users\leotm\Desktop\Projetos\Programming\vacation-scheduler\node_modules\jest-circus\build\run.js:66:9)
          at _runTestsForDescribeBlock (C:\Users\leotm\Desktop\Projetos\Programming\vacation-scheduler\node_modules\jest-circus\build\run.js:60:9)
          at run (C:\Users\leotm\Desktop\Projetos\Programming\vacation-scheduler\node_modules\jest-circus\build\run.js:25:3)
          at runAndTransformResultsToJestFormat (C:\Users\leotm\Desktop\Projetos\Programming\vacation-scheduler\node_modules\jest-circus\build\legacy-code-todo-rewrite\jestAdapterInit.js:170:21)
          at jestAdapter (C:\Users\leotm\Desktop\Projetos\Programming\vacation-scheduler\node_modules\jest-circus\build\legacy-code-todo-rewrite\jestAdapter.js:82:19)
          at runTestInternal (C:\Users\leotm\Desktop\Projetos\Programming\vacation-scheduler\node_modules\jest-runner\build\runTest.js:389:16)
          at runTest (C:\Users\leotm\Desktop\Projetos\Programming\vacation-scheduler\node_modules\jest-runner\build\runTest.js:475:34)
          at Object.worker (C:\Users\leotm\Desktop\Projetos\Programming\vacation-scheduler\node_modules\jest-runner\build\testWorker.js:133:12)

    [0m [90m 57 |[39m
     [90m 58 |[39m     test([32m'blocks submission and shows error if name already exists'[39m[33m,[39m [36masync[39m () [33m=>[39m {
    [31m[1m>[22m[39m[90m 59 |[39m         render(
     [90m    |[39m               [31m[1m^[22m[39m
     [90m 60 |[39m             [33m<[39m[33mGroupProvider[39m groupId[33m=[39m[32m"group123"[39m adminToken[33m=[39m{[36mnull[39m} isAdmin[33m=[39m{[36mfalse[39m}[33m>[39m
     [90m 61 |[39m                 [33m<[39m[33mParticipantView[39m onBack[33m=[39m{() [33m=>[39m { }} [33m/[39m[33m>[39m
     [90m 62 |[39m             [33m<[39m[33m/[39m[33mGroupProvider[39m[33m>[39m[0m

      at VirtualConsole.<anonymous> (node_modules/jsdom/lib/jsdom/virtual-console.js:29:45)
      at reportException (node_modules/jsdom/lib/jsdom/living/helpers/runtime-script-errors.js:70:28)
      at innerInvokeEventListeners (node_modules/jsdom/lib/jsdom/living/events/EventTarget-impl.js:341:9)
      at invokeEventListeners (node_modules/jsdom/lib/jsdom/living/events/EventTarget-impl.js:274:3)
      at HTMLUnknownElementImpl._dispatch (node_modules/jsdom/lib/jsdom/living/events/EventTarget-impl.js:221:9)
      at HTMLUnknownElementImpl.dispatchEvent (node_modules/jsdom/lib/jsdom/living/events/EventTarget-impl.js:94:17)
      at HTMLUnknownElement.dispatchEvent (node_modules/jsdom/lib/jsdom/living/generated/EventTarget.js:231:34)
      at Object.invokeGuardedCallbackDev (node_modules/react-dom/cjs/react-dom.development.js:4213:16)
      at invokeGuardedCallback (node_modules/react-dom/cjs/react-dom.development.js:4277:31)
      at beginWork$1 (node_modules/react-dom/cjs/react-dom.development.js:27490:7)
      at performUnitOfWork (node_modules/react-dom/cjs/react-dom.development.js:26599:12)
      at workLoopSync (node_modules/react-dom/cjs/react-dom.development.js:26505:5)
      at renderRootSync (node_modules/react-dom/cjs/react-dom.development.js:26473:7)
      at performConcurrentWorkOnRoot (node_modules/react-dom/cjs/react-dom.development.js:25777:74)
      at flushActQueue (node_modules/react/cjs/react.development.js:2667:24)
      at act (node_modules/react/cjs/react.development.js:2582:11)
      at node_modules/@testing-library/react/dist/act-compat.js:46:25
      at renderRoot (node_modules/@testing-library/react/dist/pure.js:189:26)
      at render (node_modules/@testing-library/react/dist/pure.js:291:10)
      at Object.<anonymous> (src/components/ParticipantView.test.js:59:15)

    console.error
      Error: Uncaught [TypeError: Cannot destructure property 'basename' of 'React.useContext(...)' as it is null.]
          at reportException (C:\Users\leotm\Desktop\Projetos\Programming\vacation-scheduler\node_modules\jsdom\lib\jsdom\living\helpers\runtime-script-errors.js:66:24)
          at innerInvokeEventListeners (C:\Users\leotm\Desktop\Projetos\Programming\vacation-scheduler\node_modules\jsdom\lib\jsdom\living\events\EventTarget-impl.js:341:9)
          at invokeEventListeners (C:\Users\leotm\Desktop\Projetos\Programming\vacation-scheduler\node_modules\jsdom\lib\jsdom\living\events\EventTarget-impl.js:274:3)
          at HTMLUnknownElementImpl._dispatch (C:\Users\leotm\Desktop\Projetos\Programming\vacation-scheduler\node_modules\jsdom\lib\jsdom\living\events\EventTarget-impl.js:221:9)
          at HTMLUnknownElementImpl.dispatchEvent (C:\Users\leotm\Desktop\Projetos\Programming\vacation-scheduler\node_modules\jsdom\lib\jsdom\living\events\EventTarget-impl.js:94:17)
          at HTMLUnknownElement.dispatchEvent (C:\Users\leotm\Desktop\Projetos\Programming\vacation-scheduler\node_modules\jsdom\lib\jsdom\living\generated\EventTarget.js:231:34)
          at Object.invokeGuardedCallbackDev (C:\Users\leotm\Desktop\Projetos\Programming\vacation-scheduler\node_modules\react-dom\cjs\react-dom.development.js:4213:16)
          at invokeGuardedCallback (C:\Users\leotm\Desktop\Projetos\Programming\vacation-scheduler\node_modules\react-dom\cjs\react-dom.development.js:4277:31)
          at beginWork$1 (C:\Users\leotm\Desktop\Projetos\Programming\vacation-scheduler\node_modules\react-dom\cjs\react-dom.development.js:27490:7)
          at performUnitOfWork (C:\Users\leotm\Desktop\Projetos\Programming\vacation-scheduler\node_modules\react-dom\cjs\react-dom.development.js:26599:12)
          at workLoopSync (C:\Users\leotm\Desktop\Projetos\Programming\vacation-scheduler\node_modules\react-dom\cjs\react-dom.development.js:26505:5)
          at renderRootSync (C:\Users\leotm\Desktop\Projetos\Programming\vacation-scheduler\node_modules\react-dom\cjs\react-dom.development.js:26473:7)
          at recoverFromConcurrentError (C:\Users\leotm\Desktop\Projetos\Programming\vacation-scheduler\node_modules\react-dom\cjs\react-dom.development.js:25889:20)
          at performConcurrentWorkOnRoot (C:\Users\leotm\Desktop\Projetos\Programming\vacation-scheduler\node_modules\react-dom\cjs\react-dom.development.js:25789:22)
          at flushActQueue (C:\Users\leotm\Desktop\Projetos\Programming\vacation-scheduler\node_modules\react\cjs\react.development.js:2667:24)
          at act (C:\Users\leotm\Desktop\Projetos\Programming\vacation-scheduler\node_modules\react\cjs\react.development.js:2582:11)
          at C:\Users\leotm\Desktop\Projetos\Programming\vacation-scheduler\node_modules\@testing-library\react\dist\act-compat.js:46:25
          at renderRoot (C:\Users\leotm\Desktop\Projetos\Programming\vacation-scheduler\node_modules\@testing-library\react\dist\pure.js:189:26)
          at render (C:\Users\leotm\Desktop\Projetos\Programming\vacation-scheduler\node_modules\@testing-library\react\dist\pure.js:291:10)
          at Object.<anonymous> (C:\Users\leotm\Desktop\Projetos\Programming\vacation-scheduler\src\components\ParticipantView.test.js:59:15)
          at Promise.then.completed (C:\Users\leotm\Desktop\Projetos\Programming\vacation-scheduler\node_modules\jest-circus\build\utils.js:391:28)
          at new Promise (<anonymous>)
          at callAsyncCircusFn (C:\Users\leotm\Desktop\Projetos\Programming\vacation-scheduler\node_modules\jest-circus\build\utils.js:316:10)
          at _callCircusTest (C:\Users\leotm\Desktop\Projetos\Programming\vacation-scheduler\node_modules\jest-circus\build\run.js:218:40)
          at processTicksAndRejections (node:internal/process/task_queues:103:5)
          at _runTest (C:\Users\leotm\Desktop\Projetos\Programming\vacation-scheduler\node_modules\jest-circus\build\run.js:155:3)
          at _runTestsForDescribeBlock (C:\Users\leotm\Desktop\Projetos\Programming\vacation-scheduler\node_modules\jest-circus\build\run.js:66:9)
          at _runTestsForDescribeBlock (C:\Users\leotm\Desktop\Projetos\Programming\vacation-scheduler\node_modules\jest-circus\build\run.js:60:9)
          at run (C:\Users\leotm\Desktop\Projetos\Programming\vacation-scheduler\node_modules\jest-circus\build\run.js:25:3)
          at runAndTransformResultsToJestFormat (C:\Users\leotm\Desktop\Projetos\Programming\vacation-scheduler\node_modules\jest-circus\build\legacy-code-todo-rewrite\jestAdapterInit.js:170:21)
          at jestAdapter (C:\Users\leotm\Desktop\Projetos\Programming\vacation-scheduler\node_modules\jest-circus\build\legacy-code-todo-rewrite\jestAdapter.js:82:19)
          at runTestInternal (C:\Users\leotm\Desktop\Projetos\Programming\vacation-scheduler\node_modules\jest-runner\build\runTest.js:389:16)
          at runTest (C:\Users\leotm\Desktop\Projetos\Programming\vacation-scheduler\node_modules\jest-runner\build\runTest.js:475:34)
          at Object.worker (C:\Users\leotm\Desktop\Projetos\Programming\vacation-scheduler\node_modules\jest-runner\build\testWorker.js:133:12) TypeError: Cannot destructure property 'basename' of 'React.useContext(...)' as it is null.
          at LinkWithRef (C:\Users\leotm\Desktop\Projetos\Programming\vacation-scheduler\node_modules\react-router\dist\development\chunk-2YMDXNOJ.js:399:11)
          at renderWithHooks (C:\Users\leotm\Desktop\Projetos\Programming\vacation-scheduler\node_modules\react-dom\cjs\react-dom.development.js:15486:18)
          at updateForwardRef (C:\Users\leotm\Desktop\Projetos\Programming\vacation-scheduler\node_modules\react-dom\cjs\react-dom.development.js:19245:20)
          at beginWork (C:\Users\leotm\Desktop\Projetos\Programming\vacation-scheduler\node_modules\react-dom\cjs\react-dom.development.js:21675:16)
          at HTMLUnknownElement.callCallback (C:\Users\leotm\Desktop\Projetos\Programming\vacation-scheduler\node_modules\react-dom\cjs\react-dom.development.js:4164:14)
          at HTMLUnknownElement.callTheUserObjectsOperation (C:\Users\leotm\Desktop\Projetos\Programming\vacation-scheduler\node_modules\jsdom\lib\jsdom\living\generated\EventListener.js:26:30)
          at innerInvokeEventListeners (C:\Users\leotm\Desktop\Projetos\Programming\vacation-scheduler\node_modules\jsdom\lib\jsdom\living\events\EventTarget-impl.js:338:25)
          at invokeEventListeners (C:\Users\leotm\Desktop\Projetos\Programming\vacation-scheduler\node_modules\jsdom\lib\jsdom\living\events\EventTarget-impl.js:274:3)
          at HTMLUnknownElementImpl._dispatch (C:\Users\leotm\Desktop\Projetos\Programming\vacation-scheduler\node_modules\jsdom\lib\jsdom\living\events\EventTarget-impl.js:221:9)
          at HTMLUnknownElementImpl.dispatchEvent (C:\Users\leotm\Desktop\Projetos\Programming\vacation-scheduler\node_modules\jsdom\lib\jsdom\living\events\EventTarget-impl.js:94:17)
          at HTMLUnknownElement.dispatchEvent (C:\Users\leotm\Desktop\Projetos\Programming\vacation-scheduler\node_modules\jsdom\lib\jsdom\living\generated\EventTarget.js:231:34)
          at Object.invokeGuardedCallbackDev (C:\Users\leotm\Desktop\Projetos\Programming\vacation-scheduler\node_modules\react-dom\cjs\react-dom.development.js:4213:16)
          at invokeGuardedCallback (C:\Users\leotm\Desktop\Projetos\Programming\vacation-scheduler\node_modules\react-dom\cjs\react-dom.development.js:4277:31)
          at beginWork$1 (C:\Users\leotm\Desktop\Projetos\Programming\vacation-scheduler\node_modules\react-dom\cjs\react-dom.development.js:27490:7)
          at performUnitOfWork (C:\Users\leotm\Desktop\Projetos\Programming\vacation-scheduler\node_modules\react-dom\cjs\react-dom.development.js:26599:12)
          at workLoopSync (C:\Users\leotm\Desktop\Projetos\Programming\vacation-scheduler\node_modules\react-dom\cjs\react-dom.development.js:26505:5)
          at renderRootSync (C:\Users\leotm\Desktop\Projetos\Programming\vacation-scheduler\node_modules\react-dom\cjs\react-dom.development.js:26473:7)
          at recoverFromConcurrentError (C:\Users\leotm\Desktop\Projetos\Programming\vacation-scheduler\node_modules\react-dom\cjs\react-dom.development.js:25889:20)
          at performConcurrentWorkOnRoot (C:\Users\leotm\Desktop\Projetos\Programming\vacation-scheduler\node_modules\react-dom\cjs\react-dom.development.js:25789:22)
          at flushActQueue (C:\Users\leotm\Desktop\Projetos\Programming\vacation-scheduler\node_modules\react\cjs\react.development.js:2667:24)
          at act (C:\Users\leotm\Desktop\Projetos\Programming\vacation-scheduler\node_modules\react\cjs\react.development.js:2582:11)
          at C:\Users\leotm\Desktop\Projetos\Programming\vacation-scheduler\node_modules\@testing-library\react\dist\act-compat.js:46:25
          at renderRoot (C:\Users\leotm\Desktop\Projetos\Programming\vacation-scheduler\node_modules\@testing-library\react\dist\pure.js:189:26)
          at render (C:\Users\leotm\Desktop\Projetos\Programming\vacation-scheduler\node_modules\@testing-library\react\dist\pure.js:291:10)
          at Object.<anonymous> (C:\Users\leotm\Desktop\Projetos\Programming\vacation-scheduler\src\components\ParticipantView.test.js:59:15)
          at Promise.then.completed (C:\Users\leotm\Desktop\Projetos\Programming\vacation-scheduler\node_modules\jest-circus\build\utils.js:391:28)
          at new Promise (<anonymous>)
          at callAsyncCircusFn (C:\Users\leotm\Desktop\Projetos\Programming\vacation-scheduler\node_modules\jest-circus\build\utils.js:316:10)
          at _callCircusTest (C:\Users\leotm\Desktop\Projetos\Programming\vacation-scheduler\node_modules\jest-circus\build\run.js:218:40)
          at processTicksAndRejections (node:internal/process/task_queues:103:5)
          at _runTest (C:\Users\leotm\Desktop\Projetos\Programming\vacation-scheduler\node_modules\jest-circus\build\run.js:155:3)
          at _runTestsForDescribeBlock (C:\Users\leotm\Desktop\Projetos\Programming\vacation-scheduler\node_modules\jest-circus\build\run.js:66:9)
          at _runTestsForDescribeBlock (C:\Users\leotm\Desktop\Projetos\Programming\vacation-scheduler\node_modules\jest-circus\build\run.js:60:9)
          at run (C:\Users\leotm\Desktop\Projetos\Programming\vacation-scheduler\node_modules\jest-circus\build\run.js:25:3)
          at runAndTransformResultsToJestFormat (C:\Users\leotm\Desktop\Projetos\Programming\vacation-scheduler\node_modules\jest-circus\build\legacy-code-todo-rewrite\jestAdapterInit.js:170:21)
          at jestAdapter (C:\Users\leotm\Desktop\Projetos\Programming\vacation-scheduler\node_modules\jest-circus\build\legacy-code-todo-rewrite\jestAdapter.js:82:19)
          at runTestInternal (C:\Users\leotm\Desktop\Projetos\Programming\vacation-scheduler\node_modules\jest-runner\build\runTest.js:389:16)
          at runTest (C:\Users\leotm\Desktop\Projetos\Programming\vacation-scheduler\node_modules\jest-runner\build\runTest.js:475:34)
          at Object.worker (C:\Users\leotm\Desktop\Projetos\Programming\vacation-scheduler\node_modules\jest-runner\build\testWorker.js:133:12)

    [0m [90m 57 |[39m
     [90m 58 |[39m     test([32m'blocks submission and shows error if name already exists'[39m[33m,[39m [36masync[39m () [33m=>[39m {
    [31m[1m>[22m[39m[90m 59 |[39m         render(
     [90m    |[39m               [31m[1m^[22m[39m
     [90m 60 |[39m             [33m<[39m[33mGroupProvider[39m groupId[33m=[39m[32m"group123"[39m adminToken[33m=[39m{[36mnull[39m} isAdmin[33m=[39m{[36mfalse[39m}[33m>[39m
     [90m 61 |[39m                 [33m<[39m[33mParticipantView[39m onBack[33m=[39m{() [33m=>[39m { }} [33m/[39m[33m>[39m
     [90m 62 |[39m             [33m<[39m[33m/[39m[33mGroupProvider[39m[33m>[39m[0m

      at VirtualConsole.<anonymous> (node_modules/jsdom/lib/jsdom/virtual-console.js:29:45)
      at reportException (node_modules/jsdom/lib/jsdom/living/helpers/runtime-script-errors.js:70:28)
      at innerInvokeEventListeners (node_modules/jsdom/lib/jsdom/living/events/EventTarget-impl.js:341:9)
      at invokeEventListeners (node_modules/jsdom/lib/jsdom/living/events/EventTarget-impl.js:274:3)
      at HTMLUnknownElementImpl._dispatch (node_modules/jsdom/lib/jsdom/living/events/EventTarget-impl.js:221:9)
      at HTMLUnknownElementImpl.dispatchEvent (node_modules/jsdom/lib/jsdom/living/events/EventTarget-impl.js:94:17)
      at HTMLUnknownElement.dispatchEvent (node_modules/jsdom/lib/jsdom/living/generated/EventTarget.js:231:34)
      at Object.invokeGuardedCallbackDev (node_modules/react-dom/cjs/react-dom.development.js:4213:16)
      at invokeGuardedCallback (node_modules/react-dom/cjs/react-dom.development.js:4277:31)
      at beginWork$1 (node_modules/react-dom/cjs/react-dom.development.js:27490:7)
      at performUnitOfWork (node_modules/react-dom/cjs/react-dom.development.js:26599:12)
      at workLoopSync (node_modules/react-dom/cjs/react-dom.development.js:26505:5)
      at renderRootSync (node_modules/react-dom/cjs/react-dom.development.js:26473:7)
      at recoverFromConcurrentError (node_modules/react-dom/cjs/react-dom.development.js:25889:20)
      at performConcurrentWorkOnRoot (node_modules/react-dom/cjs/react-dom.development.js:25789:22)
      at flushActQueue (node_modules/react/cjs/react.development.js:2667:24)
      at act (node_modules/react/cjs/react.development.js:2582:11)
      at node_modules/@testing-library/react/dist/act-compat.js:46:25
      at renderRoot (node_modules/@testing-library/react/dist/pure.js:189:26)
      at render (node_modules/@testing-library/react/dist/pure.js:291:10)
      at Object.<anonymous> (src/components/ParticipantView.test.js:59:15)

    console.error
      The above error occurred in the <Link> component:
      
          at LinkWithRef (C:\Users\leotm\Desktop\Projetos\Programming\vacation-scheduler\node_modules\react-router\dist\development\chunk-2YMDXNOJ.js:384:5)
          at p
          at div
          at div
          at form
          at CalendarView (C:\Users\leotm\Desktop\Projetos\Programming\vacation-scheduler\src\components\CalendarView.js:44:25)
          at div
          at div
          at div
          at div
          at div
          at ParticipantView (C:\Users\leotm\Desktop\Projetos\Programming\vacation-scheduler\src\components\ParticipantView.js:14:43)
          at GroupProvider (C:\Users\leotm\Desktop\Projetos\Programming\vacation-scheduler\src\shared\context\GroupContext.jsx:20:3)
      
      Consider adding an error boundary to your tree to customize error handling behavior.
      Visit https://reactjs.org/link/error-boundaries to learn more about error boundaries.

    [0m [90m 57 |[39m
     [90m 58 |[39m     test([32m'blocks submission and shows error if name already exists'[39m[33m,[39m [36masync[39m () [33m=>[39m {
    [31m[1m>[22m[39m[90m 59 |[39m         render(
     [90m    |[39m               [31m[1m^[22m[39m
     [90m 60 |[39m             [33m<[39m[33mGroupProvider[39m groupId[33m=[39m[32m"group123"[39m adminToken[33m=[39m{[36mnull[39m} isAdmin[33m=[39m{[36mfalse[39m}[33m>[39m
     [90m 61 |[39m                 [33m<[39m[33mParticipantView[39m onBack[33m=[39m{() [33m=>[39m { }} [33m/[39m[33m>[39m
     [90m 62 |[39m             [33m<[39m[33m/[39m[33mGroupProvider[39m[33m>[39m[0m

      at logCapturedError (node_modules/react-dom/cjs/react-dom.development.js:18704:23)
      at update.callback (node_modules/react-dom/cjs/react-dom.development.js:18737:5)
      at callCallback (node_modules/react-dom/cjs/react-dom.development.js:15036:12)
      at commitUpdateQueue (node_modules/react-dom/cjs/react-dom.development.js:15057:9)
      at commitLayoutEffectOnFiber (node_modules/react-dom/cjs/react-dom.development.js:23430:13)
      at commitLayoutMountEffects_complete (node_modules/react-dom/cjs/react-dom.development.js:24727:9)
      at commitLayoutEffects_begin (node_modules/react-dom/cjs/react-dom.development.js:24713:7)
      at commitLayoutEffects (node_modules/react-dom/cjs/react-dom.development.js:24651:3)
      at commitRootImpl (node_modules/react-dom/cjs/react-dom.development.js:26862:5)
      at commitRoot (node_modules/react-dom/cjs/react-dom.development.js:26721:5)
      at finishConcurrentRender (node_modules/react-dom/cjs/react-dom.development.js:25931:9)
      at performConcurrentWorkOnRoot (node_modules/react-dom/cjs/react-dom.development.js:25848:7)
      at flushActQueue (node_modules/react/cjs/react.development.js:2667:24)
      at act (node_modules/react/cjs/react.development.js:2582:11)
      at node_modules/@testing-library/react/dist/act-compat.js:46:25
      at renderRoot (node_modules/@testing-library/react/dist/pure.js:189:26)
      at render (node_modules/@testing-library/react/dist/pure.js:291:10)
      at Object.<anonymous> (src/components/ParticipantView.test.js:59:15)

    console.error
      Error: Uncaught [TypeError: Cannot destructure property 'basename' of 'React.useContext(...)' as it is null.]
          at reportException (C:\Users\leotm\Desktop\Projetos\Programming\vacation-scheduler\node_modules\jsdom\lib\jsdom\living\helpers\runtime-script-errors.js:66:24)
          at innerInvokeEventListeners (C:\Users\leotm\Desktop\Projetos\Programming\vacation-scheduler\node_modules\jsdom\lib\jsdom\living\events\EventTarget-impl.js:341:9)
          at invokeEventListeners (C:\Users\leotm\Desktop\Projetos\Programming\vacation-scheduler\node_modules\jsdom\lib\jsdom\living\events\EventTarget-impl.js:274:3)
          at HTMLUnknownElementImpl._dispatch (C:\Users\leotm\Desktop\Projetos\Programming\vacation-scheduler\node_modules\jsdom\lib\jsdom\living\events\EventTarget-impl.js:221:9)
          at HTMLUnknownElementImpl.dispatchEvent (C:\Users\leotm\Desktop\Projetos\Programming\vacation-scheduler\node_modules\jsdom\lib\jsdom\living\events\EventTarget-impl.js:94:17)
          at HTMLUnknownElement.dispatchEvent (C:\Users\leotm\Desktop\Projetos\Programming\vacation-scheduler\node_modules\jsdom\lib\jsdom\living\generated\EventTarget.js:231:34)
          at Object.invokeGuardedCallbackDev (C:\Users\leotm\Desktop\Projetos\Programming\vacation-scheduler\node_modules\react-dom\cjs\react-dom.development.js:4213:16)
          at invokeGuardedCallback (C:\Users\leotm\Desktop\Projetos\Programming\vacation-scheduler\node_modules\react-dom\cjs\react-dom.development.js:4277:31)
          at beginWork$1 (C:\Users\leotm\Desktop\Projetos\Programming\vacation-scheduler\node_modules\react-dom\cjs\react-dom.development.js:27490:7)
          at performUnitOfWork (C:\Users\leotm\Desktop\Projetos\Programming\vacation-scheduler\node_modules\react-dom\cjs\react-dom.development.js:26599:12)
          at workLoopSync (C:\Users\leotm\Desktop\Projetos\Programming\vacation-scheduler\node_modules\react-dom\cjs\react-dom.development.js:26505:5)
          at renderRootSync (C:\Users\leotm\Desktop\Projetos\Programming\vacation-scheduler\node_modules\react-dom\cjs\react-dom.development.js:26473:7)
          at performConcurrentWorkOnRoot (C:\Users\leotm\Desktop\Projetos\Programming\vacation-scheduler\node_modules\react-dom\cjs\react-dom.development.js:25777:74)
          at flushActQueue (C:\Users\leotm\Desktop\Projetos\Programming\vacation-scheduler\node_modules\react\cjs\react.development.js:2667:24)
          at act (C:\Users\leotm\Desktop\Projetos\Programming\vacation-scheduler\node_modules\react\cjs\react.development.js:2582:11)
          at C:\Users\leotm\Desktop\Projetos\Programming\vacation-scheduler\node_modules\@testing-library\react\dist\act-compat.js:46:25
          at renderRoot (C:\Users\leotm\Desktop\Projetos\Programming\vacation-scheduler\node_modules\@testing-library\react\dist\pure.js:189:26)
          at render (C:\Users\leotm\Desktop\Projetos\Programming\vacation-scheduler\node_modules\@testing-library\react\dist\pure.js:291:10)
          at Object.<anonymous> (C:\Users\leotm\Desktop\Projetos\Programming\vacation-scheduler\src\components\ParticipantView.test.js:94:15)
          at Promise.then.completed (C:\Users\leotm\Desktop\Projetos\Programming\vacation-scheduler\node_modules\jest-circus\build\utils.js:391:28)
          at new Promise (<anonymous>)
          at callAsyncCircusFn (C:\Users\leotm\Desktop\Projetos\Programming\vacation-scheduler\node_modules\jest-circus\build\utils.js:316:10)
          at _callCircusTest (C:\Users\leotm\Desktop\Projetos\Programming\vacation-scheduler\node_modules\jest-circus\build\run.js:218:40)
          at processTicksAndRejections (node:internal/process/task_queues:103:5)
          at _runTest (C:\Users\leotm\Desktop\Projetos\Programming\vacation-scheduler\node_modules\jest-circus\build\run.js:155:3)
          at _runTestsForDescribeBlock (C:\Users\leotm\Desktop\Projetos\Programming\vacation-scheduler\node_modules\jest-circus\build\run.js:66:9)
          at _runTestsForDescribeBlock (C:\Users\leotm\Desktop\Projetos\Programming\vacation-scheduler\node_modules\jest-circus\build\run.js:60:9)
          at run (C:\Users\leotm\Desktop\Projetos\Programming\vacation-scheduler\node_modules\jest-circus\build\run.js:25:3)
          at runAndTransformResultsToJestFormat (C:\Users\leotm\Desktop\Projetos\Programming\vacation-scheduler\node_modules\jest-circus\build\legacy-code-todo-rewrite\jestAdapterInit.js:170:21)
          at jestAdapter (C:\Users\leotm\Desktop\Projetos\Programming\vacation-scheduler\node_modules\jest-circus\build\legacy-code-todo-rewrite\jestAdapter.js:82:19)
          at runTestInternal (C:\Users\leotm\Desktop\Projetos\Programming\vacation-scheduler\node_modules\jest-runner\build\runTest.js:389:16)
          at runTest (C:\Users\leotm\Desktop\Projetos\Programming\vacation-scheduler\node_modules\jest-runner\build\runTest.js:475:34)
          at Object.worker (C:\Users\leotm\Desktop\Projetos\Programming\vacation-scheduler\node_modules\jest-runner\build\testWorker.js:133:12) TypeError: Cannot destructure property 'basename' of 'React.useContext(...)' as it is null.
          at LinkWithRef (C:\Users\leotm\Desktop\Projetos\Programming\vacation-scheduler\node_modules\react-router\dist\development\chunk-2YMDXNOJ.js:399:11)
          at renderWithHooks (C:\Users\leotm\Desktop\Projetos\Programming\vacation-scheduler\node_modules\react-dom\cjs\react-dom.development.js:15486:18)
          at updateForwardRef (C:\Users\leotm\Desktop\Projetos\Programming\vacation-scheduler\node_modules\react-dom\cjs\react-dom.development.js:19245:20)
          at beginWork (C:\Users\leotm\Desktop\Projetos\Programming\vacation-scheduler\node_modules\react-dom\cjs\react-dom.development.js:21675:16)
          at HTMLUnknownElement.callCallback (C:\Users\leotm\Desktop\Projetos\Programming\vacation-scheduler\node_modules\react-dom\cjs\react-dom.development.js:4164:14)
          at HTMLUnknownElement.callTheUserObjectsOperation (C:\Users\leotm\Desktop\Projetos\Programming\vacation-scheduler\node_modules\jsdom\lib\jsdom\living\generated\EventListener.js:26:30)
          at innerInvokeEventListeners (C:\Users\leotm\Desktop\Projetos\Programming\vacation-scheduler\node_modules\jsdom\lib\jsdom\living\events\EventTarget-impl.js:338:25)
          at invokeEventListeners (C:\Users\leotm\Desktop\Projetos\Programming\vacation-scheduler\node_modules\jsdom\lib\jsdom\living\events\EventTarget-impl.js:274:3)
          at HTMLUnknownElementImpl._dispatch (C:\Users\leotm\Desktop\Projetos\Programming\vacation-scheduler\node_modules\jsdom\lib\jsdom\living\events\EventTarget-impl.js:221:9)
          at HTMLUnknownElementImpl.dispatchEvent (C:\Users\leotm\Desktop\Projetos\Programming\vacation-scheduler\node_modules\jsdom\lib\jsdom\living\events\EventTarget-impl.js:94:17)
          at HTMLUnknownElement.dispatchEvent (C:\Users\leotm\Desktop\Projetos\Programming\vacation-scheduler\node_modules\jsdom\lib\jsdom\living\generated\EventTarget.js:231:34)
          at Object.invokeGuardedCallbackDev (C:\Users\leotm\Desktop\Projetos\Programming\vacation-scheduler\node_modules\react-dom\cjs\react-dom.development.js:4213:16)
          at invokeGuardedCallback (C:\Users\leotm\Desktop\Projetos\Programming\vacation-scheduler\node_modules\react-dom\cjs\react-dom.development.js:4277:31)
          at beginWork$1 (C:\Users\leotm\Desktop\Projetos\Programming\vacation-scheduler\node_modules\react-dom\cjs\react-dom.development.js:27490:7)
          at performUnitOfWork (C:\Users\leotm\Desktop\Projetos\Programming\vacation-scheduler\node_modules\react-dom\cjs\react-dom.development.js:26599:12)
          at workLoopSync (C:\Users\leotm\Desktop\Projetos\Programming\vacation-scheduler\node_modules\react-dom\cjs\react-dom.development.js:26505:5)
          at renderRootSync (C:\Users\leotm\Desktop\Projetos\Programming\vacation-scheduler\node_modules\react-dom\cjs\react-dom.development.js:26473:7)
          at performConcurrentWorkOnRoot (C:\Users\leotm\Desktop\Projetos\Programming\vacation-scheduler\node_modules\react-dom\cjs\react-dom.development.js:25777:74)
          at flushActQueue (C:\Users\leotm\Desktop\Projetos\Programming\vacation-scheduler\node_modules\react\cjs\react.development.js:2667:24)
          at act (C:\Users\leotm\Desktop\Projetos\Programming\vacation-scheduler\node_modules\react\cjs\react.development.js:2582:11)
          at C:\Users\leotm\Desktop\Projetos\Programming\vacation-scheduler\node_modules\@testing-library\react\dist\act-compat.js:46:25
          at renderRoot (C:\Users\leotm\Desktop\Projetos\Programming\vacation-scheduler\node_modules\@testing-library\react\dist\pure.js:189:26)
          at render (C:\Users\leotm\Desktop\Projetos\Programming\vacation-scheduler\node_modules\@testing-library\react\dist\pure.js:291:10)
          at Object.<anonymous> (C:\Users\leotm\Desktop\Projetos\Programming\vacation-scheduler\src\components\ParticipantView.test.js:94:15)
          at Promise.then.completed (C:\Users\leotm\Desktop\Projetos\Programming\vacation-scheduler\node_modules\jest-circus\build\utils.js:391:28)
          at new Promise (<anonymous>)
          at callAsyncCircusFn (C:\Users\leotm\Desktop\Projetos\Programming\vacation-scheduler\node_modules\jest-circus\build\utils.js:316:10)
          at _callCircusTest (C:\Users\leotm\Desktop\Projetos\Programming\vacation-scheduler\node_modules\jest-circus\build\run.js:218:40)
          at processTicksAndRejections (node:internal/process/task_queues:103:5)
          at _runTest (C:\Users\leotm\Desktop\Projetos\Programming\vacation-scheduler\node_modules\jest-circus\build\run.js:155:3)
          at _runTestsForDescribeBlock (C:\Users\leotm\Desktop\Projetos\Programming\vacation-scheduler\node_modules\jest-circus\build\run.js:66:9)
          at _runTestsForDescribeBlock (C:\Users\leotm\Desktop\Projetos\Programming\vacation-scheduler\node_modules\jest-circus\build\run.js:60:9)
          at run (C:\Users\leotm\Desktop\Projetos\Programming\vacation-scheduler\node_modules\jest-circus\build\run.js:25:3)
          at runAndTransformResultsToJestFormat (C:\Users\leotm\Desktop\Projetos\Programming\vacation-scheduler\node_modules\jest-circus\build\legacy-code-todo-rewrite\jestAdapterInit.js:170:21)
          at jestAdapter (C:\Users\leotm\Desktop\Projetos\Programming\vacation-scheduler\node_modules\jest-circus\build\legacy-code-todo-rewrite\jestAdapter.js:82:19)
          at runTestInternal (C:\Users\leotm\Desktop\Projetos\Programming\vacation-scheduler\node_modules\jest-runner\build\runTest.js:389:16)
          at runTest (C:\Users\leotm\Desktop\Projetos\Programming\vacation-scheduler\node_modules\jest-runner\build\runTest.js:475:34)
          at Object.worker (C:\Users\leotm\Desktop\Projetos\Programming\vacation-scheduler\node_modules\jest-runner\build\testWorker.js:133:12)

    [0m [90m 92 |[39m         participantService[33m.[39maddParticipant[33m.[39mmockResolvedValue([32m'p3'[39m)[33m;[39m
     [90m 93 |[39m
    [31m[1m>[22m[39m[90m 94 |[39m         render(
     [90m    |[39m               [31m[1m^[22m[39m
     [90m 95 |[39m             [33m<[39m[33mGroupProvider[39m groupId[33m=[39m[32m"group123"[39m adminToken[33m=[39m{[36mnull[39m} isAdmin[33m=[39m{[36mfalse[39m}[33m>[39m
     [90m 96 |[39m                 [33m<[39m[33mParticipantView[39m onBack[33m=[39m{() [33m=>[39m { }} [33m/[39m[33m>[39m
     [90m 97 |[39m             [33m<[39m[33m/[39m[33mGroupProvider[39m[33m>[39m[0m

      at VirtualConsole.<anonymous> (node_modules/jsdom/lib/jsdom/virtual-console.js:29:45)
      at reportException (node_modules/jsdom/lib/jsdom/living/helpers/runtime-script-errors.js:70:28)
      at innerInvokeEventListeners (node_modules/jsdom/lib/jsdom/living/events/EventTarget-impl.js:341:9)
      at invokeEventListeners (node_modules/jsdom/lib/jsdom/living/events/EventTarget-impl.js:274:3)
      at HTMLUnknownElementImpl._dispatch (node_modules/jsdom/lib/jsdom/living/events/EventTarget-impl.js:221:9)
      at HTMLUnknownElementImpl.dispatchEvent (node_modules/jsdom/lib/jsdom/living/events/EventTarget-impl.js:94:17)
      at HTMLUnknownElement.dispatchEvent (node_modules/jsdom/lib/jsdom/living/generated/EventTarget.js:231:34)
      at Object.invokeGuardedCallbackDev (node_modules/react-dom/cjs/react-dom.development.js:4213:16)
      at invokeGuardedCallback (node_modules/react-dom/cjs/react-dom.development.js:4277:31)
      at beginWork$1 (node_modules/react-dom/cjs/react-dom.development.js:27490:7)
      at performUnitOfWork (node_modules/react-dom/cjs/react-dom.development.js:26599:12)
      at workLoopSync (node_modules/react-dom/cjs/react-dom.development.js:26505:5)
      at renderRootSync (node_modules/react-dom/cjs/react-dom.development.js:26473:7)
      at performConcurrentWorkOnRoot (node_modules/react-dom/cjs/react-dom.development.js:25777:74)
      at flushActQueue (node_modules/react/cjs/react.development.js:2667:24)
      at act (node_modules/react/cjs/react.development.js:2582:11)
      at node_modules/@testing-library/react/dist/act-compat.js:46:25
      at renderRoot (node_modules/@testing-library/react/dist/pure.js:189:26)
      at render (node_modules/@testing-library/react/dist/pure.js:291:10)
      at Object.<anonymous> (src/components/ParticipantView.test.js:94:15)

    console.error
      Error: Uncaught [TypeError: Cannot destructure property 'basename' of 'React.useContext(...)' as it is null.]
          at reportException (C:\Users\leotm\Desktop\Projetos\Programming\vacation-scheduler\node_modules\jsdom\lib\jsdom\living\helpers\runtime-script-errors.js:66:24)
          at innerInvokeEventListeners (C:\Users\leotm\Desktop\Projetos\Programming\vacation-scheduler\node_modules\jsdom\lib\jsdom\living\events\EventTarget-impl.js:341:9)
          at invokeEventListeners (C:\Users\leotm\Desktop\Projetos\Programming\vacation-scheduler\node_modules\jsdom\lib\jsdom\living\events\EventTarget-impl.js:274:3)
          at HTMLUnknownElementImpl._dispatch (C:\Users\leotm\Desktop\Projetos\Programming\vacation-scheduler\node_modules\jsdom\lib\jsdom\living\events\EventTarget-impl.js:221:9)
          at HTMLUnknownElementImpl.dispatchEvent (C:\Users\leotm\Desktop\Projetos\Programming\vacation-scheduler\node_modules\jsdom\lib\jsdom\living\events\EventTarget-impl.js:94:17)
          at HTMLUnknownElement.dispatchEvent (C:\Users\leotm\Desktop\Projetos\Programming\vacation-scheduler\node_modules\jsdom\lib\jsdom\living\generated\EventTarget.js:231:34)
          at Object.invokeGuardedCallbackDev (C:\Users\leotm\Desktop\Projetos\Programming\vacation-scheduler\node_modules\react-dom\cjs\react-dom.development.js:4213:16)
          at invokeGuardedCallback (C:\Users\leotm\Desktop\Projetos\Programming\vacation-scheduler\node_modules\react-dom\cjs\react-dom.development.js:4277:31)
          at beginWork$1 (C:\Users\leotm\Desktop\Projetos\Programming\vacation-scheduler\node_modules\react-dom\cjs\react-dom.development.js:27490:7)
          at performUnitOfWork (C:\Users\leotm\Desktop\Projetos\Programming\vacation-scheduler\node_modules\react-dom\cjs\react-dom.development.js:26599:12)
          at workLoopSync (C:\Users\leotm\Desktop\Projetos\Programming\vacation-scheduler\node_modules\react-dom\cjs\react-dom.development.js:26505:5)
          at renderRootSync (C:\Users\leotm\Desktop\Projetos\Programming\vacation-scheduler\node_modules\react-dom\cjs\react-dom.development.js:26473:7)
          at recoverFromConcurrentError (C:\Users\leotm\Desktop\Projetos\Programming\vacation-scheduler\node_modules\react-dom\cjs\react-dom.development.js:25889:20)
          at performConcurrentWorkOnRoot (C:\Users\leotm\Desktop\Projetos\Programming\vacation-scheduler\node_modules\react-dom\cjs\react-dom.development.js:25789:22)
          at flushActQueue (C:\Users\leotm\Desktop\Projetos\Programming\vacation-scheduler\node_modules\react\cjs\react.development.js:2667:24)
          at act (C:\Users\leotm\Desktop\Projetos\Programming\vacation-scheduler\node_modules\react\cjs\react.development.js:2582:11)
          at C:\Users\leotm\Desktop\Projetos\Programming\vacation-scheduler\node_modules\@testing-library\react\dist\act-compat.js:46:25
          at renderRoot (C:\Users\leotm\Desktop\Projetos\Programming\vacation-scheduler\node_modules\@testing-library\react\dist\pure.js:189:26)
          at render (C:\Users\leotm\Desktop\Projetos\Programming\vacation-scheduler\node_modules\@testing-library\react\dist\pure.js:291:10)
          at Object.<anonymous> (C:\Users\leotm\Desktop\Projetos\Programming\vacation-scheduler\src\components\ParticipantView.test.js:94:15)
          at Promise.then.completed (C:\Users\leotm\Desktop\Projetos\Programming\vacation-scheduler\node_modules\jest-circus\build\utils.js:391:28)
          at new Promise (<anonymous>)
          at callAsyncCircusFn (C:\Users\leotm\Desktop\Projetos\Programming\vacation-scheduler\node_modules\jest-circus\build\utils.js:316:10)
          at _callCircusTest (C:\Users\leotm\Desktop\Projetos\Programming\vacation-scheduler\node_modules\jest-circus\build\run.js:218:40)
          at processTicksAndRejections (node:internal/process/task_queues:103:5)
          at _runTest (C:\Users\leotm\Desktop\Projetos\Programming\vacation-scheduler\node_modules\jest-circus\build\run.js:155:3)
          at _runTestsForDescribeBlock (C:\Users\leotm\Desktop\Projetos\Programming\vacation-scheduler\node_modules\jest-circus\build\run.js:66:9)
          at _runTestsForDescribeBlock (C:\Users\leotm\Desktop\Projetos\Programming\vacation-scheduler\node_modules\jest-circus\build\run.js:60:9)
          at run (C:\Users\leotm\Desktop\Projetos\Programming\vacation-scheduler\node_modules\jest-circus\build\run.js:25:3)
          at runAndTransformResultsToJestFormat (C:\Users\leotm\Desktop\Projetos\Programming\vacation-scheduler\node_modules\jest-circus\build\legacy-code-todo-rewrite\jestAdapterInit.js:170:21)
          at jestAdapter (C:\Users\leotm\Desktop\Projetos\Programming\vacation-scheduler\node_modules\jest-circus\build\legacy-code-todo-rewrite\jestAdapter.js:82:19)
          at runTestInternal (C:\Users\leotm\Desktop\Projetos\Programming\vacation-scheduler\node_modules\jest-runner\build\runTest.js:389:16)
          at runTest (C:\Users\leotm\Desktop\Projetos\Programming\vacation-scheduler\node_modules\jest-runner\build\runTest.js:475:34)
          at Object.worker (C:\Users\leotm\Desktop\Projetos\Programming\vacation-scheduler\node_modules\jest-runner\build\testWorker.js:133:12) TypeError: Cannot destructure property 'basename' of 'React.useContext(...)' as it is null.
          at LinkWithRef (C:\Users\leotm\Desktop\Projetos\Programming\vacation-scheduler\node_modules\react-router\dist\development\chunk-2YMDXNOJ.js:399:11)
          at renderWithHooks (C:\Users\leotm\Desktop\Projetos\Programming\vacation-scheduler\node_modules\react-dom\cjs\react-dom.development.js:15486:18)
          at updateForwardRef (C:\Users\leotm\Desktop\Projetos\Programming\vacation-scheduler\node_modules\react-dom\cjs\react-dom.development.js:19245:20)
          at beginWork (C:\Users\leotm\Desktop\Projetos\Programming\vacation-scheduler\node_modules\react-dom\cjs\react-dom.development.js:21675:16)
          at HTMLUnknownElement.callCallback (C:\Users\leotm\Desktop\Projetos\Programming\vacation-scheduler\node_modules\react-dom\cjs\react-dom.development.js:4164:14)
          at HTMLUnknownElement.callTheUserObjectsOperation (C:\Users\leotm\Desktop\Projetos\Programming\vacation-scheduler\node_modules\jsdom\lib\jsdom\living\generated\EventListener.js:26:30)
          at innerInvokeEventListeners (C:\Users\leotm\Desktop\Projetos\Programming\vacation-scheduler\node_modules\jsdom\lib\jsdom\living\events\EventTarget-impl.js:338:25)
          at invokeEventListeners (C:\Users\leotm\Desktop\Projetos\Programming\vacation-scheduler\node_modules\jsdom\lib\jsdom\living\events\EventTarget-impl.js:274:3)
          at HTMLUnknownElementImpl._dispatch (C:\Users\leotm\Desktop\Projetos\Programming\vacation-scheduler\node_modules\jsdom\lib\jsdom\living\events\EventTarget-impl.js:221:9)
          at HTMLUnknownElementImpl.dispatchEvent (C:\Users\leotm\Desktop\Projetos\Programming\vacation-scheduler\node_modules\jsdom\lib\jsdom\living\events\EventTarget-impl.js:94:17)
          at HTMLUnknownElement.dispatchEvent (C:\Users\leotm\Desktop\Projetos\Programming\vacation-scheduler\node_modules\jsdom\lib\jsdom\living\generated\EventTarget.js:231:34)
          at Object.invokeGuardedCallbackDev (C:\Users\leotm\Desktop\Projetos\Programming\vacation-scheduler\node_modules\react-dom\cjs\react-dom.development.js:4213:16)
          at invokeGuardedCallback (C:\Users\leotm\Desktop\Projetos\Programming\vacation-scheduler\node_modules\react-dom\cjs\react-dom.development.js:4277:31)
          at beginWork$1 (C:\Users\leotm\Desktop\Projetos\Programming\vacation-scheduler\node_modules\react-dom\cjs\react-dom.development.js:27490:7)
          at performUnitOfWork (C:\Users\leotm\Desktop\Projetos\Programming\vacation-scheduler\node_modules\react-dom\cjs\react-dom.development.js:26599:12)
          at workLoopSync (C:\Users\leotm\Desktop\Projetos\Programming\vacation-scheduler\node_modules\react-dom\cjs\react-dom.development.js:26505:5)
          at renderRootSync (C:\Users\leotm\Desktop\Projetos\Programming\vacation-scheduler\node_modules\react-dom\cjs\react-dom.development.js:26473:7)
          at recoverFromConcurrentError (C:\Users\leotm\Desktop\Projetos\Programming\vacation-scheduler\node_modules\react-dom\cjs\react-dom.development.js:25889:20)
          at performConcurrentWorkOnRoot (C:\Users\leotm\Desktop\Projetos\Programming\vacation-scheduler\node_modules\react-dom\cjs\react-dom.development.js:25789:22)
          at flushActQueue (C:\Users\leotm\Desktop\Projetos\Programming\vacation-scheduler\node_modules\react\cjs\react.development.js:2667:24)
          at act (C:\Users\leotm\Desktop\Projetos\Programming\vacation-scheduler\node_modules\react\cjs\react.development.js:2582:11)
          at C:\Users\leotm\Desktop\Projetos\Programming\vacation-scheduler\node_modules\@testing-library\react\dist\act-compat.js:46:25
          at renderRoot (C:\Users\leotm\Desktop\Projetos\Programming\vacation-scheduler\node_modules\@testing-library\react\dist\pure.js:189:26)
          at render (C:\Users\leotm\Desktop\Projetos\Programming\vacation-scheduler\node_modules\@testing-library\react\dist\pure.js:291:10)
          at Object.<anonymous> (C:\Users\leotm\Desktop\Projetos\Programming\vacation-scheduler\src\components\ParticipantView.test.js:94:15)
          at Promise.then.completed (C:\Users\leotm\Desktop\Projetos\Programming\vacation-scheduler\node_modules\jest-circus\build\utils.js:391:28)
          at new Promise (<anonymous>)
          at callAsyncCircusFn (C:\Users\leotm\Desktop\Projetos\Programming\vacation-scheduler\node_modules\jest-circus\build\utils.js:316:10)
          at _callCircusTest (C:\Users\leotm\Desktop\Projetos\Programming\vacation-scheduler\node_modules\jest-circus\build\run.js:218:40)
          at processTicksAndRejections (node:internal/process/task_queues:103:5)
          at _runTest (C:\Users\leotm\Desktop\Projetos\Programming\vacation-scheduler\node_modules\jest-circus\build\run.js:155:3)
          at _runTestsForDescribeBlock (C:\Users\leotm\Desktop\Projetos\Programming\vacation-scheduler\node_modules\jest-circus\build\run.js:66:9)
          at _runTestsForDescribeBlock (C:\Users\leotm\Desktop\Projetos\Programming\vacation-scheduler\node_modules\jest-circus\build\run.js:60:9)
          at run (C:\Users\leotm\Desktop\Projetos\Programming\vacation-scheduler\node_modules\jest-circus\build\run.js:25:3)
          at runAndTransformResultsToJestFormat (C:\Users\leotm\Desktop\Projetos\Programming\vacation-scheduler\node_modules\jest-circus\build\legacy-code-todo-rewrite\jestAdapterInit.js:170:21)
          at jestAdapter (C:\Users\leotm\Desktop\Projetos\Programming\vacation-scheduler\node_modules\jest-circus\build\legacy-code-todo-rewrite\jestAdapter.js:82:19)
          at runTestInternal (C:\Users\leotm\Desktop\Projetos\Programming\vacation-scheduler\node_modules\jest-runner\build\runTest.js:389:16)
          at runTest (C:\Users\leotm\Desktop\Projetos\Programming\vacation-scheduler\node_modules\jest-runner\build\runTest.js:475:34)
          at Object.worker (C:\Users\leotm\Desktop\Projetos\Programming\vacation-scheduler\node_modules\jest-runner\build\testWorker.js:133:12)

    [0m [90m 92 |[39m         participantService[33m.[39maddParticipant[33m.[39mmockResolvedValue([32m'p3'[39m)[33m;[39m
     [90m 93 |[39m
    [31m[1m>[22m[39m[90m 94 |[39m         render(
     [90m    |[39m               [31m[1m^[22m[39m
     [90m 95 |[39m             [33m<[39m[33mGroupProvider[39m groupId[33m=[39m[32m"group123"[39m adminToken[33m=[39m{[36mnull[39m} isAdmin[33m=[39m{[36mfalse[39m}[33m>[39m
     [90m 96 |[39m                 [33m<[39m[33mParticipantView[39m onBack[33m=[39m{() [33m=>[39m { }} [33m/[39m[33m>[39m
     [90m 97 |[39m             [33m<[39m[33m/[39m[33mGroupProvider[39m[33m>[39m[0m

      at VirtualConsole.<anonymous> (node_modules/jsdom/lib/jsdom/virtual-console.js:29:45)
      at reportException (node_modules/jsdom/lib/jsdom/living/helpers/runtime-script-errors.js:70:28)
      at innerInvokeEventListeners (node_modules/jsdom/lib/jsdom/living/events/EventTarget-impl.js:341:9)
      at invokeEventListeners (node_modules/jsdom/lib/jsdom/living/events/EventTarget-impl.js:274:3)
      at HTMLUnknownElementImpl._dispatch (node_modules/jsdom/lib/jsdom/living/events/EventTarget-impl.js:221:9)
      at HTMLUnknownElementImpl.dispatchEvent (node_modules/jsdom/lib/jsdom/living/events/EventTarget-impl.js:94:17)
      at HTMLUnknownElement.dispatchEvent (node_modules/jsdom/lib/jsdom/living/generated/EventTarget.js:231:34)
      at Object.invokeGuardedCallbackDev (node_modules/react-dom/cjs/react-dom.development.js:4213:16)
      at invokeGuardedCallback (node_modules/react-dom/cjs/react-dom.development.js:4277:31)
      at beginWork$1 (node_modules/react-dom/cjs/react-dom.development.js:27490:7)
      at performUnitOfWork (node_modules/react-dom/cjs/react-dom.development.js:26599:12)
      at workLoopSync (node_modules/react-dom/cjs/react-dom.development.js:26505:5)
      at renderRootSync (node_modules/react-dom/cjs/react-dom.development.js:26473:7)
      at recoverFromConcurrentError (node_modules/react-dom/cjs/react-dom.development.js:25889:20)
      at performConcurrentWorkOnRoot (node_modules/react-dom/cjs/react-dom.development.js:25789:22)
      at flushActQueue (node_modules/react/cjs/react.development.js:2667:24)
      at act (node_modules/react/cjs/react.development.js:2582:11)
      at node_modules/@testing-library/react/dist/act-compat.js:46:25
      at renderRoot (node_modules/@testing-library/react/dist/pure.js:189:26)
      at render (node_modules/@testing-library/react/dist/pure.js:291:10)
      at Object.<anonymous> (src/components/ParticipantView.test.js:94:15)

    console.error
      The above error occurred in the <Link> component:
      
          at LinkWithRef (C:\Users\leotm\Desktop\Projetos\Programming\vacation-scheduler\node_modules\react-router\dist\development\chunk-2YMDXNOJ.js:384:5)
          at p
          at div
          at div
          at form
          at CalendarView (C:\Users\leotm\Desktop\Projetos\Programming\vacation-scheduler\src\components\CalendarView.js:44:25)
          at div
          at div
          at div
          at div
          at div
          at ParticipantView (C:\Users\leotm\Desktop\Projetos\Programming\vacation-scheduler\src\components\ParticipantView.js:14:43)
          at GroupProvider (C:\Users\leotm\Desktop\Projetos\Programming\vacation-scheduler\src\shared\context\GroupContext.jsx:20:3)
      
      Consider adding an error boundary to your tree to customize error handling behavior.
      Visit https://reactjs.org/link/error-boundaries to learn more about error boundaries.

    [0m [90m 92 |[39m         participantService[33m.[39maddParticipant[33m.[39mmockResolvedValue([32m'p3'[39m)[33m;[39m
     [90m 93 |[39m
    [31m[1m>[22m[39m[90m 94 |[39m         render(
     [90m    |[39m               [31m[1m^[22m[39m
     [90m 95 |[39m             [33m<[39m[33mGroupProvider[39m groupId[33m=[39m[32m"group123"[39m adminToken[33m=[39m{[36mnull[39m} isAdmin[33m=[39m{[36mfalse[39m}[33m>[39m
     [90m 96 |[39m                 [33m<[39m[33mParticipantView[39m onBack[33m=[39m{() [33m=>[39m { }} [33m/[39m[33m>[39m
     [90m 97 |[39m             [33m<[39m[33m/[39m[33mGroupProvider[39m[33m>[39m[0m

      at logCapturedError (node_modules/react-dom/cjs/react-dom.development.js:18704:23)
      at update.callback (node_modules/react-dom/cjs/react-dom.development.js:18737:5)
      at callCallback (node_modules/react-dom/cjs/react-dom.development.js:15036:12)
      at commitUpdateQueue (node_modules/react-dom/cjs/react-dom.development.js:15057:9)
      at commitLayoutEffectOnFiber (node_modules/react-dom/cjs/react-dom.development.js:23430:13)
      at commitLayoutMountEffects_complete (node_modules/react-dom/cjs/react-dom.development.js:24727:9)
      at commitLayoutEffects_begin (node_modules/react-dom/cjs/react-dom.development.js:24713:7)
      at commitLayoutEffects (node_modules/react-dom/cjs/react-dom.development.js:24651:3)
      at commitRootImpl (node_modules/react-dom/cjs/react-dom.development.js:26862:5)
      at commitRoot (node_modules/react-dom/cjs/react-dom.development.js:26721:5)
      at finishConcurrentRender (node_modules/react-dom/cjs/react-dom.development.js:25931:9)
      at performConcurrentWorkOnRoot (node_modules/react-dom/cjs/react-dom.development.js:25848:7)
      at flushActQueue (node_modules/react/cjs/react.development.js:2667:24)
      at act (node_modules/react/cjs/react.development.js:2582:11)
      at node_modules/@testing-library/react/dist/act-compat.js:46:25
      at renderRoot (node_modules/@testing-library/react/dist/pure.js:189:26)
      at render (node_modules/@testing-library/react/dist/pure.js:291:10)
      at Object.<anonymous> (src/components/ParticipantView.test.js:94:15)

  ● ParticipantView - Duplicate Name Check › blocks submission and shows error if name already exists

    TypeError: Cannot destructure property 'basename' of 'React.useContext(...)' as it is null.

    [0m [90m 57 |[39m
     [90m 58 |[39m     test([32m'blocks submission and shows error if name already exists'[39m[33m,[39m [36masync[39m () [33m=>[39m {
    [31m[1m>[22m[39m[90m 59 |[39m         render(
     [90m    |[39m               [31m[1m^[22m[39m
     [90m 60 |[39m             [33m<[39m[33mGroupProvider[39m groupId[33m=[39m[32m"group123"[39m adminToken[33m=[39m{[36mnull[39m} isAdmin[33m=[39m{[36mfalse[39m}[33m>[39m
     [90m 61 |[39m                 [33m<[39m[33mParticipantView[39m onBack[33m=[39m{() [33m=>[39m { }} [33m/[39m[33m>[39m
     [90m 62 |[39m             [33m<[39m[33m/[39m[33mGroupProvider[39m[33m>[39m[0m

      at LinkWithRef (node_modules/react-router/dist/development/chunk-2YMDXNOJ.js:399:11)
      at renderWithHooks (node_modules/react-dom/cjs/react-dom.development.js:15486:18)
      at updateForwardRef (node_modules/react-dom/cjs/react-dom.development.js:19245:20)
      at beginWork (node_modules/react-dom/cjs/react-dom.development.js:21675:16)
      at beginWork$1 (node_modules/react-dom/cjs/react-dom.development.js:27465:14)
      at performUnitOfWork (node_modules/react-dom/cjs/react-dom.development.js:26599:12)
      at workLoopSync (node_modules/react-dom/cjs/react-dom.development.js:26505:5)
      at renderRootSync (node_modules/react-dom/cjs/react-dom.development.js:26473:7)
      at recoverFromConcurrentError (node_modules/react-dom/cjs/react-dom.development.js:25889:20)
      at performConcurrentWorkOnRoot (node_modules/react-dom/cjs/react-dom.development.js:25789:22)
      at flushActQueue (node_modules/react/cjs/react.development.js:2667:24)
      at act (node_modules/react/cjs/react.development.js:2582:11)
      at node_modules/@testing-library/react/dist/act-compat.js:46:25
      at renderRoot (node_modules/@testing-library/react/dist/pure.js:189:26)
      at render (node_modules/@testing-library/react/dist/pure.js:291:10)
      at Object.<anonymous> (src/components/ParticipantView.test.js:59:15)

  ● ParticipantView - Duplicate Name Check › allows submission if name is unique

    TypeError: Cannot destructure property 'basename' of 'React.useContext(...)' as it is null.

    [0m [90m 92 |[39m         participantService[33m.[39maddParticipant[33m.[39mmockResolvedValue([32m'p3'[39m)[33m;[39m
     [90m 93 |[39m
    [31m[1m>[22m[39m[90m 94 |[39m         render(
     [90m    |[39m               [31m[1m^[22m[39m
     [90m 95 |[39m             [33m<[39m[33mGroupProvider[39m groupId[33m=[39m[32m"group123"[39m adminToken[33m=[39m{[36mnull[39m} isAdmin[33m=[39m{[36mfalse[39m}[33m>[39m
     [90m 96 |[39m                 [33m<[39m[33mParticipantView[39m onBack[33m=[39m{() [33m=>[39m { }} [33m/[39m[33m>[39m
     [90m 97 |[39m             [33m<[39m[33m/[39m[33mGroupProvider[39m[33m>[39m[0m

      at LinkWithRef (node_modules/react-router/dist/development/chunk-2YMDXNOJ.js:399:11)
      at renderWithHooks (node_modules/react-dom/cjs/react-dom.development.js:15486:18)
      at updateForwardRef (node_modules/react-dom/cjs/react-dom.development.js:19245:20)
      at beginWork (node_modules/react-dom/cjs/react-dom.development.js:21675:16)
      at beginWork$1 (node_modules/react-dom/cjs/react-dom.development.js:27465:14)
      at performUnitOfWork (node_modules/react-dom/cjs/react-dom.development.js:26599:12)
      at workLoopSync (node_modules/react-dom/cjs/react-dom.development.js:26505:5)
      at renderRootSync (node_modules/react-dom/cjs/react-dom.development.js:26473:7)
      at recoverFromConcurrentError (node_modules/react-dom/cjs/react-dom.development.js:25889:20)
      at performConcurrentWorkOnRoot (node_modules/react-dom/cjs/react-dom.development.js:25789:22)
      at flushActQueue (node_modules/react/cjs/react.development.js:2667:24)
      at act (node_modules/react/cjs/react.development.js:2582:11)
      at node_modules/@testing-library/react/dist/act-compat.js:46:25
      at renderRoot (node_modules/@testing-library/react/dist/pure.js:189:26)
      at render (node_modules/@testing-library/react/dist/pure.js:291:10)
      at Object.<anonymous> (src/components/ParticipantView.test.js:94:15)

FAIL src/components/CalendarView.test.js
  ● Console

    console.error
      Error: Uncaught [TypeError: Cannot destructure property 'basename' of 'React.useContext(...)' as it is null.]
          at reportException (C:\Users\leotm\Desktop\Projetos\Programming\vacation-scheduler\node_modules\jsdom\lib\jsdom\living\helpers\runtime-script-errors.js:66:24)
          at innerInvokeEventListeners (C:\Users\leotm\Desktop\Projetos\Programming\vacation-scheduler\node_modules\jsdom\lib\jsdom\living\events\EventTarget-impl.js:341:9)
          at invokeEventListeners (C:\Users\leotm\Desktop\Projetos\Programming\vacation-scheduler\node_modules\jsdom\lib\jsdom\living\events\EventTarget-impl.js:274:3)
          at HTMLUnknownElementImpl._dispatch (C:\Users\leotm\Desktop\Projetos\Programming\vacation-scheduler\node_modules\jsdom\lib\jsdom\living\events\EventTarget-impl.js:221:9)
          at HTMLUnknownElementImpl.dispatchEvent (C:\Users\leotm\Desktop\Projetos\Programming\vacation-scheduler\node_modules\jsdom\lib\jsdom\living\events\EventTarget-impl.js:94:17)
          at HTMLUnknownElement.dispatchEvent (C:\Users\leotm\Desktop\Projetos\Programming\vacation-scheduler\node_modules\jsdom\lib\jsdom\living\generated\EventTarget.js:231:34)
          at Object.invokeGuardedCallbackDev (C:\Users\leotm\Desktop\Projetos\Programming\vacation-scheduler\node_modules\react-dom\cjs\react-dom.development.js:4213:16)
          at invokeGuardedCallback (C:\Users\leotm\Desktop\Projetos\Programming\vacation-scheduler\node_modules\react-dom\cjs\react-dom.development.js:4277:31)
          at beginWork$1 (C:\Users\leotm\Desktop\Projetos\Programming\vacation-scheduler\node_modules\react-dom\cjs\react-dom.development.js:27490:7)
          at performUnitOfWork (C:\Users\leotm\Desktop\Projetos\Programming\vacation-scheduler\node_modules\react-dom\cjs\react-dom.development.js:26599:12)
          at workLoopSync (C:\Users\leotm\Desktop\Projetos\Programming\vacation-scheduler\node_modules\react-dom\cjs\react-dom.development.js:26505:5)
          at renderRootSync (C:\Users\leotm\Desktop\Projetos\Programming\vacation-scheduler\node_modules\react-dom\cjs\react-dom.development.js:26473:7)
          at performConcurrentWorkOnRoot (C:\Users\leotm\Desktop\Projetos\Programming\vacation-scheduler\node_modules\react-dom\cjs\react-dom.development.js:25777:74)
          at flushActQueue (C:\Users\leotm\Desktop\Projetos\Programming\vacation-scheduler\node_modules\react\cjs\react.development.js:2667:24)
          at act (C:\Users\leotm\Desktop\Projetos\Programming\vacation-scheduler\node_modules\react\cjs\react.development.js:2582:11)
          at C:\Users\leotm\Desktop\Projetos\Programming\vacation-scheduler\node_modules\@testing-library\react\dist\act-compat.js:46:25
          at renderRoot (C:\Users\leotm\Desktop\Projetos\Programming\vacation-scheduler\node_modules\@testing-library\react\dist\pure.js:189:26)
          at render (C:\Users\leotm\Desktop\Projetos\Programming\vacation-scheduler\node_modules\@testing-library\react\dist\pure.js:291:10)
          at renderCalendar (C:\Users\leotm\Desktop\Projetos\Programming\vacation-scheduler\src\components\CalendarView.test.js:36:16)
          at Object.<anonymous> (C:\Users\leotm\Desktop\Projetos\Programming\vacation-scheduler\src\components\CalendarView.test.js:41:5)
          at Promise.then.completed (C:\Users\leotm\Desktop\Projetos\Programming\vacation-scheduler\node_modules\jest-circus\build\utils.js:391:28)
          at new Promise (<anonymous>)
          at callAsyncCircusFn (C:\Users\leotm\Desktop\Projetos\Programming\vacation-scheduler\node_modules\jest-circus\build\utils.js:316:10)
          at _callCircusTest (C:\Users\leotm\Desktop\Projetos\Programming\vacation-scheduler\node_modules\jest-circus\build\run.js:218:40)
          at processTicksAndRejections (node:internal/process/task_queues:103:5)
          at _runTest (C:\Users\leotm\Desktop\Projetos\Programming\vacation-scheduler\node_modules\jest-circus\build\run.js:155:3)
          at _runTestsForDescribeBlock (C:\Users\leotm\Desktop\Projetos\Programming\vacation-scheduler\node_modules\jest-circus\build\run.js:66:9)
          at _runTestsForDescribeBlock (C:\Users\leotm\Desktop\Projetos\Programming\vacation-scheduler\node_modules\jest-circus\build\run.js:60:9)
          at run (C:\Users\leotm\Desktop\Projetos\Programming\vacation-scheduler\node_modules\jest-circus\build\run.js:25:3)
          at runAndTransformResultsToJestFormat (C:\Users\leotm\Desktop\Projetos\Programming\vacation-scheduler\node_modules\jest-circus\build\legacy-code-todo-rewrite\jestAdapterInit.js:170:21)
          at jestAdapter (C:\Users\leotm\Desktop\Projetos\Programming\vacation-scheduler\node_modules\jest-circus\build\legacy-code-todo-rewrite\jestAdapter.js:82:19)
          at runTestInternal (C:\Users\leotm\Desktop\Projetos\Programming\vacation-scheduler\node_modules\jest-runner\build\runTest.js:389:16)
          at runTest (C:\Users\leotm\Desktop\Projetos\Programming\vacation-scheduler\node_modules\jest-runner\build\runTest.js:475:34)
          at Object.worker (C:\Users\leotm\Desktop\Projetos\Programming\vacation-scheduler\node_modules\jest-runner\build\testWorker.js:133:12) TypeError: Cannot destructure property 'basename' of 'React.useContext(...)' as it is null.
          at LinkWithRef (C:\Users\leotm\Desktop\Projetos\Programming\vacation-scheduler\node_modules\react-router\dist\development\chunk-2YMDXNOJ.js:399:11)
          at renderWithHooks (C:\Users\leotm\Desktop\Projetos\Programming\vacation-scheduler\node_modules\react-dom\cjs\react-dom.development.js:15486:18)
          at updateForwardRef (C:\Users\leotm\Desktop\Projetos\Programming\vacation-scheduler\node_modules\react-dom\cjs\react-dom.development.js:19245:20)
          at beginWork (C:\Users\leotm\Desktop\Projetos\Programming\vacation-scheduler\node_modules\react-dom\cjs\react-dom.development.js:21675:16)
          at HTMLUnknownElement.callCallback (C:\Users\leotm\Desktop\Projetos\Programming\vacation-scheduler\node_modules\react-dom\cjs\react-dom.development.js:4164:14)
          at HTMLUnknownElement.callTheUserObjectsOperation (C:\Users\leotm\Desktop\Projetos\Programming\vacation-scheduler\node_modules\jsdom\lib\jsdom\living\generated\EventListener.js:26:30)
          at innerInvokeEventListeners (C:\Users\leotm\Desktop\Projetos\Programming\vacation-scheduler\node_modules\jsdom\lib\jsdom\living\events\EventTarget-impl.js:338:25)
          at invokeEventListeners (C:\Users\leotm\Desktop\Projetos\Programming\vacation-scheduler\node_modules\jsdom\lib\jsdom\living\events\EventTarget-impl.js:274:3)
          at HTMLUnknownElementImpl._dispatch (C:\Users\leotm\Desktop\Projetos\Programming\vacation-scheduler\node_modules\jsdom\lib\jsdom\living\events\EventTarget-impl.js:221:9)
          at HTMLUnknownElementImpl.dispatchEvent (C:\Users\leotm\Desktop\Projetos\Programming\vacation-scheduler\node_modules\jsdom\lib\jsdom\living\events\EventTarget-impl.js:94:17)
          at HTMLUnknownElement.dispatchEvent (C:\Users\leotm\Desktop\Projetos\Programming\vacation-scheduler\node_modules\jsdom\lib\jsdom\living\generated\EventTarget.js:231:34)
          at Object.invokeGuardedCallbackDev (C:\Users\leotm\Desktop\Projetos\Programming\vacation-scheduler\node_modules\react-dom\cjs\react-dom.development.js:4213:16)
          at invokeGuardedCallback (C:\Users\leotm\Desktop\Projetos\Programming\vacation-scheduler\node_modules\react-dom\cjs\react-dom.development.js:4277:31)
          at beginWork$1 (C:\Users\leotm\Desktop\Projetos\Programming\vacation-scheduler\node_modules\react-dom\cjs\react-dom.development.js:27490:7)
          at performUnitOfWork (C:\Users\leotm\Desktop\Projetos\Programming\vacation-scheduler\node_modules\react-dom\cjs\react-dom.development.js:26599:12)
          at workLoopSync (C:\Users\leotm\Desktop\Projetos\Programming\vacation-scheduler\node_modules\react-dom\cjs\react-dom.development.js:26505:5)
          at renderRootSync (C:\Users\leotm\Desktop\Projetos\Programming\vacation-scheduler\node_modules\react-dom\cjs\react-dom.development.js:26473:7)
          at performConcurrentWorkOnRoot (C:\Users\leotm\Desktop\Projetos\Programming\vacation-scheduler\node_modules\react-dom\cjs\react-dom.development.js:25777:74)
          at flushActQueue (C:\Users\leotm\Desktop\Projetos\Programming\vacation-scheduler\node_modules\react\cjs\react.development.js:2667:24)
          at act (C:\Users\leotm\Desktop\Projetos\Programming\vacation-scheduler\node_modules\react\cjs\react.development.js:2582:11)
          at C:\Users\leotm\Desktop\Projetos\Programming\vacation-scheduler\node_modules\@testing-library\react\dist\act-compat.js:46:25
          at renderRoot (C:\Users\leotm\Desktop\Projetos\Programming\vacation-scheduler\node_modules\@testing-library\react\dist\pure.js:189:26)
          at render (C:\Users\leotm\Desktop\Projetos\Programming\vacation-scheduler\node_modules\@testing-library\react\dist\pure.js:291:10)
          at renderCalendar (C:\Users\leotm\Desktop\Projetos\Programming\vacation-scheduler\src\components\CalendarView.test.js:36:16)
          at Object.<anonymous> (C:\Users\leotm\Desktop\Projetos\Programming\vacation-scheduler\src\components\CalendarView.test.js:41:5)
          at Promise.then.completed (C:\Users\leotm\Desktop\Projetos\Programming\vacation-scheduler\node_modules\jest-circus\build\utils.js:391:28)
          at new Promise (<anonymous>)
          at callAsyncCircusFn (C:\Users\leotm\Desktop\Projetos\Programming\vacation-scheduler\node_modules\jest-circus\build\utils.js:316:10)
          at _callCircusTest (C:\Users\leotm\Desktop\Projetos\Programming\vacation-scheduler\node_modules\jest-circus\build\run.js:218:40)
          at processTicksAndRejections (node:internal/process/task_queues:103:5)
          at _runTest (C:\Users\leotm\Desktop\Projetos\Programming\vacation-scheduler\node_modules\jest-circus\build\run.js:155:3)
          at _runTestsForDescribeBlock (C:\Users\leotm\Desktop\Projetos\Programming\vacation-scheduler\node_modules\jest-circus\build\run.js:66:9)
          at _runTestsForDescribeBlock (C:\Users\leotm\Desktop\Projetos\Programming\vacation-scheduler\node_modules\jest-circus\build\run.js:60:9)
          at run (C:\Users\leotm\Desktop\Projetos\Programming\vacation-scheduler\node_modules\jest-circus\build\run.js:25:3)
          at runAndTransformResultsToJestFormat (C:\Users\leotm\Desktop\Projetos\Programming\vacation-scheduler\node_modules\jest-circus\build\legacy-code-todo-rewrite\jestAdapterInit.js:170:21)
          at jestAdapter (C:\Users\leotm\Desktop\Projetos\Programming\vacation-scheduler\node_modules\jest-circus\build\legacy-code-todo-rewrite\jestAdapter.js:82:19)
          at runTestInternal (C:\Users\leotm\Desktop\Projetos\Programming\vacation-scheduler\node_modules\jest-runner\build\runTest.js:389:16)
          at runTest (C:\Users\leotm\Desktop\Projetos\Programming\vacation-scheduler\node_modules\jest-runner\build\runTest.js:475:34)
          at Object.worker (C:\Users\leotm\Desktop\Projetos\Programming\vacation-scheduler\node_modules\jest-runner\build\testWorker.js:133:12)

    [0m [90m 34 |[39m
     [90m 35 |[39m [36mconst[39m renderCalendar [33m=[39m (overrides [33m=[39m {}) [33m=>[39m {
    [31m[1m>[22m[39m[90m 36 |[39m   [36mreturn[39m render([33m<[39m[33mCalendarView[39m {[33m...[39mdefaultProps} {[33m...[39moverrides} [33m/[39m[33m>[39m)[33m;[39m
     [90m    |[39m                [31m[1m^[22m[39m
     [90m 37 |[39m }[33m;[39m
     [90m 38 |[39m
     [90m 39 |[39m describe([32m'CalendarView rendering'[39m[33m,[39m () [33m=>[39m {[0m

      at VirtualConsole.<anonymous> (node_modules/jsdom/lib/jsdom/virtual-console.js:29:45)
      at reportException (node_modules/jsdom/lib/jsdom/living/helpers/runtime-script-errors.js:70:28)
      at innerInvokeEventListeners (node_modules/jsdom/lib/jsdom/living/events/EventTarget-impl.js:341:9)
      at invokeEventListeners (node_modules/jsdom/lib/jsdom/living/events/EventTarget-impl.js:274:3)
      at HTMLUnknownElementImpl._dispatch (node_modules/jsdom/lib/jsdom/living/events/EventTarget-impl.js:221:9)
      at HTMLUnknownElementImpl.dispatchEvent (node_modules/jsdom/lib/jsdom/living/events/EventTarget-impl.js:94:17)
      at HTMLUnknownElement.dispatchEvent (node_modules/jsdom/lib/jsdom/living/generated/EventTarget.js:231:34)
      at Object.invokeGuardedCallbackDev (node_modules/react-dom/cjs/react-dom.development.js:4213:16)
      at invokeGuardedCallback (node_modules/react-dom/cjs/react-dom.development.js:4277:31)
      at beginWork$1 (node_modules/react-dom/cjs/react-dom.development.js:27490:7)
      at performUnitOfWork (node_modules/react-dom/cjs/react-dom.development.js:26599:12)
      at workLoopSync (node_modules/react-dom/cjs/react-dom.development.js:26505:5)
      at renderRootSync (node_modules/react-dom/cjs/react-dom.development.js:26473:7)
      at performConcurrentWorkOnRoot (node_modules/react-dom/cjs/react-dom.development.js:25777:74)
      at flushActQueue (node_modules/react/cjs/react.development.js:2667:24)
      at act (node_modules/react/cjs/react.development.js:2582:11)
      at node_modules/@testing-library/react/dist/act-compat.js:46:25
      at renderRoot (node_modules/@testing-library/react/dist/pure.js:189:26)
      at render (node_modules/@testing-library/react/dist/pure.js:291:10)
      at renderCalendar (src/components/CalendarView.test.js:36:16)
      at Object.<anonymous> (src/components/CalendarView.test.js:41:5)

    console.error
      Error: Uncaught [TypeError: Cannot destructure property 'basename' of 'React.useContext(...)' as it is null.]
          at reportException (C:\Users\leotm\Desktop\Projetos\Programming\vacation-scheduler\node_modules\jsdom\lib\jsdom\living\helpers\runtime-script-errors.js:66:24)
          at innerInvokeEventListeners (C:\Users\leotm\Desktop\Projetos\Programming\vacation-scheduler\node_modules\jsdom\lib\jsdom\living\events\EventTarget-impl.js:341:9)
          at invokeEventListeners (C:\Users\leotm\Desktop\Projetos\Programming\vacation-scheduler\node_modules\jsdom\lib\jsdom\living\events\EventTarget-impl.js:274:3)
          at HTMLUnknownElementImpl._dispatch (C:\Users\leotm\Desktop\Projetos\Programming\vacation-scheduler\node_modules\jsdom\lib\jsdom\living\events\EventTarget-impl.js:221:9)
          at HTMLUnknownElementImpl.dispatchEvent (C:\Users\leotm\Desktop\Projetos\Programming\vacation-scheduler\node_modules\jsdom\lib\jsdom\living\events\EventTarget-impl.js:94:17)
          at HTMLUnknownElement.dispatchEvent (C:\Users\leotm\Desktop\Projetos\Programming\vacation-scheduler\node_modules\jsdom\lib\jsdom\living\generated\EventTarget.js:231:34)
          at Object.invokeGuardedCallbackDev (C:\Users\leotm\Desktop\Projetos\Programming\vacation-scheduler\node_modules\react-dom\cjs\react-dom.development.js:4213:16)
          at invokeGuardedCallback (C:\Users\leotm\Desktop\Projetos\Programming\vacation-scheduler\node_modules\react-dom\cjs\react-dom.development.js:4277:31)
          at beginWork$1 (C:\Users\leotm\Desktop\Projetos\Programming\vacation-scheduler\node_modules\react-dom\cjs\react-dom.development.js:27490:7)
          at performUnitOfWork (C:\Users\leotm\Desktop\Projetos\Programming\vacation-scheduler\node_modules\react-dom\cjs\react-dom.development.js:26599:12)
          at workLoopSync (C:\Users\leotm\Desktop\Projetos\Programming\vacation-scheduler\node_modules\react-dom\cjs\react-dom.development.js:26505:5)
          at renderRootSync (C:\Users\leotm\Desktop\Projetos\Programming\vacation-scheduler\node_modules\react-dom\cjs\react-dom.development.js:26473:7)
          at recoverFromConcurrentError (C:\Users\leotm\Desktop\Projetos\Programming\vacation-scheduler\node_modules\react-dom\cjs\react-dom.development.js:25889:20)
          at performConcurrentWorkOnRoot (C:\Users\leotm\Desktop\Projetos\Programming\vacation-scheduler\node_modules\react-dom\cjs\react-dom.development.js:25789:22)
          at flushActQueue (C:\Users\leotm\Desktop\Projetos\Programming\vacation-scheduler\node_modules\react\cjs\react.development.js:2667:24)
          at act (C:\Users\leotm\Desktop\Projetos\Programming\vacation-scheduler\node_modules\react\cjs\react.development.js:2582:11)
          at C:\Users\leotm\Desktop\Projetos\Programming\vacation-scheduler\node_modules\@testing-library\react\dist\act-compat.js:46:25
          at renderRoot (C:\Users\leotm\Desktop\Projetos\Programming\vacation-scheduler\node_modules\@testing-library\react\dist\pure.js:189:26)
          at render (C:\Users\leotm\Desktop\Projetos\Programming\vacation-scheduler\node_modules\@testing-library\react\dist\pure.js:291:10)
          at renderCalendar (C:\Users\leotm\Desktop\Projetos\Programming\vacation-scheduler\src\components\CalendarView.test.js:36:16)
          at Object.<anonymous> (C:\Users\leotm\Desktop\Projetos\Programming\vacation-scheduler\src\components\CalendarView.test.js:41:5)
          at Promise.then.completed (C:\Users\leotm\Desktop\Projetos\Programming\vacation-scheduler\node_modules\jest-circus\build\utils.js:391:28)
          at new Promise (<anonymous>)
          at callAsyncCircusFn (C:\Users\leotm\Desktop\Projetos\Programming\vacation-scheduler\node_modules\jest-circus\build\utils.js:316:10)
          at _callCircusTest (C:\Users\leotm\Desktop\Projetos\Programming\vacation-scheduler\node_modules\jest-circus\build\run.js:218:40)
          at processTicksAndRejections (node:internal/process/task_queues:103:5)
          at _runTest (C:\Users\leotm\Desktop\Projetos\Programming\vacation-scheduler\node_modules\jest-circus\build\run.js:155:3)
          at _runTestsForDescribeBlock (C:\Users\leotm\Desktop\Projetos\Programming\vacation-scheduler\node_modules\jest-circus\build\run.js:66:9)
          at _runTestsForDescribeBlock (C:\Users\leotm\Desktop\Projetos\Programming\vacation-scheduler\node_modules\jest-circus\build\run.js:60:9)
          at run (C:\Users\leotm\Desktop\Projetos\Programming\vacation-scheduler\node_modules\jest-circus\build\run.js:25:3)
          at runAndTransformResultsToJestFormat (C:\Users\leotm\Desktop\Projetos\Programming\vacation-scheduler\node_modules\jest-circus\build\legacy-code-todo-rewrite\jestAdapterInit.js:170:21)
          at jestAdapter (C:\Users\leotm\Desktop\Projetos\Programming\vacation-scheduler\node_modules\jest-circus\build\legacy-code-todo-rewrite\jestAdapter.js:82:19)
          at runTestInternal (C:\Users\leotm\Desktop\Projetos\Programming\vacation-scheduler\node_modules\jest-runner\build\runTest.js:389:16)
          at runTest (C:\Users\leotm\Desktop\Projetos\Programming\vacation-scheduler\node_modules\jest-runner\build\runTest.js:475:34)
          at Object.worker (C:\Users\leotm\Desktop\Projetos\Programming\vacation-scheduler\node_modules\jest-runner\build\testWorker.js:133:12) TypeError: Cannot destructure property 'basename' of 'React.useContext(...)' as it is null.
          at LinkWithRef (C:\Users\leotm\Desktop\Projetos\Programming\vacation-scheduler\node_modules\react-router\dist\development\chunk-2YMDXNOJ.js:399:11)
          at renderWithHooks (C:\Users\leotm\Desktop\Projetos\Programming\vacation-scheduler\node_modules\react-dom\cjs\react-dom.development.js:15486:18)
          at updateForwardRef (C:\Users\leotm\Desktop\Projetos\Programming\vacation-scheduler\node_modules\react-dom\cjs\react-dom.development.js:19245:20)
          at beginWork (C:\Users\leotm\Desktop\Projetos\Programming\vacation-scheduler\node_modules\react-dom\cjs\react-dom.development.js:21675:16)
          at HTMLUnknownElement.callCallback (C:\Users\leotm\Desktop\Projetos\Programming\vacation-scheduler\node_modules\react-dom\cjs\react-dom.development.js:4164:14)
          at HTMLUnknownElement.callTheUserObjectsOperation (C:\Users\leotm\Desktop\Projetos\Programming\vacation-scheduler\node_modules\jsdom\lib\jsdom\living\generated\EventListener.js:26:30)
          at innerInvokeEventListeners (C:\Users\leotm\Desktop\Projetos\Programming\vacation-scheduler\node_modules\jsdom\lib\jsdom\living\events\EventTarget-impl.js:338:25)
          at invokeEventListeners (C:\Users\leotm\Desktop\Projetos\Programming\vacation-scheduler\node_modules\jsdom\lib\jsdom\living\events\EventTarget-impl.js:274:3)
          at HTMLUnknownElementImpl._dispatch (C:\Users\leotm\Desktop\Projetos\Programming\vacation-scheduler\node_modules\jsdom\lib\jsdom\living\events\EventTarget-impl.js:221:9)
          at HTMLUnknownElementImpl.dispatchEvent (C:\Users\leotm\Desktop\Projetos\Programming\vacation-scheduler\node_modules\jsdom\lib\jsdom\living\events\EventTarget-impl.js:94:17)
          at HTMLUnknownElement.dispatchEvent (C:\Users\leotm\Desktop\Projetos\Programming\vacation-scheduler\node_modules\jsdom\lib\jsdom\living\generated\EventTarget.js:231:34)
          at Object.invokeGuardedCallbackDev (C:\Users\leotm\Desktop\Projetos\Programming\vacation-scheduler\node_modules\react-dom\cjs\react-dom.development.js:4213:16)
          at invokeGuardedCallback (C:\Users\leotm\Desktop\Projetos\Programming\vacation-scheduler\node_modules\react-dom\cjs\react-dom.development.js:4277:31)
          at beginWork$1 (C:\Users\leotm\Desktop\Projetos\Programming\vacation-scheduler\node_modules\react-dom\cjs\react-dom.development.js:27490:7)
          at performUnitOfWork (C:\Users\leotm\Desktop\Projetos\Programming\vacation-scheduler\node_modules\react-dom\cjs\react-dom.development.js:26599:12)
          at workLoopSync (C:\Users\leotm\Desktop\Projetos\Programming\vacation-scheduler\node_modules\react-dom\cjs\react-dom.development.js:26505:5)
          at renderRootSync (C:\Users\leotm\Desktop\Projetos\Programming\vacation-scheduler\node_modules\react-dom\cjs\react-dom.development.js:26473:7)
          at recoverFromConcurrentError (C:\Users\leotm\Desktop\Projetos\Programming\vacation-scheduler\node_modules\react-dom\cjs\react-dom.development.js:25889:20)
          at performConcurrentWorkOnRoot (C:\Users\leotm\Desktop\Projetos\Programming\vacation-scheduler\node_modules\react-dom\cjs\react-dom.development.js:25789:22)
          at flushActQueue (C:\Users\leotm\Desktop\Projetos\Programming\vacation-scheduler\node_modules\react\cjs\react.development.js:2667:24)
          at act (C:\Users\leotm\Desktop\Projetos\Programming\vacation-scheduler\node_modules\react\cjs\react.development.js:2582:11)
          at C:\Users\leotm\Desktop\Projetos\Programming\vacation-scheduler\node_modules\@testing-library\react\dist\act-compat.js:46:25
          at renderRoot (C:\Users\leotm\Desktop\Projetos\Programming\vacation-scheduler\node_modules\@testing-library\react\dist\pure.js:189:26)
          at render (C:\Users\leotm\Desktop\Projetos\Programming\vacation-scheduler\node_modules\@testing-library\react\dist\pure.js:291:10)
          at renderCalendar (C:\Users\leotm\Desktop\Projetos\Programming\vacation-scheduler\src\components\CalendarView.test.js:36:16)
          at Object.<anonymous> (C:\Users\leotm\Desktop\Projetos\Programming\vacation-scheduler\src\components\CalendarView.test.js:41:5)
          at Promise.then.completed (C:\Users\leotm\Desktop\Projetos\Programming\vacation-scheduler\node_modules\jest-circus\build\utils.js:391:28)
          at new Promise (<anonymous>)
          at callAsyncCircusFn (C:\Users\leotm\Desktop\Projetos\Programming\vacation-scheduler\node_modules\jest-circus\build\utils.js:316:10)
          at _callCircusTest (C:\Users\leotm\Desktop\Projetos\Programming\vacation-scheduler\node_modules\jest-circus\build\run.js:218:40)
          at processTicksAndRejections (node:internal/process/task_queues:103:5)
          at _runTest (C:\Users\leotm\Desktop\Projetos\Programming\vacation-scheduler\node_modules\jest-circus\build\run.js:155:3)
          at _runTestsForDescribeBlock (C:\Users\leotm\Desktop\Projetos\Programming\vacation-scheduler\node_modules\jest-circus\build\run.js:66:9)
          at _runTestsForDescribeBlock (C:\Users\leotm\Desktop\Projetos\Programming\vacation-scheduler\node_modules\jest-circus\build\run.js:60:9)
          at run (C:\Users\leotm\Desktop\Projetos\Programming\vacation-scheduler\node_modules\jest-circus\build\run.js:25:3)
          at runAndTransformResultsToJestFormat (C:\Users\leotm\Desktop\Projetos\Programming\vacation-scheduler\node_modules\jest-circus\build\legacy-code-todo-rewrite\jestAdapterInit.js:170:21)
          at jestAdapter (C:\Users\leotm\Desktop\Projetos\Programming\vacation-scheduler\node_modules\jest-circus\build\legacy-code-todo-rewrite\jestAdapter.js:82:19)
          at runTestInternal (C:\Users\leotm\Desktop\Projetos\Programming\vacation-scheduler\node_modules\jest-runner\build\runTest.js:389:16)
          at runTest (C:\Users\leotm\Desktop\Projetos\Programming\vacation-scheduler\node_modules\jest-runner\build\runTest.js:475:34)
          at Object.worker (C:\Users\leotm\Desktop\Projetos\Programming\vacation-scheduler\node_modules\jest-runner\build\testWorker.js:133:12)

    [0m [90m 34 |[39m
     [90m 35 |[39m [36mconst[39m renderCalendar [33m=[39m (overrides [33m=[39m {}) [33m=>[39m {
    [31m[1m>[22m[39m[90m 36 |[39m   [36mreturn[39m render([33m<[39m[33mCalendarView[39m {[33m...[39mdefaultProps} {[33m...[39moverrides} [33m/[39m[33m>[39m)[33m;[39m
     [90m    |[39m                [31m[1m^[22m[39m
     [90m 37 |[39m }[33m;[39m
     [90m 38 |[39m
     [90m 39 |[39m describe([32m'CalendarView rendering'[39m[33m,[39m () [33m=>[39m {[0m

      at VirtualConsole.<anonymous> (node_modules/jsdom/lib/jsdom/virtual-console.js:29:45)
      at reportException (node_modules/jsdom/lib/jsdom/living/helpers/runtime-script-errors.js:70:28)
      at innerInvokeEventListeners (node_modules/jsdom/lib/jsdom/living/events/EventTarget-impl.js:341:9)
      at invokeEventListeners (node_modules/jsdom/lib/jsdom/living/events/EventTarget-impl.js:274:3)
      at HTMLUnknownElementImpl._dispatch (node_modules/jsdom/lib/jsdom/living/events/EventTarget-impl.js:221:9)
      at HTMLUnknownElementImpl.dispatchEvent (node_modules/jsdom/lib/jsdom/living/events/EventTarget-impl.js:94:17)
      at HTMLUnknownElement.dispatchEvent (node_modules/jsdom/lib/jsdom/living/generated/EventTarget.js:231:34)
      at Object.invokeGuardedCallbackDev (node_modules/react-dom/cjs/react-dom.development.js:4213:16)
      at invokeGuardedCallback (node_modules/react-dom/cjs/react-dom.development.js:4277:31)
      at beginWork$1 (node_modules/react-dom/cjs/react-dom.development.js:27490:7)
      at performUnitOfWork (node_modules/react-dom/cjs/react-dom.development.js:26599:12)
      at workLoopSync (node_modules/react-dom/cjs/react-dom.development.js:26505:5)
      at renderRootSync (node_modules/react-dom/cjs/react-dom.development.js:26473:7)
      at recoverFromConcurrentError (node_modules/react-dom/cjs/react-dom.development.js:25889:20)
      at performConcurrentWorkOnRoot (node_modules/react-dom/cjs/react-dom.development.js:25789:22)
      at flushActQueue (node_modules/react/cjs/react.development.js:2667:24)
      at act (node_modules/react/cjs/react.development.js:2582:11)
      at node_modules/@testing-library/react/dist/act-compat.js:46:25
      at renderRoot (node_modules/@testing-library/react/dist/pure.js:189:26)
      at render (node_modules/@testing-library/react/dist/pure.js:291:10)
      at renderCalendar (src/components/CalendarView.test.js:36:16)
      at Object.<anonymous> (src/components/CalendarView.test.js:41:5)

    console.error
      The above error occurred in the <Link> component:
      
          at LinkWithRef (C:\Users\leotm\Desktop\Projetos\Programming\vacation-scheduler\node_modules\react-router\dist\development\chunk-2YMDXNOJ.js:384:5)
          at p
          at div
          at div
          at form
          at CalendarView (C:\Users\leotm\Desktop\Projetos\Programming\vacation-scheduler\src\components\CalendarView.js:44:25)
      
      Consider adding an error boundary to your tree to customize error handling behavior.
      Visit https://reactjs.org/link/error-boundaries to learn more about error boundaries.

    [0m [90m 34 |[39m
     [90m 35 |[39m [36mconst[39m renderCalendar [33m=[39m (overrides [33m=[39m {}) [33m=>[39m {
    [31m[1m>[22m[39m[90m 36 |[39m   [36mreturn[39m render([33m<[39m[33mCalendarView[39m {[33m...[39mdefaultProps} {[33m...[39moverrides} [33m/[39m[33m>[39m)[33m;[39m
     [90m    |[39m                [31m[1m^[22m[39m
     [90m 37 |[39m }[33m;[39m
     [90m 38 |[39m
     [90m 39 |[39m describe([32m'CalendarView rendering'[39m[33m,[39m () [33m=>[39m {[0m

      at logCapturedError (node_modules/react-dom/cjs/react-dom.development.js:18704:23)
      at update.callback (node_modules/react-dom/cjs/react-dom.development.js:18737:5)
      at callCallback (node_modules/react-dom/cjs/react-dom.development.js:15036:12)
      at commitUpdateQueue (node_modules/react-dom/cjs/react-dom.development.js:15057:9)
      at commitLayoutEffectOnFiber (node_modules/react-dom/cjs/react-dom.development.js:23430:13)
      at commitLayoutMountEffects_complete (node_modules/react-dom/cjs/react-dom.development.js:24727:9)
      at commitLayoutEffects_begin (node_modules/react-dom/cjs/react-dom.development.js:24713:7)
      at commitLayoutEffects (node_modules/react-dom/cjs/react-dom.development.js:24651:3)
      at commitRootImpl (node_modules/react-dom/cjs/react-dom.development.js:26862:5)
      at commitRoot (node_modules/react-dom/cjs/react-dom.development.js:26721:5)
      at finishConcurrentRender (node_modules/react-dom/cjs/react-dom.development.js:25931:9)
      at performConcurrentWorkOnRoot (node_modules/react-dom/cjs/react-dom.development.js:25848:7)
      at flushActQueue (node_modules/react/cjs/react.development.js:2667:24)
      at act (node_modules/react/cjs/react.development.js:2582:11)
      at node_modules/@testing-library/react/dist/act-compat.js:46:25
      at renderRoot (node_modules/@testing-library/react/dist/pure.js:189:26)
      at render (node_modules/@testing-library/react/dist/pure.js:291:10)
      at renderCalendar (src/components/CalendarView.test.js:36:16)
      at Object.<anonymous> (src/components/CalendarView.test.js:41:5)

    console.error
      Error: Uncaught [TypeError: Cannot destructure property 'basename' of 'React.useContext(...)' as it is null.]
          at reportException (C:\Users\leotm\Desktop\Projetos\Programming\vacation-scheduler\node_modules\jsdom\lib\jsdom\living\helpers\runtime-script-errors.js:66:24)
          at innerInvokeEventListeners (C:\Users\leotm\Desktop\Projetos\Programming\vacation-scheduler\node_modules\jsdom\lib\jsdom\living\events\EventTarget-impl.js:341:9)
          at invokeEventListeners (C:\Users\leotm\Desktop\Projetos\Programming\vacation-scheduler\node_modules\jsdom\lib\jsdom\living\events\EventTarget-impl.js:274:3)
          at HTMLUnknownElementImpl._dispatch (C:\Users\leotm\Desktop\Projetos\Programming\vacation-scheduler\node_modules\jsdom\lib\jsdom\living\events\EventTarget-impl.js:221:9)
          at HTMLUnknownElementImpl.dispatchEvent (C:\Users\leotm\Desktop\Projetos\Programming\vacation-scheduler\node_modules\jsdom\lib\jsdom\living\events\EventTarget-impl.js:94:17)
          at HTMLUnknownElement.dispatchEvent (C:\Users\leotm\Desktop\Projetos\Programming\vacation-scheduler\node_modules\jsdom\lib\jsdom\living\generated\EventTarget.js:231:34)
          at Object.invokeGuardedCallbackDev (C:\Users\leotm\Desktop\Projetos\Programming\vacation-scheduler\node_modules\react-dom\cjs\react-dom.development.js:4213:16)
          at invokeGuardedCallback (C:\Users\leotm\Desktop\Projetos\Programming\vacation-scheduler\node_modules\react-dom\cjs\react-dom.development.js:4277:31)
          at beginWork$1 (C:\Users\leotm\Desktop\Projetos\Programming\vacation-scheduler\node_modules\react-dom\cjs\react-dom.development.js:27490:7)
          at performUnitOfWork (C:\Users\leotm\Desktop\Projetos\Programming\vacation-scheduler\node_modules\react-dom\cjs\react-dom.development.js:26599:12)
          at workLoopSync (C:\Users\leotm\Desktop\Projetos\Programming\vacation-scheduler\node_modules\react-dom\cjs\react-dom.development.js:26505:5)
          at renderRootSync (C:\Users\leotm\Desktop\Projetos\Programming\vacation-scheduler\node_modules\react-dom\cjs\react-dom.development.js:26473:7)
          at performConcurrentWorkOnRoot (C:\Users\leotm\Desktop\Projetos\Programming\vacation-scheduler\node_modules\react-dom\cjs\react-dom.development.js:25777:74)
          at flushActQueue (C:\Users\leotm\Desktop\Projetos\Programming\vacation-scheduler\node_modules\react\cjs\react.development.js:2667:24)
          at act (C:\Users\leotm\Desktop\Projetos\Programming\vacation-scheduler\node_modules\react\cjs\react.development.js:2582:11)
          at C:\Users\leotm\Desktop\Projetos\Programming\vacation-scheduler\node_modules\@testing-library\react\dist\act-compat.js:46:25
          at renderRoot (C:\Users\leotm\Desktop\Projetos\Programming\vacation-scheduler\node_modules\@testing-library\react\dist\pure.js:189:26)
          at render (C:\Users\leotm\Desktop\Projetos\Programming\vacation-scheduler\node_modules\@testing-library\react\dist\pure.js:291:10)
          at renderCalendar (C:\Users\leotm\Desktop\Projetos\Programming\vacation-scheduler\src\components\CalendarView.test.js:36:16)
          at Object.<anonymous> (C:\Users\leotm\Desktop\Projetos\Programming\vacation-scheduler\src\components\CalendarView.test.js:48:5)
          at Promise.then.completed (C:\Users\leotm\Desktop\Projetos\Programming\vacation-scheduler\node_modules\jest-circus\build\utils.js:391:28)
          at new Promise (<anonymous>)
          at callAsyncCircusFn (C:\Users\leotm\Desktop\Projetos\Programming\vacation-scheduler\node_modules\jest-circus\build\utils.js:316:10)
          at _callCircusTest (C:\Users\leotm\Desktop\Projetos\Programming\vacation-scheduler\node_modules\jest-circus\build\run.js:218:40)
          at processTicksAndRejections (node:internal/process/task_queues:103:5)
          at _runTest (C:\Users\leotm\Desktop\Projetos\Programming\vacation-scheduler\node_modules\jest-circus\build\run.js:155:3)
          at _runTestsForDescribeBlock (C:\Users\leotm\Desktop\Projetos\Programming\vacation-scheduler\node_modules\jest-circus\build\run.js:66:9)
          at _runTestsForDescribeBlock (C:\Users\leotm\Desktop\Projetos\Programming\vacation-scheduler\node_modules\jest-circus\build\run.js:60:9)
          at run (C:\Users\leotm\Desktop\Projetos\Programming\vacation-scheduler\node_modules\jest-circus\build\run.js:25:3)
          at runAndTransformResultsToJestFormat (C:\Users\leotm\Desktop\Projetos\Programming\vacation-scheduler\node_modules\jest-circus\build\legacy-code-todo-rewrite\jestAdapterInit.js:170:21)
          at jestAdapter (C:\Users\leotm\Desktop\Projetos\Programming\vacation-scheduler\node_modules\jest-circus\build\legacy-code-todo-rewrite\jestAdapter.js:82:19)
          at runTestInternal (C:\Users\leotm\Desktop\Projetos\Programming\vacation-scheduler\node_modules\jest-runner\build\runTest.js:389:16)
          at runTest (C:\Users\leotm\Desktop\Projetos\Programming\vacation-scheduler\node_modules\jest-runner\build\runTest.js:475:34)
          at Object.worker (C:\Users\leotm\Desktop\Projetos\Programming\vacation-scheduler\node_modules\jest-runner\build\testWorker.js:133:12) TypeError: Cannot destructure property 'basename' of 'React.useContext(...)' as it is null.
          at LinkWithRef (C:\Users\leotm\Desktop\Projetos\Programming\vacation-scheduler\node_modules\react-router\dist\development\chunk-2YMDXNOJ.js:399:11)
          at renderWithHooks (C:\Users\leotm\Desktop\Projetos\Programming\vacation-scheduler\node_modules\react-dom\cjs\react-dom.development.js:15486:18)
          at updateForwardRef (C:\Users\leotm\Desktop\Projetos\Programming\vacation-scheduler\node_modules\react-dom\cjs\react-dom.development.js:19245:20)
          at beginWork (C:\Users\leotm\Desktop\Projetos\Programming\vacation-scheduler\node_modules\react-dom\cjs\react-dom.development.js:21675:16)
          at HTMLUnknownElement.callCallback (C:\Users\leotm\Desktop\Projetos\Programming\vacation-scheduler\node_modules\react-dom\cjs\react-dom.development.js:4164:14)
          at HTMLUnknownElement.callTheUserObjectsOperation (C:\Users\leotm\Desktop\Projetos\Programming\vacation-scheduler\node_modules\jsdom\lib\jsdom\living\generated\EventListener.js:26:30)
          at innerInvokeEventListeners (C:\Users\leotm\Desktop\Projetos\Programming\vacation-scheduler\node_modules\jsdom\lib\jsdom\living\events\EventTarget-impl.js:338:25)
          at invokeEventListeners (C:\Users\leotm\Desktop\Projetos\Programming\vacation-scheduler\node_modules\jsdom\lib\jsdom\living\events\EventTarget-impl.js:274:3)
          at HTMLUnknownElementImpl._dispatch (C:\Users\leotm\Desktop\Projetos\Programming\vacation-scheduler\node_modules\jsdom\lib\jsdom\living\events\EventTarget-impl.js:221:9)
          at HTMLUnknownElementImpl.dispatchEvent (C:\Users\leotm\Desktop\Projetos\Programming\vacation-scheduler\node_modules\jsdom\lib\jsdom\living\events\EventTarget-impl.js:94:17)
          at HTMLUnknownElement.dispatchEvent (C:\Users\leotm\Desktop\Projetos\Programming\vacation-scheduler\node_modules\jsdom\lib\jsdom\living\generated\EventTarget.js:231:34)
          at Object.invokeGuardedCallbackDev (C:\Users\leotm\Desktop\Projetos\Programming\vacation-scheduler\node_modules\react-dom\cjs\react-dom.development.js:4213:16)
          at invokeGuardedCallback (C:\Users\leotm\Desktop\Projetos\Programming\vacation-scheduler\node_modules\react-dom\cjs\react-dom.development.js:4277:31)
          at beginWork$1 (C:\Users\leotm\Desktop\Projetos\Programming\vacation-scheduler\node_modules\react-dom\cjs\react-dom.development.js:27490:7)
          at performUnitOfWork (C:\Users\leotm\Desktop\Projetos\Programming\vacation-scheduler\node_modules\react-dom\cjs\react-dom.development.js:26599:12)
          at workLoopSync (C:\Users\leotm\Desktop\Projetos\Programming\vacation-scheduler\node_modules\react-dom\cjs\react-dom.development.js:26505:5)
          at renderRootSync (C:\Users\leotm\Desktop\Projetos\Programming\vacation-scheduler\node_modules\react-dom\cjs\react-dom.development.js:26473:7)
          at performConcurrentWorkOnRoot (C:\Users\leotm\Desktop\Projetos\Programming\vacation-scheduler\node_modules\react-dom\cjs\react-dom.development.js:25777:74)
          at flushActQueue (C:\Users\leotm\Desktop\Projetos\Programming\vacation-scheduler\node_modules\react\cjs\react.development.js:2667:24)
          at act (C:\Users\leotm\Desktop\Projetos\Programming\vacation-scheduler\node_modules\react\cjs\react.development.js:2582:11)
          at C:\Users\leotm\Desktop\Projetos\Programming\vacation-scheduler\node_modules\@testing-library\react\dist\act-compat.js:46:25
          at renderRoot (C:\Users\leotm\Desktop\Projetos\Programming\vacation-scheduler\node_modules\@testing-library\react\dist\pure.js:189:26)
          at render (C:\Users\leotm\Desktop\Projetos\Programming\vacation-scheduler\node_modules\@testing-library\react\dist\pure.js:291:10)
          at renderCalendar (C:\Users\leotm\Desktop\Projetos\Programming\vacation-scheduler\src\components\CalendarView.test.js:36:16)
          at Object.<anonymous> (C:\Users\leotm\Desktop\Projetos\Programming\vacation-scheduler\src\components\CalendarView.test.js:48:5)
          at Promise.then.completed (C:\Users\leotm\Desktop\Projetos\Programming\vacation-scheduler\node_modules\jest-circus\build\utils.js:391:28)
          at new Promise (<anonymous>)
          at callAsyncCircusFn (C:\Users\leotm\Desktop\Projetos\Programming\vacation-scheduler\node_modules\jest-circus\build\utils.js:316:10)
          at _callCircusTest (C:\Users\leotm\Desktop\Projetos\Programming\vacation-scheduler\node_modules\jest-circus\build\run.js:218:40)
          at processTicksAndRejections (node:internal/process/task_queues:103:5)
          at _runTest (C:\Users\leotm\Desktop\Projetos\Programming\vacation-scheduler\node_modules\jest-circus\build\run.js:155:3)
          at _runTestsForDescribeBlock (C:\Users\leotm\Desktop\Projetos\Programming\vacation-scheduler\node_modules\jest-circus\build\run.js:66:9)
          at _runTestsForDescribeBlock (C:\Users\leotm\Desktop\Projetos\Programming\vacation-scheduler\node_modules\jest-circus\build\run.js:60:9)
          at run (C:\Users\leotm\Desktop\Projetos\Programming\vacation-scheduler\node_modules\jest-circus\build\run.js:25:3)
          at runAndTransformResultsToJestFormat (C:\Users\leotm\Desktop\Projetos\Programming\vacation-scheduler\node_modules\jest-circus\build\legacy-code-todo-rewrite\jestAdapterInit.js:170:21)
          at jestAdapter (C:\Users\leotm\Desktop\Projetos\Programming\vacation-scheduler\node_modules\jest-circus\build\legacy-code-todo-rewrite\jestAdapter.js:82:19)
          at runTestInternal (C:\Users\leotm\Desktop\Projetos\Programming\vacation-scheduler\node_modules\jest-runner\build\runTest.js:389:16)
          at runTest (C:\Users\leotm\Desktop\Projetos\Programming\vacation-scheduler\node_modules\jest-runner\build\runTest.js:475:34)
          at Object.worker (C:\Users\leotm\Desktop\Projetos\Programming\vacation-scheduler\node_modules\jest-runner\build\testWorker.js:133:12)

    [0m [90m 34 |[39m
     [90m 35 |[39m [36mconst[39m renderCalendar [33m=[39m (overrides [33m=[39m {}) [33m=>[39m {
    [31m[1m>[22m[39m[90m 36 |[39m   [36mreturn[39m render([33m<[39m[33mCalendarView[39m {[33m...[39mdefaultProps} {[33m...[39moverrides} [33m/[39m[33m>[39m)[33m;[39m
     [90m    |[39m                [31m[1m^[22m[39m
     [90m 37 |[39m }[33m;[39m
     [90m 38 |[39m
     [90m 39 |[39m describe([32m'CalendarView rendering'[39m[33m,[39m () [33m=>[39m {[0m

      at VirtualConsole.<anonymous> (node_modules/jsdom/lib/jsdom/virtual-console.js:29:45)
      at reportException (node_modules/jsdom/lib/jsdom/living/helpers/runtime-script-errors.js:70:28)
      at innerInvokeEventListeners (node_modules/jsdom/lib/jsdom/living/events/EventTarget-impl.js:341:9)
      at invokeEventListeners (node_modules/jsdom/lib/jsdom/living/events/EventTarget-impl.js:274:3)
      at HTMLUnknownElementImpl._dispatch (node_modules/jsdom/lib/jsdom/living/events/EventTarget-impl.js:221:9)
      at HTMLUnknownElementImpl.dispatchEvent (node_modules/jsdom/lib/jsdom/living/events/EventTarget-impl.js:94:17)
      at HTMLUnknownElement.dispatchEvent (node_modules/jsdom/lib/jsdom/living/generated/EventTarget.js:231:34)
      at Object.invokeGuardedCallbackDev (node_modules/react-dom/cjs/react-dom.development.js:4213:16)
      at invokeGuardedCallback (node_modules/react-dom/cjs/react-dom.development.js:4277:31)
      at beginWork$1 (node_modules/react-dom/cjs/react-dom.development.js:27490:7)
      at performUnitOfWork (node_modules/react-dom/cjs/react-dom.development.js:26599:12)
      at workLoopSync (node_modules/react-dom/cjs/react-dom.development.js:26505:5)
      at renderRootSync (node_modules/react-dom/cjs/react-dom.development.js:26473:7)
      at performConcurrentWorkOnRoot (node_modules/react-dom/cjs/react-dom.development.js:25777:74)
      at flushActQueue (node_modules/react/cjs/react.development.js:2667:24)
      at act (node_modules/react/cjs/react.development.js:2582:11)
      at node_modules/@testing-library/react/dist/act-compat.js:46:25
      at renderRoot (node_modules/@testing-library/react/dist/pure.js:189:26)
      at render (node_modules/@testing-library/react/dist/pure.js:291:10)
      at renderCalendar (src/components/CalendarView.test.js:36:16)
      at Object.<anonymous> (src/components/CalendarView.test.js:48:5)

    console.error
      Error: Uncaught [TypeError: Cannot destructure property 'basename' of 'React.useContext(...)' as it is null.]
          at reportException (C:\Users\leotm\Desktop\Projetos\Programming\vacation-scheduler\node_modules\jsdom\lib\jsdom\living\helpers\runtime-script-errors.js:66:24)
          at innerInvokeEventListeners (C:\Users\leotm\Desktop\Projetos\Programming\vacation-scheduler\node_modules\jsdom\lib\jsdom\living\events\EventTarget-impl.js:341:9)
          at invokeEventListeners (C:\Users\leotm\Desktop\Projetos\Programming\vacation-scheduler\node_modules\jsdom\lib\jsdom\living\events\EventTarget-impl.js:274:3)
          at HTMLUnknownElementImpl._dispatch (C:\Users\leotm\Desktop\Projetos\Programming\vacation-scheduler\node_modules\jsdom\lib\jsdom\living\events\EventTarget-impl.js:221:9)
          at HTMLUnknownElementImpl.dispatchEvent (C:\Users\leotm\Desktop\Projetos\Programming\vacation-scheduler\node_modules\jsdom\lib\jsdom\living\events\EventTarget-impl.js:94:17)
          at HTMLUnknownElement.dispatchEvent (C:\Users\leotm\Desktop\Projetos\Programming\vacation-scheduler\node_modules\jsdom\lib\jsdom\living\generated\EventTarget.js:231:34)
          at Object.invokeGuardedCallbackDev (C:\Users\leotm\Desktop\Projetos\Programming\vacation-scheduler\node_modules\react-dom\cjs\react-dom.development.js:4213:16)
          at invokeGuardedCallback (C:\Users\leotm\Desktop\Projetos\Programming\vacation-scheduler\node_modules\react-dom\cjs\react-dom.development.js:4277:31)
          at beginWork$1 (C:\Users\leotm\Desktop\Projetos\Programming\vacation-scheduler\node_modules\react-dom\cjs\react-dom.development.js:27490:7)
          at performUnitOfWork (C:\Users\leotm\Desktop\Projetos\Programming\vacation-scheduler\node_modules\react-dom\cjs\react-dom.development.js:26599:12)
          at workLoopSync (C:\Users\leotm\Desktop\Projetos\Programming\vacation-scheduler\node_modules\react-dom\cjs\react-dom.development.js:26505:5)
          at renderRootSync (C:\Users\leotm\Desktop\Projetos\Programming\vacation-scheduler\node_modules\react-dom\cjs\react-dom.development.js:26473:7)
          at recoverFromConcurrentError (C:\Users\leotm\Desktop\Projetos\Programming\vacation-scheduler\node_modules\react-dom\cjs\react-dom.development.js:25889:20)
          at performConcurrentWorkOnRoot (C:\Users\leotm\Desktop\Projetos\Programming\vacation-scheduler\node_modules\react-dom\cjs\react-dom.development.js:25789:22)
          at flushActQueue (C:\Users\leotm\Desktop\Projetos\Programming\vacation-scheduler\node_modules\react\cjs\react.development.js:2667:24)
          at act (C:\Users\leotm\Desktop\Projetos\Programming\vacation-scheduler\node_modules\react\cjs\react.development.js:2582:11)
          at C:\Users\leotm\Desktop\Projetos\Programming\vacation-scheduler\node_modules\@testing-library\react\dist\act-compat.js:46:25
          at renderRoot (C:\Users\leotm\Desktop\Projetos\Programming\vacation-scheduler\node_modules\@testing-library\react\dist\pure.js:189:26)
          at render (C:\Users\leotm\Desktop\Projetos\Programming\vacation-scheduler\node_modules\@testing-library\react\dist\pure.js:291:10)
          at renderCalendar (C:\Users\leotm\Desktop\Projetos\Programming\vacation-scheduler\src\components\CalendarView.test.js:36:16)
          at Object.<anonymous> (C:\Users\leotm\Desktop\Projetos\Programming\vacation-scheduler\src\components\CalendarView.test.js:48:5)
          at Promise.then.completed (C:\Users\leotm\Desktop\Projetos\Programming\vacation-scheduler\node_modules\jest-circus\build\utils.js:391:28)
          at new Promise (<anonymous>)
          at callAsyncCircusFn (C:\Users\leotm\Desktop\Projetos\Programming\vacation-scheduler\node_modules\jest-circus\build\utils.js:316:10)
          at _callCircusTest (C:\Users\leotm\Desktop\Projetos\Programming\vacation-scheduler\node_modules\jest-circus\build\run.js:218:40)
          at processTicksAndRejections (node:internal/process/task_queues:103:5)
          at _runTest (C:\Users\leotm\Desktop\Projetos\Programming\vacation-scheduler\node_modules\jest-circus\build\run.js:155:3)
          at _runTestsForDescribeBlock (C:\Users\leotm\Desktop\Projetos\Programming\vacation-scheduler\node_modules\jest-circus\build\run.js:66:9)
          at _runTestsForDescribeBlock (C:\Users\leotm\Desktop\Projetos\Programming\vacation-scheduler\node_modules\jest-circus\build\run.js:60:9)
          at run (C:\Users\leotm\Desktop\Projetos\Programming\vacation-scheduler\node_modules\jest-circus\build\run.js:25:3)
          at runAndTransformResultsToJestFormat (C:\Users\leotm\Desktop\Projetos\Programming\vacation-scheduler\node_modules\jest-circus\build\legacy-code-todo-rewrite\jestAdapterInit.js:170:21)
          at jestAdapter (C:\Users\leotm\Desktop\Projetos\Programming\vacation-scheduler\node_modules\jest-circus\build\legacy-code-todo-rewrite\jestAdapter.js:82:19)
          at runTestInternal (C:\Users\leotm\Desktop\Projetos\Programming\vacation-scheduler\node_modules\jest-runner\build\runTest.js:389:16)
          at runTest (C:\Users\leotm\Desktop\Projetos\Programming\vacation-scheduler\node_modules\jest-runner\build\runTest.js:475:34)
          at Object.worker (C:\Users\leotm\Desktop\Projetos\Programming\vacation-scheduler\node_modules\jest-runner\build\testWorker.js:133:12) TypeError: Cannot destructure property 'basename' of 'React.useContext(...)' as it is null.
          at LinkWithRef (C:\Users\leotm\Desktop\Projetos\Programming\vacation-scheduler\node_modules\react-router\dist\development\chunk-2YMDXNOJ.js:399:11)
          at renderWithHooks (C:\Users\leotm\Desktop\Projetos\Programming\vacation-scheduler\node_modules\react-dom\cjs\react-dom.development.js:15486:18)
          at updateForwardRef (C:\Users\leotm\Desktop\Projetos\Programming\vacation-scheduler\node_modules\react-dom\cjs\react-dom.development.js:19245:20)
          at beginWork (C:\Users\leotm\Desktop\Projetos\Programming\vacation-scheduler\node_modules\react-dom\cjs\react-dom.development.js:21675:16)
          at HTMLUnknownElement.callCallback (C:\Users\leotm\Desktop\Projetos\Programming\vacation-scheduler\node_modules\react-dom\cjs\react-dom.development.js:4164:14)
          at HTMLUnknownElement.callTheUserObjectsOperation (C:\Users\leotm\Desktop\Projetos\Programming\vacation-scheduler\node_modules\jsdom\lib\jsdom\living\generated\EventListener.js:26:30)
          at innerInvokeEventListeners (C:\Users\leotm\Desktop\Projetos\Programming\vacation-scheduler\node_modules\jsdom\lib\jsdom\living\events\EventTarget-impl.js:338:25)
          at invokeEventListeners (C:\Users\leotm\Desktop\Projetos\Programming\vacation-scheduler\node_modules\jsdom\lib\jsdom\living\events\EventTarget-impl.js:274:3)
          at HTMLUnknownElementImpl._dispatch (C:\Users\leotm\Desktop\Projetos\Programming\vacation-scheduler\node_modules\jsdom\lib\jsdom\living\events\EventTarget-impl.js:221:9)
          at HTMLUnknownElementImpl.dispatchEvent (C:\Users\leotm\Desktop\Projetos\Programming\vacation-scheduler\node_modules\jsdom\lib\jsdom\living\events\EventTarget-impl.js:94:17)
          at HTMLUnknownElement.dispatchEvent (C:\Users\leotm\Desktop\Projetos\Programming\vacation-scheduler\node_modules\jsdom\lib\jsdom\living\generated\EventTarget.js:231:34)
          at Object.invokeGuardedCallbackDev (C:\Users\leotm\Desktop\Projetos\Programming\vacation-scheduler\node_modules\react-dom\cjs\react-dom.development.js:4213:16)
          at invokeGuardedCallback (C:\Users\leotm\Desktop\Projetos\Programming\vacation-scheduler\node_modules\react-dom\cjs\react-dom.development.js:4277:31)
          at beginWork$1 (C:\Users\leotm\Desktop\Projetos\Programming\vacation-scheduler\node_modules\react-dom\cjs\react-dom.development.js:27490:7)
          at performUnitOfWork (C:\Users\leotm\Desktop\Projetos\Programming\vacation-scheduler\node_modules\react-dom\cjs\react-dom.development.js:26599:12)
          at workLoopSync (C:\Users\leotm\Desktop\Projetos\Programming\vacation-scheduler\node_modules\react-dom\cjs\react-dom.development.js:26505:5)
          at renderRootSync (C:\Users\leotm\Desktop\Projetos\Programming\vacation-scheduler\node_modules\react-dom\cjs\react-dom.development.js:26473:7)
          at recoverFromConcurrentError (C:\Users\leotm\Desktop\Projetos\Programming\vacation-scheduler\node_modules\react-dom\cjs\react-dom.development.js:25889:20)
          at performConcurrentWorkOnRoot (C:\Users\leotm\Desktop\Projetos\Programming\vacation-scheduler\node_modules\react-dom\cjs\react-dom.development.js:25789:22)
          at flushActQueue (C:\Users\leotm\Desktop\Projetos\Programming\vacation-scheduler\node_modules\react\cjs\react.development.js:2667:24)
          at act (C:\Users\leotm\Desktop\Projetos\Programming\vacation-scheduler\node_modules\react\cjs\react.development.js:2582:11)
          at C:\Users\leotm\Desktop\Projetos\Programming\vacation-scheduler\node_modules\@testing-library\react\dist\act-compat.js:46:25
          at renderRoot (C:\Users\leotm\Desktop\Projetos\Programming\vacation-scheduler\node_modules\@testing-library\react\dist\pure.js:189:26)
          at render (C:\Users\leotm\Desktop\Projetos\Programming\vacation-scheduler\node_modules\@testing-library\react\dist\pure.js:291:10)
          at renderCalendar (C:\Users\leotm\Desktop\Projetos\Programming\vacation-scheduler\src\components\CalendarView.test.js:36:16)
          at Object.<anonymous> (C:\Users\leotm\Desktop\Projetos\Programming\vacation-scheduler\src\components\CalendarView.test.js:48:5)
          at Promise.then.completed (C:\Users\leotm\Desktop\Projetos\Programming\vacation-scheduler\node_modules\jest-circus\build\utils.js:391:28)
          at new Promise (<anonymous>)
          at callAsyncCircusFn (C:\Users\leotm\Desktop\Projetos\Programming\vacation-scheduler\node_modules\jest-circus\build\utils.js:316:10)
          at _callCircusTest (C:\Users\leotm\Desktop\Projetos\Programming\vacation-scheduler\node_modules\jest-circus\build\run.js:218:40)
          at processTicksAndRejections (node:internal/process/task_queues:103:5)
          at _runTest (C:\Users\leotm\Desktop\Projetos\Programming\vacation-scheduler\node_modules\jest-circus\build\run.js:155:3)
          at _runTestsForDescribeBlock (C:\Users\leotm\Desktop\Projetos\Programming\vacation-scheduler\node_modules\jest-circus\build\run.js:66:9)
          at _runTestsForDescribeBlock (C:\Users\leotm\Desktop\Projetos\Programming\vacation-scheduler\node_modules\jest-circus\build\run.js:60:9)
          at run (C:\Users\leotm\Desktop\Projetos\Programming\vacation-scheduler\node_modules\jest-circus\build\run.js:25:3)
          at runAndTransformResultsToJestFormat (C:\Users\leotm\Desktop\Projetos\Programming\vacation-scheduler\node_modules\jest-circus\build\legacy-code-todo-rewrite\jestAdapterInit.js:170:21)
          at jestAdapter (C:\Users\leotm\Desktop\Projetos\Programming\vacation-scheduler\node_modules\jest-circus\build\legacy-code-todo-rewrite\jestAdapter.js:82:19)
          at runTestInternal (C:\Users\leotm\Desktop\Projetos\Programming\vacation-scheduler\node_modules\jest-runner\build\runTest.js:389:16)
          at runTest (C:\Users\leotm\Desktop\Projetos\Programming\vacation-scheduler\node_modules\jest-runner\build\runTest.js:475:34)
          at Object.worker (C:\Users\leotm\Desktop\Projetos\Programming\vacation-scheduler\node_modules\jest-runner\build\testWorker.js:133:12)

    [0m [90m 34 |[39m
     [90m 35 |[39m [36mconst[39m renderCalendar [33m=[39m (overrides [33m=[39m {}) [33m=>[39m {
    [31m[1m>[22m[39m[90m 36 |[39m   [36mreturn[39m render([33m<[39m[33mCalendarView[39m {[33m...[39mdefaultProps} {[33m...[39moverrides} [33m/[39m[33m>[39m)[33m;[39m
     [90m    |[39m                [31m[1m^[22m[39m
     [90m 37 |[39m }[33m;[39m
     [90m 38 |[39m
     [90m 39 |[39m describe([32m'CalendarView rendering'[39m[33m,[39m () [33m=>[39m {[0m

      at VirtualConsole.<anonymous> (node_modules/jsdom/lib/jsdom/virtual-console.js:29:45)
      at reportException (node_modules/jsdom/lib/jsdom/living/helpers/runtime-script-errors.js:70:28)
      at innerInvokeEventListeners (node_modules/jsdom/lib/jsdom/living/events/EventTarget-impl.js:341:9)
      at invokeEventListeners (node_modules/jsdom/lib/jsdom/living/events/EventTarget-impl.js:274:3)
      at HTMLUnknownElementImpl._dispatch (node_modules/jsdom/lib/jsdom/living/events/EventTarget-impl.js:221:9)
      at HTMLUnknownElementImpl.dispatchEvent (node_modules/jsdom/lib/jsdom/living/events/EventTarget-impl.js:94:17)
      at HTMLUnknownElement.dispatchEvent (node_modules/jsdom/lib/jsdom/living/generated/EventTarget.js:231:34)
      at Object.invokeGuardedCallbackDev (node_modules/react-dom/cjs/react-dom.development.js:4213:16)
      at invokeGuardedCallback (node_modules/react-dom/cjs/react-dom.development.js:4277:31)
      at beginWork$1 (node_modules/react-dom/cjs/react-dom.development.js:27490:7)
      at performUnitOfWork (node_modules/react-dom/cjs/react-dom.development.js:26599:12)
      at workLoopSync (node_modules/react-dom/cjs/react-dom.development.js:26505:5)
      at renderRootSync (node_modules/react-dom/cjs/react-dom.development.js:26473:7)
      at recoverFromConcurrentError (node_modules/react-dom/cjs/react-dom.development.js:25889:20)
      at performConcurrentWorkOnRoot (node_modules/react-dom/cjs/react-dom.development.js:25789:22)
      at flushActQueue (node_modules/react/cjs/react.development.js:2667:24)
      at act (node_modules/react/cjs/react.development.js:2582:11)
      at node_modules/@testing-library/react/dist/act-compat.js:46:25
      at renderRoot (node_modules/@testing-library/react/dist/pure.js:189:26)
      at render (node_modules/@testing-library/react/dist/pure.js:291:10)
      at renderCalendar (src/components/CalendarView.test.js:36:16)
      at Object.<anonymous> (src/components/CalendarView.test.js:48:5)

    console.error
      The above error occurred in the <Link> component:
      
          at LinkWithRef (C:\Users\leotm\Desktop\Projetos\Programming\vacation-scheduler\node_modules\react-router\dist\development\chunk-2YMDXNOJ.js:384:5)
          at p
          at div
          at div
          at form
          at CalendarView (C:\Users\leotm\Desktop\Projetos\Programming\vacation-scheduler\src\components\CalendarView.js:44:25)
      
      Consider adding an error boundary to your tree to customize error handling behavior.
      Visit https://reactjs.org/link/error-boundaries to learn more about error boundaries.

    [0m [90m 34 |[39m
     [90m 35 |[39m [36mconst[39m renderCalendar [33m=[39m (overrides [33m=[39m {}) [33m=>[39m {
    [31m[1m>[22m[39m[90m 36 |[39m   [36mreturn[39m render([33m<[39m[33mCalendarView[39m {[33m...[39mdefaultProps} {[33m...[39moverrides} [33m/[39m[33m>[39m)[33m;[39m
     [90m    |[39m                [31m[1m^[22m[39m
     [90m 37 |[39m }[33m;[39m
     [90m 38 |[39m
     [90m 39 |[39m describe([32m'CalendarView rendering'[39m[33m,[39m () [33m=>[39m {[0m

      at logCapturedError (node_modules/react-dom/cjs/react-dom.development.js:18704:23)
      at update.callback (node_modules/react-dom/cjs/react-dom.development.js:18737:5)
      at callCallback (node_modules/react-dom/cjs/react-dom.development.js:15036:12)
      at commitUpdateQueue (node_modules/react-dom/cjs/react-dom.development.js:15057:9)
      at commitLayoutEffectOnFiber (node_modules/react-dom/cjs/react-dom.development.js:23430:13)
      at commitLayoutMountEffects_complete (node_modules/react-dom/cjs/react-dom.development.js:24727:9)
      at commitLayoutEffects_begin (node_modules/react-dom/cjs/react-dom.development.js:24713:7)
      at commitLayoutEffects (node_modules/react-dom/cjs/react-dom.development.js:24651:3)
      at commitRootImpl (node_modules/react-dom/cjs/react-dom.development.js:26862:5)
      at commitRoot (node_modules/react-dom/cjs/react-dom.development.js:26721:5)
      at finishConcurrentRender (node_modules/react-dom/cjs/react-dom.development.js:25931:9)
      at performConcurrentWorkOnRoot (node_modules/react-dom/cjs/react-dom.development.js:25848:7)
      at flushActQueue (node_modules/react/cjs/react.development.js:2667:24)
      at act (node_modules/react/cjs/react.development.js:2582:11)
      at node_modules/@testing-library/react/dist/act-compat.js:46:25
      at renderRoot (node_modules/@testing-library/react/dist/pure.js:189:26)
      at render (node_modules/@testing-library/react/dist/pure.js:291:10)
      at renderCalendar (src/components/CalendarView.test.js:36:16)
      at Object.<anonymous> (src/components/CalendarView.test.js:48:5)

    console.error
      Error: Uncaught [TypeError: Cannot destructure property 'basename' of 'React.useContext(...)' as it is null.]
          at reportException (C:\Users\leotm\Desktop\Projetos\Programming\vacation-scheduler\node_modules\jsdom\lib\jsdom\living\helpers\runtime-script-errors.js:66:24)
          at innerInvokeEventListeners (C:\Users\leotm\Desktop\Projetos\Programming\vacation-scheduler\node_modules\jsdom\lib\jsdom\living\events\EventTarget-impl.js:341:9)
          at invokeEventListeners (C:\Users\leotm\Desktop\Projetos\Programming\vacation-scheduler\node_modules\jsdom\lib\jsdom\living\events\EventTarget-impl.js:274:3)
          at HTMLUnknownElementImpl._dispatch (C:\Users\leotm\Desktop\Projetos\Programming\vacation-scheduler\node_modules\jsdom\lib\jsdom\living\events\EventTarget-impl.js:221:9)
          at HTMLUnknownElementImpl.dispatchEvent (C:\Users\leotm\Desktop\Projetos\Programming\vacation-scheduler\node_modules\jsdom\lib\jsdom\living\events\EventTarget-impl.js:94:17)
          at HTMLUnknownElement.dispatchEvent (C:\Users\leotm\Desktop\Projetos\Programming\vacation-scheduler\node_modules\jsdom\lib\jsdom\living\generated\EventTarget.js:231:34)
          at Object.invokeGuardedCallbackDev (C:\Users\leotm\Desktop\Projetos\Programming\vacation-scheduler\node_modules\react-dom\cjs\react-dom.development.js:4213:16)
          at invokeGuardedCallback (C:\Users\leotm\Desktop\Projetos\Programming\vacation-scheduler\node_modules\react-dom\cjs\react-dom.development.js:4277:31)
          at beginWork$1 (C:\Users\leotm\Desktop\Projetos\Programming\vacation-scheduler\node_modules\react-dom\cjs\react-dom.development.js:27490:7)
          at performUnitOfWork (C:\Users\leotm\Desktop\Projetos\Programming\vacation-scheduler\node_modules\react-dom\cjs\react-dom.development.js:26599:12)
          at workLoopSync (C:\Users\leotm\Desktop\Projetos\Programming\vacation-scheduler\node_modules\react-dom\cjs\react-dom.development.js:26505:5)
          at renderRootSync (C:\Users\leotm\Desktop\Projetos\Programming\vacation-scheduler\node_modules\react-dom\cjs\react-dom.development.js:26473:7)
          at performConcurrentWorkOnRoot (C:\Users\leotm\Desktop\Projetos\Programming\vacation-scheduler\node_modules\react-dom\cjs\react-dom.development.js:25777:74)
          at flushActQueue (C:\Users\leotm\Desktop\Projetos\Programming\vacation-scheduler\node_modules\react\cjs\react.development.js:2667:24)
          at act (C:\Users\leotm\Desktop\Projetos\Programming\vacation-scheduler\node_modules\react\cjs\react.development.js:2582:11)
          at C:\Users\leotm\Desktop\Projetos\Programming\vacation-scheduler\node_modules\@testing-library\react\dist\act-compat.js:46:25
          at renderRoot (C:\Users\leotm\Desktop\Projetos\Programming\vacation-scheduler\node_modules\@testing-library\react\dist\pure.js:189:26)
          at render (C:\Users\leotm\Desktop\Projetos\Programming\vacation-scheduler\node_modules\@testing-library\react\dist\pure.js:291:10)
          at renderCalendar (C:\Users\leotm\Desktop\Projetos\Programming\vacation-scheduler\src\components\CalendarView.test.js:36:16)
          at Object.<anonymous> (C:\Users\leotm\Desktop\Projetos\Programming\vacation-scheduler\src\components\CalendarView.test.js:55:5)
          at Promise.then.completed (C:\Users\leotm\Desktop\Projetos\Programming\vacation-scheduler\node_modules\jest-circus\build\utils.js:391:28)
          at new Promise (<anonymous>)
          at callAsyncCircusFn (C:\Users\leotm\Desktop\Projetos\Programming\vacation-scheduler\node_modules\jest-circus\build\utils.js:316:10)
          at _callCircusTest (C:\Users\leotm\Desktop\Projetos\Programming\vacation-scheduler\node_modules\jest-circus\build\run.js:218:40)
          at processTicksAndRejections (node:internal/process/task_queues:103:5)
          at _runTest (C:\Users\leotm\Desktop\Projetos\Programming\vacation-scheduler\node_modules\jest-circus\build\run.js:155:3)
          at _runTestsForDescribeBlock (C:\Users\leotm\Desktop\Projetos\Programming\vacation-scheduler\node_modules\jest-circus\build\run.js:66:9)
          at _runTestsForDescribeBlock (C:\Users\leotm\Desktop\Projetos\Programming\vacation-scheduler\node_modules\jest-circus\build\run.js:60:9)
          at run (C:\Users\leotm\Desktop\Projetos\Programming\vacation-scheduler\node_modules\jest-circus\build\run.js:25:3)
          at runAndTransformResultsToJestFormat (C:\Users\leotm\Desktop\Projetos\Programming\vacation-scheduler\node_modules\jest-circus\build\legacy-code-todo-rewrite\jestAdapterInit.js:170:21)
          at jestAdapter (C:\Users\leotm\Desktop\Projetos\Programming\vacation-scheduler\node_modules\jest-circus\build\legacy-code-todo-rewrite\jestAdapter.js:82:19)
          at runTestInternal (C:\Users\leotm\Desktop\Projetos\Programming\vacation-scheduler\node_modules\jest-runner\build\runTest.js:389:16)
          at runTest (C:\Users\leotm\Desktop\Projetos\Programming\vacation-scheduler\node_modules\jest-runner\build\runTest.js:475:34)
          at Object.worker (C:\Users\leotm\Desktop\Projetos\Programming\vacation-scheduler\node_modules\jest-runner\build\testWorker.js:133:12) TypeError: Cannot destructure property 'basename' of 'React.useContext(...)' as it is null.
          at LinkWithRef (C:\Users\leotm\Desktop\Projetos\Programming\vacation-scheduler\node_modules\react-router\dist\development\chunk-2YMDXNOJ.js:399:11)
          at renderWithHooks (C:\Users\leotm\Desktop\Projetos\Programming\vacation-scheduler\node_modules\react-dom\cjs\react-dom.development.js:15486:18)
          at updateForwardRef (C:\Users\leotm\Desktop\Projetos\Programming\vacation-scheduler\node_modules\react-dom\cjs\react-dom.development.js:19245:20)
          at beginWork (C:\Users\leotm\Desktop\Projetos\Programming\vacation-scheduler\node_modules\react-dom\cjs\react-dom.development.js:21675:16)
          at HTMLUnknownElement.callCallback (C:\Users\leotm\Desktop\Projetos\Programming\vacation-scheduler\node_modules\react-dom\cjs\react-dom.development.js:4164:14)
          at HTMLUnknownElement.callTheUserObjectsOperation (C:\Users\leotm\Desktop\Projetos\Programming\vacation-scheduler\node_modules\jsdom\lib\jsdom\living\generated\EventListener.js:26:30)
          at innerInvokeEventListeners (C:\Users\leotm\Desktop\Projetos\Programming\vacation-scheduler\node_modules\jsdom\lib\jsdom\living\events\EventTarget-impl.js:338:25)
          at invokeEventListeners (C:\Users\leotm\Desktop\Projetos\Programming\vacation-scheduler\node_modules\jsdom\lib\jsdom\living\events\EventTarget-impl.js:274:3)
          at HTMLUnknownElementImpl._dispatch (C:\Users\leotm\Desktop\Projetos\Programming\vacation-scheduler\node_modules\jsdom\lib\jsdom\living\events\EventTarget-impl.js:221:9)
          at HTMLUnknownElementImpl.dispatchEvent (C:\Users\leotm\Desktop\Projetos\Programming\vacation-scheduler\node_modules\jsdom\lib\jsdom\living\events\EventTarget-impl.js:94:17)
          at HTMLUnknownElement.dispatchEvent (C:\Users\leotm\Desktop\Projetos\Programming\vacation-scheduler\node_modules\jsdom\lib\jsdom\living\generated\EventTarget.js:231:34)
          at Object.invokeGuardedCallbackDev (C:\Users\leotm\Desktop\Projetos\Programming\vacation-scheduler\node_modules\react-dom\cjs\react-dom.development.js:4213:16)
          at invokeGuardedCallback (C:\Users\leotm\Desktop\Projetos\Programming\vacation-scheduler\node_modules\react-dom\cjs\react-dom.development.js:4277:31)
          at beginWork$1 (C:\Users\leotm\Desktop\Projetos\Programming\vacation-scheduler\node_modules\react-dom\cjs\react-dom.development.js:27490:7)
          at performUnitOfWork (C:\Users\leotm\Desktop\Projetos\Programming\vacation-scheduler\node_modules\react-dom\cjs\react-dom.development.js:26599:12)
          at workLoopSync (C:\Users\leotm\Desktop\Projetos\Programming\vacation-scheduler\node_modules\react-dom\cjs\react-dom.development.js:26505:5)
          at renderRootSync (C:\Users\leotm\Desktop\Projetos\Programming\vacation-scheduler\node_modules\react-dom\cjs\react-dom.development.js:26473:7)
          at performConcurrentWorkOnRoot (C:\Users\leotm\Desktop\Projetos\Programming\vacation-scheduler\node_modules\react-dom\cjs\react-dom.development.js:25777:74)
          at flushActQueue (C:\Users\leotm\Desktop\Projetos\Programming\vacation-scheduler\node_modules\react\cjs\react.development.js:2667:24)
          at act (C:\Users\leotm\Desktop\Projetos\Programming\vacation-scheduler\node_modules\react\cjs\react.development.js:2582:11)
          at C:\Users\leotm\Desktop\Projetos\Programming\vacation-scheduler\node_modules\@testing-library\react\dist\act-compat.js:46:25
          at renderRoot (C:\Users\leotm\Desktop\Projetos\Programming\vacation-scheduler\node_modules\@testing-library\react\dist\pure.js:189:26)
          at render (C:\Users\leotm\Desktop\Projetos\Programming\vacation-scheduler\node_modules\@testing-library\react\dist\pure.js:291:10)
          at renderCalendar (C:\Users\leotm\Desktop\Projetos\Programming\vacation-scheduler\src\components\CalendarView.test.js:36:16)
          at Object.<anonymous> (C:\Users\leotm\Desktop\Projetos\Programming\vacation-scheduler\src\components\CalendarView.test.js:55:5)
          at Promise.then.completed (C:\Users\leotm\Desktop\Projetos\Programming\vacation-scheduler\node_modules\jest-circus\build\utils.js:391:28)
          at new Promise (<anonymous>)
          at callAsyncCircusFn (C:\Users\leotm\Desktop\Projetos\Programming\vacation-scheduler\node_modules\jest-circus\build\utils.js:316:10)
          at _callCircusTest (C:\Users\leotm\Desktop\Projetos\Programming\vacation-scheduler\node_modules\jest-circus\build\run.js:218:40)
          at processTicksAndRejections (node:internal/process/task_queues:103:5)
          at _runTest (C:\Users\leotm\Desktop\Projetos\Programming\vacation-scheduler\node_modules\jest-circus\build\run.js:155:3)
          at _runTestsForDescribeBlock (C:\Users\leotm\Desktop\Projetos\Programming\vacation-scheduler\node_modules\jest-circus\build\run.js:66:9)
          at _runTestsForDescribeBlock (C:\Users\leotm\Desktop\Projetos\Programming\vacation-scheduler\node_modules\jest-circus\build\run.js:60:9)
          at run (C:\Users\leotm\Desktop\Projetos\Programming\vacation-scheduler\node_modules\jest-circus\build\run.js:25:3)
          at runAndTransformResultsToJestFormat (C:\Users\leotm\Desktop\Projetos\Programming\vacation-scheduler\node_modules\jest-circus\build\legacy-code-todo-rewrite\jestAdapterInit.js:170:21)
          at jestAdapter (C:\Users\leotm\Desktop\Projetos\Programming\vacation-scheduler\node_modules\jest-circus\build\legacy-code-todo-rewrite\jestAdapter.js:82:19)
          at runTestInternal (C:\Users\leotm\Desktop\Projetos\Programming\vacation-scheduler\node_modules\jest-runner\build\runTest.js:389:16)
          at runTest (C:\Users\leotm\Desktop\Projetos\Programming\vacation-scheduler\node_modules\jest-runner\build\runTest.js:475:34)
          at Object.worker (C:\Users\leotm\Desktop\Projetos\Programming\vacation-scheduler\node_modules\jest-runner\build\testWorker.js:133:12)

    [0m [90m 34 |[39m
     [90m 35 |[39m [36mconst[39m renderCalendar [33m=[39m (overrides [33m=[39m {}) [33m=>[39m {
    [31m[1m>[22m[39m[90m 36 |[39m   [36mreturn[39m render([33m<[39m[33mCalendarView[39m {[33m...[39mdefaultProps} {[33m...[39moverrides} [33m/[39m[33m>[39m)[33m;[39m
     [90m    |[39m                [31m[1m^[22m[39m
     [90m 37 |[39m }[33m;[39m
     [90m 38 |[39m
     [90m 39 |[39m describe([32m'CalendarView rendering'[39m[33m,[39m () [33m=>[39m {[0m

      at VirtualConsole.<anonymous> (node_modules/jsdom/lib/jsdom/virtual-console.js:29:45)
      at reportException (node_modules/jsdom/lib/jsdom/living/helpers/runtime-script-errors.js:70:28)
      at innerInvokeEventListeners (node_modules/jsdom/lib/jsdom/living/events/EventTarget-impl.js:341:9)
      at invokeEventListeners (node_modules/jsdom/lib/jsdom/living/events/EventTarget-impl.js:274:3)
      at HTMLUnknownElementImpl._dispatch (node_modules/jsdom/lib/jsdom/living/events/EventTarget-impl.js:221:9)
      at HTMLUnknownElementImpl.dispatchEvent (node_modules/jsdom/lib/jsdom/living/events/EventTarget-impl.js:94:17)
      at HTMLUnknownElement.dispatchEvent (node_modules/jsdom/lib/jsdom/living/generated/EventTarget.js:231:34)
      at Object.invokeGuardedCallbackDev (node_modules/react-dom/cjs/react-dom.development.js:4213:16)
      at invokeGuardedCallback (node_modules/react-dom/cjs/react-dom.development.js:4277:31)
      at beginWork$1 (node_modules/react-dom/cjs/react-dom.development.js:27490:7)
      at performUnitOfWork (node_modules/react-dom/cjs/react-dom.development.js:26599:12)
      at workLoopSync (node_modules/react-dom/cjs/react-dom.development.js:26505:5)
      at renderRootSync (node_modules/react-dom/cjs/react-dom.development.js:26473:7)
      at performConcurrentWorkOnRoot (node_modules/react-dom/cjs/react-dom.development.js:25777:74)
      at flushActQueue (node_modules/react/cjs/react.development.js:2667:24)
      at act (node_modules/react/cjs/react.development.js:2582:11)
      at node_modules/@testing-library/react/dist/act-compat.js:46:25
      at renderRoot (node_modules/@testing-library/react/dist/pure.js:189:26)
      at render (node_modules/@testing-library/react/dist/pure.js:291:10)
      at renderCalendar (src/components/CalendarView.test.js:36:16)
      at Object.<anonymous> (src/components/CalendarView.test.js:55:5)

    console.error
      Error: Uncaught [TypeError: Cannot destructure property 'basename' of 'React.useContext(...)' as it is null.]
          at reportException (C:\Users\leotm\Desktop\Projetos\Programming\vacation-scheduler\node_modules\jsdom\lib\jsdom\living\helpers\runtime-script-errors.js:66:24)
          at innerInvokeEventListeners (C:\Users\leotm\Desktop\Projetos\Programming\vacation-scheduler\node_modules\jsdom\lib\jsdom\living\events\EventTarget-impl.js:341:9)
          at invokeEventListeners (C:\Users\leotm\Desktop\Projetos\Programming\vacation-scheduler\node_modules\jsdom\lib\jsdom\living\events\EventTarget-impl.js:274:3)
          at HTMLUnknownElementImpl._dispatch (C:\Users\leotm\Desktop\Projetos\Programming\vacation-scheduler\node_modules\jsdom\lib\jsdom\living\events\EventTarget-impl.js:221:9)
          at HTMLUnknownElementImpl.dispatchEvent (C:\Users\leotm\Desktop\Projetos\Programming\vacation-scheduler\node_modules\jsdom\lib\jsdom\living\events\EventTarget-impl.js:94:17)
          at HTMLUnknownElement.dispatchEvent (C:\Users\leotm\Desktop\Projetos\Programming\vacation-scheduler\node_modules\jsdom\lib\jsdom\living\generated\EventTarget.js:231:34)
          at Object.invokeGuardedCallbackDev (C:\Users\leotm\Desktop\Projetos\Programming\vacation-scheduler\node_modules\react-dom\cjs\react-dom.development.js:4213:16)
          at invokeGuardedCallback (C:\Users\leotm\Desktop\Projetos\Programming\vacation-scheduler\node_modules\react-dom\cjs\react-dom.development.js:4277:31)
          at beginWork$1 (C:\Users\leotm\Desktop\Projetos\Programming\vacation-scheduler\node_modules\react-dom\cjs\react-dom.development.js:27490:7)
          at performUnitOfWork (C:\Users\leotm\Desktop\Projetos\Programming\vacation-scheduler\node_modules\react-dom\cjs\react-dom.development.js:26599:12)
          at workLoopSync (C:\Users\leotm\Desktop\Projetos\Programming\vacation-scheduler\node_modules\react-dom\cjs\react-dom.development.js:26505:5)
          at renderRootSync (C:\Users\leotm\Desktop\Projetos\Programming\vacation-scheduler\node_modules\react-dom\cjs\react-dom.development.js:26473:7)
          at recoverFromConcurrentError (C:\Users\leotm\Desktop\Projetos\Programming\vacation-scheduler\node_modules\react-dom\cjs\react-dom.development.js:25889:20)
          at performConcurrentWorkOnRoot (C:\Users\leotm\Desktop\Projetos\Programming\vacation-scheduler\node_modules\react-dom\cjs\react-dom.development.js:25789:22)
          at flushActQueue (C:\Users\leotm\Desktop\Projetos\Programming\vacation-scheduler\node_modules\react\cjs\react.development.js:2667:24)
          at act (C:\Users\leotm\Desktop\Projetos\Programming\vacation-scheduler\node_modules\react\cjs\react.development.js:2582:11)
          at C:\Users\leotm\Desktop\Projetos\Programming\vacation-scheduler\node_modules\@testing-library\react\dist\act-compat.js:46:25
          at renderRoot (C:\Users\leotm\Desktop\Projetos\Programming\vacation-scheduler\node_modules\@testing-library\react\dist\pure.js:189:26)
          at render (C:\Users\leotm\Desktop\Projetos\Programming\vacation-scheduler\node_modules\@testing-library\react\dist\pure.js:291:10)
          at renderCalendar (C:\Users\leotm\Desktop\Projetos\Programming\vacation-scheduler\src\components\CalendarView.test.js:36:16)
          at Object.<anonymous> (C:\Users\leotm\Desktop\Projetos\Programming\vacation-scheduler\src\components\CalendarView.test.js:55:5)
          at Promise.then.completed (C:\Users\leotm\Desktop\Projetos\Programming\vacation-scheduler\node_modules\jest-circus\build\utils.js:391:28)
          at new Promise (<anonymous>)
          at callAsyncCircusFn (C:\Users\leotm\Desktop\Projetos\Programming\vacation-scheduler\node_modules\jest-circus\build\utils.js:316:10)
          at _callCircusTest (C:\Users\leotm\Desktop\Projetos\Programming\vacation-scheduler\node_modules\jest-circus\build\run.js:218:40)
          at processTicksAndRejections (node:internal/process/task_queues:103:5)
          at _runTest (C:\Users\leotm\Desktop\Projetos\Programming\vacation-scheduler\node_modules\jest-circus\build\run.js:155:3)
          at _runTestsForDescribeBlock (C:\Users\leotm\Desktop\Projetos\Programming\vacation-scheduler\node_modules\jest-circus\build\run.js:66:9)
          at _runTestsForDescribeBlock (C:\Users\leotm\Desktop\Projetos\Programming\vacation-scheduler\node_modules\jest-circus\build\run.js:60:9)
          at run (C:\Users\leotm\Desktop\Projetos\Programming\vacation-scheduler\node_modules\jest-circus\build\run.js:25:3)
          at runAndTransformResultsToJestFormat (C:\Users\leotm\Desktop\Projetos\Programming\vacation-scheduler\node_modules\jest-circus\build\legacy-code-todo-rewrite\jestAdapterInit.js:170:21)
          at jestAdapter (C:\Users\leotm\Desktop\Projetos\Programming\vacation-scheduler\node_modules\jest-circus\build\legacy-code-todo-rewrite\jestAdapter.js:82:19)
          at runTestInternal (C:\Users\leotm\Desktop\Projetos\Programming\vacation-scheduler\node_modules\jest-runner\build\runTest.js:389:16)
          at runTest (C:\Users\leotm\Desktop\Projetos\Programming\vacation-scheduler\node_modules\jest-runner\build\runTest.js:475:34)
          at Object.worker (C:\Users\leotm\Desktop\Projetos\Programming\vacation-scheduler\node_modules\jest-runner\build\testWorker.js:133:12) TypeError: Cannot destructure property 'basename' of 'React.useContext(...)' as it is null.
          at LinkWithRef (C:\Users\leotm\Desktop\Projetos\Programming\vacation-scheduler\node_modules\react-router\dist\development\chunk-2YMDXNOJ.js:399:11)
          at renderWithHooks (C:\Users\leotm\Desktop\Projetos\Programming\vacation-scheduler\node_modules\react-dom\cjs\react-dom.development.js:15486:18)
          at updateForwardRef (C:\Users\leotm\Desktop\Projetos\Programming\vacation-scheduler\node_modules\react-dom\cjs\react-dom.development.js:19245:20)
          at beginWork (C:\Users\leotm\Desktop\Projetos\Programming\vacation-scheduler\node_modules\react-dom\cjs\react-dom.development.js:21675:16)
          at HTMLUnknownElement.callCallback (C:\Users\leotm\Desktop\Projetos\Programming\vacation-scheduler\node_modules\react-dom\cjs\react-dom.development.js:4164:14)
          at HTMLUnknownElement.callTheUserObjectsOperation (C:\Users\leotm\Desktop\Projetos\Programming\vacation-scheduler\node_modules\jsdom\lib\jsdom\living\generated\EventListener.js:26:30)
          at innerInvokeEventListeners (C:\Users\leotm\Desktop\Projetos\Programming\vacation-scheduler\node_modules\jsdom\lib\jsdom\living\events\EventTarget-impl.js:338:25)
          at invokeEventListeners (C:\Users\leotm\Desktop\Projetos\Programming\vacation-scheduler\node_modules\jsdom\lib\jsdom\living\events\EventTarget-impl.js:274:3)
          at HTMLUnknownElementImpl._dispatch (C:\Users\leotm\Desktop\Projetos\Programming\vacation-scheduler\node_modules\jsdom\lib\jsdom\living\events\EventTarget-impl.js:221:9)
          at HTMLUnknownElementImpl.dispatchEvent (C:\Users\leotm\Desktop\Projetos\Programming\vacation-scheduler\node_modules\jsdom\lib\jsdom\living\events\EventTarget-impl.js:94:17)
          at HTMLUnknownElement.dispatchEvent (C:\Users\leotm\Desktop\Projetos\Programming\vacation-scheduler\node_modules\jsdom\lib\jsdom\living\generated\EventTarget.js:231:34)
          at Object.invokeGuardedCallbackDev (C:\Users\leotm\Desktop\Projetos\Programming\vacation-scheduler\node_modules\react-dom\cjs\react-dom.development.js:4213:16)
          at invokeGuardedCallback (C:\Users\leotm\Desktop\Projetos\Programming\vacation-scheduler\node_modules\react-dom\cjs\react-dom.development.js:4277:31)
          at beginWork$1 (C:\Users\leotm\Desktop\Projetos\Programming\vacation-scheduler\node_modules\react-dom\cjs\react-dom.development.js:27490:7)
          at performUnitOfWork (C:\Users\leotm\Desktop\Projetos\Programming\vacation-scheduler\node_modules\react-dom\cjs\react-dom.development.js:26599:12)
          at workLoopSync (C:\Users\leotm\Desktop\Projetos\Programming\vacation-scheduler\node_modules\react-dom\cjs\react-dom.development.js:26505:5)
          at renderRootSync (C:\Users\leotm\Desktop\Projetos\Programming\vacation-scheduler\node_modules\react-dom\cjs\react-dom.development.js:26473:7)
          at recoverFromConcurrentError (C:\Users\leotm\Desktop\Projetos\Programming\vacation-scheduler\node_modules\react-dom\cjs\react-dom.development.js:25889:20)
          at performConcurrentWorkOnRoot (C:\Users\leotm\Desktop\Projetos\Programming\vacation-scheduler\node_modules\react-dom\cjs\react-dom.development.js:25789:22)
          at flushActQueue (C:\Users\leotm\Desktop\Projetos\Programming\vacation-scheduler\node_modules\react\cjs\react.development.js:2667:24)
          at act (C:\Users\leotm\Desktop\Projetos\Programming\vacation-scheduler\node_modules\react\cjs\react.development.js:2582:11)
          at C:\Users\leotm\Desktop\Projetos\Programming\vacation-scheduler\node_modules\@testing-library\react\dist\act-compat.js:46:25
          at renderRoot (C:\Users\leotm\Desktop\Projetos\Programming\vacation-scheduler\node_modules\@testing-library\react\dist\pure.js:189:26)
          at render (C:\Users\leotm\Desktop\Projetos\Programming\vacation-scheduler\node_modules\@testing-library\react\dist\pure.js:291:10)
          at renderCalendar (C:\Users\leotm\Desktop\Projetos\Programming\vacation-scheduler\src\components\CalendarView.test.js:36:16)
          at Object.<anonymous> (C:\Users\leotm\Desktop\Projetos\Programming\vacation-scheduler\src\components\CalendarView.test.js:55:5)
          at Promise.then.completed (C:\Users\leotm\Desktop\Projetos\Programming\vacation-scheduler\node_modules\jest-circus\build\utils.js:391:28)
          at new Promise (<anonymous>)
          at callAsyncCircusFn (C:\Users\leotm\Desktop\Projetos\Programming\vacation-scheduler\node_modules\jest-circus\build\utils.js:316:10)
          at _callCircusTest (C:\Users\leotm\Desktop\Projetos\Programming\vacation-scheduler\node_modules\jest-circus\build\run.js:218:40)
          at processTicksAndRejections (node:internal/process/task_queues:103:5)
          at _runTest (C:\Users\leotm\Desktop\Projetos\Programming\vacation-scheduler\node_modules\jest-circus\build\run.js:155:3)
          at _runTestsForDescribeBlock (C:\Users\leotm\Desktop\Projetos\Programming\vacation-scheduler\node_modules\jest-circus\build\run.js:66:9)
          at _runTestsForDescribeBlock (C:\Users\leotm\Desktop\Projetos\Programming\vacation-scheduler\node_modules\jest-circus\build\run.js:60:9)
          at run (C:\Users\leotm\Desktop\Projetos\Programming\vacation-scheduler\node_modules\jest-circus\build\run.js:25:3)
          at runAndTransformResultsToJestFormat (C:\Users\leotm\Desktop\Projetos\Programming\vacation-scheduler\node_modules\jest-circus\build\legacy-code-todo-rewrite\jestAdapterInit.js:170:21)
          at jestAdapter (C:\Users\leotm\Desktop\Projetos\Programming\vacation-scheduler\node_modules\jest-circus\build\legacy-code-todo-rewrite\jestAdapter.js:82:19)
          at runTestInternal (C:\Users\leotm\Desktop\Projetos\Programming\vacation-scheduler\node_modules\jest-runner\build\runTest.js:389:16)
          at runTest (C:\Users\leotm\Desktop\Projetos\Programming\vacation-scheduler\node_modules\jest-runner\build\runTest.js:475:34)
          at Object.worker (C:\Users\leotm\Desktop\Projetos\Programming\vacation-scheduler\node_modules\jest-runner\build\testWorker.js:133:12)

    [0m [90m 34 |[39m
     [90m 35 |[39m [36mconst[39m renderCalendar [33m=[39m (overrides [33m=[39m {}) [33m=>[39m {
    [31m[1m>[22m[39m[90m 36 |[39m   [36mreturn[39m render([33m<[39m[33mCalendarView[39m {[33m...[39mdefaultProps} {[33m...[39moverrides} [33m/[39m[33m>[39m)[33m;[39m
     [90m    |[39m                [31m[1m^[22m[39m
     [90m 37 |[39m }[33m;[39m
     [90m 38 |[39m
     [90m 39 |[39m describe([32m'CalendarView rendering'[39m[33m,[39m () [33m=>[39m {[0m

      at VirtualConsole.<anonymous> (node_modules/jsdom/lib/jsdom/virtual-console.js:29:45)
      at reportException (node_modules/jsdom/lib/jsdom/living/helpers/runtime-script-errors.js:70:28)
      at innerInvokeEventListeners (node_modules/jsdom/lib/jsdom/living/events/EventTarget-impl.js:341:9)
      at invokeEventListeners (node_modules/jsdom/lib/jsdom/living/events/EventTarget-impl.js:274:3)
      at HTMLUnknownElementImpl._dispatch (node_modules/jsdom/lib/jsdom/living/events/EventTarget-impl.js:221:9)
      at HTMLUnknownElementImpl.dispatchEvent (node_modules/jsdom/lib/jsdom/living/events/EventTarget-impl.js:94:17)
      at HTMLUnknownElement.dispatchEvent (node_modules/jsdom/lib/jsdom/living/generated/EventTarget.js:231:34)
      at Object.invokeGuardedCallbackDev (node_modules/react-dom/cjs/react-dom.development.js:4213:16)
      at invokeGuardedCallback (node_modules/react-dom/cjs/react-dom.development.js:4277:31)
      at beginWork$1 (node_modules/react-dom/cjs/react-dom.development.js:27490:7)
      at performUnitOfWork (node_modules/react-dom/cjs/react-dom.development.js:26599:12)
      at workLoopSync (node_modules/react-dom/cjs/react-dom.development.js:26505:5)
      at renderRootSync (node_modules/react-dom/cjs/react-dom.development.js:26473:7)
      at recoverFromConcurrentError (node_modules/react-dom/cjs/react-dom.development.js:25889:20)
      at performConcurrentWorkOnRoot (node_modules/react-dom/cjs/react-dom.development.js:25789:22)
      at flushActQueue (node_modules/react/cjs/react.development.js:2667:24)
      at act (node_modules/react/cjs/react.development.js:2582:11)
      at node_modules/@testing-library/react/dist/act-compat.js:46:25
      at renderRoot (node_modules/@testing-library/react/dist/pure.js:189:26)
      at render (node_modules/@testing-library/react/dist/pure.js:291:10)
      at renderCalendar (src/components/CalendarView.test.js:36:16)
      at Object.<anonymous> (src/components/CalendarView.test.js:55:5)

    console.error
      The above error occurred in the <Link> component:
      
          at LinkWithRef (C:\Users\leotm\Desktop\Projetos\Programming\vacation-scheduler\node_modules\react-router\dist\development\chunk-2YMDXNOJ.js:384:5)
          at p
          at div
          at div
          at form
          at CalendarView (C:\Users\leotm\Desktop\Projetos\Programming\vacation-scheduler\src\components\CalendarView.js:44:25)
      
      Consider adding an error boundary to your tree to customize error handling behavior.
      Visit https://reactjs.org/link/error-boundaries to learn more about error boundaries.

    [0m [90m 34 |[39m
     [90m 35 |[39m [36mconst[39m renderCalendar [33m=[39m (overrides [33m=[39m {}) [33m=>[39m {
    [31m[1m>[22m[39m[90m 36 |[39m   [36mreturn[39m render([33m<[39m[33mCalendarView[39m {[33m...[39mdefaultProps} {[33m...[39moverrides} [33m/[39m[33m>[39m)[33m;[39m
     [90m    |[39m                [31m[1m^[22m[39m
     [90m 37 |[39m }[33m;[39m
     [90m 38 |[39m
     [90m 39 |[39m describe([32m'CalendarView rendering'[39m[33m,[39m () [33m=>[39m {[0m

      at logCapturedError (node_modules/react-dom/cjs/react-dom.development.js:18704:23)
      at update.callback (node_modules/react-dom/cjs/react-dom.development.js:18737:5)
      at callCallback (node_modules/react-dom/cjs/react-dom.development.js:15036:12)
      at commitUpdateQueue (node_modules/react-dom/cjs/react-dom.development.js:15057:9)
      at commitLayoutEffectOnFiber (node_modules/react-dom/cjs/react-dom.development.js:23430:13)
      at commitLayoutMountEffects_complete (node_modules/react-dom/cjs/react-dom.development.js:24727:9)
      at commitLayoutEffects_begin (node_modules/react-dom/cjs/react-dom.development.js:24713:7)
      at commitLayoutEffects (node_modules/react-dom/cjs/react-dom.development.js:24651:3)
      at commitRootImpl (node_modules/react-dom/cjs/react-dom.development.js:26862:5)
      at commitRoot (node_modules/react-dom/cjs/react-dom.development.js:26721:5)
      at finishConcurrentRender (node_modules/react-dom/cjs/react-dom.development.js:25931:9)
      at performConcurrentWorkOnRoot (node_modules/react-dom/cjs/react-dom.development.js:25848:7)
      at flushActQueue (node_modules/react/cjs/react.development.js:2667:24)
      at act (node_modules/react/cjs/react.development.js:2582:11)
      at node_modules/@testing-library/react/dist/act-compat.js:46:25
      at renderRoot (node_modules/@testing-library/react/dist/pure.js:189:26)
      at render (node_modules/@testing-library/react/dist/pure.js:291:10)
      at renderCalendar (src/components/CalendarView.test.js:36:16)
      at Object.<anonymous> (src/components/CalendarView.test.js:55:5)

    console.error
      Error: Uncaught [TypeError: Cannot destructure property 'basename' of 'React.useContext(...)' as it is null.]
          at reportException (C:\Users\leotm\Desktop\Projetos\Programming\vacation-scheduler\node_modules\jsdom\lib\jsdom\living\helpers\runtime-script-errors.js:66:24)
          at innerInvokeEventListeners (C:\Users\leotm\Desktop\Projetos\Programming\vacation-scheduler\node_modules\jsdom\lib\jsdom\living\events\EventTarget-impl.js:341:9)
          at invokeEventListeners (C:\Users\leotm\Desktop\Projetos\Programming\vacation-scheduler\node_modules\jsdom\lib\jsdom\living\events\EventTarget-impl.js:274:3)
          at HTMLUnknownElementImpl._dispatch (C:\Users\leotm\Desktop\Projetos\Programming\vacation-scheduler\node_modules\jsdom\lib\jsdom\living\events\EventTarget-impl.js:221:9)
          at HTMLUnknownElementImpl.dispatchEvent (C:\Users\leotm\Desktop\Projetos\Programming\vacation-scheduler\node_modules\jsdom\lib\jsdom\living\events\EventTarget-impl.js:94:17)
          at HTMLUnknownElement.dispatchEvent (C:\Users\leotm\Desktop\Projetos\Programming\vacation-scheduler\node_modules\jsdom\lib\jsdom\living\generated\EventTarget.js:231:34)
          at Object.invokeGuardedCallbackDev (C:\Users\leotm\Desktop\Projetos\Programming\vacation-scheduler\node_modules\react-dom\cjs\react-dom.development.js:4213:16)
          at invokeGuardedCallback (C:\Users\leotm\Desktop\Projetos\Programming\vacation-scheduler\node_modules\react-dom\cjs\react-dom.development.js:4277:31)
          at beginWork$1 (C:\Users\leotm\Desktop\Projetos\Programming\vacation-scheduler\node_modules\react-dom\cjs\react-dom.development.js:27490:7)
          at performUnitOfWork (C:\Users\leotm\Desktop\Projetos\Programming\vacation-scheduler\node_modules\react-dom\cjs\react-dom.development.js:26599:12)
          at workLoopSync (C:\Users\leotm\Desktop\Projetos\Programming\vacation-scheduler\node_modules\react-dom\cjs\react-dom.development.js:26505:5)
          at renderRootSync (C:\Users\leotm\Desktop\Projetos\Programming\vacation-scheduler\node_modules\react-dom\cjs\react-dom.development.js:26473:7)
          at performConcurrentWorkOnRoot (C:\Users\leotm\Desktop\Projetos\Programming\vacation-scheduler\node_modules\react-dom\cjs\react-dom.development.js:25777:74)
          at flushActQueue (C:\Users\leotm\Desktop\Projetos\Programming\vacation-scheduler\node_modules\react\cjs\react.development.js:2667:24)
          at act (C:\Users\leotm\Desktop\Projetos\Programming\vacation-scheduler\node_modules\react\cjs\react.development.js:2582:11)
          at C:\Users\leotm\Desktop\Projetos\Programming\vacation-scheduler\node_modules\@testing-library\react\dist\act-compat.js:46:25
          at renderRoot (C:\Users\leotm\Desktop\Projetos\Programming\vacation-scheduler\node_modules\@testing-library\react\dist\pure.js:189:26)
          at render (C:\Users\leotm\Desktop\Projetos\Programming\vacation-scheduler\node_modules\@testing-library\react\dist\pure.js:291:10)
          at renderCalendar (C:\Users\leotm\Desktop\Projetos\Programming\vacation-scheduler\src\components\CalendarView.test.js:36:16)
          at Object.<anonymous> (C:\Users\leotm\Desktop\Projetos\Programming\vacation-scheduler\src\components\CalendarView.test.js:62:5)
          at Promise.then.completed (C:\Users\leotm\Desktop\Projetos\Programming\vacation-scheduler\node_modules\jest-circus\build\utils.js:391:28)
          at new Promise (<anonymous>)
          at callAsyncCircusFn (C:\Users\leotm\Desktop\Projetos\Programming\vacation-scheduler\node_modules\jest-circus\build\utils.js:316:10)
          at _callCircusTest (C:\Users\leotm\Desktop\Projetos\Programming\vacation-scheduler\node_modules\jest-circus\build\run.js:218:40)
          at processTicksAndRejections (node:internal/process/task_queues:103:5)
          at _runTest (C:\Users\leotm\Desktop\Projetos\Programming\vacation-scheduler\node_modules\jest-circus\build\run.js:155:3)
          at _runTestsForDescribeBlock (C:\Users\leotm\Desktop\Projetos\Programming\vacation-scheduler\node_modules\jest-circus\build\run.js:66:9)
          at _runTestsForDescribeBlock (C:\Users\leotm\Desktop\Projetos\Programming\vacation-scheduler\node_modules\jest-circus\build\run.js:60:9)
          at run (C:\Users\leotm\Desktop\Projetos\Programming\vacation-scheduler\node_modules\jest-circus\build\run.js:25:3)
          at runAndTransformResultsToJestFormat (C:\Users\leotm\Desktop\Projetos\Programming\vacation-scheduler\node_modules\jest-circus\build\legacy-code-todo-rewrite\jestAdapterInit.js:170:21)
          at jestAdapter (C:\Users\leotm\Desktop\Projetos\Programming\vacation-scheduler\node_modules\jest-circus\build\legacy-code-todo-rewrite\jestAdapter.js:82:19)
          at runTestInternal (C:\Users\leotm\Desktop\Projetos\Programming\vacation-scheduler\node_modules\jest-runner\build\runTest.js:389:16)
          at runTest (C:\Users\leotm\Desktop\Projetos\Programming\vacation-scheduler\node_modules\jest-runner\build\runTest.js:475:34)
          at Object.worker (C:\Users\leotm\Desktop\Projetos\Programming\vacation-scheduler\node_modules\jest-runner\build\testWorker.js:133:12) TypeError: Cannot destructure property 'basename' of 'React.useContext(...)' as it is null.
          at LinkWithRef (C:\Users\leotm\Desktop\Projetos\Programming\vacation-scheduler\node_modules\react-router\dist\development\chunk-2YMDXNOJ.js:399:11)
          at renderWithHooks (C:\Users\leotm\Desktop\Projetos\Programming\vacation-scheduler\node_modules\react-dom\cjs\react-dom.development.js:15486:18)
          at updateForwardRef (C:\Users\leotm\Desktop\Projetos\Programming\vacation-scheduler\node_modules\react-dom\cjs\react-dom.development.js:19245:20)
          at beginWork (C:\Users\leotm\Desktop\Projetos\Programming\vacation-scheduler\node_modules\react-dom\cjs\react-dom.development.js:21675:16)
          at HTMLUnknownElement.callCallback (C:\Users\leotm\Desktop\Projetos\Programming\vacation-scheduler\node_modules\react-dom\cjs\react-dom.development.js:4164:14)
          at HTMLUnknownElement.callTheUserObjectsOperation (C:\Users\leotm\Desktop\Projetos\Programming\vacation-scheduler\node_modules\jsdom\lib\jsdom\living\generated\EventListener.js:26:30)
          at innerInvokeEventListeners (C:\Users\leotm\Desktop\Projetos\Programming\vacation-scheduler\node_modules\jsdom\lib\jsdom\living\events\EventTarget-impl.js:338:25)
          at invokeEventListeners (C:\Users\leotm\Desktop\Projetos\Programming\vacation-scheduler\node_modules\jsdom\lib\jsdom\living\events\EventTarget-impl.js:274:3)
          at HTMLUnknownElementImpl._dispatch (C:\Users\leotm\Desktop\Projetos\Programming\vacation-scheduler\node_modules\jsdom\lib\jsdom\living\events\EventTarget-impl.js:221:9)
          at HTMLUnknownElementImpl.dispatchEvent (C:\Users\leotm\Desktop\Projetos\Programming\vacation-scheduler\node_modules\jsdom\lib\jsdom\living\events\EventTarget-impl.js:94:17)
          at HTMLUnknownElement.dispatchEvent (C:\Users\leotm\Desktop\Projetos\Programming\vacation-scheduler\node_modules\jsdom\lib\jsdom\living\generated\EventTarget.js:231:34)
          at Object.invokeGuardedCallbackDev (C:\Users\leotm\Desktop\Projetos\Programming\vacation-scheduler\node_modules\react-dom\cjs\react-dom.development.js:4213:16)
          at invokeGuardedCallback (C:\Users\leotm\Desktop\Projetos\Programming\vacation-scheduler\node_modules\react-dom\cjs\react-dom.development.js:4277:31)
          at beginWork$1 (C:\Users\leotm\Desktop\Projetos\Programming\vacation-scheduler\node_modules\react-dom\cjs\react-dom.development.js:27490:7)
          at performUnitOfWork (C:\Users\leotm\Desktop\Projetos\Programming\vacation-scheduler\node_modules\react-dom\cjs\react-dom.development.js:26599:12)
          at workLoopSync (C:\Users\leotm\Desktop\Projetos\Programming\vacation-scheduler\node_modules\react-dom\cjs\react-dom.development.js:26505:5)
          at renderRootSync (C:\Users\leotm\Desktop\Projetos\Programming\vacation-scheduler\node_modules\react-dom\cjs\react-dom.development.js:26473:7)
          at performConcurrentWorkOnRoot (C:\Users\leotm\Desktop\Projetos\Programming\vacation-scheduler\node_modules\react-dom\cjs\react-dom.development.js:25777:74)
          at flushActQueue (C:\Users\leotm\Desktop\Projetos\Programming\vacation-scheduler\node_modules\react\cjs\react.development.js:2667:24)
          at act (C:\Users\leotm\Desktop\Projetos\Programming\vacation-scheduler\node_modules\react\cjs\react.development.js:2582:11)
          at C:\Users\leotm\Desktop\Projetos\Programming\vacation-scheduler\node_modules\@testing-library\react\dist\act-compat.js:46:25
          at renderRoot (C:\Users\leotm\Desktop\Projetos\Programming\vacation-scheduler\node_modules\@testing-library\react\dist\pure.js:189:26)
          at render (C:\Users\leotm\Desktop\Projetos\Programming\vacation-scheduler\node_modules\@testing-library\react\dist\pure.js:291:10)
          at renderCalendar (C:\Users\leotm\Desktop\Projetos\Programming\vacation-scheduler\src\components\CalendarView.test.js:36:16)
          at Object.<anonymous> (C:\Users\leotm\Desktop\Projetos\Programming\vacation-scheduler\src\components\CalendarView.test.js:62:5)
          at Promise.then.completed (C:\Users\leotm\Desktop\Projetos\Programming\vacation-scheduler\node_modules\jest-circus\build\utils.js:391:28)
          at new Promise (<anonymous>)
          at callAsyncCircusFn (C:\Users\leotm\Desktop\Projetos\Programming\vacation-scheduler\node_modules\jest-circus\build\utils.js:316:10)
          at _callCircusTest (C:\Users\leotm\Desktop\Projetos\Programming\vacation-scheduler\node_modules\jest-circus\build\run.js:218:40)
          at processTicksAndRejections (node:internal/process/task_queues:103:5)
          at _runTest (C:\Users\leotm\Desktop\Projetos\Programming\vacation-scheduler\node_modules\jest-circus\build\run.js:155:3)
          at _runTestsForDescribeBlock (C:\Users\leotm\Desktop\Projetos\Programming\vacation-scheduler\node_modules\jest-circus\build\run.js:66:9)
          at _runTestsForDescribeBlock (C:\Users\leotm\Desktop\Projetos\Programming\vacation-scheduler\node_modules\jest-circus\build\run.js:60:9)
          at run (C:\Users\leotm\Desktop\Projetos\Programming\vacation-scheduler\node_modules\jest-circus\build\run.js:25:3)
          at runAndTransformResultsToJestFormat (C:\Users\leotm\Desktop\Projetos\Programming\vacation-scheduler\node_modules\jest-circus\build\legacy-code-todo-rewrite\jestAdapterInit.js:170:21)
          at jestAdapter (C:\Users\leotm\Desktop\Projetos\Programming\vacation-scheduler\node_modules\jest-circus\build\legacy-code-todo-rewrite\jestAdapter.js:82:19)
          at runTestInternal (C:\Users\leotm\Desktop\Projetos\Programming\vacation-scheduler\node_modules\jest-runner\build\runTest.js:389:16)
          at runTest (C:\Users\leotm\Desktop\Projetos\Programming\vacation-scheduler\node_modules\jest-runner\build\runTest.js:475:34)
          at Object.worker (C:\Users\leotm\Desktop\Projetos\Programming\vacation-scheduler\node_modules\jest-runner\build\testWorker.js:133:12)

    [0m [90m 34 |[39m
     [90m 35 |[39m [36mconst[39m renderCalendar [33m=[39m (overrides [33m=[39m {}) [33m=>[39m {
    [31m[1m>[22m[39m[90m 36 |[39m   [36mreturn[39m render([33m<[39m[33mCalendarView[39m {[33m...[39mdefaultProps} {[33m...[39moverrides} [33m/[39m[33m>[39m)[33m;[39m
     [90m    |[39m                [31m[1m^[22m[39m
     [90m 37 |[39m }[33m;[39m
     [90m 38 |[39m
     [90m 39 |[39m describe([32m'CalendarView rendering'[39m[33m,[39m () [33m=>[39m {[0m

      at VirtualConsole.<anonymous> (node_modules/jsdom/lib/jsdom/virtual-console.js:29:45)
      at reportException (node_modules/jsdom/lib/jsdom/living/helpers/runtime-script-errors.js:70:28)
      at innerInvokeEventListeners (node_modules/jsdom/lib/jsdom/living/events/EventTarget-impl.js:341:9)
      at invokeEventListeners (node_modules/jsdom/lib/jsdom/living/events/EventTarget-impl.js:274:3)
      at HTMLUnknownElementImpl._dispatch (node_modules/jsdom/lib/jsdom/living/events/EventTarget-impl.js:221:9)
      at HTMLUnknownElementImpl.dispatchEvent (node_modules/jsdom/lib/jsdom/living/events/EventTarget-impl.js:94:17)
      at HTMLUnknownElement.dispatchEvent (node_modules/jsdom/lib/jsdom/living/generated/EventTarget.js:231:34)
      at Object.invokeGuardedCallbackDev (node_modules/react-dom/cjs/react-dom.development.js:4213:16)
      at invokeGuardedCallback (node_modules/react-dom/cjs/react-dom.development.js:4277:31)
      at beginWork$1 (node_modules/react-dom/cjs/react-dom.development.js:27490:7)
      at performUnitOfWork (node_modules/react-dom/cjs/react-dom.development.js:26599:12)
      at workLoopSync (node_modules/react-dom/cjs/react-dom.development.js:26505:5)
      at renderRootSync (node_modules/react-dom/cjs/react-dom.development.js:26473:7)
      at performConcurrentWorkOnRoot (node_modules/react-dom/cjs/react-dom.development.js:25777:74)
      at flushActQueue (node_modules/react/cjs/react.development.js:2667:24)
      at act (node_modules/react/cjs/react.development.js:2582:11)
      at node_modules/@testing-library/react/dist/act-compat.js:46:25
      at renderRoot (node_modules/@testing-library/react/dist/pure.js:189:26)
      at render (node_modules/@testing-library/react/dist/pure.js:291:10)
      at renderCalendar (src/components/CalendarView.test.js:36:16)
      at Object.<anonymous> (src/components/CalendarView.test.js:62:5)

    console.error
      Error: Uncaught [TypeError: Cannot destructure property 'basename' of 'React.useContext(...)' as it is null.]
          at reportException (C:\Users\leotm\Desktop\Projetos\Programming\vacation-scheduler\node_modules\jsdom\lib\jsdom\living\helpers\runtime-script-errors.js:66:24)
          at innerInvokeEventListeners (C:\Users\leotm\Desktop\Projetos\Programming\vacation-scheduler\node_modules\jsdom\lib\jsdom\living\events\EventTarget-impl.js:341:9)
          at invokeEventListeners (C:\Users\leotm\Desktop\Projetos\Programming\vacation-scheduler\node_modules\jsdom\lib\jsdom\living\events\EventTarget-impl.js:274:3)
          at HTMLUnknownElementImpl._dispatch (C:\Users\leotm\Desktop\Projetos\Programming\vacation-scheduler\node_modules\jsdom\lib\jsdom\living\events\EventTarget-impl.js:221:9)
          at HTMLUnknownElementImpl.dispatchEvent (C:\Users\leotm\Desktop\Projetos\Programming\vacation-scheduler\node_modules\jsdom\lib\jsdom\living\events\EventTarget-impl.js:94:17)
          at HTMLUnknownElement.dispatchEvent (C:\Users\leotm\Desktop\Projetos\Programming\vacation-scheduler\node_modules\jsdom\lib\jsdom\living\generated\EventTarget.js:231:34)
          at Object.invokeGuardedCallbackDev (C:\Users\leotm\Desktop\Projetos\Programming\vacation-scheduler\node_modules\react-dom\cjs\react-dom.development.js:4213:16)
          at invokeGuardedCallback (C:\Users\leotm\Desktop\Projetos\Programming\vacation-scheduler\node_modules\react-dom\cjs\react-dom.development.js:4277:31)
          at beginWork$1 (C:\Users\leotm\Desktop\Projetos\Programming\vacation-scheduler\node_modules\react-dom\cjs\react-dom.development.js:27490:7)
          at performUnitOfWork (C:\Users\leotm\Desktop\Projetos\Programming\vacation-scheduler\node_modules\react-dom\cjs\react-dom.development.js:26599:12)
          at workLoopSync (C:\Users\leotm\Desktop\Projetos\Programming\vacation-scheduler\node_modules\react-dom\cjs\react-dom.development.js:26505:5)
          at renderRootSync (C:\Users\leotm\Desktop\Projetos\Programming\vacation-scheduler\node_modules\react-dom\cjs\react-dom.development.js:26473:7)
          at recoverFromConcurrentError (C:\Users\leotm\Desktop\Projetos\Programming\vacation-scheduler\node_modules\react-dom\cjs\react-dom.development.js:25889:20)
          at performConcurrentWorkOnRoot (C:\Users\leotm\Desktop\Projetos\Programming\vacation-scheduler\node_modules\react-dom\cjs\react-dom.development.js:25789:22)
          at flushActQueue (C:\Users\leotm\Desktop\Projetos\Programming\vacation-scheduler\node_modules\react\cjs\react.development.js:2667:24)
          at act (C:\Users\leotm\Desktop\Projetos\Programming\vacation-scheduler\node_modules\react\cjs\react.development.js:2582:11)
          at C:\Users\leotm\Desktop\Projetos\Programming\vacation-scheduler\node_modules\@testing-library\react\dist\act-compat.js:46:25
          at renderRoot (C:\Users\leotm\Desktop\Projetos\Programming\vacation-scheduler\node_modules\@testing-library\react\dist\pure.js:189:26)
          at render (C:\Users\leotm\Desktop\Projetos\Programming\vacation-scheduler\node_modules\@testing-library\react\dist\pure.js:291:10)
          at renderCalendar (C:\Users\leotm\Desktop\Projetos\Programming\vacation-scheduler\src\components\CalendarView.test.js:36:16)
          at Object.<anonymous> (C:\Users\leotm\Desktop\Projetos\Programming\vacation-scheduler\src\components\CalendarView.test.js:62:5)
          at Promise.then.completed (C:\Users\leotm\Desktop\Projetos\Programming\vacation-scheduler\node_modules\jest-circus\build\utils.js:391:28)
          at new Promise (<anonymous>)
          at callAsyncCircusFn (C:\Users\leotm\Desktop\Projetos\Programming\vacation-scheduler\node_modules\jest-circus\build\utils.js:316:10)
          at _callCircusTest (C:\Users\leotm\Desktop\Projetos\Programming\vacation-scheduler\node_modules\jest-circus\build\run.js:218:40)
          at processTicksAndRejections (node:internal/process/task_queues:103:5)
          at _runTest (C:\Users\leotm\Desktop\Projetos\Programming\vacation-scheduler\node_modules\jest-circus\build\run.js:155:3)
          at _runTestsForDescribeBlock (C:\Users\leotm\Desktop\Projetos\Programming\vacation-scheduler\node_modules\jest-circus\build\run.js:66:9)
          at _runTestsForDescribeBlock (C:\Users\leotm\Desktop\Projetos\Programming\vacation-scheduler\node_modules\jest-circus\build\run.js:60:9)
          at run (C:\Users\leotm\Desktop\Projetos\Programming\vacation-scheduler\node_modules\jest-circus\build\run.js:25:3)
          at runAndTransformResultsToJestFormat (C:\Users\leotm\Desktop\Projetos\Programming\vacation-scheduler\node_modules\jest-circus\build\legacy-code-todo-rewrite\jestAdapterInit.js:170:21)
          at jestAdapter (C:\Users\leotm\Desktop\Projetos\Programming\vacation-scheduler\node_modules\jest-circus\build\legacy-code-todo-rewrite\jestAdapter.js:82:19)
          at runTestInternal (C:\Users\leotm\Desktop\Projetos\Programming\vacation-scheduler\node_modules\jest-runner\build\runTest.js:389:16)
          at runTest (C:\Users\leotm\Desktop\Projetos\Programming\vacation-scheduler\node_modules\jest-runner\build\runTest.js:475:34)
          at Object.worker (C:\Users\leotm\Desktop\Projetos\Programming\vacation-scheduler\node_modules\jest-runner\build\testWorker.js:133:12) TypeError: Cannot destructure property 'basename' of 'React.useContext(...)' as it is null.
          at LinkWithRef (C:\Users\leotm\Desktop\Projetos\Programming\vacation-scheduler\node_modules\react-router\dist\development\chunk-2YMDXNOJ.js:399:11)
          at renderWithHooks (C:\Users\leotm\Desktop\Projetos\Programming\vacation-scheduler\node_modules\react-dom\cjs\react-dom.development.js:15486:18)
          at updateForwardRef (C:\Users\leotm\Desktop\Projetos\Programming\vacation-scheduler\node_modules\react-dom\cjs\react-dom.development.js:19245:20)
          at beginWork (C:\Users\leotm\Desktop\Projetos\Programming\vacation-scheduler\node_modules\react-dom\cjs\react-dom.development.js:21675:16)
          at HTMLUnknownElement.callCallback (C:\Users\leotm\Desktop\Projetos\Programming\vacation-scheduler\node_modules\react-dom\cjs\react-dom.development.js:4164:14)
          at HTMLUnknownElement.callTheUserObjectsOperation (C:\Users\leotm\Desktop\Projetos\Programming\vacation-scheduler\node_modules\jsdom\lib\jsdom\living\generated\EventListener.js:26:30)
          at innerInvokeEventListeners (C:\Users\leotm\Desktop\Projetos\Programming\vacation-scheduler\node_modules\jsdom\lib\jsdom\living\events\EventTarget-impl.js:338:25)
          at invokeEventListeners (C:\Users\leotm\Desktop\Projetos\Programming\vacation-scheduler\node_modules\jsdom\lib\jsdom\living\events\EventTarget-impl.js:274:3)
          at HTMLUnknownElementImpl._dispatch (C:\Users\leotm\Desktop\Projetos\Programming\vacation-scheduler\node_modules\jsdom\lib\jsdom\living\events\EventTarget-impl.js:221:9)
          at HTMLUnknownElementImpl.dispatchEvent (C:\Users\leotm\Desktop\Projetos\Programming\vacation-scheduler\node_modules\jsdom\lib\jsdom\living\events\EventTarget-impl.js:94:17)
          at HTMLUnknownElement.dispatchEvent (C:\Users\leotm\Desktop\Projetos\Programming\vacation-scheduler\node_modules\jsdom\lib\jsdom\living\generated\EventTarget.js:231:34)
          at Object.invokeGuardedCallbackDev (C:\Users\leotm\Desktop\Projetos\Programming\vacation-scheduler\node_modules\react-dom\cjs\react-dom.development.js:4213:16)
          at invokeGuardedCallback (C:\Users\leotm\Desktop\Projetos\Programming\vacation-scheduler\node_modules\react-dom\cjs\react-dom.development.js:4277:31)
          at beginWork$1 (C:\Users\leotm\Desktop\Projetos\Programming\vacation-scheduler\node_modules\react-dom\cjs\react-dom.development.js:27490:7)
          at performUnitOfWork (C:\Users\leotm\Desktop\Projetos\Programming\vacation-scheduler\node_modules\react-dom\cjs\react-dom.development.js:26599:12)
          at workLoopSync (C:\Users\leotm\Desktop\Projetos\Programming\vacation-scheduler\node_modules\react-dom\cjs\react-dom.development.js:26505:5)
          at renderRootSync (C:\Users\leotm\Desktop\Projetos\Programming\vacation-scheduler\node_modules\react-dom\cjs\react-dom.development.js:26473:7)
          at recoverFromConcurrentError (C:\Users\leotm\Desktop\Projetos\Programming\vacation-scheduler\node_modules\react-dom\cjs\react-dom.development.js:25889:20)
          at performConcurrentWorkOnRoot (C:\Users\leotm\Desktop\Projetos\Programming\vacation-scheduler\node_modules\react-dom\cjs\react-dom.development.js:25789:22)
          at flushActQueue (C:\Users\leotm\Desktop\Projetos\Programming\vacation-scheduler\node_modules\react\cjs\react.development.js:2667:24)
          at act (C:\Users\leotm\Desktop\Projetos\Programming\vacation-scheduler\node_modules\react\cjs\react.development.js:2582:11)
          at C:\Users\leotm\Desktop\Projetos\Programming\vacation-scheduler\node_modules\@testing-library\react\dist\act-compat.js:46:25
          at renderRoot (C:\Users\leotm\Desktop\Projetos\Programming\vacation-scheduler\node_modules\@testing-library\react\dist\pure.js:189:26)
          at render (C:\Users\leotm\Desktop\Projetos\Programming\vacation-scheduler\node_modules\@testing-library\react\dist\pure.js:291:10)
          at renderCalendar (C:\Users\leotm\Desktop\Projetos\Programming\vacation-scheduler\src\components\CalendarView.test.js:36:16)
          at Object.<anonymous> (C:\Users\leotm\Desktop\Projetos\Programming\vacation-scheduler\src\components\CalendarView.test.js:62:5)
          at Promise.then.completed (C:\Users\leotm\Desktop\Projetos\Programming\vacation-scheduler\node_modules\jest-circus\build\utils.js:391:28)
          at new Promise (<anonymous>)
          at callAsyncCircusFn (C:\Users\leotm\Desktop\Projetos\Programming\vacation-scheduler\node_modules\jest-circus\build\utils.js:316:10)
          at _callCircusTest (C:\Users\leotm\Desktop\Projetos\Programming\vacation-scheduler\node_modules\jest-circus\build\run.js:218:40)
          at processTicksAndRejections (node:internal/process/task_queues:103:5)
          at _runTest (C:\Users\leotm\Desktop\Projetos\Programming\vacation-scheduler\node_modules\jest-circus\build\run.js:155:3)
          at _runTestsForDescribeBlock (C:\Users\leotm\Desktop\Projetos\Programming\vacation-scheduler\node_modules\jest-circus\build\run.js:66:9)
          at _runTestsForDescribeBlock (C:\Users\leotm\Desktop\Projetos\Programming\vacation-scheduler\node_modules\jest-circus\build\run.js:60:9)
          at run (C:\Users\leotm\Desktop\Projetos\Programming\vacation-scheduler\node_modules\jest-circus\build\run.js:25:3)
          at runAndTransformResultsToJestFormat (C:\Users\leotm\Desktop\Projetos\Programming\vacation-scheduler\node_modules\jest-circus\build\legacy-code-todo-rewrite\jestAdapterInit.js:170:21)
          at jestAdapter (C:\Users\leotm\Desktop\Projetos\Programming\vacation-scheduler\node_modules\jest-circus\build\legacy-code-todo-rewrite\jestAdapter.js:82:19)
          at runTestInternal (C:\Users\leotm\Desktop\Projetos\Programming\vacation-scheduler\node_modules\jest-runner\build\runTest.js:389:16)
          at runTest (C:\Users\leotm\Desktop\Projetos\Programming\vacation-scheduler\node_modules\jest-runner\build\runTest.js:475:34)
          at Object.worker (C:\Users\leotm\Desktop\Projetos\Programming\vacation-scheduler\node_modules\jest-runner\build\testWorker.js:133:12)

    [0m [90m 34 |[39m
     [90m 35 |[39m [36mconst[39m renderCalendar [33m=[39m (overrides [33m=[39m {}) [33m=>[39m {
    [31m[1m>[22m[39m[90m 36 |[39m   [36mreturn[39m render([33m<[39m[33mCalendarView[39m {[33m...[39mdefaultProps} {[33m...[39moverrides} [33m/[39m[33m>[39m)[33m;[39m
     [90m    |[39m                [31m[1m^[22m[39m
     [90m 37 |[39m }[33m;[39m
     [90m 38 |[39m
     [90m 39 |[39m describe([32m'CalendarView rendering'[39m[33m,[39m () [33m=>[39m {[0m

      at VirtualConsole.<anonymous> (node_modules/jsdom/lib/jsdom/virtual-console.js:29:45)
      at reportException (node_modules/jsdom/lib/jsdom/living/helpers/runtime-script-errors.js:70:28)
      at innerInvokeEventListeners (node_modules/jsdom/lib/jsdom/living/events/EventTarget-impl.js:341:9)
      at invokeEventListeners (node_modules/jsdom/lib/jsdom/living/events/EventTarget-impl.js:274:3)
      at HTMLUnknownElementImpl._dispatch (node_modules/jsdom/lib/jsdom/living/events/EventTarget-impl.js:221:9)
      at HTMLUnknownElementImpl.dispatchEvent (node_modules/jsdom/lib/jsdom/living/events/EventTarget-impl.js:94:17)
      at HTMLUnknownElement.dispatchEvent (node_modules/jsdom/lib/jsdom/living/generated/EventTarget.js:231:34)
      at Object.invokeGuardedCallbackDev (node_modules/react-dom/cjs/react-dom.development.js:4213:16)
      at invokeGuardedCallback (node_modules/react-dom/cjs/react-dom.development.js:4277:31)
      at beginWork$1 (node_modules/react-dom/cjs/react-dom.development.js:27490:7)
      at performUnitOfWork (node_modules/react-dom/cjs/react-dom.development.js:26599:12)
      at workLoopSync (node_modules/react-dom/cjs/react-dom.development.js:26505:5)
      at renderRootSync (node_modules/react-dom/cjs/react-dom.development.js:26473:7)
      at recoverFromConcurrentError (node_modules/react-dom/cjs/react-dom.development.js:25889:20)
      at performConcurrentWorkOnRoot (node_modules/react-dom/cjs/react-dom.development.js:25789:22)
      at flushActQueue (node_modules/react/cjs/react.development.js:2667:24)
      at act (node_modules/react/cjs/react.development.js:2582:11)
      at node_modules/@testing-library/react/dist/act-compat.js:46:25
      at renderRoot (node_modules/@testing-library/react/dist/pure.js:189:26)
      at render (node_modules/@testing-library/react/dist/pure.js:291:10)
      at renderCalendar (src/components/CalendarView.test.js:36:16)
      at Object.<anonymous> (src/components/CalendarView.test.js:62:5)

    console.error
      The above error occurred in the <Link> component:
      
          at LinkWithRef (C:\Users\leotm\Desktop\Projetos\Programming\vacation-scheduler\node_modules\react-router\dist\development\chunk-2YMDXNOJ.js:384:5)
          at p
          at div
          at div
          at form
          at CalendarView (C:\Users\leotm\Desktop\Projetos\Programming\vacation-scheduler\src\components\CalendarView.js:44:25)
      
      Consider adding an error boundary to your tree to customize error handling behavior.
      Visit https://reactjs.org/link/error-boundaries to learn more about error boundaries.

    [0m [90m 34 |[39m
     [90m 35 |[39m [36mconst[39m renderCalendar [33m=[39m (overrides [33m=[39m {}) [33m=>[39m {
    [31m[1m>[22m[39m[90m 36 |[39m   [36mreturn[39m render([33m<[39m[33mCalendarView[39m {[33m...[39mdefaultProps} {[33m...[39moverrides} [33m/[39m[33m>[39m)[33m;[39m
     [90m    |[39m                [31m[1m^[22m[39m
     [90m 37 |[39m }[33m;[39m
     [90m 38 |[39m
     [90m 39 |[39m describe([32m'CalendarView rendering'[39m[33m,[39m () [33m=>[39m {[0m

      at logCapturedError (node_modules/react-dom/cjs/react-dom.development.js:18704:23)
      at update.callback (node_modules/react-dom/cjs/react-dom.development.js:18737:5)
      at callCallback (node_modules/react-dom/cjs/react-dom.development.js:15036:12)
      at commitUpdateQueue (node_modules/react-dom/cjs/react-dom.development.js:15057:9)
      at commitLayoutEffectOnFiber (node_modules/react-dom/cjs/react-dom.development.js:23430:13)
      at commitLayoutMountEffects_complete (node_modules/react-dom/cjs/react-dom.development.js:24727:9)
      at commitLayoutEffects_begin (node_modules/react-dom/cjs/react-dom.development.js:24713:7)
      at commitLayoutEffects (node_modules/react-dom/cjs/react-dom.development.js:24651:3)
      at commitRootImpl (node_modules/react-dom/cjs/react-dom.development.js:26862:5)
      at commitRoot (node_modules/react-dom/cjs/react-dom.development.js:26721:5)
      at finishConcurrentRender (node_modules/react-dom/cjs/react-dom.development.js:25931:9)
      at performConcurrentWorkOnRoot (node_modules/react-dom/cjs/react-dom.development.js:25848:7)
      at flushActQueue (node_modules/react/cjs/react.development.js:2667:24)
      at act (node_modules/react/cjs/react.development.js:2582:11)
      at node_modules/@testing-library/react/dist/act-compat.js:46:25
      at renderRoot (node_modules/@testing-library/react/dist/pure.js:189:26)
      at render (node_modules/@testing-library/react/dist/pure.js:291:10)
      at renderCalendar (src/components/CalendarView.test.js:36:16)
      at Object.<anonymous> (src/components/CalendarView.test.js:62:5)

    console.error
      Error: Uncaught [TypeError: Cannot destructure property 'basename' of 'React.useContext(...)' as it is null.]
          at reportException (C:\Users\leotm\Desktop\Projetos\Programming\vacation-scheduler\node_modules\jsdom\lib\jsdom\living\helpers\runtime-script-errors.js:66:24)
          at innerInvokeEventListeners (C:\Users\leotm\Desktop\Projetos\Programming\vacation-scheduler\node_modules\jsdom\lib\jsdom\living\events\EventTarget-impl.js:341:9)
          at invokeEventListeners (C:\Users\leotm\Desktop\Projetos\Programming\vacation-scheduler\node_modules\jsdom\lib\jsdom\living\events\EventTarget-impl.js:274:3)
          at HTMLUnknownElementImpl._dispatch (C:\Users\leotm\Desktop\Projetos\Programming\vacation-scheduler\node_modules\jsdom\lib\jsdom\living\events\EventTarget-impl.js:221:9)
          at HTMLUnknownElementImpl.dispatchEvent (C:\Users\leotm\Desktop\Projetos\Programming\vacation-scheduler\node_modules\jsdom\lib\jsdom\living\events\EventTarget-impl.js:94:17)
          at HTMLUnknownElement.dispatchEvent (C:\Users\leotm\Desktop\Projetos\Programming\vacation-scheduler\node_modules\jsdom\lib\jsdom\living\generated\EventTarget.js:231:34)
          at Object.invokeGuardedCallbackDev (C:\Users\leotm\Desktop\Projetos\Programming\vacation-scheduler\node_modules\react-dom\cjs\react-dom.development.js:4213:16)
          at invokeGuardedCallback (C:\Users\leotm\Desktop\Projetos\Programming\vacation-scheduler\node_modules\react-dom\cjs\react-dom.development.js:4277:31)
          at beginWork$1 (C:\Users\leotm\Desktop\Projetos\Programming\vacation-scheduler\node_modules\react-dom\cjs\react-dom.development.js:27490:7)
          at performUnitOfWork (C:\Users\leotm\Desktop\Projetos\Programming\vacation-scheduler\node_modules\react-dom\cjs\react-dom.development.js:26599:12)
          at workLoopSync (C:\Users\leotm\Desktop\Projetos\Programming\vacation-scheduler\node_modules\react-dom\cjs\react-dom.development.js:26505:5)
          at renderRootSync (C:\Users\leotm\Desktop\Projetos\Programming\vacation-scheduler\node_modules\react-dom\cjs\react-dom.development.js:26473:7)
          at performConcurrentWorkOnRoot (C:\Users\leotm\Desktop\Projetos\Programming\vacation-scheduler\node_modules\react-dom\cjs\react-dom.development.js:25777:74)
          at flushActQueue (C:\Users\leotm\Desktop\Projetos\Programming\vacation-scheduler\node_modules\react\cjs\react.development.js:2667:24)
          at act (C:\Users\leotm\Desktop\Projetos\Programming\vacation-scheduler\node_modules\react\cjs\react.development.js:2582:11)
          at C:\Users\leotm\Desktop\Projetos\Programming\vacation-scheduler\node_modules\@testing-library\react\dist\act-compat.js:46:25
          at renderRoot (C:\Users\leotm\Desktop\Projetos\Programming\vacation-scheduler\node_modules\@testing-library\react\dist\pure.js:189:26)
          at render (C:\Users\leotm\Desktop\Projetos\Programming\vacation-scheduler\node_modules\@testing-library\react\dist\pure.js:291:10)
          at renderCalendar (C:\Users\leotm\Desktop\Projetos\Programming\vacation-scheduler\src\components\CalendarView.test.js:36:16)
          at Object.<anonymous> (C:\Users\leotm\Desktop\Projetos\Programming\vacation-scheduler\src\components\CalendarView.test.js:68:5)
          at Promise.then.completed (C:\Users\leotm\Desktop\Projetos\Programming\vacation-scheduler\node_modules\jest-circus\build\utils.js:391:28)
          at new Promise (<anonymous>)
          at callAsyncCircusFn (C:\Users\leotm\Desktop\Projetos\Programming\vacation-scheduler\node_modules\jest-circus\build\utils.js:316:10)
          at _callCircusTest (C:\Users\leotm\Desktop\Projetos\Programming\vacation-scheduler\node_modules\jest-circus\build\run.js:218:40)
          at processTicksAndRejections (node:internal/process/task_queues:103:5)
          at _runTest (C:\Users\leotm\Desktop\Projetos\Programming\vacation-scheduler\node_modules\jest-circus\build\run.js:155:3)
          at _runTestsForDescribeBlock (C:\Users\leotm\Desktop\Projetos\Programming\vacation-scheduler\node_modules\jest-circus\build\run.js:66:9)
          at _runTestsForDescribeBlock (C:\Users\leotm\Desktop\Projetos\Programming\vacation-scheduler\node_modules\jest-circus\build\run.js:60:9)
          at run (C:\Users\leotm\Desktop\Projetos\Programming\vacation-scheduler\node_modules\jest-circus\build\run.js:25:3)
          at runAndTransformResultsToJestFormat (C:\Users\leotm\Desktop\Projetos\Programming\vacation-scheduler\node_modules\jest-circus\build\legacy-code-todo-rewrite\jestAdapterInit.js:170:21)
          at jestAdapter (C:\Users\leotm\Desktop\Projetos\Programming\vacation-scheduler\node_modules\jest-circus\build\legacy-code-todo-rewrite\jestAdapter.js:82:19)
          at runTestInternal (C:\Users\leotm\Desktop\Projetos\Programming\vacation-scheduler\node_modules\jest-runner\build\runTest.js:389:16)
          at runTest (C:\Users\leotm\Desktop\Projetos\Programming\vacation-scheduler\node_modules\jest-runner\build\runTest.js:475:34)
          at Object.worker (C:\Users\leotm\Desktop\Projetos\Programming\vacation-scheduler\node_modules\jest-runner\build\testWorker.js:133:12) TypeError: Cannot destructure property 'basename' of 'React.useContext(...)' as it is null.
          at LinkWithRef (C:\Users\leotm\Desktop\Projetos\Programming\vacation-scheduler\node_modules\react-router\dist\development\chunk-2YMDXNOJ.js:399:11)
          at renderWithHooks (C:\Users\leotm\Desktop\Projetos\Programming\vacation-scheduler\node_modules\react-dom\cjs\react-dom.development.js:15486:18)
          at updateForwardRef (C:\Users\leotm\Desktop\Projetos\Programming\vacation-scheduler\node_modules\react-dom\cjs\react-dom.development.js:19245:20)
          at beginWork (C:\Users\leotm\Desktop\Projetos\Programming\vacation-scheduler\node_modules\react-dom\cjs\react-dom.development.js:21675:16)
          at HTMLUnknownElement.callCallback (C:\Users\leotm\Desktop\Projetos\Programming\vacation-scheduler\node_modules\react-dom\cjs\react-dom.development.js:4164:14)
          at HTMLUnknownElement.callTheUserObjectsOperation (C:\Users\leotm\Desktop\Projetos\Programming\vacation-scheduler\node_modules\jsdom\lib\jsdom\living\generated\EventListener.js:26:30)
          at innerInvokeEventListeners (C:\Users\leotm\Desktop\Projetos\Programming\vacation-scheduler\node_modules\jsdom\lib\jsdom\living\events\EventTarget-impl.js:338:25)
          at invokeEventListeners (C:\Users\leotm\Desktop\Projetos\Programming\vacation-scheduler\node_modules\jsdom\lib\jsdom\living\events\EventTarget-impl.js:274:3)
          at HTMLUnknownElementImpl._dispatch (C:\Users\leotm\Desktop\Projetos\Programming\vacation-scheduler\node_modules\jsdom\lib\jsdom\living\events\EventTarget-impl.js:221:9)
          at HTMLUnknownElementImpl.dispatchEvent (C:\Users\leotm\Desktop\Projetos\Programming\vacation-scheduler\node_modules\jsdom\lib\jsdom\living\events\EventTarget-impl.js:94:17)
          at HTMLUnknownElement.dispatchEvent (C:\Users\leotm\Desktop\Projetos\Programming\vacation-scheduler\node_modules\jsdom\lib\jsdom\living\generated\EventTarget.js:231:34)
          at Object.invokeGuardedCallbackDev (C:\Users\leotm\Desktop\Projetos\Programming\vacation-scheduler\node_modules\react-dom\cjs\react-dom.development.js:4213:16)
          at invokeGuardedCallback (C:\Users\leotm\Desktop\Projetos\Programming\vacation-scheduler\node_modules\react-dom\cjs\react-dom.development.js:4277:31)
          at beginWork$1 (C:\Users\leotm\Desktop\Projetos\Programming\vacation-scheduler\node_modules\react-dom\cjs\react-dom.development.js:27490:7)
          at performUnitOfWork (C:\Users\leotm\Desktop\Projetos\Programming\vacation-scheduler\node_modules\react-dom\cjs\react-dom.development.js:26599:12)
          at workLoopSync (C:\Users\leotm\Desktop\Projetos\Programming\vacation-scheduler\node_modules\react-dom\cjs\react-dom.development.js:26505:5)
          at renderRootSync (C:\Users\leotm\Desktop\Projetos\Programming\vacation-scheduler\node_modules\react-dom\cjs\react-dom.development.js:26473:7)
          at performConcurrentWorkOnRoot (C:\Users\leotm\Desktop\Projetos\Programming\vacation-scheduler\node_modules\react-dom\cjs\react-dom.development.js:25777:74)
          at flushActQueue (C:\Users\leotm\Desktop\Projetos\Programming\vacation-scheduler\node_modules\react\cjs\react.development.js:2667:24)
          at act (C:\Users\leotm\Desktop\Projetos\Programming\vacation-scheduler\node_modules\react\cjs\react.development.js:2582:11)
          at C:\Users\leotm\Desktop\Projetos\Programming\vacation-scheduler\node_modules\@testing-library\react\dist\act-compat.js:46:25
          at renderRoot (C:\Users\leotm\Desktop\Projetos\Programming\vacation-scheduler\node_modules\@testing-library\react\dist\pure.js:189:26)
          at render (C:\Users\leotm\Desktop\Projetos\Programming\vacation-scheduler\node_modules\@testing-library\react\dist\pure.js:291:10)
          at renderCalendar (C:\Users\leotm\Desktop\Projetos\Programming\vacation-scheduler\src\components\CalendarView.test.js:36:16)
          at Object.<anonymous> (C:\Users\leotm\Desktop\Projetos\Programming\vacation-scheduler\src\components\CalendarView.test.js:68:5)
          at Promise.then.completed (C:\Users\leotm\Desktop\Projetos\Programming\vacation-scheduler\node_modules\jest-circus\build\utils.js:391:28)
          at new Promise (<anonymous>)
          at callAsyncCircusFn (C:\Users\leotm\Desktop\Projetos\Programming\vacation-scheduler\node_modules\jest-circus\build\utils.js:316:10)
          at _callCircusTest (C:\Users\leotm\Desktop\Projetos\Programming\vacation-scheduler\node_modules\jest-circus\build\run.js:218:40)
          at processTicksAndRejections (node:internal/process/task_queues:103:5)
          at _runTest (C:\Users\leotm\Desktop\Projetos\Programming\vacation-scheduler\node_modules\jest-circus\build\run.js:155:3)
          at _runTestsForDescribeBlock (C:\Users\leotm\Desktop\Projetos\Programming\vacation-scheduler\node_modules\jest-circus\build\run.js:66:9)
          at _runTestsForDescribeBlock (C:\Users\leotm\Desktop\Projetos\Programming\vacation-scheduler\node_modules\jest-circus\build\run.js:60:9)
          at run (C:\Users\leotm\Desktop\Projetos\Programming\vacation-scheduler\node_modules\jest-circus\build\run.js:25:3)
          at runAndTransformResultsToJestFormat (C:\Users\leotm\Desktop\Projetos\Programming\vacation-scheduler\node_modules\jest-circus\build\legacy-code-todo-rewrite\jestAdapterInit.js:170:21)
          at jestAdapter (C:\Users\leotm\Desktop\Projetos\Programming\vacation-scheduler\node_modules\jest-circus\build\legacy-code-todo-rewrite\jestAdapter.js:82:19)
          at runTestInternal (C:\Users\leotm\Desktop\Projetos\Programming\vacation-scheduler\node_modules\jest-runner\build\runTest.js:389:16)
          at runTest (C:\Users\leotm\Desktop\Projetos\Programming\vacation-scheduler\node_modules\jest-runner\build\runTest.js:475:34)
          at Object.worker (C:\Users\leotm\Desktop\Projetos\Programming\vacation-scheduler\node_modules\jest-runner\build\testWorker.js:133:12)

    [0m [90m 34 |[39m
     [90m 35 |[39m [36mconst[39m renderCalendar [33m=[39m (overrides [33m=[39m {}) [33m=>[39m {
    [31m[1m>[22m[39m[90m 36 |[39m   [36mreturn[39m render([33m<[39m[33mCalendarView[39m {[33m...[39mdefaultProps} {[33m...[39moverrides} [33m/[39m[33m>[39m)[33m;[39m
     [90m    |[39m                [31m[1m^[22m[39m
     [90m 37 |[39m }[33m;[39m
     [90m 38 |[39m
     [90m 39 |[39m describe([32m'CalendarView rendering'[39m[33m,[39m () [33m=>[39m {[0m

      at VirtualConsole.<anonymous> (node_modules/jsdom/lib/jsdom/virtual-console.js:29:45)
      at reportException (node_modules/jsdom/lib/jsdom/living/helpers/runtime-script-errors.js:70:28)
      at innerInvokeEventListeners (node_modules/jsdom/lib/jsdom/living/events/EventTarget-impl.js:341:9)
      at invokeEventListeners (node_modules/jsdom/lib/jsdom/living/events/EventTarget-impl.js:274:3)
      at HTMLUnknownElementImpl._dispatch (node_modules/jsdom/lib/jsdom/living/events/EventTarget-impl.js:221:9)
      at HTMLUnknownElementImpl.dispatchEvent (node_modules/jsdom/lib/jsdom/living/events/EventTarget-impl.js:94:17)
      at HTMLUnknownElement.dispatchEvent (node_modules/jsdom/lib/jsdom/living/generated/EventTarget.js:231:34)
      at Object.invokeGuardedCallbackDev (node_modules/react-dom/cjs/react-dom.development.js:4213:16)
      at invokeGuardedCallback (node_modules/react-dom/cjs/react-dom.development.js:4277:31)
      at beginWork$1 (node_modules/react-dom/cjs/react-dom.development.js:27490:7)
      at performUnitOfWork (node_modules/react-dom/cjs/react-dom.development.js:26599:12)
      at workLoopSync (node_modules/react-dom/cjs/react-dom.development.js:26505:5)
      at renderRootSync (node_modules/react-dom/cjs/react-dom.development.js:26473:7)
      at performConcurrentWorkOnRoot (node_modules/react-dom/cjs/react-dom.development.js:25777:74)
      at flushActQueue (node_modules/react/cjs/react.development.js:2667:24)
      at act (node_modules/react/cjs/react.development.js:2582:11)
      at node_modules/@testing-library/react/dist/act-compat.js:46:25
      at renderRoot (node_modules/@testing-library/react/dist/pure.js:189:26)
      at render (node_modules/@testing-library/react/dist/pure.js:291:10)
      at renderCalendar (src/components/CalendarView.test.js:36:16)
      at Object.<anonymous> (src/components/CalendarView.test.js:68:5)

    console.error
      Error: Uncaught [TypeError: Cannot destructure property 'basename' of 'React.useContext(...)' as it is null.]
          at reportException (C:\Users\leotm\Desktop\Projetos\Programming\vacation-scheduler\node_modules\jsdom\lib\jsdom\living\helpers\runtime-script-errors.js:66:24)
          at innerInvokeEventListeners (C:\Users\leotm\Desktop\Projetos\Programming\vacation-scheduler\node_modules\jsdom\lib\jsdom\living\events\EventTarget-impl.js:341:9)
          at invokeEventListeners (C:\Users\leotm\Desktop\Projetos\Programming\vacation-scheduler\node_modules\jsdom\lib\jsdom\living\events\EventTarget-impl.js:274:3)
          at HTMLUnknownElementImpl._dispatch (C:\Users\leotm\Desktop\Projetos\Programming\vacation-scheduler\node_modules\jsdom\lib\jsdom\living\events\EventTarget-impl.js:221:9)
          at HTMLUnknownElementImpl.dispatchEvent (C:\Users\leotm\Desktop\Projetos\Programming\vacation-scheduler\node_modules\jsdom\lib\jsdom\living\events\EventTarget-impl.js:94:17)
          at HTMLUnknownElement.dispatchEvent (C:\Users\leotm\Desktop\Projetos\Programming\vacation-scheduler\node_modules\jsdom\lib\jsdom\living\generated\EventTarget.js:231:34)
          at Object.invokeGuardedCallbackDev (C:\Users\leotm\Desktop\Projetos\Programming\vacation-scheduler\node_modules\react-dom\cjs\react-dom.development.js:4213:16)
          at invokeGuardedCallback (C:\Users\leotm\Desktop\Projetos\Programming\vacation-scheduler\node_modules\react-dom\cjs\react-dom.development.js:4277:31)
          at beginWork$1 (C:\Users\leotm\Desktop\Projetos\Programming\vacation-scheduler\node_modules\react-dom\cjs\react-dom.development.js:27490:7)
          at performUnitOfWork (C:\Users\leotm\Desktop\Projetos\Programming\vacation-scheduler\node_modules\react-dom\cjs\react-dom.development.js:26599:12)
          at workLoopSync (C:\Users\leotm\Desktop\Projetos\Programming\vacation-scheduler\node_modules\react-dom\cjs\react-dom.development.js:26505:5)
          at renderRootSync (C:\Users\leotm\Desktop\Projetos\Programming\vacation-scheduler\node_modules\react-dom\cjs\react-dom.development.js:26473:7)
          at recoverFromConcurrentError (C:\Users\leotm\Desktop\Projetos\Programming\vacation-scheduler\node_modules\react-dom\cjs\react-dom.development.js:25889:20)
          at performConcurrentWorkOnRoot (C:\Users\leotm\Desktop\Projetos\Programming\vacation-scheduler\node_modules\react-dom\cjs\react-dom.development.js:25789:22)
          at flushActQueue (C:\Users\leotm\Desktop\Projetos\Programming\vacation-scheduler\node_modules\react\cjs\react.development.js:2667:24)
          at act (C:\Users\leotm\Desktop\Projetos\Programming\vacation-scheduler\node_modules\react\cjs\react.development.js:2582:11)
          at C:\Users\leotm\Desktop\Projetos\Programming\vacation-scheduler\node_modules\@testing-library\react\dist\act-compat.js:46:25
          at renderRoot (C:\Users\leotm\Desktop\Projetos\Programming\vacation-scheduler\node_modules\@testing-library\react\dist\pure.js:189:26)
          at render (C:\Users\leotm\Desktop\Projetos\Programming\vacation-scheduler\node_modules\@testing-library\react\dist\pure.js:291:10)
          at renderCalendar (C:\Users\leotm\Desktop\Projetos\Programming\vacation-scheduler\src\components\CalendarView.test.js:36:16)
          at Object.<anonymous> (C:\Users\leotm\Desktop\Projetos\Programming\vacation-scheduler\src\components\CalendarView.test.js:68:5)
          at Promise.then.completed (C:\Users\leotm\Desktop\Projetos\Programming\vacation-scheduler\node_modules\jest-circus\build\utils.js:391:28)
          at new Promise (<anonymous>)
          at callAsyncCircusFn (C:\Users\leotm\Desktop\Projetos\Programming\vacation-scheduler\node_modules\jest-circus\build\utils.js:316:10)
          at _callCircusTest (C:\Users\leotm\Desktop\Projetos\Programming\vacation-scheduler\node_modules\jest-circus\build\run.js:218:40)
          at processTicksAndRejections (node:internal/process/task_queues:103:5)
          at _runTest (C:\Users\leotm\Desktop\Projetos\Programming\vacation-scheduler\node_modules\jest-circus\build\run.js:155:3)
          at _runTestsForDescribeBlock (C:\Users\leotm\Desktop\Projetos\Programming\vacation-scheduler\node_modules\jest-circus\build\run.js:66:9)
          at _runTestsForDescribeBlock (C:\Users\leotm\Desktop\Projetos\Programming\vacation-scheduler\node_modules\jest-circus\build\run.js:60:9)
          at run (C:\Users\leotm\Desktop\Projetos\Programming\vacation-scheduler\node_modules\jest-circus\build\run.js:25:3)
          at runAndTransformResultsToJestFormat (C:\Users\leotm\Desktop\Projetos\Programming\vacation-scheduler\node_modules\jest-circus\build\legacy-code-todo-rewrite\jestAdapterInit.js:170:21)
          at jestAdapter (C:\Users\leotm\Desktop\Projetos\Programming\vacation-scheduler\node_modules\jest-circus\build\legacy-code-todo-rewrite\jestAdapter.js:82:19)
          at runTestInternal (C:\Users\leotm\Desktop\Projetos\Programming\vacation-scheduler\node_modules\jest-runner\build\runTest.js:389:16)
          at runTest (C:\Users\leotm\Desktop\Projetos\Programming\vacation-scheduler\node_modules\jest-runner\build\runTest.js:475:34)
          at Object.worker (C:\Users\leotm\Desktop\Projetos\Programming\vacation-scheduler\node_modules\jest-runner\build\testWorker.js:133:12) TypeError: Cannot destructure property 'basename' of 'React.useContext(...)' as it is null.
          at LinkWithRef (C:\Users\leotm\Desktop\Projetos\Programming\vacation-scheduler\node_modules\react-router\dist\development\chunk-2YMDXNOJ.js:399:11)
          at renderWithHooks (C:\Users\leotm\Desktop\Projetos\Programming\vacation-scheduler\node_modules\react-dom\cjs\react-dom.development.js:15486:18)
          at updateForwardRef (C:\Users\leotm\Desktop\Projetos\Programming\vacation-scheduler\node_modules\react-dom\cjs\react-dom.development.js:19245:20)
          at beginWork (C:\Users\leotm\Desktop\Projetos\Programming\vacation-scheduler\node_modules\react-dom\cjs\react-dom.development.js:21675:16)
          at HTMLUnknownElement.callCallback (C:\Users\leotm\Desktop\Projetos\Programming\vacation-scheduler\node_modules\react-dom\cjs\react-dom.development.js:4164:14)
          at HTMLUnknownElement.callTheUserObjectsOperation (C:\Users\leotm\Desktop\Projetos\Programming\vacation-scheduler\node_modules\jsdom\lib\jsdom\living\generated\EventListener.js:26:30)
          at innerInvokeEventListeners (C:\Users\leotm\Desktop\Projetos\Programming\vacation-scheduler\node_modules\jsdom\lib\jsdom\living\events\EventTarget-impl.js:338:25)
          at invokeEventListeners (C:\Users\leotm\Desktop\Projetos\Programming\vacation-scheduler\node_modules\jsdom\lib\jsdom\living\events\EventTarget-impl.js:274:3)
          at HTMLUnknownElementImpl._dispatch (C:\Users\leotm\Desktop\Projetos\Programming\vacation-scheduler\node_modules\jsdom\lib\jsdom\living\events\EventTarget-impl.js:221:9)
          at HTMLUnknownElementImpl.dispatchEvent (C:\Users\leotm\Desktop\Projetos\Programming\vacation-scheduler\node_modules\jsdom\lib\jsdom\living\events\EventTarget-impl.js:94:17)
          at HTMLUnknownElement.dispatchEvent (C:\Users\leotm\Desktop\Projetos\Programming\vacation-scheduler\node_modules\jsdom\lib\jsdom\living\generated\EventTarget.js:231:34)
          at Object.invokeGuardedCallbackDev (C:\Users\leotm\Desktop\Projetos\Programming\vacation-scheduler\node_modules\react-dom\cjs\react-dom.development.js:4213:16)
          at invokeGuardedCallback (C:\Users\leotm\Desktop\Projetos\Programming\vacation-scheduler\node_modules\react-dom\cjs\react-dom.development.js:4277:31)
          at beginWork$1 (C:\Users\leotm\Desktop\Projetos\Programming\vacation-scheduler\node_modules\react-dom\cjs\react-dom.development.js:27490:7)
          at performUnitOfWork (C:\Users\leotm\Desktop\Projetos\Programming\vacation-scheduler\node_modules\react-dom\cjs\react-dom.development.js:26599:12)
          at workLoopSync (C:\Users\leotm\Desktop\Projetos\Programming\vacation-scheduler\node_modules\react-dom\cjs\react-dom.development.js:26505:5)
          at renderRootSync (C:\Users\leotm\Desktop\Projetos\Programming\vacation-scheduler\node_modules\react-dom\cjs\react-dom.development.js:26473:7)
          at recoverFromConcurrentError (C:\Users\leotm\Desktop\Projetos\Programming\vacation-scheduler\node_modules\react-dom\cjs\react-dom.development.js:25889:20)
          at performConcurrentWorkOnRoot (C:\Users\leotm\Desktop\Projetos\Programming\vacation-scheduler\node_modules\react-dom\cjs\react-dom.development.js:25789:22)
          at flushActQueue (C:\Users\leotm\Desktop\Projetos\Programming\vacation-scheduler\node_modules\react\cjs\react.development.js:2667:24)
          at act (C:\Users\leotm\Desktop\Projetos\Programming\vacation-scheduler\node_modules\react\cjs\react.development.js:2582:11)
          at C:\Users\leotm\Desktop\Projetos\Programming\vacation-scheduler\node_modules\@testing-library\react\dist\act-compat.js:46:25
          at renderRoot (C:\Users\leotm\Desktop\Projetos\Programming\vacation-scheduler\node_modules\@testing-library\react\dist\pure.js:189:26)
          at render (C:\Users\leotm\Desktop\Projetos\Programming\vacation-scheduler\node_modules\@testing-library\react\dist\pure.js:291:10)
          at renderCalendar (C:\Users\leotm\Desktop\Projetos\Programming\vacation-scheduler\src\components\CalendarView.test.js:36:16)
          at Object.<anonymous> (C:\Users\leotm\Desktop\Projetos\Programming\vacation-scheduler\src\components\CalendarView.test.js:68:5)
          at Promise.then.completed (C:\Users\leotm\Desktop\Projetos\Programming\vacation-scheduler\node_modules\jest-circus\build\utils.js:391:28)
          at new Promise (<anonymous>)
          at callAsyncCircusFn (C:\Users\leotm\Desktop\Projetos\Programming\vacation-scheduler\node_modules\jest-circus\build\utils.js:316:10)
          at _callCircusTest (C:\Users\leotm\Desktop\Projetos\Programming\vacation-scheduler\node_modules\jest-circus\build\run.js:218:40)
          at processTicksAndRejections (node:internal/process/task_queues:103:5)
          at _runTest (C:\Users\leotm\Desktop\Projetos\Programming\vacation-scheduler\node_modules\jest-circus\build\run.js:155:3)
          at _runTestsForDescribeBlock (C:\Users\leotm\Desktop\Projetos\Programming\vacation-scheduler\node_modules\jest-circus\build\run.js:66:9)
          at _runTestsForDescribeBlock (C:\Users\leotm\Desktop\Projetos\Programming\vacation-scheduler\node_modules\jest-circus\build\run.js:60:9)
          at run (C:\Users\leotm\Desktop\Projetos\Programming\vacation-scheduler\node_modules\jest-circus\build\run.js:25:3)
          at runAndTransformResultsToJestFormat (C:\Users\leotm\Desktop\Projetos\Programming\vacation-scheduler\node_modules\jest-circus\build\legacy-code-todo-rewrite\jestAdapterInit.js:170:21)
          at jestAdapter (C:\Users\leotm\Desktop\Projetos\Programming\vacation-scheduler\node_modules\jest-circus\build\legacy-code-todo-rewrite\jestAdapter.js:82:19)
          at runTestInternal (C:\Users\leotm\Desktop\Projetos\Programming\vacation-scheduler\node_modules\jest-runner\build\runTest.js:389:16)
          at runTest (C:\Users\leotm\Desktop\Projetos\Programming\vacation-scheduler\node_modules\jest-runner\build\runTest.js:475:34)
          at Object.worker (C:\Users\leotm\Desktop\Projetos\Programming\vacation-scheduler\node_modules\jest-runner\build\testWorker.js:133:12)

    [0m [90m 34 |[39m
     [90m 35 |[39m [36mconst[39m renderCalendar [33m=[39m (overrides [33m=[39m {}) [33m=>[39m {
    [31m[1m>[22m[39m[90m 36 |[39m   [36mreturn[39m render([33m<[39m[33mCalendarView[39m {[33m...[39mdefaultProps} {[33m...[39moverrides} [33m/[39m[33m>[39m)[33m;[39m
     [90m    |[39m                [31m[1m^[22m[39m
     [90m 37 |[39m }[33m;[39m
     [90m 38 |[39m
     [90m 39 |[39m describe([32m'CalendarView rendering'[39m[33m,[39m () [33m=>[39m {[0m

      at VirtualConsole.<anonymous> (node_modules/jsdom/lib/jsdom/virtual-console.js:29:45)
      at reportException (node_modules/jsdom/lib/jsdom/living/helpers/runtime-script-errors.js:70:28)
      at innerInvokeEventListeners (node_modules/jsdom/lib/jsdom/living/events/EventTarget-impl.js:341:9)
      at invokeEventListeners (node_modules/jsdom/lib/jsdom/living/events/EventTarget-impl.js:274:3)
      at HTMLUnknownElementImpl._dispatch (node_modules/jsdom/lib/jsdom/living/events/EventTarget-impl.js:221:9)
      at HTMLUnknownElementImpl.dispatchEvent (node_modules/jsdom/lib/jsdom/living/events/EventTarget-impl.js:94:17)
      at HTMLUnknownElement.dispatchEvent (node_modules/jsdom/lib/jsdom/living/generated/EventTarget.js:231:34)
      at Object.invokeGuardedCallbackDev (node_modules/react-dom/cjs/react-dom.development.js:4213:16)
      at invokeGuardedCallback (node_modules/react-dom/cjs/react-dom.development.js:4277:31)
      at beginWork$1 (node_modules/react-dom/cjs/react-dom.development.js:27490:7)
      at performUnitOfWork (node_modules/react-dom/cjs/react-dom.development.js:26599:12)
      at workLoopSync (node_modules/react-dom/cjs/react-dom.development.js:26505:5)
      at renderRootSync (node_modules/react-dom/cjs/react-dom.development.js:26473:7)
      at recoverFromConcurrentError (node_modules/react-dom/cjs/react-dom.development.js:25889:20)
      at performConcurrentWorkOnRoot (node_modules/react-dom/cjs/react-dom.development.js:25789:22)
      at flushActQueue (node_modules/react/cjs/react.development.js:2667:24)
      at act (node_modules/react/cjs/react.development.js:2582:11)
      at node_modules/@testing-library/react/dist/act-compat.js:46:25
      at renderRoot (node_modules/@testing-library/react/dist/pure.js:189:26)
      at render (node_modules/@testing-library/react/dist/pure.js:291:10)
      at renderCalendar (src/components/CalendarView.test.js:36:16)
      at Object.<anonymous> (src/components/CalendarView.test.js:68:5)

    console.error
      The above error occurred in the <Link> component:
      
          at LinkWithRef (C:\Users\leotm\Desktop\Projetos\Programming\vacation-scheduler\node_modules\react-router\dist\development\chunk-2YMDXNOJ.js:384:5)
          at p
          at div
          at div
          at form
          at CalendarView (C:\Users\leotm\Desktop\Projetos\Programming\vacation-scheduler\src\components\CalendarView.js:44:25)
      
      Consider adding an error boundary to your tree to customize error handling behavior.
      Visit https://reactjs.org/link/error-boundaries to learn more about error boundaries.

    [0m [90m 34 |[39m
     [90m 35 |[39m [36mconst[39m renderCalendar [33m=[39m (overrides [33m=[39m {}) [33m=>[39m {
    [31m[1m>[22m[39m[90m 36 |[39m   [36mreturn[39m render([33m<[39m[33mCalendarView[39m {[33m...[39mdefaultProps} {[33m...[39moverrides} [33m/[39m[33m>[39m)[33m;[39m
     [90m    |[39m                [31m[1m^[22m[39m
     [90m 37 |[39m }[33m;[39m
     [90m 38 |[39m
     [90m 39 |[39m describe([32m'CalendarView rendering'[39m[33m,[39m () [33m=>[39m {[0m

      at logCapturedError (node_modules/react-dom/cjs/react-dom.development.js:18704:23)
      at update.callback (node_modules/react-dom/cjs/react-dom.development.js:18737:5)
      at callCallback (node_modules/react-dom/cjs/react-dom.development.js:15036:12)
      at commitUpdateQueue (node_modules/react-dom/cjs/react-dom.development.js:15057:9)
      at commitLayoutEffectOnFiber (node_modules/react-dom/cjs/react-dom.development.js:23430:13)
      at commitLayoutMountEffects_complete (node_modules/react-dom/cjs/react-dom.development.js:24727:9)
      at commitLayoutEffects_begin (node_modules/react-dom/cjs/react-dom.development.js:24713:7)
      at commitLayoutEffects (node_modules/react-dom/cjs/react-dom.development.js:24651:3)
      at commitRootImpl (node_modules/react-dom/cjs/react-dom.development.js:26862:5)
      at commitRoot (node_modules/react-dom/cjs/react-dom.development.js:26721:5)
      at finishConcurrentRender (node_modules/react-dom/cjs/react-dom.development.js:25931:9)
      at performConcurrentWorkOnRoot (node_modules/react-dom/cjs/react-dom.development.js:25848:7)
      at flushActQueue (node_modules/react/cjs/react.development.js:2667:24)
      at act (node_modules/react/cjs/react.development.js:2582:11)
      at node_modules/@testing-library/react/dist/act-compat.js:46:25
      at renderRoot (node_modules/@testing-library/react/dist/pure.js:189:26)
      at render (node_modules/@testing-library/react/dist/pure.js:291:10)
      at renderCalendar (src/components/CalendarView.test.js:36:16)
      at Object.<anonymous> (src/components/CalendarView.test.js:68:5)

    console.error
      Error: Uncaught [TypeError: Cannot destructure property 'basename' of 'React.useContext(...)' as it is null.]
          at reportException (C:\Users\leotm\Desktop\Projetos\Programming\vacation-scheduler\node_modules\jsdom\lib\jsdom\living\helpers\runtime-script-errors.js:66:24)
          at innerInvokeEventListeners (C:\Users\leotm\Desktop\Projetos\Programming\vacation-scheduler\node_modules\jsdom\lib\jsdom\living\events\EventTarget-impl.js:341:9)
          at invokeEventListeners (C:\Users\leotm\Desktop\Projetos\Programming\vacation-scheduler\node_modules\jsdom\lib\jsdom\living\events\EventTarget-impl.js:274:3)
          at HTMLUnknownElementImpl._dispatch (C:\Users\leotm\Desktop\Projetos\Programming\vacation-scheduler\node_modules\jsdom\lib\jsdom\living\events\EventTarget-impl.js:221:9)
          at HTMLUnknownElementImpl.dispatchEvent (C:\Users\leotm\Desktop\Projetos\Programming\vacation-scheduler\node_modules\jsdom\lib\jsdom\living\events\EventTarget-impl.js:94:17)
          at HTMLUnknownElement.dispatchEvent (C:\Users\leotm\Desktop\Projetos\Programming\vacation-scheduler\node_modules\jsdom\lib\jsdom\living\generated\EventTarget.js:231:34)
          at Object.invokeGuardedCallbackDev (C:\Users\leotm\Desktop\Projetos\Programming\vacation-scheduler\node_modules\react-dom\cjs\react-dom.development.js:4213:16)
          at invokeGuardedCallback (C:\Users\leotm\Desktop\Projetos\Programming\vacation-scheduler\node_modules\react-dom\cjs\react-dom.development.js:4277:31)
          at beginWork$1 (C:\Users\leotm\Desktop\Projetos\Programming\vacation-scheduler\node_modules\react-dom\cjs\react-dom.development.js:27490:7)
          at performUnitOfWork (C:\Users\leotm\Desktop\Projetos\Programming\vacation-scheduler\node_modules\react-dom\cjs\react-dom.development.js:26599:12)
          at workLoopSync (C:\Users\leotm\Desktop\Projetos\Programming\vacation-scheduler\node_modules\react-dom\cjs\react-dom.development.js:26505:5)
          at renderRootSync (C:\Users\leotm\Desktop\Projetos\Programming\vacation-scheduler\node_modules\react-dom\cjs\react-dom.development.js:26473:7)
          at performConcurrentWorkOnRoot (C:\Users\leotm\Desktop\Projetos\Programming\vacation-scheduler\node_modules\react-dom\cjs\react-dom.development.js:25777:74)
          at flushActQueue (C:\Users\leotm\Desktop\Projetos\Programming\vacation-scheduler\node_modules\react\cjs\react.development.js:2667:24)
          at act (C:\Users\leotm\Desktop\Projetos\Programming\vacation-scheduler\node_modules\react\cjs\react.development.js:2582:11)
          at C:\Users\leotm\Desktop\Projetos\Programming\vacation-scheduler\node_modules\@testing-library\react\dist\act-compat.js:46:25
          at renderRoot (C:\Users\leotm\Desktop\Projetos\Programming\vacation-scheduler\node_modules\@testing-library\react\dist\pure.js:189:26)
          at render (C:\Users\leotm\Desktop\Projetos\Programming\vacation-scheduler\node_modules\@testing-library\react\dist\pure.js:291:10)
          at renderCalendar (C:\Users\leotm\Desktop\Projetos\Programming\vacation-scheduler\src\components\CalendarView.test.js:36:16)
          at Object.<anonymous> (C:\Users\leotm\Desktop\Projetos\Programming\vacation-scheduler\src\components\CalendarView.test.js:80:5)
          at Promise.then.completed (C:\Users\leotm\Desktop\Projetos\Programming\vacation-scheduler\node_modules\jest-circus\build\utils.js:391:28)
          at new Promise (<anonymous>)
          at callAsyncCircusFn (C:\Users\leotm\Desktop\Projetos\Programming\vacation-scheduler\node_modules\jest-circus\build\utils.js:316:10)
          at _callCircusTest (C:\Users\leotm\Desktop\Projetos\Programming\vacation-scheduler\node_modules\jest-circus\build\run.js:218:40)
          at processTicksAndRejections (node:internal/process/task_queues:103:5)
          at _runTest (C:\Users\leotm\Desktop\Projetos\Programming\vacation-scheduler\node_modules\jest-circus\build\run.js:155:3)
          at _runTestsForDescribeBlock (C:\Users\leotm\Desktop\Projetos\Programming\vacation-scheduler\node_modules\jest-circus\build\run.js:66:9)
          at _runTestsForDescribeBlock (C:\Users\leotm\Desktop\Projetos\Programming\vacation-scheduler\node_modules\jest-circus\build\run.js:60:9)
          at run (C:\Users\leotm\Desktop\Projetos\Programming\vacation-scheduler\node_modules\jest-circus\build\run.js:25:3)
          at runAndTransformResultsToJestFormat (C:\Users\leotm\Desktop\Projetos\Programming\vacation-scheduler\node_modules\jest-circus\build\legacy-code-todo-rewrite\jestAdapterInit.js:170:21)
          at jestAdapter (C:\Users\leotm\Desktop\Projetos\Programming\vacation-scheduler\node_modules\jest-circus\build\legacy-code-todo-rewrite\jestAdapter.js:82:19)
          at runTestInternal (C:\Users\leotm\Desktop\Projetos\Programming\vacation-scheduler\node_modules\jest-runner\build\runTest.js:389:16)
          at runTest (C:\Users\leotm\Desktop\Projetos\Programming\vacation-scheduler\node_modules\jest-runner\build\runTest.js:475:34)
          at Object.worker (C:\Users\leotm\Desktop\Projetos\Programming\vacation-scheduler\node_modules\jest-runner\build\testWorker.js:133:12) TypeError: Cannot destructure property 'basename' of 'React.useContext(...)' as it is null.
          at LinkWithRef (C:\Users\leotm\Desktop\Projetos\Programming\vacation-scheduler\node_modules\react-router\dist\development\chunk-2YMDXNOJ.js:399:11)
          at renderWithHooks (C:\Users\leotm\Desktop\Projetos\Programming\vacation-scheduler\node_modules\react-dom\cjs\react-dom.development.js:15486:18)
          at updateForwardRef (C:\Users\leotm\Desktop\Projetos\Programming\vacation-scheduler\node_modules\react-dom\cjs\react-dom.development.js:19245:20)
          at beginWork (C:\Users\leotm\Desktop\Projetos\Programming\vacation-scheduler\node_modules\react-dom\cjs\react-dom.development.js:21675:16)
          at HTMLUnknownElement.callCallback (C:\Users\leotm\Desktop\Projetos\Programming\vacation-scheduler\node_modules\react-dom\cjs\react-dom.development.js:4164:14)
          at HTMLUnknownElement.callTheUserObjectsOperation (C:\Users\leotm\Desktop\Projetos\Programming\vacation-scheduler\node_modules\jsdom\lib\jsdom\living\generated\EventListener.js:26:30)
          at innerInvokeEventListeners (C:\Users\leotm\Desktop\Projetos\Programming\vacation-scheduler\node_modules\jsdom\lib\jsdom\living\events\EventTarget-impl.js:338:25)
          at invokeEventListeners (C:\Users\leotm\Desktop\Projetos\Programming\vacation-scheduler\node_modules\jsdom\lib\jsdom\living\events\EventTarget-impl.js:274:3)
          at HTMLUnknownElementImpl._dispatch (C:\Users\leotm\Desktop\Projetos\Programming\vacation-scheduler\node_modules\jsdom\lib\jsdom\living\events\EventTarget-impl.js:221:9)
          at HTMLUnknownElementImpl.dispatchEvent (C:\Users\leotm\Desktop\Projetos\Programming\vacation-scheduler\node_modules\jsdom\lib\jsdom\living\events\EventTarget-impl.js:94:17)
          at HTMLUnknownElement.dispatchEvent (C:\Users\leotm\Desktop\Projetos\Programming\vacation-scheduler\node_modules\jsdom\lib\jsdom\living\generated\EventTarget.js:231:34)
          at Object.invokeGuardedCallbackDev (C:\Users\leotm\Desktop\Projetos\Programming\vacation-scheduler\node_modules\react-dom\cjs\react-dom.development.js:4213:16)
          at invokeGuardedCallback (C:\Users\leotm\Desktop\Projetos\Programming\vacation-scheduler\node_modules\react-dom\cjs\react-dom.development.js:4277:31)
          at beginWork$1 (C:\Users\leotm\Desktop\Projetos\Programming\vacation-scheduler\node_modules\react-dom\cjs\react-dom.development.js:27490:7)
          at performUnitOfWork (C:\Users\leotm\Desktop\Projetos\Programming\vacation-scheduler\node_modules\react-dom\cjs\react-dom.development.js:26599:12)
          at workLoopSync (C:\Users\leotm\Desktop\Projetos\Programming\vacation-scheduler\node_modules\react-dom\cjs\react-dom.development.js:26505:5)
          at renderRootSync (C:\Users\leotm\Desktop\Projetos\Programming\vacation-scheduler\node_modules\react-dom\cjs\react-dom.development.js:26473:7)
          at performConcurrentWorkOnRoot (C:\Users\leotm\Desktop\Projetos\Programming\vacation-scheduler\node_modules\react-dom\cjs\react-dom.development.js:25777:74)
          at flushActQueue (C:\Users\leotm\Desktop\Projetos\Programming\vacation-scheduler\node_modules\react\cjs\react.development.js:2667:24)
          at act (C:\Users\leotm\Desktop\Projetos\Programming\vacation-scheduler\node_modules\react\cjs\react.development.js:2582:11)
          at C:\Users\leotm\Desktop\Projetos\Programming\vacation-scheduler\node_modules\@testing-library\react\dist\act-compat.js:46:25
          at renderRoot (C:\Users\leotm\Desktop\Projetos\Programming\vacation-scheduler\node_modules\@testing-library\react\dist\pure.js:189:26)
          at render (C:\Users\leotm\Desktop\Projetos\Programming\vacation-scheduler\node_modules\@testing-library\react\dist\pure.js:291:10)
          at renderCalendar (C:\Users\leotm\Desktop\Projetos\Programming\vacation-scheduler\src\components\CalendarView.test.js:36:16)
          at Object.<anonymous> (C:\Users\leotm\Desktop\Projetos\Programming\vacation-scheduler\src\components\CalendarView.test.js:80:5)
          at Promise.then.completed (C:\Users\leotm\Desktop\Projetos\Programming\vacation-scheduler\node_modules\jest-circus\build\utils.js:391:28)
          at new Promise (<anonymous>)
          at callAsyncCircusFn (C:\Users\leotm\Desktop\Projetos\Programming\vacation-scheduler\node_modules\jest-circus\build\utils.js:316:10)
          at _callCircusTest (C:\Users\leotm\Desktop\Projetos\Programming\vacation-scheduler\node_modules\jest-circus\build\run.js:218:40)
          at processTicksAndRejections (node:internal/process/task_queues:103:5)
          at _runTest (C:\Users\leotm\Desktop\Projetos\Programming\vacation-scheduler\node_modules\jest-circus\build\run.js:155:3)
          at _runTestsForDescribeBlock (C:\Users\leotm\Desktop\Projetos\Programming\vacation-scheduler\node_modules\jest-circus\build\run.js:66:9)
          at _runTestsForDescribeBlock (C:\Users\leotm\Desktop\Projetos\Programming\vacation-scheduler\node_modules\jest-circus\build\run.js:60:9)
          at run (C:\Users\leotm\Desktop\Projetos\Programming\vacation-scheduler\node_modules\jest-circus\build\run.js:25:3)
          at runAndTransformResultsToJestFormat (C:\Users\leotm\Desktop\Projetos\Programming\vacation-scheduler\node_modules\jest-circus\build\legacy-code-todo-rewrite\jestAdapterInit.js:170:21)
          at jestAdapter (C:\Users\leotm\Desktop\Projetos\Programming\vacation-scheduler\node_modules\jest-circus\build\legacy-code-todo-rewrite\jestAdapter.js:82:19)
          at runTestInternal (C:\Users\leotm\Desktop\Projetos\Programming\vacation-scheduler\node_modules\jest-runner\build\runTest.js:389:16)
          at runTest (C:\Users\leotm\Desktop\Projetos\Programming\vacation-scheduler\node_modules\jest-runner\build\runTest.js:475:34)
          at Object.worker (C:\Users\leotm\Desktop\Projetos\Programming\vacation-scheduler\node_modules\jest-runner\build\testWorker.js:133:12)

    [0m [90m 34 |[39m
     [90m 35 |[39m [36mconst[39m renderCalendar [33m=[39m (overrides [33m=[39m {}) [33m=>[39m {
    [31m[1m>[22m[39m[90m 36 |[39m   [36mreturn[39m render([33m<[39m[33mCalendarView[39m {[33m...[39mdefaultProps} {[33m...[39moverrides} [33m/[39m[33m>[39m)[33m;[39m
     [90m    |[39m                [31m[1m^[22m[39m
     [90m 37 |[39m }[33m;[39m
     [90m 38 |[39m
     [90m 39 |[39m describe([32m'CalendarView rendering'[39m[33m,[39m () [33m=>[39m {[0m

      at VirtualConsole.<anonymous> (node_modules/jsdom/lib/jsdom/virtual-console.js:29:45)
      at reportException (node_modules/jsdom/lib/jsdom/living/helpers/runtime-script-errors.js:70:28)
      at innerInvokeEventListeners (node_modules/jsdom/lib/jsdom/living/events/EventTarget-impl.js:341:9)
      at invokeEventListeners (node_modules/jsdom/lib/jsdom/living/events/EventTarget-impl.js:274:3)
      at HTMLUnknownElementImpl._dispatch (node_modules/jsdom/lib/jsdom/living/events/EventTarget-impl.js:221:9)
      at HTMLUnknownElementImpl.dispatchEvent (node_modules/jsdom/lib/jsdom/living/events/EventTarget-impl.js:94:17)
      at HTMLUnknownElement.dispatchEvent (node_modules/jsdom/lib/jsdom/living/generated/EventTarget.js:231:34)
      at Object.invokeGuardedCallbackDev (node_modules/react-dom/cjs/react-dom.development.js:4213:16)
      at invokeGuardedCallback (node_modules/react-dom/cjs/react-dom.development.js:4277:31)
      at beginWork$1 (node_modules/react-dom/cjs/react-dom.development.js:27490:7)
      at performUnitOfWork (node_modules/react-dom/cjs/react-dom.development.js:26599:12)
      at workLoopSync (node_modules/react-dom/cjs/react-dom.development.js:26505:5)
      at renderRootSync (node_modules/react-dom/cjs/react-dom.development.js:26473:7)
      at performConcurrentWorkOnRoot (node_modules/react-dom/cjs/react-dom.development.js:25777:74)
      at flushActQueue (node_modules/react/cjs/react.development.js:2667:24)
      at act (node_modules/react/cjs/react.development.js:2582:11)
      at node_modules/@testing-library/react/dist/act-compat.js:46:25
      at renderRoot (node_modules/@testing-library/react/dist/pure.js:189:26)
      at render (node_modules/@testing-library/react/dist/pure.js:291:10)
      at renderCalendar (src/components/CalendarView.test.js:36:16)
      at Object.<anonymous> (src/components/CalendarView.test.js:80:5)

    console.error
      Error: Uncaught [TypeError: Cannot destructure property 'basename' of 'React.useContext(...)' as it is null.]
          at reportException (C:\Users\leotm\Desktop\Projetos\Programming\vacation-scheduler\node_modules\jsdom\lib\jsdom\living\helpers\runtime-script-errors.js:66:24)
          at innerInvokeEventListeners (C:\Users\leotm\Desktop\Projetos\Programming\vacation-scheduler\node_modules\jsdom\lib\jsdom\living\events\EventTarget-impl.js:341:9)
          at invokeEventListeners (C:\Users\leotm\Desktop\Projetos\Programming\vacation-scheduler\node_modules\jsdom\lib\jsdom\living\events\EventTarget-impl.js:274:3)
          at HTMLUnknownElementImpl._dispatch (C:\Users\leotm\Desktop\Projetos\Programming\vacation-scheduler\node_modules\jsdom\lib\jsdom\living\events\EventTarget-impl.js:221:9)
          at HTMLUnknownElementImpl.dispatchEvent (C:\Users\leotm\Desktop\Projetos\Programming\vacation-scheduler\node_modules\jsdom\lib\jsdom\living\events\EventTarget-impl.js:94:17)
          at HTMLUnknownElement.dispatchEvent (C:\Users\leotm\Desktop\Projetos\Programming\vacation-scheduler\node_modules\jsdom\lib\jsdom\living\generated\EventTarget.js:231:34)
          at Object.invokeGuardedCallbackDev (C:\Users\leotm\Desktop\Projetos\Programming\vacation-scheduler\node_modules\react-dom\cjs\react-dom.development.js:4213:16)
          at invokeGuardedCallback (C:\Users\leotm\Desktop\Projetos\Programming\vacation-scheduler\node_modules\react-dom\cjs\react-dom.development.js:4277:31)
          at beginWork$1 (C:\Users\leotm\Desktop\Projetos\Programming\vacation-scheduler\node_modules\react-dom\cjs\react-dom.development.js:27490:7)
          at performUnitOfWork (C:\Users\leotm\Desktop\Projetos\Programming\vacation-scheduler\node_modules\react-dom\cjs\react-dom.development.js:26599:12)
          at workLoopSync (C:\Users\leotm\Desktop\Projetos\Programming\vacation-scheduler\node_modules\react-dom\cjs\react-dom.development.js:26505:5)
          at renderRootSync (C:\Users\leotm\Desktop\Projetos\Programming\vacation-scheduler\node_modules\react-dom\cjs\react-dom.development.js:26473:7)
          at recoverFromConcurrentError (C:\Users\leotm\Desktop\Projetos\Programming\vacation-scheduler\node_modules\react-dom\cjs\react-dom.development.js:25889:20)
          at performConcurrentWorkOnRoot (C:\Users\leotm\Desktop\Projetos\Programming\vacation-scheduler\node_modules\react-dom\cjs\react-dom.development.js:25789:22)
          at flushActQueue (C:\Users\leotm\Desktop\Projetos\Programming\vacation-scheduler\node_modules\react\cjs\react.development.js:2667:24)
          at act (C:\Users\leotm\Desktop\Projetos\Programming\vacation-scheduler\node_modules\react\cjs\react.development.js:2582:11)
          at C:\Users\leotm\Desktop\Projetos\Programming\vacation-scheduler\node_modules\@testing-library\react\dist\act-compat.js:46:25
          at renderRoot (C:\Users\leotm\Desktop\Projetos\Programming\vacation-scheduler\node_modules\@testing-library\react\dist\pure.js:189:26)
          at render (C:\Users\leotm\Desktop\Projetos\Programming\vacation-scheduler\node_modules\@testing-library\react\dist\pure.js:291:10)
          at renderCalendar (C:\Users\leotm\Desktop\Projetos\Programming\vacation-scheduler\src\components\CalendarView.test.js:36:16)
          at Object.<anonymous> (C:\Users\leotm\Desktop\Projetos\Programming\vacation-scheduler\src\components\CalendarView.test.js:80:5)
          at Promise.then.completed (C:\Users\leotm\Desktop\Projetos\Programming\vacation-scheduler\node_modules\jest-circus\build\utils.js:391:28)
          at new Promise (<anonymous>)
          at callAsyncCircusFn (C:\Users\leotm\Desktop\Projetos\Programming\vacation-scheduler\node_modules\jest-circus\build\utils.js:316:10)
          at _callCircusTest (C:\Users\leotm\Desktop\Projetos\Programming\vacation-scheduler\node_modules\jest-circus\build\run.js:218:40)
          at processTicksAndRejections (node:internal/process/task_queues:103:5)
          at _runTest (C:\Users\leotm\Desktop\Projetos\Programming\vacation-scheduler\node_modules\jest-circus\build\run.js:155:3)
          at _runTestsForDescribeBlock (C:\Users\leotm\Desktop\Projetos\Programming\vacation-scheduler\node_modules\jest-circus\build\run.js:66:9)
          at _runTestsForDescribeBlock (C:\Users\leotm\Desktop\Projetos\Programming\vacation-scheduler\node_modules\jest-circus\build\run.js:60:9)
          at run (C:\Users\leotm\Desktop\Projetos\Programming\vacation-scheduler\node_modules\jest-circus\build\run.js:25:3)
          at runAndTransformResultsToJestFormat (C:\Users\leotm\Desktop\Projetos\Programming\vacation-scheduler\node_modules\jest-circus\build\legacy-code-todo-rewrite\jestAdapterInit.js:170:21)
          at jestAdapter (C:\Users\leotm\Desktop\Projetos\Programming\vacation-scheduler\node_modules\jest-circus\build\legacy-code-todo-rewrite\jestAdapter.js:82:19)
          at runTestInternal (C:\Users\leotm\Desktop\Projetos\Programming\vacation-scheduler\node_modules\jest-runner\build\runTest.js:389:16)
          at runTest (C:\Users\leotm\Desktop\Projetos\Programming\vacation-scheduler\node_modules\jest-runner\build\runTest.js:475:34)
          at Object.worker (C:\Users\leotm\Desktop\Projetos\Programming\vacation-scheduler\node_modules\jest-runner\build\testWorker.js:133:12) TypeError: Cannot destructure property 'basename' of 'React.useContext(...)' as it is null.
          at LinkWithRef (C:\Users\leotm\Desktop\Projetos\Programming\vacation-scheduler\node_modules\react-router\dist\development\chunk-2YMDXNOJ.js:399:11)
          at renderWithHooks (C:\Users\leotm\Desktop\Projetos\Programming\vacation-scheduler\node_modules\react-dom\cjs\react-dom.development.js:15486:18)
          at updateForwardRef (C:\Users\leotm\Desktop\Projetos\Programming\vacation-scheduler\node_modules\react-dom\cjs\react-dom.development.js:19245:20)
          at beginWork (C:\Users\leotm\Desktop\Projetos\Programming\vacation-scheduler\node_modules\react-dom\cjs\react-dom.development.js:21675:16)
          at HTMLUnknownElement.callCallback (C:\Users\leotm\Desktop\Projetos\Programming\vacation-scheduler\node_modules\react-dom\cjs\react-dom.development.js:4164:14)
          at HTMLUnknownElement.callTheUserObjectsOperation (C:\Users\leotm\Desktop\Projetos\Programming\vacation-scheduler\node_modules\jsdom\lib\jsdom\living\generated\EventListener.js:26:30)
          at innerInvokeEventListeners (C:\Users\leotm\Desktop\Projetos\Programming\vacation-scheduler\node_modules\jsdom\lib\jsdom\living\events\EventTarget-impl.js:338:25)
          at invokeEventListeners (C:\Users\leotm\Desktop\Projetos\Programming\vacation-scheduler\node_modules\jsdom\lib\jsdom\living\events\EventTarget-impl.js:274:3)
          at HTMLUnknownElementImpl._dispatch (C:\Users\leotm\Desktop\Projetos\Programming\vacation-scheduler\node_modules\jsdom\lib\jsdom\living\events\EventTarget-impl.js:221:9)
          at HTMLUnknownElementImpl.dispatchEvent (C:\Users\leotm\Desktop\Projetos\Programming\vacation-scheduler\node_modules\jsdom\lib\jsdom\living\events\EventTarget-impl.js:94:17)
          at HTMLUnknownElement.dispatchEvent (C:\Users\leotm\Desktop\Projetos\Programming\vacation-scheduler\node_modules\jsdom\lib\jsdom\living\generated\EventTarget.js:231:34)
          at Object.invokeGuardedCallbackDev (C:\Users\leotm\Desktop\Projetos\Programming\vacation-scheduler\node_modules\react-dom\cjs\react-dom.development.js:4213:16)
          at invokeGuardedCallback (C:\Users\leotm\Desktop\Projetos\Programming\vacation-scheduler\node_modules\react-dom\cjs\react-dom.development.js:4277:31)
          at beginWork$1 (C:\Users\leotm\Desktop\Projetos\Programming\vacation-scheduler\node_modules\react-dom\cjs\react-dom.development.js:27490:7)
          at performUnitOfWork (C:\Users\leotm\Desktop\Projetos\Programming\vacation-scheduler\node_modules\react-dom\cjs\react-dom.development.js:26599:12)
          at workLoopSync (C:\Users\leotm\Desktop\Projetos\Programming\vacation-scheduler\node_modules\react-dom\cjs\react-dom.development.js:26505:5)
          at renderRootSync (C:\Users\leotm\Desktop\Projetos\Programming\vacation-scheduler\node_modules\react-dom\cjs\react-dom.development.js:26473:7)
          at recoverFromConcurrentError (C:\Users\leotm\Desktop\Projetos\Programming\vacation-scheduler\node_modules\react-dom\cjs\react-dom.development.js:25889:20)
          at performConcurrentWorkOnRoot (C:\Users\leotm\Desktop\Projetos\Programming\vacation-scheduler\node_modules\react-dom\cjs\react-dom.development.js:25789:22)
          at flushActQueue (C:\Users\leotm\Desktop\Projetos\Programming\vacation-scheduler\node_modules\react\cjs\react.development.js:2667:24)
          at act (C:\Users\leotm\Desktop\Projetos\Programming\vacation-scheduler\node_modules\react\cjs\react.development.js:2582:11)
          at C:\Users\leotm\Desktop\Projetos\Programming\vacation-scheduler\node_modules\@testing-library\react\dist\act-compat.js:46:25
          at renderRoot (C:\Users\leotm\Desktop\Projetos\Programming\vacation-scheduler\node_modules\@testing-library\react\dist\pure.js:189:26)
          at render (C:\Users\leotm\Desktop\Projetos\Programming\vacation-scheduler\node_modules\@testing-library\react\dist\pure.js:291:10)
          at renderCalendar (C:\Users\leotm\Desktop\Projetos\Programming\vacation-scheduler\src\components\CalendarView.test.js:36:16)
          at Object.<anonymous> (C:\Users\leotm\Desktop\Projetos\Programming\vacation-scheduler\src\components\CalendarView.test.js:80:5)
          at Promise.then.completed (C:\Users\leotm\Desktop\Projetos\Programming\vacation-scheduler\node_modules\jest-circus\build\utils.js:391:28)
          at new Promise (<anonymous>)
          at callAsyncCircusFn (C:\Users\leotm\Desktop\Projetos\Programming\vacation-scheduler\node_modules\jest-circus\build\utils.js:316:10)
          at _callCircusTest (C:\Users\leotm\Desktop\Projetos\Programming\vacation-scheduler\node_modules\jest-circus\build\run.js:218:40)
          at processTicksAndRejections (node:internal/process/task_queues:103:5)
          at _runTest (C:\Users\leotm\Desktop\Projetos\Programming\vacation-scheduler\node_modules\jest-circus\build\run.js:155:3)
          at _runTestsForDescribeBlock (C:\Users\leotm\Desktop\Projetos\Programming\vacation-scheduler\node_modules\jest-circus\build\run.js:66:9)
          at _runTestsForDescribeBlock (C:\Users\leotm\Desktop\Projetos\Programming\vacation-scheduler\node_modules\jest-circus\build\run.js:60:9)
          at run (C:\Users\leotm\Desktop\Projetos\Programming\vacation-scheduler\node_modules\jest-circus\build\run.js:25:3)
          at runAndTransformResultsToJestFormat (C:\Users\leotm\Desktop\Projetos\Programming\vacation-scheduler\node_modules\jest-circus\build\legacy-code-todo-rewrite\jestAdapterInit.js:170:21)
          at jestAdapter (C:\Users\leotm\Desktop\Projetos\Programming\vacation-scheduler\node_modules\jest-circus\build\legacy-code-todo-rewrite\jestAdapter.js:82:19)
          at runTestInternal (C:\Users\leotm\Desktop\Projetos\Programming\vacation-scheduler\node_modules\jest-runner\build\runTest.js:389:16)
          at runTest (C:\Users\leotm\Desktop\Projetos\Programming\vacation-scheduler\node_modules\jest-runner\build\runTest.js:475:34)
          at Object.worker (C:\Users\leotm\Desktop\Projetos\Programming\vacation-scheduler\node_modules\jest-runner\build\testWorker.js:133:12)

    [0m [90m 34 |[39m
     [90m 35 |[39m [36mconst[39m renderCalendar [33m=[39m (overrides [33m=[39m {}) [33m=>[39m {
    [31m[1m>[22m[39m[90m 36 |[39m   [36mreturn[39m render([33m<[39m[33mCalendarView[39m {[33m...[39mdefaultProps} {[33m...[39moverrides} [33m/[39m[33m>[39m)[33m;[39m
     [90m    |[39m                [31m[1m^[22m[39m
     [90m 37 |[39m }[33m;[39m
     [90m 38 |[39m
     [90m 39 |[39m describe([32m'CalendarView rendering'[39m[33m,[39m () [33m=>[39m {[0m

      at VirtualConsole.<anonymous> (node_modules/jsdom/lib/jsdom/virtual-console.js:29:45)
      at reportException (node_modules/jsdom/lib/jsdom/living/helpers/runtime-script-errors.js:70:28)
      at innerInvokeEventListeners (node_modules/jsdom/lib/jsdom/living/events/EventTarget-impl.js:341:9)
      at invokeEventListeners (node_modules/jsdom/lib/jsdom/living/events/EventTarget-impl.js:274:3)
      at HTMLUnknownElementImpl._dispatch (node_modules/jsdom/lib/jsdom/living/events/EventTarget-impl.js:221:9)
      at HTMLUnknownElementImpl.dispatchEvent (node_modules/jsdom/lib/jsdom/living/events/EventTarget-impl.js:94:17)
      at HTMLUnknownElement.dispatchEvent (node_modules/jsdom/lib/jsdom/living/generated/EventTarget.js:231:34)
      at Object.invokeGuardedCallbackDev (node_modules/react-dom/cjs/react-dom.development.js:4213:16)
      at invokeGuardedCallback (node_modules/react-dom/cjs/react-dom.development.js:4277:31)
      at beginWork$1 (node_modules/react-dom/cjs/react-dom.development.js:27490:7)
      at performUnitOfWork (node_modules/react-dom/cjs/react-dom.development.js:26599:12)
      at workLoopSync (node_modules/react-dom/cjs/react-dom.development.js:26505:5)
      at renderRootSync (node_modules/react-dom/cjs/react-dom.development.js:26473:7)
      at recoverFromConcurrentError (node_modules/react-dom/cjs/react-dom.development.js:25889:20)
      at performConcurrentWorkOnRoot (node_modules/react-dom/cjs/react-dom.development.js:25789:22)
      at flushActQueue (node_modules/react/cjs/react.development.js:2667:24)
      at act (node_modules/react/cjs/react.development.js:2582:11)
      at node_modules/@testing-library/react/dist/act-compat.js:46:25
      at renderRoot (node_modules/@testing-library/react/dist/pure.js:189:26)
      at render (node_modules/@testing-library/react/dist/pure.js:291:10)
      at renderCalendar (src/components/CalendarView.test.js:36:16)
      at Object.<anonymous> (src/components/CalendarView.test.js:80:5)

    console.error
      The above error occurred in the <Link> component:
      
          at LinkWithRef (C:\Users\leotm\Desktop\Projetos\Programming\vacation-scheduler\node_modules\react-router\dist\development\chunk-2YMDXNOJ.js:384:5)
          at p
          at div
          at div
          at form
          at CalendarView (C:\Users\leotm\Desktop\Projetos\Programming\vacation-scheduler\src\components\CalendarView.js:44:25)
      
      Consider adding an error boundary to your tree to customize error handling behavior.
      Visit https://reactjs.org/link/error-boundaries to learn more about error boundaries.

    [0m [90m 34 |[39m
     [90m 35 |[39m [36mconst[39m renderCalendar [33m=[39m (overrides [33m=[39m {}) [33m=>[39m {
    [31m[1m>[22m[39m[90m 36 |[39m   [36mreturn[39m render([33m<[39m[33mCalendarView[39m {[33m...[39mdefaultProps} {[33m...[39moverrides} [33m/[39m[33m>[39m)[33m;[39m
     [90m    |[39m                [31m[1m^[22m[39m
     [90m 37 |[39m }[33m;[39m
     [90m 38 |[39m
     [90m 39 |[39m describe([32m'CalendarView rendering'[39m[33m,[39m () [33m=>[39m {[0m

      at logCapturedError (node_modules/react-dom/cjs/react-dom.development.js:18704:23)
      at update.callback (node_modules/react-dom/cjs/react-dom.development.js:18737:5)
      at callCallback (node_modules/react-dom/cjs/react-dom.development.js:15036:12)
      at commitUpdateQueue (node_modules/react-dom/cjs/react-dom.development.js:15057:9)
      at commitLayoutEffectOnFiber (node_modules/react-dom/cjs/react-dom.development.js:23430:13)
      at commitLayoutMountEffects_complete (node_modules/react-dom/cjs/react-dom.development.js:24727:9)
      at commitLayoutEffects_begin (node_modules/react-dom/cjs/react-dom.development.js:24713:7)
      at commitLayoutEffects (node_modules/react-dom/cjs/react-dom.development.js:24651:3)
      at commitRootImpl (node_modules/react-dom/cjs/react-dom.development.js:26862:5)
      at commitRoot (node_modules/react-dom/cjs/react-dom.development.js:26721:5)
      at finishConcurrentRender (node_modules/react-dom/cjs/react-dom.development.js:25931:9)
      at performConcurrentWorkOnRoot (node_modules/react-dom/cjs/react-dom.development.js:25848:7)
      at flushActQueue (node_modules/react/cjs/react.development.js:2667:24)
      at act (node_modules/react/cjs/react.development.js:2582:11)
      at node_modules/@testing-library/react/dist/act-compat.js:46:25
      at renderRoot (node_modules/@testing-library/react/dist/pure.js:189:26)
      at render (node_modules/@testing-library/react/dist/pure.js:291:10)
      at renderCalendar (src/components/CalendarView.test.js:36:16)
      at Object.<anonymous> (src/components/CalendarView.test.js:80:5)

    console.error
      Error: Uncaught [TypeError: Cannot destructure property 'basename' of 'React.useContext(...)' as it is null.]
          at reportException (C:\Users\leotm\Desktop\Projetos\Programming\vacation-scheduler\node_modules\jsdom\lib\jsdom\living\helpers\runtime-script-errors.js:66:24)
          at innerInvokeEventListeners (C:\Users\leotm\Desktop\Projetos\Programming\vacation-scheduler\node_modules\jsdom\lib\jsdom\living\events\EventTarget-impl.js:341:9)
          at invokeEventListeners (C:\Users\leotm\Desktop\Projetos\Programming\vacation-scheduler\node_modules\jsdom\lib\jsdom\living\events\EventTarget-impl.js:274:3)
          at HTMLUnknownElementImpl._dispatch (C:\Users\leotm\Desktop\Projetos\Programming\vacation-scheduler\node_modules\jsdom\lib\jsdom\living\events\EventTarget-impl.js:221:9)
          at HTMLUnknownElementImpl.dispatchEvent (C:\Users\leotm\Desktop\Projetos\Programming\vacation-scheduler\node_modules\jsdom\lib\jsdom\living\events\EventTarget-impl.js:94:17)
          at HTMLUnknownElement.dispatchEvent (C:\Users\leotm\Desktop\Projetos\Programming\vacation-scheduler\node_modules\jsdom\lib\jsdom\living\generated\EventTarget.js:231:34)
          at Object.invokeGuardedCallbackDev (C:\Users\leotm\Desktop\Projetos\Programming\vacation-scheduler\node_modules\react-dom\cjs\react-dom.development.js:4213:16)
          at invokeGuardedCallback (C:\Users\leotm\Desktop\Projetos\Programming\vacation-scheduler\node_modules\react-dom\cjs\react-dom.development.js:4277:31)
          at beginWork$1 (C:\Users\leotm\Desktop\Projetos\Programming\vacation-scheduler\node_modules\react-dom\cjs\react-dom.development.js:27490:7)
          at performUnitOfWork (C:\Users\leotm\Desktop\Projetos\Programming\vacation-scheduler\node_modules\react-dom\cjs\react-dom.development.js:26599:12)
          at workLoopSync (C:\Users\leotm\Desktop\Projetos\Programming\vacation-scheduler\node_modules\react-dom\cjs\react-dom.development.js:26505:5)
          at renderRootSync (C:\Users\leotm\Desktop\Projetos\Programming\vacation-scheduler\node_modules\react-dom\cjs\react-dom.development.js:26473:7)
          at performConcurrentWorkOnRoot (C:\Users\leotm\Desktop\Projetos\Programming\vacation-scheduler\node_modules\react-dom\cjs\react-dom.development.js:25777:74)
          at flushActQueue (C:\Users\leotm\Desktop\Projetos\Programming\vacation-scheduler\node_modules\react\cjs\react.development.js:2667:24)
          at act (C:\Users\leotm\Desktop\Projetos\Programming\vacation-scheduler\node_modules\react\cjs\react.development.js:2582:11)
          at C:\Users\leotm\Desktop\Projetos\Programming\vacation-scheduler\node_modules\@testing-library\react\dist\act-compat.js:46:25
          at renderRoot (C:\Users\leotm\Desktop\Projetos\Programming\vacation-scheduler\node_modules\@testing-library\react\dist\pure.js:189:26)
          at render (C:\Users\leotm\Desktop\Projetos\Programming\vacation-scheduler\node_modules\@testing-library\react\dist\pure.js:291:10)
          at renderCalendar (C:\Users\leotm\Desktop\Projetos\Programming\vacation-scheduler\src\components\CalendarView.test.js:36:16)
          at Object.<anonymous> (C:\Users\leotm\Desktop\Projetos\Programming\vacation-scheduler\src\components\CalendarView.test.js:88:5)
          at Promise.then.completed (C:\Users\leotm\Desktop\Projetos\Programming\vacation-scheduler\node_modules\jest-circus\build\utils.js:391:28)
          at new Promise (<anonymous>)
          at callAsyncCircusFn (C:\Users\leotm\Desktop\Projetos\Programming\vacation-scheduler\node_modules\jest-circus\build\utils.js:316:10)
          at _callCircusTest (C:\Users\leotm\Desktop\Projetos\Programming\vacation-scheduler\node_modules\jest-circus\build\run.js:218:40)
          at processTicksAndRejections (node:internal/process/task_queues:103:5)
          at _runTest (C:\Users\leotm\Desktop\Projetos\Programming\vacation-scheduler\node_modules\jest-circus\build\run.js:155:3)
          at _runTestsForDescribeBlock (C:\Users\leotm\Desktop\Projetos\Programming\vacation-scheduler\node_modules\jest-circus\build\run.js:66:9)
          at _runTestsForDescribeBlock (C:\Users\leotm\Desktop\Projetos\Programming\vacation-scheduler\node_modules\jest-circus\build\run.js:60:9)
          at run (C:\Users\leotm\Desktop\Projetos\Programming\vacation-scheduler\node_modules\jest-circus\build\run.js:25:3)
          at runAndTransformResultsToJestFormat (C:\Users\leotm\Desktop\Projetos\Programming\vacation-scheduler\node_modules\jest-circus\build\legacy-code-todo-rewrite\jestAdapterInit.js:170:21)
          at jestAdapter (C:\Users\leotm\Desktop\Projetos\Programming\vacation-scheduler\node_modules\jest-circus\build\legacy-code-todo-rewrite\jestAdapter.js:82:19)
          at runTestInternal (C:\Users\leotm\Desktop\Projetos\Programming\vacation-scheduler\node_modules\jest-runner\build\runTest.js:389:16)
          at runTest (C:\Users\leotm\Desktop\Projetos\Programming\vacation-scheduler\node_modules\jest-runner\build\runTest.js:475:34)
          at Object.worker (C:\Users\leotm\Desktop\Projetos\Programming\vacation-scheduler\node_modules\jest-runner\build\testWorker.js:133:12) TypeError: Cannot destructure property 'basename' of 'React.useContext(...)' as it is null.
          at LinkWithRef (C:\Users\leotm\Desktop\Projetos\Programming\vacation-scheduler\node_modules\react-router\dist\development\chunk-2YMDXNOJ.js:399:11)
          at renderWithHooks (C:\Users\leotm\Desktop\Projetos\Programming\vacation-scheduler\node_modules\react-dom\cjs\react-dom.development.js:15486:18)
          at updateForwardRef (C:\Users\leotm\Desktop\Projetos\Programming\vacation-scheduler\node_modules\react-dom\cjs\react-dom.development.js:19245:20)
          at beginWork (C:\Users\leotm\Desktop\Projetos\Programming\vacation-scheduler\node_modules\react-dom\cjs\react-dom.development.js:21675:16)
          at HTMLUnknownElement.callCallback (C:\Users\leotm\Desktop\Projetos\Programming\vacation-scheduler\node_modules\react-dom\cjs\react-dom.development.js:4164:14)
          at HTMLUnknownElement.callTheUserObjectsOperation (C:\Users\leotm\Desktop\Projetos\Programming\vacation-scheduler\node_modules\jsdom\lib\jsdom\living\generated\EventListener.js:26:30)
          at innerInvokeEventListeners (C:\Users\leotm\Desktop\Projetos\Programming\vacation-scheduler\node_modules\jsdom\lib\jsdom\living\events\EventTarget-impl.js:338:25)
          at invokeEventListeners (C:\Users\leotm\Desktop\Projetos\Programming\vacation-scheduler\node_modules\jsdom\lib\jsdom\living\events\EventTarget-impl.js:274:3)
          at HTMLUnknownElementImpl._dispatch (C:\Users\leotm\Desktop\Projetos\Programming\vacation-scheduler\node_modules\jsdom\lib\jsdom\living\events\EventTarget-impl.js:221:9)
          at HTMLUnknownElementImpl.dispatchEvent (C:\Users\leotm\Desktop\Projetos\Programming\vacation-scheduler\node_modules\jsdom\lib\jsdom\living\events\EventTarget-impl.js:94:17)
          at HTMLUnknownElement.dispatchEvent (C:\Users\leotm\Desktop\Projetos\Programming\vacation-scheduler\node_modules\jsdom\lib\jsdom\living\generated\EventTarget.js:231:34)
          at Object.invokeGuardedCallbackDev (C:\Users\leotm\Desktop\Projetos\Programming\vacation-scheduler\node_modules\react-dom\cjs\react-dom.development.js:4213:16)
          at invokeGuardedCallback (C:\Users\leotm\Desktop\Projetos\Programming\vacation-scheduler\node_modules\react-dom\cjs\react-dom.development.js:4277:31)
          at beginWork$1 (C:\Users\leotm\Desktop\Projetos\Programming\vacation-scheduler\node_modules\react-dom\cjs\react-dom.development.js:27490:7)
          at performUnitOfWork (C:\Users\leotm\Desktop\Projetos\Programming\vacation-scheduler\node_modules\react-dom\cjs\react-dom.development.js:26599:12)
          at workLoopSync (C:\Users\leotm\Desktop\Projetos\Programming\vacation-scheduler\node_modules\react-dom\cjs\react-dom.development.js:26505:5)
          at renderRootSync (C:\Users\leotm\Desktop\Projetos\Programming\vacation-scheduler\node_modules\react-dom\cjs\react-dom.development.js:26473:7)
          at performConcurrentWorkOnRoot (C:\Users\leotm\Desktop\Projetos\Programming\vacation-scheduler\node_modules\react-dom\cjs\react-dom.development.js:25777:74)
          at flushActQueue (C:\Users\leotm\Desktop\Projetos\Programming\vacation-scheduler\node_modules\react\cjs\react.development.js:2667:24)
          at act (C:\Users\leotm\Desktop\Projetos\Programming\vacation-scheduler\node_modules\react\cjs\react.development.js:2582:11)
          at C:\Users\leotm\Desktop\Projetos\Programming\vacation-scheduler\node_modules\@testing-library\react\dist\act-compat.js:46:25
          at renderRoot (C:\Users\leotm\Desktop\Projetos\Programming\vacation-scheduler\node_modules\@testing-library\react\dist\pure.js:189:26)
          at render (C:\Users\leotm\Desktop\Projetos\Programming\vacation-scheduler\node_modules\@testing-library\react\dist\pure.js:291:10)
          at renderCalendar (C:\Users\leotm\Desktop\Projetos\Programming\vacation-scheduler\src\components\CalendarView.test.js:36:16)
          at Object.<anonymous> (C:\Users\leotm\Desktop\Projetos\Programming\vacation-scheduler\src\components\CalendarView.test.js:88:5)
          at Promise.then.completed (C:\Users\leotm\Desktop\Projetos\Programming\vacation-scheduler\node_modules\jest-circus\build\utils.js:391:28)
          at new Promise (<anonymous>)
          at callAsyncCircusFn (C:\Users\leotm\Desktop\Projetos\Programming\vacation-scheduler\node_modules\jest-circus\build\utils.js:316:10)
          at _callCircusTest (C:\Users\leotm\Desktop\Projetos\Programming\vacation-scheduler\node_modules\jest-circus\build\run.js:218:40)
          at processTicksAndRejections (node:internal/process/task_queues:103:5)
          at _runTest (C:\Users\leotm\Desktop\Projetos\Programming\vacation-scheduler\node_modules\jest-circus\build\run.js:155:3)
          at _runTestsForDescribeBlock (C:\Users\leotm\Desktop\Projetos\Programming\vacation-scheduler\node_modules\jest-circus\build\run.js:66:9)
          at _runTestsForDescribeBlock (C:\Users\leotm\Desktop\Projetos\Programming\vacation-scheduler\node_modules\jest-circus\build\run.js:60:9)
          at run (C:\Users\leotm\Desktop\Projetos\Programming\vacation-scheduler\node_modules\jest-circus\build\run.js:25:3)
          at runAndTransformResultsToJestFormat (C:\Users\leotm\Desktop\Projetos\Programming\vacation-scheduler\node_modules\jest-circus\build\legacy-code-todo-rewrite\jestAdapterInit.js:170:21)
          at jestAdapter (C:\Users\leotm\Desktop\Projetos\Programming\vacation-scheduler\node_modules\jest-circus\build\legacy-code-todo-rewrite\jestAdapter.js:82:19)
          at runTestInternal (C:\Users\leotm\Desktop\Projetos\Programming\vacation-scheduler\node_modules\jest-runner\build\runTest.js:389:16)
          at runTest (C:\Users\leotm\Desktop\Projetos\Programming\vacation-scheduler\node_modules\jest-runner\build\runTest.js:475:34)
          at Object.worker (C:\Users\leotm\Desktop\Projetos\Programming\vacation-scheduler\node_modules\jest-runner\build\testWorker.js:133:12)

    [0m [90m 34 |[39m
     [90m 35 |[39m [36mconst[39m renderCalendar [33m=[39m (overrides [33m=[39m {}) [33m=>[39m {
    [31m[1m>[22m[39m[90m 36 |[39m   [36mreturn[39m render([33m<[39m[33mCalendarView[39m {[33m...[39mdefaultProps} {[33m...[39moverrides} [33m/[39m[33m>[39m)[33m;[39m
     [90m    |[39m                [31m[1m^[22m[39m
     [90m 37 |[39m }[33m;[39m
     [90m 38 |[39m
     [90m 39 |[39m describe([32m'CalendarView rendering'[39m[33m,[39m () [33m=>[39m {[0m

      at VirtualConsole.<anonymous> (node_modules/jsdom/lib/jsdom/virtual-console.js:29:45)
      at reportException (node_modules/jsdom/lib/jsdom/living/helpers/runtime-script-errors.js:70:28)
      at innerInvokeEventListeners (node_modules/jsdom/lib/jsdom/living/events/EventTarget-impl.js:341:9)
      at invokeEventListeners (node_modules/jsdom/lib/jsdom/living/events/EventTarget-impl.js:274:3)
      at HTMLUnknownElementImpl._dispatch (node_modules/jsdom/lib/jsdom/living/events/EventTarget-impl.js:221:9)
      at HTMLUnknownElementImpl.dispatchEvent (node_modules/jsdom/lib/jsdom/living/events/EventTarget-impl.js:94:17)
      at HTMLUnknownElement.dispatchEvent (node_modules/jsdom/lib/jsdom/living/generated/EventTarget.js:231:34)
      at Object.invokeGuardedCallbackDev (node_modules/react-dom/cjs/react-dom.development.js:4213:16)
      at invokeGuardedCallback (node_modules/react-dom/cjs/react-dom.development.js:4277:31)
      at beginWork$1 (node_modules/react-dom/cjs/react-dom.development.js:27490:7)
      at performUnitOfWork (node_modules/react-dom/cjs/react-dom.development.js:26599:12)
      at workLoopSync (node_modules/react-dom/cjs/react-dom.development.js:26505:5)
      at renderRootSync (node_modules/react-dom/cjs/react-dom.development.js:26473:7)
      at performConcurrentWorkOnRoot (node_modules/react-dom/cjs/react-dom.development.js:25777:74)
      at flushActQueue (node_modules/react/cjs/react.development.js:2667:24)
      at act (node_modules/react/cjs/react.development.js:2582:11)
      at node_modules/@testing-library/react/dist/act-compat.js:46:25
      at renderRoot (node_modules/@testing-library/react/dist/pure.js:189:26)
      at render (node_modules/@testing-library/react/dist/pure.js:291:10)
      at renderCalendar (src/components/CalendarView.test.js:36:16)
      at Object.<anonymous> (src/components/CalendarView.test.js:88:5)

    console.error
      Error: Uncaught [TypeError: Cannot destructure property 'basename' of 'React.useContext(...)' as it is null.]
          at reportException (C:\Users\leotm\Desktop\Projetos\Programming\vacation-scheduler\node_modules\jsdom\lib\jsdom\living\helpers\runtime-script-errors.js:66:24)
          at innerInvokeEventListeners (C:\Users\leotm\Desktop\Projetos\Programming\vacation-scheduler\node_modules\jsdom\lib\jsdom\living\events\EventTarget-impl.js:341:9)
          at invokeEventListeners (C:\Users\leotm\Desktop\Projetos\Programming\vacation-scheduler\node_modules\jsdom\lib\jsdom\living\events\EventTarget-impl.js:274:3)
          at HTMLUnknownElementImpl._dispatch (C:\Users\leotm\Desktop\Projetos\Programming\vacation-scheduler\node_modules\jsdom\lib\jsdom\living\events\EventTarget-impl.js:221:9)
          at HTMLUnknownElementImpl.dispatchEvent (C:\Users\leotm\Desktop\Projetos\Programming\vacation-scheduler\node_modules\jsdom\lib\jsdom\living\events\EventTarget-impl.js:94:17)
          at HTMLUnknownElement.dispatchEvent (C:\Users\leotm\Desktop\Projetos\Programming\vacation-scheduler\node_modules\jsdom\lib\jsdom\living\generated\EventTarget.js:231:34)
          at Object.invokeGuardedCallbackDev (C:\Users\leotm\Desktop\Projetos\Programming\vacation-scheduler\node_modules\react-dom\cjs\react-dom.development.js:4213:16)
          at invokeGuardedCallback (C:\Users\leotm\Desktop\Projetos\Programming\vacation-scheduler\node_modules\react-dom\cjs\react-dom.development.js:4277:31)
          at beginWork$1 (C:\Users\leotm\Desktop\Projetos\Programming\vacation-scheduler\node_modules\react-dom\cjs\react-dom.development.js:27490:7)
          at performUnitOfWork (C:\Users\leotm\Desktop\Projetos\Programming\vacation-scheduler\node_modules\react-dom\cjs\react-dom.development.js:26599:12)
          at workLoopSync (C:\Users\leotm\Desktop\Projetos\Programming\vacation-scheduler\node_modules\react-dom\cjs\react-dom.development.js:26505:5)
          at renderRootSync (C:\Users\leotm\Desktop\Projetos\Programming\vacation-scheduler\node_modules\react-dom\cjs\react-dom.development.js:26473:7)
          at recoverFromConcurrentError (C:\Users\leotm\Desktop\Projetos\Programming\vacation-scheduler\node_modules\react-dom\cjs\react-dom.development.js:25889:20)
          at performConcurrentWorkOnRoot (C:\Users\leotm\Desktop\Projetos\Programming\vacation-scheduler\node_modules\react-dom\cjs\react-dom.development.js:25789:22)
          at flushActQueue (C:\Users\leotm\Desktop\Projetos\Programming\vacation-scheduler\node_modules\react\cjs\react.development.js:2667:24)
          at act (C:\Users\leotm\Desktop\Projetos\Programming\vacation-scheduler\node_modules\react\cjs\react.development.js:2582:11)
          at C:\Users\leotm\Desktop\Projetos\Programming\vacation-scheduler\node_modules\@testing-library\react\dist\act-compat.js:46:25
          at renderRoot (C:\Users\leotm\Desktop\Projetos\Programming\vacation-scheduler\node_modules\@testing-library\react\dist\pure.js:189:26)
          at render (C:\Users\leotm\Desktop\Projetos\Programming\vacation-scheduler\node_modules\@testing-library\react\dist\pure.js:291:10)
          at renderCalendar (C:\Users\leotm\Desktop\Projetos\Programming\vacation-scheduler\src\components\CalendarView.test.js:36:16)
          at Object.<anonymous> (C:\Users\leotm\Desktop\Projetos\Programming\vacation-scheduler\src\components\CalendarView.test.js:88:5)
          at Promise.then.completed (C:\Users\leotm\Desktop\Projetos\Programming\vacation-scheduler\node_modules\jest-circus\build\utils.js:391:28)
          at new Promise (<anonymous>)
          at callAsyncCircusFn (C:\Users\leotm\Desktop\Projetos\Programming\vacation-scheduler\node_modules\jest-circus\build\utils.js:316:10)
          at _callCircusTest (C:\Users\leotm\Desktop\Projetos\Programming\vacation-scheduler\node_modules\jest-circus\build\run.js:218:40)
          at processTicksAndRejections (node:internal/process/task_queues:103:5)
          at _runTest (C:\Users\leotm\Desktop\Projetos\Programming\vacation-scheduler\node_modules\jest-circus\build\run.js:155:3)
          at _runTestsForDescribeBlock (C:\Users\leotm\Desktop\Projetos\Programming\vacation-scheduler\node_modules\jest-circus\build\run.js:66:9)
          at _runTestsForDescribeBlock (C:\Users\leotm\Desktop\Projetos\Programming\vacation-scheduler\node_modules\jest-circus\build\run.js:60:9)
          at run (C:\Users\leotm\Desktop\Projetos\Programming\vacation-scheduler\node_modules\jest-circus\build\run.js:25:3)
          at runAndTransformResultsToJestFormat (C:\Users\leotm\Desktop\Projetos\Programming\vacation-scheduler\node_modules\jest-circus\build\legacy-code-todo-rewrite\jestAdapterInit.js:170:21)
          at jestAdapter (C:\Users\leotm\Desktop\Projetos\Programming\vacation-scheduler\node_modules\jest-circus\build\legacy-code-todo-rewrite\jestAdapter.js:82:19)
          at runTestInternal (C:\Users\leotm\Desktop\Projetos\Programming\vacation-scheduler\node_modules\jest-runner\build\runTest.js:389:16)
          at runTest (C:\Users\leotm\Desktop\Projetos\Programming\vacation-scheduler\node_modules\jest-runner\build\runTest.js:475:34)
          at Object.worker (C:\Users\leotm\Desktop\Projetos\Programming\vacation-scheduler\node_modules\jest-runner\build\testWorker.js:133:12) TypeError: Cannot destructure property 'basename' of 'React.useContext(...)' as it is null.
          at LinkWithRef (C:\Users\leotm\Desktop\Projetos\Programming\vacation-scheduler\node_modules\react-router\dist\development\chunk-2YMDXNOJ.js:399:11)
          at renderWithHooks (C:\Users\leotm\Desktop\Projetos\Programming\vacation-scheduler\node_modules\react-dom\cjs\react-dom.development.js:15486:18)
          at updateForwardRef (C:\Users\leotm\Desktop\Projetos\Programming\vacation-scheduler\node_modules\react-dom\cjs\react-dom.development.js:19245:20)
          at beginWork (C:\Users\leotm\Desktop\Projetos\Programming\vacation-scheduler\node_modules\react-dom\cjs\react-dom.development.js:21675:16)
          at HTMLUnknownElement.callCallback (C:\Users\leotm\Desktop\Projetos\Programming\vacation-scheduler\node_modules\react-dom\cjs\react-dom.development.js:4164:14)
          at HTMLUnknownElement.callTheUserObjectsOperation (C:\Users\leotm\Desktop\Projetos\Programming\vacation-scheduler\node_modules\jsdom\lib\jsdom\living\generated\EventListener.js:26:30)
          at innerInvokeEventListeners (C:\Users\leotm\Desktop\Projetos\Programming\vacation-scheduler\node_modules\jsdom\lib\jsdom\living\events\EventTarget-impl.js:338:25)
          at invokeEventListeners (C:\Users\leotm\Desktop\Projetos\Programming\vacation-scheduler\node_modules\jsdom\lib\jsdom\living\events\EventTarget-impl.js:274:3)
          at HTMLUnknownElementImpl._dispatch (C:\Users\leotm\Desktop\Projetos\Programming\vacation-scheduler\node_modules\jsdom\lib\jsdom\living\events\EventTarget-impl.js:221:9)
          at HTMLUnknownElementImpl.dispatchEvent (C:\Users\leotm\Desktop\Projetos\Programming\vacation-scheduler\node_modules\jsdom\lib\jsdom\living\events\EventTarget-impl.js:94:17)
          at HTMLUnknownElement.dispatchEvent (C:\Users\leotm\Desktop\Projetos\Programming\vacation-scheduler\node_modules\jsdom\lib\jsdom\living\generated\EventTarget.js:231:34)
          at Object.invokeGuardedCallbackDev (C:\Users\leotm\Desktop\Projetos\Programming\vacation-scheduler\node_modules\react-dom\cjs\react-dom.development.js:4213:16)
          at invokeGuardedCallback (C:\Users\leotm\Desktop\Projetos\Programming\vacation-scheduler\node_modules\react-dom\cjs\react-dom.development.js:4277:31)
          at beginWork$1 (C:\Users\leotm\Desktop\Projetos\Programming\vacation-scheduler\node_modules\react-dom\cjs\react-dom.development.js:27490:7)
          at performUnitOfWork (C:\Users\leotm\Desktop\Projetos\Programming\vacation-scheduler\node_modules\react-dom\cjs\react-dom.development.js:26599:12)
          at workLoopSync (C:\Users\leotm\Desktop\Projetos\Programming\vacation-scheduler\node_modules\react-dom\cjs\react-dom.development.js:26505:5)
          at renderRootSync (C:\Users\leotm\Desktop\Projetos\Programming\vacation-scheduler\node_modules\react-dom\cjs\react-dom.development.js:26473:7)
          at recoverFromConcurrentError (C:\Users\leotm\Desktop\Projetos\Programming\vacation-scheduler\node_modules\react-dom\cjs\react-dom.development.js:25889:20)
          at performConcurrentWorkOnRoot (C:\Users\leotm\Desktop\Projetos\Programming\vacation-scheduler\node_modules\react-dom\cjs\react-dom.development.js:25789:22)
          at flushActQueue (C:\Users\leotm\Desktop\Projetos\Programming\vacation-scheduler\node_modules\react\cjs\react.development.js:2667:24)
          at act (C:\Users\leotm\Desktop\Projetos\Programming\vacation-scheduler\node_modules\react\cjs\react.development.js:2582:11)
          at C:\Users\leotm\Desktop\Projetos\Programming\vacation-scheduler\node_modules\@testing-library\react\dist\act-compat.js:46:25
          at renderRoot (C:\Users\leotm\Desktop\Projetos\Programming\vacation-scheduler\node_modules\@testing-library\react\dist\pure.js:189:26)
          at render (C:\Users\leotm\Desktop\Projetos\Programming\vacation-scheduler\node_modules\@testing-library\react\dist\pure.js:291:10)
          at renderCalendar (C:\Users\leotm\Desktop\Projetos\Programming\vacation-scheduler\src\components\CalendarView.test.js:36:16)
          at Object.<anonymous> (C:\Users\leotm\Desktop\Projetos\Programming\vacation-scheduler\src\components\CalendarView.test.js:88:5)
          at Promise.then.completed (C:\Users\leotm\Desktop\Projetos\Programming\vacation-scheduler\node_modules\jest-circus\build\utils.js:391:28)
          at new Promise (<anonymous>)
          at callAsyncCircusFn (C:\Users\leotm\Desktop\Projetos\Programming\vacation-scheduler\node_modules\jest-circus\build\utils.js:316:10)
          at _callCircusTest (C:\Users\leotm\Desktop\Projetos\Programming\vacation-scheduler\node_modules\jest-circus\build\run.js:218:40)
          at processTicksAndRejections (node:internal/process/task_queues:103:5)
          at _runTest (C:\Users\leotm\Desktop\Projetos\Programming\vacation-scheduler\node_modules\jest-circus\build\run.js:155:3)
          at _runTestsForDescribeBlock (C:\Users\leotm\Desktop\Projetos\Programming\vacation-scheduler\node_modules\jest-circus\build\run.js:66:9)
          at _runTestsForDescribeBlock (C:\Users\leotm\Desktop\Projetos\Programming\vacation-scheduler\node_modules\jest-circus\build\run.js:60:9)
          at run (C:\Users\leotm\Desktop\Projetos\Programming\vacation-scheduler\node_modules\jest-circus\build\run.js:25:3)
          at runAndTransformResultsToJestFormat (C:\Users\leotm\Desktop\Projetos\Programming\vacation-scheduler\node_modules\jest-circus\build\legacy-code-todo-rewrite\jestAdapterInit.js:170:21)
          at jestAdapter (C:\Users\leotm\Desktop\Projetos\Programming\vacation-scheduler\node_modules\jest-circus\build\legacy-code-todo-rewrite\jestAdapter.js:82:19)
          at runTestInternal (C:\Users\leotm\Desktop\Projetos\Programming\vacation-scheduler\node_modules\jest-runner\build\runTest.js:389:16)
          at runTest (C:\Users\leotm\Desktop\Projetos\Programming\vacation-scheduler\node_modules\jest-runner\build\runTest.js:475:34)
          at Object.worker (C:\Users\leotm\Desktop\Projetos\Programming\vacation-scheduler\node_modules\jest-runner\build\testWorker.js:133:12)

    [0m [90m 34 |[39m
     [90m 35 |[39m [36mconst[39m renderCalendar [33m=[39m (overrides [33m=[39m {}) [33m=>[39m {
    [31m[1m>[22m[39m[90m 36 |[39m   [36mreturn[39m render([33m<[39m[33mCalendarView[39m {[33m...[39mdefaultProps} {[33m...[39moverrides} [33m/[39m[33m>[39m)[33m;[39m
     [90m    |[39m                [31m[1m^[22m[39m
     [90m 37 |[39m }[33m;[39m
     [90m 38 |[39m
     [90m 39 |[39m describe([32m'CalendarView rendering'[39m[33m,[39m () [33m=>[39m {[0m

      at VirtualConsole.<anonymous> (node_modules/jsdom/lib/jsdom/virtual-console.js:29:45)
      at reportException (node_modules/jsdom/lib/jsdom/living/helpers/runtime-script-errors.js:70:28)
      at innerInvokeEventListeners (node_modules/jsdom/lib/jsdom/living/events/EventTarget-impl.js:341:9)
      at invokeEventListeners (node_modules/jsdom/lib/jsdom/living/events/EventTarget-impl.js:274:3)
      at HTMLUnknownElementImpl._dispatch (node_modules/jsdom/lib/jsdom/living/events/EventTarget-impl.js:221:9)
      at HTMLUnknownElementImpl.dispatchEvent (node_modules/jsdom/lib/jsdom/living/events/EventTarget-impl.js:94:17)
      at HTMLUnknownElement.dispatchEvent (node_modules/jsdom/lib/jsdom/living/generated/EventTarget.js:231:34)
      at Object.invokeGuardedCallbackDev (node_modules/react-dom/cjs/react-dom.development.js:4213:16)
      at invokeGuardedCallback (node_modules/react-dom/cjs/react-dom.development.js:4277:31)
      at beginWork$1 (node_modules/react-dom/cjs/react-dom.development.js:27490:7)
      at performUnitOfWork (node_modules/react-dom/cjs/react-dom.development.js:26599:12)
      at workLoopSync (node_modules/react-dom/cjs/react-dom.development.js:26505:5)
      at renderRootSync (node_modules/react-dom/cjs/react-dom.development.js:26473:7)
      at recoverFromConcurrentError (node_modules/react-dom/cjs/react-dom.development.js:25889:20)
      at performConcurrentWorkOnRoot (node_modules/react-dom/cjs/react-dom.development.js:25789:22)
      at flushActQueue (node_modules/react/cjs/react.development.js:2667:24)
      at act (node_modules/react/cjs/react.development.js:2582:11)
      at node_modules/@testing-library/react/dist/act-compat.js:46:25
      at renderRoot (node_modules/@testing-library/react/dist/pure.js:189:26)
      at render (node_modules/@testing-library/react/dist/pure.js:291:10)
      at renderCalendar (src/components/CalendarView.test.js:36:16)
      at Object.<anonymous> (src/components/CalendarView.test.js:88:5)

    console.error
      The above error occurred in the <Link> component:
      
          at LinkWithRef (C:\Users\leotm\Desktop\Projetos\Programming\vacation-scheduler\node_modules\react-router\dist\development\chunk-2YMDXNOJ.js:384:5)
          at p
          at div
          at div
          at form
          at CalendarView (C:\Users\leotm\Desktop\Projetos\Programming\vacation-scheduler\src\components\CalendarView.js:44:25)
      
      Consider adding an error boundary to your tree to customize error handling behavior.
      Visit https://reactjs.org/link/error-boundaries to learn more about error boundaries.

    [0m [90m 34 |[39m
     [90m 35 |[39m [36mconst[39m renderCalendar [33m=[39m (overrides [33m=[39m {}) [33m=>[39m {
    [31m[1m>[22m[39m[90m 36 |[39m   [36mreturn[39m render([33m<[39m[33mCalendarView[39m {[33m...[39mdefaultProps} {[33m...[39moverrides} [33m/[39m[33m>[39m)[33m;[39m
     [90m    |[39m                [31m[1m^[22m[39m
     [90m 37 |[39m }[33m;[39m
     [90m 38 |[39m
     [90m 39 |[39m describe([32m'CalendarView rendering'[39m[33m,[39m () [33m=>[39m {[0m

      at logCapturedError (node_modules/react-dom/cjs/react-dom.development.js:18704:23)
      at update.callback (node_modules/react-dom/cjs/react-dom.development.js:18737:5)
      at callCallback (node_modules/react-dom/cjs/react-dom.development.js:15036:12)
      at commitUpdateQueue (node_modules/react-dom/cjs/react-dom.development.js:15057:9)
      at commitLayoutEffectOnFiber (node_modules/react-dom/cjs/react-dom.development.js:23430:13)
      at commitLayoutMountEffects_complete (node_modules/react-dom/cjs/react-dom.development.js:24727:9)
      at commitLayoutEffects_begin (node_modules/react-dom/cjs/react-dom.development.js:24713:7)
      at commitLayoutEffects (node_modules/react-dom/cjs/react-dom.development.js:24651:3)
      at commitRootImpl (node_modules/react-dom/cjs/react-dom.development.js:26862:5)
      at commitRoot (node_modules/react-dom/cjs/react-dom.development.js:26721:5)
      at finishConcurrentRender (node_modules/react-dom/cjs/react-dom.development.js:25931:9)
      at performConcurrentWorkOnRoot (node_modules/react-dom/cjs/react-dom.development.js:25848:7)
      at flushActQueue (node_modules/react/cjs/react.development.js:2667:24)
      at act (node_modules/react/cjs/react.development.js:2582:11)
      at node_modules/@testing-library/react/dist/act-compat.js:46:25
      at renderRoot (node_modules/@testing-library/react/dist/pure.js:189:26)
      at render (node_modules/@testing-library/react/dist/pure.js:291:10)
      at renderCalendar (src/components/CalendarView.test.js:36:16)
      at Object.<anonymous> (src/components/CalendarView.test.js:88:5)

    console.error
      Error: Uncaught [TypeError: Cannot destructure property 'basename' of 'React.useContext(...)' as it is null.]
          at reportException (C:\Users\leotm\Desktop\Projetos\Programming\vacation-scheduler\node_modules\jsdom\lib\jsdom\living\helpers\runtime-script-errors.js:66:24)
          at innerInvokeEventListeners (C:\Users\leotm\Desktop\Projetos\Programming\vacation-scheduler\node_modules\jsdom\lib\jsdom\living\events\EventTarget-impl.js:341:9)
          at invokeEventListeners (C:\Users\leotm\Desktop\Projetos\Programming\vacation-scheduler\node_modules\jsdom\lib\jsdom\living\events\EventTarget-impl.js:274:3)
          at HTMLUnknownElementImpl._dispatch (C:\Users\leotm\Desktop\Projetos\Programming\vacation-scheduler\node_modules\jsdom\lib\jsdom\living\events\EventTarget-impl.js:221:9)
          at HTMLUnknownElementImpl.dispatchEvent (C:\Users\leotm\Desktop\Projetos\Programming\vacation-scheduler\node_modules\jsdom\lib\jsdom\living\events\EventTarget-impl.js:94:17)
          at HTMLUnknownElement.dispatchEvent (C:\Users\leotm\Desktop\Projetos\Programming\vacation-scheduler\node_modules\jsdom\lib\jsdom\living\generated\EventTarget.js:231:34)
          at Object.invokeGuardedCallbackDev (C:\Users\leotm\Desktop\Projetos\Programming\vacation-scheduler\node_modules\react-dom\cjs\react-dom.development.js:4213:16)
          at invokeGuardedCallback (C:\Users\leotm\Desktop\Projetos\Programming\vacation-scheduler\node_modules\react-dom\cjs\react-dom.development.js:4277:31)
          at beginWork$1 (C:\Users\leotm\Desktop\Projetos\Programming\vacation-scheduler\node_modules\react-dom\cjs\react-dom.development.js:27490:7)
          at performUnitOfWork (C:\Users\leotm\Desktop\Projetos\Programming\vacation-scheduler\node_modules\react-dom\cjs\react-dom.development.js:26599:12)
          at workLoopSync (C:\Users\leotm\Desktop\Projetos\Programming\vacation-scheduler\node_modules\react-dom\cjs\react-dom.development.js:26505:5)
          at renderRootSync (C:\Users\leotm\Desktop\Projetos\Programming\vacation-scheduler\node_modules\react-dom\cjs\react-dom.development.js:26473:7)
          at performConcurrentWorkOnRoot (C:\Users\leotm\Desktop\Projetos\Programming\vacation-scheduler\node_modules\react-dom\cjs\react-dom.development.js:25777:74)
          at flushActQueue (C:\Users\leotm\Desktop\Projetos\Programming\vacation-scheduler\node_modules\react\cjs\react.development.js:2667:24)
          at act (C:\Users\leotm\Desktop\Projetos\Programming\vacation-scheduler\node_modules\react\cjs\react.development.js:2582:11)
          at C:\Users\leotm\Desktop\Projetos\Programming\vacation-scheduler\node_modules\@testing-library\react\dist\act-compat.js:46:25
          at renderRoot (C:\Users\leotm\Desktop\Projetos\Programming\vacation-scheduler\node_modules\@testing-library\react\dist\pure.js:189:26)
          at render (C:\Users\leotm\Desktop\Projetos\Programming\vacation-scheduler\node_modules\@testing-library\react\dist\pure.js:291:10)
          at renderCalendar (C:\Users\leotm\Desktop\Projetos\Programming\vacation-scheduler\src\components\CalendarView.test.js:36:16)
          at Object.<anonymous> (C:\Users\leotm\Desktop\Projetos\Programming\vacation-scheduler\src\components\CalendarView.test.js:102:5)
          at Promise.then.completed (C:\Users\leotm\Desktop\Projetos\Programming\vacation-scheduler\node_modules\jest-circus\build\utils.js:391:28)
          at new Promise (<anonymous>)
          at callAsyncCircusFn (C:\Users\leotm\Desktop\Projetos\Programming\vacation-scheduler\node_modules\jest-circus\build\utils.js:316:10)
          at _callCircusTest (C:\Users\leotm\Desktop\Projetos\Programming\vacation-scheduler\node_modules\jest-circus\build\run.js:218:40)
          at processTicksAndRejections (node:internal/process/task_queues:103:5)
          at _runTest (C:\Users\leotm\Desktop\Projetos\Programming\vacation-scheduler\node_modules\jest-circus\build\run.js:155:3)
          at _runTestsForDescribeBlock (C:\Users\leotm\Desktop\Projetos\Programming\vacation-scheduler\node_modules\jest-circus\build\run.js:66:9)
          at _runTestsForDescribeBlock (C:\Users\leotm\Desktop\Projetos\Programming\vacation-scheduler\node_modules\jest-circus\build\run.js:60:9)
          at run (C:\Users\leotm\Desktop\Projetos\Programming\vacation-scheduler\node_modules\jest-circus\build\run.js:25:3)
          at runAndTransformResultsToJestFormat (C:\Users\leotm\Desktop\Projetos\Programming\vacation-scheduler\node_modules\jest-circus\build\legacy-code-todo-rewrite\jestAdapterInit.js:170:21)
          at jestAdapter (C:\Users\leotm\Desktop\Projetos\Programming\vacation-scheduler\node_modules\jest-circus\build\legacy-code-todo-rewrite\jestAdapter.js:82:19)
          at runTestInternal (C:\Users\leotm\Desktop\Projetos\Programming\vacation-scheduler\node_modules\jest-runner\build\runTest.js:389:16)
          at runTest (C:\Users\leotm\Desktop\Projetos\Programming\vacation-scheduler\node_modules\jest-runner\build\runTest.js:475:34)
          at Object.worker (C:\Users\leotm\Desktop\Projetos\Programming\vacation-scheduler\node_modules\jest-runner\build\testWorker.js:133:12) TypeError: Cannot destructure property 'basename' of 'React.useContext(...)' as it is null.
          at LinkWithRef (C:\Users\leotm\Desktop\Projetos\Programming\vacation-scheduler\node_modules\react-router\dist\development\chunk-2YMDXNOJ.js:399:11)
          at renderWithHooks (C:\Users\leotm\Desktop\Projetos\Programming\vacation-scheduler\node_modules\react-dom\cjs\react-dom.development.js:15486:18)
          at updateForwardRef (C:\Users\leotm\Desktop\Projetos\Programming\vacation-scheduler\node_modules\react-dom\cjs\react-dom.development.js:19245:20)
          at beginWork (C:\Users\leotm\Desktop\Projetos\Programming\vacation-scheduler\node_modules\react-dom\cjs\react-dom.development.js:21675:16)
          at HTMLUnknownElement.callCallback (C:\Users\leotm\Desktop\Projetos\Programming\vacation-scheduler\node_modules\react-dom\cjs\react-dom.development.js:4164:14)
          at HTMLUnknownElement.callTheUserObjectsOperation (C:\Users\leotm\Desktop\Projetos\Programming\vacation-scheduler\node_modules\jsdom\lib\jsdom\living\generated\EventListener.js:26:30)
          at innerInvokeEventListeners (C:\Users\leotm\Desktop\Projetos\Programming\vacation-scheduler\node_modules\jsdom\lib\jsdom\living\events\EventTarget-impl.js:338:25)
          at invokeEventListeners (C:\Users\leotm\Desktop\Projetos\Programming\vacation-scheduler\node_modules\jsdom\lib\jsdom\living\events\EventTarget-impl.js:274:3)
          at HTMLUnknownElementImpl._dispatch (C:\Users\leotm\Desktop\Projetos\Programming\vacation-scheduler\node_modules\jsdom\lib\jsdom\living\events\EventTarget-impl.js:221:9)
          at HTMLUnknownElementImpl.dispatchEvent (C:\Users\leotm\Desktop\Projetos\Programming\vacation-scheduler\node_modules\jsdom\lib\jsdom\living\events\EventTarget-impl.js:94:17)
          at HTMLUnknownElement.dispatchEvent (C:\Users\leotm\Desktop\Projetos\Programming\vacation-scheduler\node_modules\jsdom\lib\jsdom\living\generated\EventTarget.js:231:34)
          at Object.invokeGuardedCallbackDev (C:\Users\leotm\Desktop\Projetos\Programming\vacation-scheduler\node_modules\react-dom\cjs\react-dom.development.js:4213:16)
          at invokeGuardedCallback (C:\Users\leotm\Desktop\Projetos\Programming\vacation-scheduler\node_modules\react-dom\cjs\react-dom.development.js:4277:31)
          at beginWork$1 (C:\Users\leotm\Desktop\Projetos\Programming\vacation-scheduler\node_modules\react-dom\cjs\react-dom.development.js:27490:7)
          at performUnitOfWork (C:\Users\leotm\Desktop\Projetos\Programming\vacation-scheduler\node_modules\react-dom\cjs\react-dom.development.js:26599:12)
          at workLoopSync (C:\Users\leotm\Desktop\Projetos\Programming\vacation-scheduler\node_modules\react-dom\cjs\react-dom.development.js:26505:5)
          at renderRootSync (C:\Users\leotm\Desktop\Projetos\Programming\vacation-scheduler\node_modules\react-dom\cjs\react-dom.development.js:26473:7)
          at performConcurrentWorkOnRoot (C:\Users\leotm\Desktop\Projetos\Programming\vacation-scheduler\node_modules\react-dom\cjs\react-dom.development.js:25777:74)
          at flushActQueue (C:\Users\leotm\Desktop\Projetos\Programming\vacation-scheduler\node_modules\react\cjs\react.development.js:2667:24)
          at act (C:\Users\leotm\Desktop\Projetos\Programming\vacation-scheduler\node_modules\react\cjs\react.development.js:2582:11)
          at C:\Users\leotm\Desktop\Projetos\Programming\vacation-scheduler\node_modules\@testing-library\react\dist\act-compat.js:46:25
          at renderRoot (C:\Users\leotm\Desktop\Projetos\Programming\vacation-scheduler\node_modules\@testing-library\react\dist\pure.js:189:26)
          at render (C:\Users\leotm\Desktop\Projetos\Programming\vacation-scheduler\node_modules\@testing-library\react\dist\pure.js:291:10)
          at renderCalendar (C:\Users\leotm\Desktop\Projetos\Programming\vacation-scheduler\src\components\CalendarView.test.js:36:16)
          at Object.<anonymous> (C:\Users\leotm\Desktop\Projetos\Programming\vacation-scheduler\src\components\CalendarView.test.js:102:5)
          at Promise.then.completed (C:\Users\leotm\Desktop\Projetos\Programming\vacation-scheduler\node_modules\jest-circus\build\utils.js:391:28)
          at new Promise (<anonymous>)
          at callAsyncCircusFn (C:\Users\leotm\Desktop\Projetos\Programming\vacation-scheduler\node_modules\jest-circus\build\utils.js:316:10)
          at _callCircusTest (C:\Users\leotm\Desktop\Projetos\Programming\vacation-scheduler\node_modules\jest-circus\build\run.js:218:40)
          at processTicksAndRejections (node:internal/process/task_queues:103:5)
          at _runTest (C:\Users\leotm\Desktop\Projetos\Programming\vacation-scheduler\node_modules\jest-circus\build\run.js:155:3)
          at _runTestsForDescribeBlock (C:\Users\leotm\Desktop\Projetos\Programming\vacation-scheduler\node_modules\jest-circus\build\run.js:66:9)
          at _runTestsForDescribeBlock (C:\Users\leotm\Desktop\Projetos\Programming\vacation-scheduler\node_modules\jest-circus\build\run.js:60:9)
          at run (C:\Users\leotm\Desktop\Projetos\Programming\vacation-scheduler\node_modules\jest-circus\build\run.js:25:3)
          at runAndTransformResultsToJestFormat (C:\Users\leotm\Desktop\Projetos\Programming\vacation-scheduler\node_modules\jest-circus\build\legacy-code-todo-rewrite\jestAdapterInit.js:170:21)
          at jestAdapter (C:\Users\leotm\Desktop\Projetos\Programming\vacation-scheduler\node_modules\jest-circus\build\legacy-code-todo-rewrite\jestAdapter.js:82:19)
          at runTestInternal (C:\Users\leotm\Desktop\Projetos\Programming\vacation-scheduler\node_modules\jest-runner\build\runTest.js:389:16)
          at runTest (C:\Users\leotm\Desktop\Projetos\Programming\vacation-scheduler\node_modules\jest-runner\build\runTest.js:475:34)
          at Object.worker (C:\Users\leotm\Desktop\Projetos\Programming\vacation-scheduler\node_modules\jest-runner\build\testWorker.js:133:12)

    [0m [90m 34 |[39m
     [90m 35 |[39m [36mconst[39m renderCalendar [33m=[39m (overrides [33m=[39m {}) [33m=>[39m {
    [31m[1m>[22m[39m[90m 36 |[39m   [36mreturn[39m render([33m<[39m[33mCalendarView[39m {[33m...[39mdefaultProps} {[33m...[39moverrides} [33m/[39m[33m>[39m)[33m;[39m
     [90m    |[39m                [31m[1m^[22m[39m
     [90m 37 |[39m }[33m;[39m
     [90m 38 |[39m
     [90m 39 |[39m describe([32m'CalendarView rendering'[39m[33m,[39m () [33m=>[39m {[0m

      at VirtualConsole.<anonymous> (node_modules/jsdom/lib/jsdom/virtual-console.js:29:45)
      at reportException (node_modules/jsdom/lib/jsdom/living/helpers/runtime-script-errors.js:70:28)
      at innerInvokeEventListeners (node_modules/jsdom/lib/jsdom/living/events/EventTarget-impl.js:341:9)
      at invokeEventListeners (node_modules/jsdom/lib/jsdom/living/events/EventTarget-impl.js:274:3)
      at HTMLUnknownElementImpl._dispatch (node_modules/jsdom/lib/jsdom/living/events/EventTarget-impl.js:221:9)
      at HTMLUnknownElementImpl.dispatchEvent (node_modules/jsdom/lib/jsdom/living/events/EventTarget-impl.js:94:17)
      at HTMLUnknownElement.dispatchEvent (node_modules/jsdom/lib/jsdom/living/generated/EventTarget.js:231:34)
      at Object.invokeGuardedCallbackDev (node_modules/react-dom/cjs/react-dom.development.js:4213:16)
      at invokeGuardedCallback (node_modules/react-dom/cjs/react-dom.development.js:4277:31)
      at beginWork$1 (node_modules/react-dom/cjs/react-dom.development.js:27490:7)
      at performUnitOfWork (node_modules/react-dom/cjs/react-dom.development.js:26599:12)
      at workLoopSync (node_modules/react-dom/cjs/react-dom.development.js:26505:5)
      at renderRootSync (node_modules/react-dom/cjs/react-dom.development.js:26473:7)
      at performConcurrentWorkOnRoot (node_modules/react-dom/cjs/react-dom.development.js:25777:74)
      at flushActQueue (node_modules/react/cjs/react.development.js:2667:24)
      at act (node_modules/react/cjs/react.development.js:2582:11)
      at node_modules/@testing-library/react/dist/act-compat.js:46:25
      at renderRoot (node_modules/@testing-library/react/dist/pure.js:189:26)
      at render (node_modules/@testing-library/react/dist/pure.js:291:10)
      at renderCalendar (src/components/CalendarView.test.js:36:16)
      at Object.<anonymous> (src/components/CalendarView.test.js:102:5)

    console.error
      Error: Uncaught [TypeError: Cannot destructure property 'basename' of 'React.useContext(...)' as it is null.]
          at reportException (C:\Users\leotm\Desktop\Projetos\Programming\vacation-scheduler\node_modules\jsdom\lib\jsdom\living\helpers\runtime-script-errors.js:66:24)
          at innerInvokeEventListeners (C:\Users\leotm\Desktop\Projetos\Programming\vacation-scheduler\node_modules\jsdom\lib\jsdom\living\events\EventTarget-impl.js:341:9)
          at invokeEventListeners (C:\Users\leotm\Desktop\Projetos\Programming\vacation-scheduler\node_modules\jsdom\lib\jsdom\living\events\EventTarget-impl.js:274:3)
          at HTMLUnknownElementImpl._dispatch (C:\Users\leotm\Desktop\Projetos\Programming\vacation-scheduler\node_modules\jsdom\lib\jsdom\living\events\EventTarget-impl.js:221:9)
          at HTMLUnknownElementImpl.dispatchEvent (C:\Users\leotm\Desktop\Projetos\Programming\vacation-scheduler\node_modules\jsdom\lib\jsdom\living\events\EventTarget-impl.js:94:17)
          at HTMLUnknownElement.dispatchEvent (C:\Users\leotm\Desktop\Projetos\Programming\vacation-scheduler\node_modules\jsdom\lib\jsdom\living\generated\EventTarget.js:231:34)
          at Object.invokeGuardedCallbackDev (C:\Users\leotm\Desktop\Projetos\Programming\vacation-scheduler\node_modules\react-dom\cjs\react-dom.development.js:4213:16)
          at invokeGuardedCallback (C:\Users\leotm\Desktop\Projetos\Programming\vacation-scheduler\node_modules\react-dom\cjs\react-dom.development.js:4277:31)
          at beginWork$1 (C:\Users\leotm\Desktop\Projetos\Programming\vacation-scheduler\node_modules\react-dom\cjs\react-dom.development.js:27490:7)
          at performUnitOfWork (C:\Users\leotm\Desktop\Projetos\Programming\vacation-scheduler\node_modules\react-dom\cjs\react-dom.development.js:26599:12)
          at workLoopSync (C:\Users\leotm\Desktop\Projetos\Programming\vacation-scheduler\node_modules\react-dom\cjs\react-dom.development.js:26505:5)
          at renderRootSync (C:\Users\leotm\Desktop\Projetos\Programming\vacation-scheduler\node_modules\react-dom\cjs\react-dom.development.js:26473:7)
          at recoverFromConcurrentError (C:\Users\leotm\Desktop\Projetos\Programming\vacation-scheduler\node_modules\react-dom\cjs\react-dom.development.js:25889:20)
          at performConcurrentWorkOnRoot (C:\Users\leotm\Desktop\Projetos\Programming\vacation-scheduler\node_modules\react-dom\cjs\react-dom.development.js:25789:22)
          at flushActQueue (C:\Users\leotm\Desktop\Projetos\Programming\vacation-scheduler\node_modules\react\cjs\react.development.js:2667:24)
          at act (C:\Users\leotm\Desktop\Projetos\Programming\vacation-scheduler\node_modules\react\cjs\react.development.js:2582:11)
          at C:\Users\leotm\Desktop\Projetos\Programming\vacation-scheduler\node_modules\@testing-library\react\dist\act-compat.js:46:25
          at renderRoot (C:\Users\leotm\Desktop\Projetos\Programming\vacation-scheduler\node_modules\@testing-library\react\dist\pure.js:189:26)
          at render (C:\Users\leotm\Desktop\Projetos\Programming\vacation-scheduler\node_modules\@testing-library\react\dist\pure.js:291:10)
          at renderCalendar (C:\Users\leotm\Desktop\Projetos\Programming\vacation-scheduler\src\components\CalendarView.test.js:36:16)
          at Object.<anonymous> (C:\Users\leotm\Desktop\Projetos\Programming\vacation-scheduler\src\components\CalendarView.test.js:102:5)
          at Promise.then.completed (C:\Users\leotm\Desktop\Projetos\Programming\vacation-scheduler\node_modules\jest-circus\build\utils.js:391:28)
          at new Promise (<anonymous>)
          at callAsyncCircusFn (C:\Users\leotm\Desktop\Projetos\Programming\vacation-scheduler\node_modules\jest-circus\build\utils.js:316:10)
          at _callCircusTest (C:\Users\leotm\Desktop\Projetos\Programming\vacation-scheduler\node_modules\jest-circus\build\run.js:218:40)
          at processTicksAndRejections (node:internal/process/task_queues:103:5)
          at _runTest (C:\Users\leotm\Desktop\Projetos\Programming\vacation-scheduler\node_modules\jest-circus\build\run.js:155:3)
          at _runTestsForDescribeBlock (C:\Users\leotm\Desktop\Projetos\Programming\vacation-scheduler\node_modules\jest-circus\build\run.js:66:9)
          at _runTestsForDescribeBlock (C:\Users\leotm\Desktop\Projetos\Programming\vacation-scheduler\node_modules\jest-circus\build\run.js:60:9)
          at run (C:\Users\leotm\Desktop\Projetos\Programming\vacation-scheduler\node_modules\jest-circus\build\run.js:25:3)
          at runAndTransformResultsToJestFormat (C:\Users\leotm\Desktop\Projetos\Programming\vacation-scheduler\node_modules\jest-circus\build\legacy-code-todo-rewrite\jestAdapterInit.js:170:21)
          at jestAdapter (C:\Users\leotm\Desktop\Projetos\Programming\vacation-scheduler\node_modules\jest-circus\build\legacy-code-todo-rewrite\jestAdapter.js:82:19)
          at runTestInternal (C:\Users\leotm\Desktop\Projetos\Programming\vacation-scheduler\node_modules\jest-runner\build\runTest.js:389:16)
          at runTest (C:\Users\leotm\Desktop\Projetos\Programming\vacation-scheduler\node_modules\jest-runner\build\runTest.js:475:34)
          at Object.worker (C:\Users\leotm\Desktop\Projetos\Programming\vacation-scheduler\node_modules\jest-runner\build\testWorker.js:133:12) TypeError: Cannot destructure property 'basename' of 'React.useContext(...)' as it is null.
          at LinkWithRef (C:\Users\leotm\Desktop\Projetos\Programming\vacation-scheduler\node_modules\react-router\dist\development\chunk-2YMDXNOJ.js:399:11)
          at renderWithHooks (C:\Users\leotm\Desktop\Projetos\Programming\vacation-scheduler\node_modules\react-dom\cjs\react-dom.development.js:15486:18)
          at updateForwardRef (C:\Users\leotm\Desktop\Projetos\Programming\vacation-scheduler\node_modules\react-dom\cjs\react-dom.development.js:19245:20)
          at beginWork (C:\Users\leotm\Desktop\Projetos\Programming\vacation-scheduler\node_modules\react-dom\cjs\react-dom.development.js:21675:16)
          at HTMLUnknownElement.callCallback (C:\Users\leotm\Desktop\Projetos\Programming\vacation-scheduler\node_modules\react-dom\cjs\react-dom.development.js:4164:14)
          at HTMLUnknownElement.callTheUserObjectsOperation (C:\Users\leotm\Desktop\Projetos\Programming\vacation-scheduler\node_modules\jsdom\lib\jsdom\living\generated\EventListener.js:26:30)
          at innerInvokeEventListeners (C:\Users\leotm\Desktop\Projetos\Programming\vacation-scheduler\node_modules\jsdom\lib\jsdom\living\events\EventTarget-impl.js:338:25)
          at invokeEventListeners (C:\Users\leotm\Desktop\Projetos\Programming\vacation-scheduler\node_modules\jsdom\lib\jsdom\living\events\EventTarget-impl.js:274:3)
          at HTMLUnknownElementImpl._dispatch (C:\Users\leotm\Desktop\Projetos\Programming\vacation-scheduler\node_modules\jsdom\lib\jsdom\living\events\EventTarget-impl.js:221:9)
          at HTMLUnknownElementImpl.dispatchEvent (C:\Users\leotm\Desktop\Projetos\Programming\vacation-scheduler\node_modules\jsdom\lib\jsdom\living\events\EventTarget-impl.js:94:17)
          at HTMLUnknownElement.dispatchEvent (C:\Users\leotm\Desktop\Projetos\Programming\vacation-scheduler\node_modules\jsdom\lib\jsdom\living\generated\EventTarget.js:231:34)
          at Object.invokeGuardedCallbackDev (C:\Users\leotm\Desktop\Projetos\Programming\vacation-scheduler\node_modules\react-dom\cjs\react-dom.development.js:4213:16)
          at invokeGuardedCallback (C:\Users\leotm\Desktop\Projetos\Programming\vacation-scheduler\node_modules\react-dom\cjs\react-dom.development.js:4277:31)
          at beginWork$1 (C:\Users\leotm\Desktop\Projetos\Programming\vacation-scheduler\node_modules\react-dom\cjs\react-dom.development.js:27490:7)
          at performUnitOfWork (C:\Users\leotm\Desktop\Projetos\Programming\vacation-scheduler\node_modules\react-dom\cjs\react-dom.development.js:26599:12)
          at workLoopSync (C:\Users\leotm\Desktop\Projetos\Programming\vacation-scheduler\node_modules\react-dom\cjs\react-dom.development.js:26505:5)
          at renderRootSync (C:\Users\leotm\Desktop\Projetos\Programming\vacation-scheduler\node_modules\react-dom\cjs\react-dom.development.js:26473:7)
          at recoverFromConcurrentError (C:\Users\leotm\Desktop\Projetos\Programming\vacation-scheduler\node_modules\react-dom\cjs\react-dom.development.js:25889:20)
          at performConcurrentWorkOnRoot (C:\Users\leotm\Desktop\Projetos\Programming\vacation-scheduler\node_modules\react-dom\cjs\react-dom.development.js:25789:22)
          at flushActQueue (C:\Users\leotm\Desktop\Projetos\Programming\vacation-scheduler\node_modules\react\cjs\react.development.js:2667:24)
          at act (C:\Users\leotm\Desktop\Projetos\Programming\vacation-scheduler\node_modules\react\cjs\react.development.js:2582:11)
          at C:\Users\leotm\Desktop\Projetos\Programming\vacation-scheduler\node_modules\@testing-library\react\dist\act-compat.js:46:25
          at renderRoot (C:\Users\leotm\Desktop\Projetos\Programming\vacation-scheduler\node_modules\@testing-library\react\dist\pure.js:189:26)
          at render (C:\Users\leotm\Desktop\Projetos\Programming\vacation-scheduler\node_modules\@testing-library\react\dist\pure.js:291:10)
          at renderCalendar (C:\Users\leotm\Desktop\Projetos\Programming\vacation-scheduler\src\components\CalendarView.test.js:36:16)
          at Object.<anonymous> (C:\Users\leotm\Desktop\Projetos\Programming\vacation-scheduler\src\components\CalendarView.test.js:102:5)
          at Promise.then.completed (C:\Users\leotm\Desktop\Projetos\Programming\vacation-scheduler\node_modules\jest-circus\build\utils.js:391:28)
          at new Promise (<anonymous>)
          at callAsyncCircusFn (C:\Users\leotm\Desktop\Projetos\Programming\vacation-scheduler\node_modules\jest-circus\build\utils.js:316:10)
          at _callCircusTest (C:\Users\leotm\Desktop\Projetos\Programming\vacation-scheduler\node_modules\jest-circus\build\run.js:218:40)
          at processTicksAndRejections (node:internal/process/task_queues:103:5)
          at _runTest (C:\Users\leotm\Desktop\Projetos\Programming\vacation-scheduler\node_modules\jest-circus\build\run.js:155:3)
          at _runTestsForDescribeBlock (C:\Users\leotm\Desktop\Projetos\Programming\vacation-scheduler\node_modules\jest-circus\build\run.js:66:9)
          at _runTestsForDescribeBlock (C:\Users\leotm\Desktop\Projetos\Programming\vacation-scheduler\node_modules\jest-circus\build\run.js:60:9)
          at run (C:\Users\leotm\Desktop\Projetos\Programming\vacation-scheduler\node_modules\jest-circus\build\run.js:25:3)
          at runAndTransformResultsToJestFormat (C:\Users\leotm\Desktop\Projetos\Programming\vacation-scheduler\node_modules\jest-circus\build\legacy-code-todo-rewrite\jestAdapterInit.js:170:21)
          at jestAdapter (C:\Users\leotm\Desktop\Projetos\Programming\vacation-scheduler\node_modules\jest-circus\build\legacy-code-todo-rewrite\jestAdapter.js:82:19)
          at runTestInternal (C:\Users\leotm\Desktop\Projetos\Programming\vacation-scheduler\node_modules\jest-runner\build\runTest.js:389:16)
          at runTest (C:\Users\leotm\Desktop\Projetos\Programming\vacation-scheduler\node_modules\jest-runner\build\runTest.js:475:34)
          at Object.worker (C:\Users\leotm\Desktop\Projetos\Programming\vacation-scheduler\node_modules\jest-runner\build\testWorker.js:133:12)

    [0m [90m 34 |[39m
     [90m 35 |[39m [36mconst[39m renderCalendar [33m=[39m (overrides [33m=[39m {}) [33m=>[39m {
    [31m[1m>[22m[39m[90m 36 |[39m   [36mreturn[39m render([33m<[39m[33mCalendarView[39m {[33m...[39mdefaultProps} {[33m...[39moverrides} [33m/[39m[33m>[39m)[33m;[39m
     [90m    |[39m                [31m[1m^[22m[39m
     [90m 37 |[39m }[33m;[39m
     [90m 38 |[39m
     [90m 39 |[39m describe([32m'CalendarView rendering'[39m[33m,[39m () [33m=>[39m {[0m

      at VirtualConsole.<anonymous> (node_modules/jsdom/lib/jsdom/virtual-console.js:29:45)
      at reportException (node_modules/jsdom/lib/jsdom/living/helpers/runtime-script-errors.js:70:28)
      at innerInvokeEventListeners (node_modules/jsdom/lib/jsdom/living/events/EventTarget-impl.js:341:9)
      at invokeEventListeners (node_modules/jsdom/lib/jsdom/living/events/EventTarget-impl.js:274:3)
      at HTMLUnknownElementImpl._dispatch (node_modules/jsdom/lib/jsdom/living/events/EventTarget-impl.js:221:9)
      at HTMLUnknownElementImpl.dispatchEvent (node_modules/jsdom/lib/jsdom/living/events/EventTarget-impl.js:94:17)
      at HTMLUnknownElement.dispatchEvent (node_modules/jsdom/lib/jsdom/living/generated/EventTarget.js:231:34)
      at Object.invokeGuardedCallbackDev (node_modules/react-dom/cjs/react-dom.development.js:4213:16)
      at invokeGuardedCallback (node_modules/react-dom/cjs/react-dom.development.js:4277:31)
      at beginWork$1 (node_modules/react-dom/cjs/react-dom.development.js:27490:7)
      at performUnitOfWork (node_modules/react-dom/cjs/react-dom.development.js:26599:12)
      at workLoopSync (node_modules/react-dom/cjs/react-dom.development.js:26505:5)
      at renderRootSync (node_modules/react-dom/cjs/react-dom.development.js:26473:7)
      at recoverFromConcurrentError (node_modules/react-dom/cjs/react-dom.development.js:25889:20)
      at performConcurrentWorkOnRoot (node_modules/react-dom/cjs/react-dom.development.js:25789:22)
      at flushActQueue (node_modules/react/cjs/react.development.js:2667:24)
      at act (node_modules/react/cjs/react.development.js:2582:11)
      at node_modules/@testing-library/react/dist/act-compat.js:46:25
      at renderRoot (node_modules/@testing-library/react/dist/pure.js:189:26)
      at render (node_modules/@testing-library/react/dist/pure.js:291:10)
      at renderCalendar (src/components/CalendarView.test.js:36:16)
      at Object.<anonymous> (src/components/CalendarView.test.js:102:5)

    console.error
      The above error occurred in the <Link> component:
      
          at LinkWithRef (C:\Users\leotm\Desktop\Projetos\Programming\vacation-scheduler\node_modules\react-router\dist\development\chunk-2YMDXNOJ.js:384:5)
          at p
          at div
          at div
          at form
          at CalendarView (C:\Users\leotm\Desktop\Projetos\Programming\vacation-scheduler\src\components\CalendarView.js:44:25)
      
      Consider adding an error boundary to your tree to customize error handling behavior.
      Visit https://reactjs.org/link/error-boundaries to learn more about error boundaries.

    [0m [90m 34 |[39m
     [90m 35 |[39m [36mconst[39m renderCalendar [33m=[39m (overrides [33m=[39m {}) [33m=>[39m {
    [31m[1m>[22m[39m[90m 36 |[39m   [36mreturn[39m render([33m<[39m[33mCalendarView[39m {[33m...[39mdefaultProps} {[33m...[39moverrides} [33m/[39m[33m>[39m)[33m;[39m
     [90m    |[39m                [31m[1m^[22m[39m
     [90m 37 |[39m }[33m;[39m
     [90m 38 |[39m
     [90m 39 |[39m describe([32m'CalendarView rendering'[39m[33m,[39m () [33m=>[39m {[0m

      at logCapturedError (node_modules/react-dom/cjs/react-dom.development.js:18704:23)
      at update.callback (node_modules/react-dom/cjs/react-dom.development.js:18737:5)
      at callCallback (node_modules/react-dom/cjs/react-dom.development.js:15036:12)
      at commitUpdateQueue (node_modules/react-dom/cjs/react-dom.development.js:15057:9)
      at commitLayoutEffectOnFiber (node_modules/react-dom/cjs/react-dom.development.js:23430:13)
      at commitLayoutMountEffects_complete (node_modules/react-dom/cjs/react-dom.development.js:24727:9)
      at commitLayoutEffects_begin (node_modules/react-dom/cjs/react-dom.development.js:24713:7)
      at commitLayoutEffects (node_modules/react-dom/cjs/react-dom.development.js:24651:3)
      at commitRootImpl (node_modules/react-dom/cjs/react-dom.development.js:26862:5)
      at commitRoot (node_modules/react-dom/cjs/react-dom.development.js:26721:5)
      at finishConcurrentRender (node_modules/react-dom/cjs/react-dom.development.js:25931:9)
      at performConcurrentWorkOnRoot (node_modules/react-dom/cjs/react-dom.development.js:25848:7)
      at flushActQueue (node_modules/react/cjs/react.development.js:2667:24)
      at act (node_modules/react/cjs/react.development.js:2582:11)
      at node_modules/@testing-library/react/dist/act-compat.js:46:25
      at renderRoot (node_modules/@testing-library/react/dist/pure.js:189:26)
      at render (node_modules/@testing-library/react/dist/pure.js:291:10)
      at renderCalendar (src/components/CalendarView.test.js:36:16)
      at Object.<anonymous> (src/components/CalendarView.test.js:102:5)

    console.error
      Error: Uncaught [TypeError: Cannot destructure property 'basename' of 'React.useContext(...)' as it is null.]
          at reportException (C:\Users\leotm\Desktop\Projetos\Programming\vacation-scheduler\node_modules\jsdom\lib\jsdom\living\helpers\runtime-script-errors.js:66:24)
          at innerInvokeEventListeners (C:\Users\leotm\Desktop\Projetos\Programming\vacation-scheduler\node_modules\jsdom\lib\jsdom\living\events\EventTarget-impl.js:341:9)
          at invokeEventListeners (C:\Users\leotm\Desktop\Projetos\Programming\vacation-scheduler\node_modules\jsdom\lib\jsdom\living\events\EventTarget-impl.js:274:3)
          at HTMLUnknownElementImpl._dispatch (C:\Users\leotm\Desktop\Projetos\Programming\vacation-scheduler\node_modules\jsdom\lib\jsdom\living\events\EventTarget-impl.js:221:9)
          at HTMLUnknownElementImpl.dispatchEvent (C:\Users\leotm\Desktop\Projetos\Programming\vacation-scheduler\node_modules\jsdom\lib\jsdom\living\events\EventTarget-impl.js:94:17)
          at HTMLUnknownElement.dispatchEvent (C:\Users\leotm\Desktop\Projetos\Programming\vacation-scheduler\node_modules\jsdom\lib\jsdom\living\generated\EventTarget.js:231:34)
          at Object.invokeGuardedCallbackDev (C:\Users\leotm\Desktop\Projetos\Programming\vacation-scheduler\node_modules\react-dom\cjs\react-dom.development.js:4213:16)
          at invokeGuardedCallback (C:\Users\leotm\Desktop\Projetos\Programming\vacation-scheduler\node_modules\react-dom\cjs\react-dom.development.js:4277:31)
          at beginWork$1 (C:\Users\leotm\Desktop\Projetos\Programming\vacation-scheduler\node_modules\react-dom\cjs\react-dom.development.js:27490:7)
          at performUnitOfWork (C:\Users\leotm\Desktop\Projetos\Programming\vacation-scheduler\node_modules\react-dom\cjs\react-dom.development.js:26599:12)
          at workLoopSync (C:\Users\leotm\Desktop\Projetos\Programming\vacation-scheduler\node_modules\react-dom\cjs\react-dom.development.js:26505:5)
          at renderRootSync (C:\Users\leotm\Desktop\Projetos\Programming\vacation-scheduler\node_modules\react-dom\cjs\react-dom.development.js:26473:7)
          at performConcurrentWorkOnRoot (C:\Users\leotm\Desktop\Projetos\Programming\vacation-scheduler\node_modules\react-dom\cjs\react-dom.development.js:25777:74)
          at flushActQueue (C:\Users\leotm\Desktop\Projetos\Programming\vacation-scheduler\node_modules\react\cjs\react.development.js:2667:24)
          at act (C:\Users\leotm\Desktop\Projetos\Programming\vacation-scheduler\node_modules\react\cjs\react.development.js:2582:11)
          at C:\Users\leotm\Desktop\Projetos\Programming\vacation-scheduler\node_modules\@testing-library\react\dist\act-compat.js:46:25
          at renderRoot (C:\Users\leotm\Desktop\Projetos\Programming\vacation-scheduler\node_modules\@testing-library\react\dist\pure.js:189:26)
          at render (C:\Users\leotm\Desktop\Projetos\Programming\vacation-scheduler\node_modules\@testing-library\react\dist\pure.js:291:10)
          at renderCalendar (C:\Users\leotm\Desktop\Projetos\Programming\vacation-scheduler\src\components\CalendarView.test.js:36:16)
          at Object.<anonymous> (C:\Users\leotm\Desktop\Projetos\Programming\vacation-scheduler\src\components\CalendarView.test.js:117:5)
          at Promise.then.completed (C:\Users\leotm\Desktop\Projetos\Programming\vacation-scheduler\node_modules\jest-circus\build\utils.js:391:28)
          at new Promise (<anonymous>)
          at callAsyncCircusFn (C:\Users\leotm\Desktop\Projetos\Programming\vacation-scheduler\node_modules\jest-circus\build\utils.js:316:10)
          at _callCircusTest (C:\Users\leotm\Desktop\Projetos\Programming\vacation-scheduler\node_modules\jest-circus\build\run.js:218:40)
          at processTicksAndRejections (node:internal/process/task_queues:103:5)
          at _runTest (C:\Users\leotm\Desktop\Projetos\Programming\vacation-scheduler\node_modules\jest-circus\build\run.js:155:3)
          at _runTestsForDescribeBlock (C:\Users\leotm\Desktop\Projetos\Programming\vacation-scheduler\node_modules\jest-circus\build\run.js:66:9)
          at _runTestsForDescribeBlock (C:\Users\leotm\Desktop\Projetos\Programming\vacation-scheduler\node_modules\jest-circus\build\run.js:60:9)
          at run (C:\Users\leotm\Desktop\Projetos\Programming\vacation-scheduler\node_modules\jest-circus\build\run.js:25:3)
          at runAndTransformResultsToJestFormat (C:\Users\leotm\Desktop\Projetos\Programming\vacation-scheduler\node_modules\jest-circus\build\legacy-code-todo-rewrite\jestAdapterInit.js:170:21)
          at jestAdapter (C:\Users\leotm\Desktop\Projetos\Programming\vacation-scheduler\node_modules\jest-circus\build\legacy-code-todo-rewrite\jestAdapter.js:82:19)
          at runTestInternal (C:\Users\leotm\Desktop\Projetos\Programming\vacation-scheduler\node_modules\jest-runner\build\runTest.js:389:16)
          at runTest (C:\Users\leotm\Desktop\Projetos\Programming\vacation-scheduler\node_modules\jest-runner\build\runTest.js:475:34)
          at Object.worker (C:\Users\leotm\Desktop\Projetos\Programming\vacation-scheduler\node_modules\jest-runner\build\testWorker.js:133:12) TypeError: Cannot destructure property 'basename' of 'React.useContext(...)' as it is null.
          at LinkWithRef (C:\Users\leotm\Desktop\Projetos\Programming\vacation-scheduler\node_modules\react-router\dist\development\chunk-2YMDXNOJ.js:399:11)
          at renderWithHooks (C:\Users\leotm\Desktop\Projetos\Programming\vacation-scheduler\node_modules\react-dom\cjs\react-dom.development.js:15486:18)
          at updateForwardRef (C:\Users\leotm\Desktop\Projetos\Programming\vacation-scheduler\node_modules\react-dom\cjs\react-dom.development.js:19245:20)
          at beginWork (C:\Users\leotm\Desktop\Projetos\Programming\vacation-scheduler\node_modules\react-dom\cjs\react-dom.development.js:21675:16)
          at HTMLUnknownElement.callCallback (C:\Users\leotm\Desktop\Projetos\Programming\vacation-scheduler\node_modules\react-dom\cjs\react-dom.development.js:4164:14)
          at HTMLUnknownElement.callTheUserObjectsOperation (C:\Users\leotm\Desktop\Projetos\Programming\vacation-scheduler\node_modules\jsdom\lib\jsdom\living\generated\EventListener.js:26:30)
          at innerInvokeEventListeners (C:\Users\leotm\Desktop\Projetos\Programming\vacation-scheduler\node_modules\jsdom\lib\jsdom\living\events\EventTarget-impl.js:338:25)
          at invokeEventListeners (C:\Users\leotm\Desktop\Projetos\Programming\vacation-scheduler\node_modules\jsdom\lib\jsdom\living\events\EventTarget-impl.js:274:3)
          at HTMLUnknownElementImpl._dispatch (C:\Users\leotm\Desktop\Projetos\Programming\vacation-scheduler\node_modules\jsdom\lib\jsdom\living\events\EventTarget-impl.js:221:9)
          at HTMLUnknownElementImpl.dispatchEvent (C:\Users\leotm\Desktop\Projetos\Programming\vacation-scheduler\node_modules\jsdom\lib\jsdom\living\events\EventTarget-impl.js:94:17)
          at HTMLUnknownElement.dispatchEvent (C:\Users\leotm\Desktop\Projetos\Programming\vacation-scheduler\node_modules\jsdom\lib\jsdom\living\generated\EventTarget.js:231:34)
          at Object.invokeGuardedCallbackDev (C:\Users\leotm\Desktop\Projetos\Programming\vacation-scheduler\node_modules\react-dom\cjs\react-dom.development.js:4213:16)
          at invokeGuardedCallback (C:\Users\leotm\Desktop\Projetos\Programming\vacation-scheduler\node_modules\react-dom\cjs\react-dom.development.js:4277:31)
          at beginWork$1 (C:\Users\leotm\Desktop\Projetos\Programming\vacation-scheduler\node_modules\react-dom\cjs\react-dom.development.js:27490:7)
          at performUnitOfWork (C:\Users\leotm\Desktop\Projetos\Programming\vacation-scheduler\node_modules\react-dom\cjs\react-dom.development.js:26599:12)
          at workLoopSync (C:\Users\leotm\Desktop\Projetos\Programming\vacation-scheduler\node_modules\react-dom\cjs\react-dom.development.js:26505:5)
          at renderRootSync (C:\Users\leotm\Desktop\Projetos\Programming\vacation-scheduler\node_modules\react-dom\cjs\react-dom.development.js:26473:7)
          at performConcurrentWorkOnRoot (C:\Users\leotm\Desktop\Projetos\Programming\vacation-scheduler\node_modules\react-dom\cjs\react-dom.development.js:25777:74)
          at flushActQueue (C:\Users\leotm\Desktop\Projetos\Programming\vacation-scheduler\node_modules\react\cjs\react.development.js:2667:24)
          at act (C:\Users\leotm\Desktop\Projetos\Programming\vacation-scheduler\node_modules\react\cjs\react.development.js:2582:11)
          at C:\Users\leotm\Desktop\Projetos\Programming\vacation-scheduler\node_modules\@testing-library\react\dist\act-compat.js:46:25
          at renderRoot (C:\Users\leotm\Desktop\Projetos\Programming\vacation-scheduler\node_modules\@testing-library\react\dist\pure.js:189:26)
          at render (C:\Users\leotm\Desktop\Projetos\Programming\vacation-scheduler\node_modules\@testing-library\react\dist\pure.js:291:10)
          at renderCalendar (C:\Users\leotm\Desktop\Projetos\Programming\vacation-scheduler\src\components\CalendarView.test.js:36:16)
          at Object.<anonymous> (C:\Users\leotm\Desktop\Projetos\Programming\vacation-scheduler\src\components\CalendarView.test.js:117:5)
          at Promise.then.completed (C:\Users\leotm\Desktop\Projetos\Programming\vacation-scheduler\node_modules\jest-circus\build\utils.js:391:28)
          at new Promise (<anonymous>)
          at callAsyncCircusFn (C:\Users\leotm\Desktop\Projetos\Programming\vacation-scheduler\node_modules\jest-circus\build\utils.js:316:10)
          at _callCircusTest (C:\Users\leotm\Desktop\Projetos\Programming\vacation-scheduler\node_modules\jest-circus\build\run.js:218:40)
          at processTicksAndRejections (node:internal/process/task_queues:103:5)
          at _runTest (C:\Users\leotm\Desktop\Projetos\Programming\vacation-scheduler\node_modules\jest-circus\build\run.js:155:3)
          at _runTestsForDescribeBlock (C:\Users\leotm\Desktop\Projetos\Programming\vacation-scheduler\node_modules\jest-circus\build\run.js:66:9)
          at _runTestsForDescribeBlock (C:\Users\leotm\Desktop\Projetos\Programming\vacation-scheduler\node_modules\jest-circus\build\run.js:60:9)
          at run (C:\Users\leotm\Desktop\Projetos\Programming\vacation-scheduler\node_modules\jest-circus\build\run.js:25:3)
          at runAndTransformResultsToJestFormat (C:\Users\leotm\Desktop\Projetos\Programming\vacation-scheduler\node_modules\jest-circus\build\legacy-code-todo-rewrite\jestAdapterInit.js:170:21)
          at jestAdapter (C:\Users\leotm\Desktop\Projetos\Programming\vacation-scheduler\node_modules\jest-circus\build\legacy-code-todo-rewrite\jestAdapter.js:82:19)
          at runTestInternal (C:\Users\leotm\Desktop\Projetos\Programming\vacation-scheduler\node_modules\jest-runner\build\runTest.js:389:16)
          at runTest (C:\Users\leotm\Desktop\Projetos\Programming\vacation-scheduler\node_modules\jest-runner\build\runTest.js:475:34)
          at Object.worker (C:\Users\leotm\Desktop\Projetos\Programming\vacation-scheduler\node_modules\jest-runner\build\testWorker.js:133:12)

    [0m [90m 34 |[39m
     [90m 35 |[39m [36mconst[39m renderCalendar [33m=[39m (overrides [33m=[39m {}) [33m=>[39m {
    [31m[1m>[22m[39m[90m 36 |[39m   [36mreturn[39m render([33m<[39m[33mCalendarView[39m {[33m...[39mdefaultProps} {[33m...[39moverrides} [33m/[39m[33m>[39m)[33m;[39m
     [90m    |[39m                [31m[1m^[22m[39m
     [90m 37 |[39m }[33m;[39m
     [90m 38 |[39m
     [90m 39 |[39m describe([32m'CalendarView rendering'[39m[33m,[39m () [33m=>[39m {[0m

      at VirtualConsole.<anonymous> (node_modules/jsdom/lib/jsdom/virtual-console.js:29:45)
      at reportException (node_modules/jsdom/lib/jsdom/living/helpers/runtime-script-errors.js:70:28)
      at innerInvokeEventListeners (node_modules/jsdom/lib/jsdom/living/events/EventTarget-impl.js:341:9)
      at invokeEventListeners (node_modules/jsdom/lib/jsdom/living/events/EventTarget-impl.js:274:3)
      at HTMLUnknownElementImpl._dispatch (node_modules/jsdom/lib/jsdom/living/events/EventTarget-impl.js:221:9)
      at HTMLUnknownElementImpl.dispatchEvent (node_modules/jsdom/lib/jsdom/living/events/EventTarget-impl.js:94:17)
      at HTMLUnknownElement.dispatchEvent (node_modules/jsdom/lib/jsdom/living/generated/EventTarget.js:231:34)
      at Object.invokeGuardedCallbackDev (node_modules/react-dom/cjs/react-dom.development.js:4213:16)
      at invokeGuardedCallback (node_modules/react-dom/cjs/react-dom.development.js:4277:31)
      at beginWork$1 (node_modules/react-dom/cjs/react-dom.development.js:27490:7)
      at performUnitOfWork (node_modules/react-dom/cjs/react-dom.development.js:26599:12)
      at workLoopSync (node_modules/react-dom/cjs/react-dom.development.js:26505:5)
      at renderRootSync (node_modules/react-dom/cjs/react-dom.development.js:26473:7)
      at performConcurrentWorkOnRoot (node_modules/react-dom/cjs/react-dom.development.js:25777:74)
      at flushActQueue (node_modules/react/cjs/react.development.js:2667:24)
      at act (node_modules/react/cjs/react.development.js:2582:11)
      at node_modules/@testing-library/react/dist/act-compat.js:46:25
      at renderRoot (node_modules/@testing-library/react/dist/pure.js:189:26)
      at render (node_modules/@testing-library/react/dist/pure.js:291:10)
      at renderCalendar (src/components/CalendarView.test.js:36:16)
      at Object.<anonymous> (src/components/CalendarView.test.js:117:5)

    console.error
      Error: Uncaught [TypeError: Cannot destructure property 'basename' of 'React.useContext(...)' as it is null.]
          at reportException (C:\Users\leotm\Desktop\Projetos\Programming\vacation-scheduler\node_modules\jsdom\lib\jsdom\living\helpers\runtime-script-errors.js:66:24)
          at innerInvokeEventListeners (C:\Users\leotm\Desktop\Projetos\Programming\vacation-scheduler\node_modules\jsdom\lib\jsdom\living\events\EventTarget-impl.js:341:9)
          at invokeEventListeners (C:\Users\leotm\Desktop\Projetos\Programming\vacation-scheduler\node_modules\jsdom\lib\jsdom\living\events\EventTarget-impl.js:274:3)
          at HTMLUnknownElementImpl._dispatch (C:\Users\leotm\Desktop\Projetos\Programming\vacation-scheduler\node_modules\jsdom\lib\jsdom\living\events\EventTarget-impl.js:221:9)
          at HTMLUnknownElementImpl.dispatchEvent (C:\Users\leotm\Desktop\Projetos\Programming\vacation-scheduler\node_modules\jsdom\lib\jsdom\living\events\EventTarget-impl.js:94:17)
          at HTMLUnknownElement.dispatchEvent (C:\Users\leotm\Desktop\Projetos\Programming\vacation-scheduler\node_modules\jsdom\lib\jsdom\living\generated\EventTarget.js:231:34)
          at Object.invokeGuardedCallbackDev (C:\Users\leotm\Desktop\Projetos\Programming\vacation-scheduler\node_modules\react-dom\cjs\react-dom.development.js:4213:16)
          at invokeGuardedCallback (C:\Users\leotm\Desktop\Projetos\Programming\vacation-scheduler\node_modules\react-dom\cjs\react-dom.development.js:4277:31)
          at beginWork$1 (C:\Users\leotm\Desktop\Projetos\Programming\vacation-scheduler\node_modules\react-dom\cjs\react-dom.development.js:27490:7)
          at performUnitOfWork (C:\Users\leotm\Desktop\Projetos\Programming\vacation-scheduler\node_modules\react-dom\cjs\react-dom.development.js:26599:12)
          at workLoopSync (C:\Users\leotm\Desktop\Projetos\Programming\vacation-scheduler\node_modules\react-dom\cjs\react-dom.development.js:26505:5)
          at renderRootSync (C:\Users\leotm\Desktop\Projetos\Programming\vacation-scheduler\node_modules\react-dom\cjs\react-dom.development.js:26473:7)
          at recoverFromConcurrentError (C:\Users\leotm\Desktop\Projetos\Programming\vacation-scheduler\node_modules\react-dom\cjs\react-dom.development.js:25889:20)
          at performConcurrentWorkOnRoot (C:\Users\leotm\Desktop\Projetos\Programming\vacation-scheduler\node_modules\react-dom\cjs\react-dom.development.js:25789:22)
          at flushActQueue (C:\Users\leotm\Desktop\Projetos\Programming\vacation-scheduler\node_modules\react\cjs\react.development.js:2667:24)
          at act (C:\Users\leotm\Desktop\Projetos\Programming\vacation-scheduler\node_modules\react\cjs\react.development.js:2582:11)
          at C:\Users\leotm\Desktop\Projetos\Programming\vacation-scheduler\node_modules\@testing-library\react\dist\act-compat.js:46:25
          at renderRoot (C:\Users\leotm\Desktop\Projetos\Programming\vacation-scheduler\node_modules\@testing-library\react\dist\pure.js:189:26)
          at render (C:\Users\leotm\Desktop\Projetos\Programming\vacation-scheduler\node_modules\@testing-library\react\dist\pure.js:291:10)
          at renderCalendar (C:\Users\leotm\Desktop\Projetos\Programming\vacation-scheduler\src\components\CalendarView.test.js:36:16)
          at Object.<anonymous> (C:\Users\leotm\Desktop\Projetos\Programming\vacation-scheduler\src\components\CalendarView.test.js:117:5)
          at Promise.then.completed (C:\Users\leotm\Desktop\Projetos\Programming\vacation-scheduler\node_modules\jest-circus\build\utils.js:391:28)
          at new Promise (<anonymous>)
          at callAsyncCircusFn (C:\Users\leotm\Desktop\Projetos\Programming\vacation-scheduler\node_modules\jest-circus\build\utils.js:316:10)
          at _callCircusTest (C:\Users\leotm\Desktop\Projetos\Programming\vacation-scheduler\node_modules\jest-circus\build\run.js:218:40)
          at processTicksAndRejections (node:internal/process/task_queues:103:5)
          at _runTest (C:\Users\leotm\Desktop\Projetos\Programming\vacation-scheduler\node_modules\jest-circus\build\run.js:155:3)
          at _runTestsForDescribeBlock (C:\Users\leotm\Desktop\Projetos\Programming\vacation-scheduler\node_modules\jest-circus\build\run.js:66:9)
          at _runTestsForDescribeBlock (C:\Users\leotm\Desktop\Projetos\Programming\vacation-scheduler\node_modules\jest-circus\build\run.js:60:9)
          at run (C:\Users\leotm\Desktop\Projetos\Programming\vacation-scheduler\node_modules\jest-circus\build\run.js:25:3)
          at runAndTransformResultsToJestFormat (C:\Users\leotm\Desktop\Projetos\Programming\vacation-scheduler\node_modules\jest-circus\build\legacy-code-todo-rewrite\jestAdapterInit.js:170:21)
          at jestAdapter (C:\Users\leotm\Desktop\Projetos\Programming\vacation-scheduler\node_modules\jest-circus\build\legacy-code-todo-rewrite\jestAdapter.js:82:19)
          at runTestInternal (C:\Users\leotm\Desktop\Projetos\Programming\vacation-scheduler\node_modules\jest-runner\build\runTest.js:389:16)
          at runTest (C:\Users\leotm\Desktop\Projetos\Programming\vacation-scheduler\node_modules\jest-runner\build\runTest.js:475:34)
          at Object.worker (C:\Users\leotm\Desktop\Projetos\Programming\vacation-scheduler\node_modules\jest-runner\build\testWorker.js:133:12) TypeError: Cannot destructure property 'basename' of 'React.useContext(...)' as it is null.
          at LinkWithRef (C:\Users\leotm\Desktop\Projetos\Programming\vacation-scheduler\node_modules\react-router\dist\development\chunk-2YMDXNOJ.js:399:11)
          at renderWithHooks (C:\Users\leotm\Desktop\Projetos\Programming\vacation-scheduler\node_modules\react-dom\cjs\react-dom.development.js:15486:18)
          at updateForwardRef (C:\Users\leotm\Desktop\Projetos\Programming\vacation-scheduler\node_modules\react-dom\cjs\react-dom.development.js:19245:20)
          at beginWork (C:\Users\leotm\Desktop\Projetos\Programming\vacation-scheduler\node_modules\react-dom\cjs\react-dom.development.js:21675:16)
          at HTMLUnknownElement.callCallback (C:\Users\leotm\Desktop\Projetos\Programming\vacation-scheduler\node_modules\react-dom\cjs\react-dom.development.js:4164:14)
          at HTMLUnknownElement.callTheUserObjectsOperation (C:\Users\leotm\Desktop\Projetos\Programming\vacation-scheduler\node_modules\jsdom\lib\jsdom\living\generated\EventListener.js:26:30)
          at innerInvokeEventListeners (C:\Users\leotm\Desktop\Projetos\Programming\vacation-scheduler\node_modules\jsdom\lib\jsdom\living\events\EventTarget-impl.js:338:25)
          at invokeEventListeners (C:\Users\leotm\Desktop\Projetos\Programming\vacation-scheduler\node_modules\jsdom\lib\jsdom\living\events\EventTarget-impl.js:274:3)
          at HTMLUnknownElementImpl._dispatch (C:\Users\leotm\Desktop\Projetos\Programming\vacation-scheduler\node_modules\jsdom\lib\jsdom\living\events\EventTarget-impl.js:221:9)
          at HTMLUnknownElementImpl.dispatchEvent (C:\Users\leotm\Desktop\Projetos\Programming\vacation-scheduler\node_modules\jsdom\lib\jsdom\living\events\EventTarget-impl.js:94:17)
          at HTMLUnknownElement.dispatchEvent (C:\Users\leotm\Desktop\Projetos\Programming\vacation-scheduler\node_modules\jsdom\lib\jsdom\living\generated\EventTarget.js:231:34)
          at Object.invokeGuardedCallbackDev (C:\Users\leotm\Desktop\Projetos\Programming\vacation-scheduler\node_modules\react-dom\cjs\react-dom.development.js:4213:16)
          at invokeGuardedCallback (C:\Users\leotm\Desktop\Projetos\Programming\vacation-scheduler\node_modules\react-dom\cjs\react-dom.development.js:4277:31)
          at beginWork$1 (C:\Users\leotm\Desktop\Projetos\Programming\vacation-scheduler\node_modules\react-dom\cjs\react-dom.development.js:27490:7)
          at performUnitOfWork (C:\Users\leotm\Desktop\Projetos\Programming\vacation-scheduler\node_modules\react-dom\cjs\react-dom.development.js:26599:12)
          at workLoopSync (C:\Users\leotm\Desktop\Projetos\Programming\vacation-scheduler\node_modules\react-dom\cjs\react-dom.development.js:26505:5)
          at renderRootSync (C:\Users\leotm\Desktop\Projetos\Programming\vacation-scheduler\node_modules\react-dom\cjs\react-dom.development.js:26473:7)
          at recoverFromConcurrentError (C:\Users\leotm\Desktop\Projetos\Programming\vacation-scheduler\node_modules\react-dom\cjs\react-dom.development.js:25889:20)
          at performConcurrentWorkOnRoot (C:\Users\leotm\Desktop\Projetos\Programming\vacation-scheduler\node_modules\react-dom\cjs\react-dom.development.js:25789:22)
          at flushActQueue (C:\Users\leotm\Desktop\Projetos\Programming\vacation-scheduler\node_modules\react\cjs\react.development.js:2667:24)
          at act (C:\Users\leotm\Desktop\Projetos\Programming\vacation-scheduler\node_modules\react\cjs\react.development.js:2582:11)
          at C:\Users\leotm\Desktop\Projetos\Programming\vacation-scheduler\node_modules\@testing-library\react\dist\act-compat.js:46:25
          at renderRoot (C:\Users\leotm\Desktop\Projetos\Programming\vacation-scheduler\node_modules\@testing-library\react\dist\pure.js:189:26)
          at render (C:\Users\leotm\Desktop\Projetos\Programming\vacation-scheduler\node_modules\@testing-library\react\dist\pure.js:291:10)
          at renderCalendar (C:\Users\leotm\Desktop\Projetos\Programming\vacation-scheduler\src\components\CalendarView.test.js:36:16)
          at Object.<anonymous> (C:\Users\leotm\Desktop\Projetos\Programming\vacation-scheduler\src\components\CalendarView.test.js:117:5)
          at Promise.then.completed (C:\Users\leotm\Desktop\Projetos\Programming\vacation-scheduler\node_modules\jest-circus\build\utils.js:391:28)
          at new Promise (<anonymous>)
          at callAsyncCircusFn (C:\Users\leotm\Desktop\Projetos\Programming\vacation-scheduler\node_modules\jest-circus\build\utils.js:316:10)
          at _callCircusTest (C:\Users\leotm\Desktop\Projetos\Programming\vacation-scheduler\node_modules\jest-circus\build\run.js:218:40)
          at processTicksAndRejections (node:internal/process/task_queues:103:5)
          at _runTest (C:\Users\leotm\Desktop\Projetos\Programming\vacation-scheduler\node_modules\jest-circus\build\run.js:155:3)
          at _runTestsForDescribeBlock (C:\Users\leotm\Desktop\Projetos\Programming\vacation-scheduler\node_modules\jest-circus\build\run.js:66:9)
          at _runTestsForDescribeBlock (C:\Users\leotm\Desktop\Projetos\Programming\vacation-scheduler\node_modules\jest-circus\build\run.js:60:9)
          at run (C:\Users\leotm\Desktop\Projetos\Programming\vacation-scheduler\node_modules\jest-circus\build\run.js:25:3)
          at runAndTransformResultsToJestFormat (C:\Users\leotm\Desktop\Projetos\Programming\vacation-scheduler\node_modules\jest-circus\build\legacy-code-todo-rewrite\jestAdapterInit.js:170:21)
          at jestAdapter (C:\Users\leotm\Desktop\Projetos\Programming\vacation-scheduler\node_modules\jest-circus\build\legacy-code-todo-rewrite\jestAdapter.js:82:19)
          at runTestInternal (C:\Users\leotm\Desktop\Projetos\Programming\vacation-scheduler\node_modules\jest-runner\build\runTest.js:389:16)
          at runTest (C:\Users\leotm\Desktop\Projetos\Programming\vacation-scheduler\node_modules\jest-runner\build\runTest.js:475:34)
          at Object.worker (C:\Users\leotm\Desktop\Projetos\Programming\vacation-scheduler\node_modules\jest-runner\build\testWorker.js:133:12)

    [0m [90m 34 |[39m
     [90m 35 |[39m [36mconst[39m renderCalendar [33m=[39m (overrides [33m=[39m {}) [33m=>[39m {
    [31m[1m>[22m[39m[90m 36 |[39m   [36mreturn[39m render([33m<[39m[33mCalendarView[39m {[33m...[39mdefaultProps} {[33m...[39moverrides} [33m/[39m[33m>[39m)[33m;[39m
     [90m    |[39m                [31m[1m^[22m[39m
     [90m 37 |[39m }[33m;[39m
     [90m 38 |[39m
     [90m 39 |[39m describe([32m'CalendarView rendering'[39m[33m,[39m () [33m=>[39m {[0m

      at VirtualConsole.<anonymous> (node_modules/jsdom/lib/jsdom/virtual-console.js:29:45)
      at reportException (node_modules/jsdom/lib/jsdom/living/helpers/runtime-script-errors.js:70:28)
      at innerInvokeEventListeners (node_modules/jsdom/lib/jsdom/living/events/EventTarget-impl.js:341:9)
      at invokeEventListeners (node_modules/jsdom/lib/jsdom/living/events/EventTarget-impl.js:274:3)
      at HTMLUnknownElementImpl._dispatch (node_modules/jsdom/lib/jsdom/living/events/EventTarget-impl.js:221:9)
      at HTMLUnknownElementImpl.dispatchEvent (node_modules/jsdom/lib/jsdom/living/events/EventTarget-impl.js:94:17)
      at HTMLUnknownElement.dispatchEvent (node_modules/jsdom/lib/jsdom/living/generated/EventTarget.js:231:34)
      at Object.invokeGuardedCallbackDev (node_modules/react-dom/cjs/react-dom.development.js:4213:16)
      at invokeGuardedCallback (node_modules/react-dom/cjs/react-dom.development.js:4277:31)
      at beginWork$1 (node_modules/react-dom/cjs/react-dom.development.js:27490:7)
      at performUnitOfWork (node_modules/react-dom/cjs/react-dom.development.js:26599:12)
      at workLoopSync (node_modules/react-dom/cjs/react-dom.development.js:26505:5)
      at renderRootSync (node_modules/react-dom/cjs/react-dom.development.js:26473:7)
      at recoverFromConcurrentError (node_modules/react-dom/cjs/react-dom.development.js:25889:20)
      at performConcurrentWorkOnRoot (node_modules/react-dom/cjs/react-dom.development.js:25789:22)
      at flushActQueue (node_modules/react/cjs/react.development.js:2667:24)
      at act (node_modules/react/cjs/react.development.js:2582:11)
      at node_modules/@testing-library/react/dist/act-compat.js:46:25
      at renderRoot (node_modules/@testing-library/react/dist/pure.js:189:26)
      at render (node_modules/@testing-library/react/dist/pure.js:291:10)
      at renderCalendar (src/components/CalendarView.test.js:36:16)
      at Object.<anonymous> (src/components/CalendarView.test.js:117:5)

    console.error
      The above error occurred in the <Link> component:
      
          at LinkWithRef (C:\Users\leotm\Desktop\Projetos\Programming\vacation-scheduler\node_modules\react-router\dist\development\chunk-2YMDXNOJ.js:384:5)
          at p
          at div
          at div
          at form
          at CalendarView (C:\Users\leotm\Desktop\Projetos\Programming\vacation-scheduler\src\components\CalendarView.js:44:25)
      
      Consider adding an error boundary to your tree to customize error handling behavior.
      Visit https://reactjs.org/link/error-boundaries to learn more about error boundaries.

    [0m [90m 34 |[39m
     [90m 35 |[39m [36mconst[39m renderCalendar [33m=[39m (overrides [33m=[39m {}) [33m=>[39m {
    [31m[1m>[22m[39m[90m 36 |[39m   [36mreturn[39m render([33m<[39m[33mCalendarView[39m {[33m...[39mdefaultProps} {[33m...[39moverrides} [33m/[39m[33m>[39m)[33m;[39m
     [90m    |[39m                [31m[1m^[22m[39m
     [90m 37 |[39m }[33m;[39m
     [90m 38 |[39m
     [90m 39 |[39m describe([32m'CalendarView rendering'[39m[33m,[39m () [33m=>[39m {[0m

      at logCapturedError (node_modules/react-dom/cjs/react-dom.development.js:18704:23)
      at update.callback (node_modules/react-dom/cjs/react-dom.development.js:18737:5)
      at callCallback (node_modules/react-dom/cjs/react-dom.development.js:15036:12)
      at commitUpdateQueue (node_modules/react-dom/cjs/react-dom.development.js:15057:9)
      at commitLayoutEffectOnFiber (node_modules/react-dom/cjs/react-dom.development.js:23430:13)
      at commitLayoutMountEffects_complete (node_modules/react-dom/cjs/react-dom.development.js:24727:9)
      at commitLayoutEffects_begin (node_modules/react-dom/cjs/react-dom.development.js:24713:7)
      at commitLayoutEffects (node_modules/react-dom/cjs/react-dom.development.js:24651:3)
      at commitRootImpl (node_modules/react-dom/cjs/react-dom.development.js:26862:5)
      at commitRoot (node_modules/react-dom/cjs/react-dom.development.js:26721:5)
      at finishConcurrentRender (node_modules/react-dom/cjs/react-dom.development.js:25931:9)
      at performConcurrentWorkOnRoot (node_modules/react-dom/cjs/react-dom.development.js:25848:7)
      at flushActQueue (node_modules/react/cjs/react.development.js:2667:24)
      at act (node_modules/react/cjs/react.development.js:2582:11)
      at node_modules/@testing-library/react/dist/act-compat.js:46:25
      at renderRoot (node_modules/@testing-library/react/dist/pure.js:189:26)
      at render (node_modules/@testing-library/react/dist/pure.js:291:10)
      at renderCalendar (src/components/CalendarView.test.js:36:16)
      at Object.<anonymous> (src/components/CalendarView.test.js:117:5)

    console.error
      Error: Uncaught [TypeError: Cannot destructure property 'basename' of 'React.useContext(...)' as it is null.]
          at reportException (C:\Users\leotm\Desktop\Projetos\Programming\vacation-scheduler\node_modules\jsdom\lib\jsdom\living\helpers\runtime-script-errors.js:66:24)
          at innerInvokeEventListeners (C:\Users\leotm\Desktop\Projetos\Programming\vacation-scheduler\node_modules\jsdom\lib\jsdom\living\events\EventTarget-impl.js:341:9)
          at invokeEventListeners (C:\Users\leotm\Desktop\Projetos\Programming\vacation-scheduler\node_modules\jsdom\lib\jsdom\living\events\EventTarget-impl.js:274:3)
          at HTMLUnknownElementImpl._dispatch (C:\Users\leotm\Desktop\Projetos\Programming\vacation-scheduler\node_modules\jsdom\lib\jsdom\living\events\EventTarget-impl.js:221:9)
          at HTMLUnknownElementImpl.dispatchEvent (C:\Users\leotm\Desktop\Projetos\Programming\vacation-scheduler\node_modules\jsdom\lib\jsdom\living\events\EventTarget-impl.js:94:17)
          at HTMLUnknownElement.dispatchEvent (C:\Users\leotm\Desktop\Projetos\Programming\vacation-scheduler\node_modules\jsdom\lib\jsdom\living\generated\EventTarget.js:231:34)
          at Object.invokeGuardedCallbackDev (C:\Users\leotm\Desktop\Projetos\Programming\vacation-scheduler\node_modules\react-dom\cjs\react-dom.development.js:4213:16)
          at invokeGuardedCallback (C:\Users\leotm\Desktop\Projetos\Programming\vacation-scheduler\node_modules\react-dom\cjs\react-dom.development.js:4277:31)
          at beginWork$1 (C:\Users\leotm\Desktop\Projetos\Programming\vacation-scheduler\node_modules\react-dom\cjs\react-dom.development.js:27490:7)
          at performUnitOfWork (C:\Users\leotm\Desktop\Projetos\Programming\vacation-scheduler\node_modules\react-dom\cjs\react-dom.development.js:26599:12)
          at workLoopSync (C:\Users\leotm\Desktop\Projetos\Programming\vacation-scheduler\node_modules\react-dom\cjs\react-dom.development.js:26505:5)
          at renderRootSync (C:\Users\leotm\Desktop\Projetos\Programming\vacation-scheduler\node_modules\react-dom\cjs\react-dom.development.js:26473:7)
          at performConcurrentWorkOnRoot (C:\Users\leotm\Desktop\Projetos\Programming\vacation-scheduler\node_modules\react-dom\cjs\react-dom.development.js:25777:74)
          at flushActQueue (C:\Users\leotm\Desktop\Projetos\Programming\vacation-scheduler\node_modules\react\cjs\react.development.js:2667:24)
          at act (C:\Users\leotm\Desktop\Projetos\Programming\vacation-scheduler\node_modules\react\cjs\react.development.js:2582:11)
          at C:\Users\leotm\Desktop\Projetos\Programming\vacation-scheduler\node_modules\@testing-library\react\dist\act-compat.js:46:25
          at renderRoot (C:\Users\leotm\Desktop\Projetos\Programming\vacation-scheduler\node_modules\@testing-library\react\dist\pure.js:189:26)
          at render (C:\Users\leotm\Desktop\Projetos\Programming\vacation-scheduler\node_modules\@testing-library\react\dist\pure.js:291:10)
          at renderCalendar (C:\Users\leotm\Desktop\Projetos\Programming\vacation-scheduler\src\components\CalendarView.test.js:36:16)
          at Object.<anonymous> (C:\Users\leotm\Desktop\Projetos\Programming\vacation-scheduler\src\components\CalendarView.test.js:131:5)
          at Promise.then.completed (C:\Users\leotm\Desktop\Projetos\Programming\vacation-scheduler\node_modules\jest-circus\build\utils.js:391:28)
          at new Promise (<anonymous>)
          at callAsyncCircusFn (C:\Users\leotm\Desktop\Projetos\Programming\vacation-scheduler\node_modules\jest-circus\build\utils.js:316:10)
          at _callCircusTest (C:\Users\leotm\Desktop\Projetos\Programming\vacation-scheduler\node_modules\jest-circus\build\run.js:218:40)
          at processTicksAndRejections (node:internal/process/task_queues:103:5)
          at _runTest (C:\Users\leotm\Desktop\Projetos\Programming\vacation-scheduler\node_modules\jest-circus\build\run.js:155:3)
          at _runTestsForDescribeBlock (C:\Users\leotm\Desktop\Projetos\Programming\vacation-scheduler\node_modules\jest-circus\build\run.js:66:9)
          at _runTestsForDescribeBlock (C:\Users\leotm\Desktop\Projetos\Programming\vacation-scheduler\node_modules\jest-circus\build\run.js:60:9)
          at run (C:\Users\leotm\Desktop\Projetos\Programming\vacation-scheduler\node_modules\jest-circus\build\run.js:25:3)
          at runAndTransformResultsToJestFormat (C:\Users\leotm\Desktop\Projetos\Programming\vacation-scheduler\node_modules\jest-circus\build\legacy-code-todo-rewrite\jestAdapterInit.js:170:21)
          at jestAdapter (C:\Users\leotm\Desktop\Projetos\Programming\vacation-scheduler\node_modules\jest-circus\build\legacy-code-todo-rewrite\jestAdapter.js:82:19)
          at runTestInternal (C:\Users\leotm\Desktop\Projetos\Programming\vacation-scheduler\node_modules\jest-runner\build\runTest.js:389:16)
          at runTest (C:\Users\leotm\Desktop\Projetos\Programming\vacation-scheduler\node_modules\jest-runner\build\runTest.js:475:34)
          at Object.worker (C:\Users\leotm\Desktop\Projetos\Programming\vacation-scheduler\node_modules\jest-runner\build\testWorker.js:133:12) TypeError: Cannot destructure property 'basename' of 'React.useContext(...)' as it is null.
          at LinkWithRef (C:\Users\leotm\Desktop\Projetos\Programming\vacation-scheduler\node_modules\react-router\dist\development\chunk-2YMDXNOJ.js:399:11)
          at renderWithHooks (C:\Users\leotm\Desktop\Projetos\Programming\vacation-scheduler\node_modules\react-dom\cjs\react-dom.development.js:15486:18)
          at updateForwardRef (C:\Users\leotm\Desktop\Projetos\Programming\vacation-scheduler\node_modules\react-dom\cjs\react-dom.development.js:19245:20)
          at beginWork (C:\Users\leotm\Desktop\Projetos\Programming\vacation-scheduler\node_modules\react-dom\cjs\react-dom.development.js:21675:16)
          at HTMLUnknownElement.callCallback (C:\Users\leotm\Desktop\Projetos\Programming\vacation-scheduler\node_modules\react-dom\cjs\react-dom.development.js:4164:14)
          at HTMLUnknownElement.callTheUserObjectsOperation (C:\Users\leotm\Desktop\Projetos\Programming\vacation-scheduler\node_modules\jsdom\lib\jsdom\living\generated\EventListener.js:26:30)
          at innerInvokeEventListeners (C:\Users\leotm\Desktop\Projetos\Programming\vacation-scheduler\node_modules\jsdom\lib\jsdom\living\events\EventTarget-impl.js:338:25)
          at invokeEventListeners (C:\Users\leotm\Desktop\Projetos\Programming\vacation-scheduler\node_modules\jsdom\lib\jsdom\living\events\EventTarget-impl.js:274:3)
          at HTMLUnknownElementImpl._dispatch (C:\Users\leotm\Desktop\Projetos\Programming\vacation-scheduler\node_modules\jsdom\lib\jsdom\living\events\EventTarget-impl.js:221:9)
          at HTMLUnknownElementImpl.dispatchEvent (C:\Users\leotm\Desktop\Projetos\Programming\vacation-scheduler\node_modules\jsdom\lib\jsdom\living\events\EventTarget-impl.js:94:17)
          at HTMLUnknownElement.dispatchEvent (C:\Users\leotm\Desktop\Projetos\Programming\vacation-scheduler\node_modules\jsdom\lib\jsdom\living\generated\EventTarget.js:231:34)
          at Object.invokeGuardedCallbackDev (C:\Users\leotm\Desktop\Projetos\Programming\vacation-scheduler\node_modules\react-dom\cjs\react-dom.development.js:4213:16)
          at invokeGuardedCallback (C:\Users\leotm\Desktop\Projetos\Programming\vacation-scheduler\node_modules\react-dom\cjs\react-dom.development.js:4277:31)
          at beginWork$1 (C:\Users\leotm\Desktop\Projetos\Programming\vacation-scheduler\node_modules\react-dom\cjs\react-dom.development.js:27490:7)
          at performUnitOfWork (C:\Users\leotm\Desktop\Projetos\Programming\vacation-scheduler\node_modules\react-dom\cjs\react-dom.development.js:26599:12)
          at workLoopSync (C:\Users\leotm\Desktop\Projetos\Programming\vacation-scheduler\node_modules\react-dom\cjs\react-dom.development.js:26505:5)
          at renderRootSync (C:\Users\leotm\Desktop\Projetos\Programming\vacation-scheduler\node_modules\react-dom\cjs\react-dom.development.js:26473:7)
          at performConcurrentWorkOnRoot (C:\Users\leotm\Desktop\Projetos\Programming\vacation-scheduler\node_modules\react-dom\cjs\react-dom.development.js:25777:74)
          at flushActQueue (C:\Users\leotm\Desktop\Projetos\Programming\vacation-scheduler\node_modules\react\cjs\react.development.js:2667:24)
          at act (C:\Users\leotm\Desktop\Projetos\Programming\vacation-scheduler\node_modules\react\cjs\react.development.js:2582:11)
          at C:\Users\leotm\Desktop\Projetos\Programming\vacation-scheduler\node_modules\@testing-library\react\dist\act-compat.js:46:25
          at renderRoot (C:\Users\leotm\Desktop\Projetos\Programming\vacation-scheduler\node_modules\@testing-library\react\dist\pure.js:189:26)
          at render (C:\Users\leotm\Desktop\Projetos\Programming\vacation-scheduler\node_modules\@testing-library\react\dist\pure.js:291:10)
          at renderCalendar (C:\Users\leotm\Desktop\Projetos\Programming\vacation-scheduler\src\components\CalendarView.test.js:36:16)
          at Object.<anonymous> (C:\Users\leotm\Desktop\Projetos\Programming\vacation-scheduler\src\components\CalendarView.test.js:131:5)
          at Promise.then.completed (C:\Users\leotm\Desktop\Projetos\Programming\vacation-scheduler\node_modules\jest-circus\build\utils.js:391:28)
          at new Promise (<anonymous>)
          at callAsyncCircusFn (C:\Users\leotm\Desktop\Projetos\Programming\vacation-scheduler\node_modules\jest-circus\build\utils.js:316:10)
          at _callCircusTest (C:\Users\leotm\Desktop\Projetos\Programming\vacation-scheduler\node_modules\jest-circus\build\run.js:218:40)
          at processTicksAndRejections (node:internal/process/task_queues:103:5)
          at _runTest (C:\Users\leotm\Desktop\Projetos\Programming\vacation-scheduler\node_modules\jest-circus\build\run.js:155:3)
          at _runTestsForDescribeBlock (C:\Users\leotm\Desktop\Projetos\Programming\vacation-scheduler\node_modules\jest-circus\build\run.js:66:9)
          at _runTestsForDescribeBlock (C:\Users\leotm\Desktop\Projetos\Programming\vacation-scheduler\node_modules\jest-circus\build\run.js:60:9)
          at run (C:\Users\leotm\Desktop\Projetos\Programming\vacation-scheduler\node_modules\jest-circus\build\run.js:25:3)
          at runAndTransformResultsToJestFormat (C:\Users\leotm\Desktop\Projetos\Programming\vacation-scheduler\node_modules\jest-circus\build\legacy-code-todo-rewrite\jestAdapterInit.js:170:21)
          at jestAdapter (C:\Users\leotm\Desktop\Projetos\Programming\vacation-scheduler\node_modules\jest-circus\build\legacy-code-todo-rewrite\jestAdapter.js:82:19)
          at runTestInternal (C:\Users\leotm\Desktop\Projetos\Programming\vacation-scheduler\node_modules\jest-runner\build\runTest.js:389:16)
          at runTest (C:\Users\leotm\Desktop\Projetos\Programming\vacation-scheduler\node_modules\jest-runner\build\runTest.js:475:34)
          at Object.worker (C:\Users\leotm\Desktop\Projetos\Programming\vacation-scheduler\node_modules\jest-runner\build\testWorker.js:133:12)

    [0m [90m 34 |[39m
     [90m 35 |[39m [36mconst[39m renderCalendar [33m=[39m (overrides [33m=[39m {}) [33m=>[39m {
    [31m[1m>[22m[39m[90m 36 |[39m   [36mreturn[39m render([33m<[39m[33mCalendarView[39m {[33m...[39mdefaultProps} {[33m...[39moverrides} [33m/[39m[33m>[39m)[33m;[39m
     [90m    |[39m                [31m[1m^[22m[39m
     [90m 37 |[39m }[33m;[39m
     [90m 38 |[39m
     [90m 39 |[39m describe([32m'CalendarView rendering'[39m[33m,[39m () [33m=>[39m {[0m

      at VirtualConsole.<anonymous> (node_modules/jsdom/lib/jsdom/virtual-console.js:29:45)
      at reportException (node_modules/jsdom/lib/jsdom/living/helpers/runtime-script-errors.js:70:28)
      at innerInvokeEventListeners (node_modules/jsdom/lib/jsdom/living/events/EventTarget-impl.js:341:9)
      at invokeEventListeners (node_modules/jsdom/lib/jsdom/living/events/EventTarget-impl.js:274:3)
      at HTMLUnknownElementImpl._dispatch (node_modules/jsdom/lib/jsdom/living/events/EventTarget-impl.js:221:9)
      at HTMLUnknownElementImpl.dispatchEvent (node_modules/jsdom/lib/jsdom/living/events/EventTarget-impl.js:94:17)
      at HTMLUnknownElement.dispatchEvent (node_modules/jsdom/lib/jsdom/living/generated/EventTarget.js:231:34)
      at Object.invokeGuardedCallbackDev (node_modules/react-dom/cjs/react-dom.development.js:4213:16)
      at invokeGuardedCallback (node_modules/react-dom/cjs/react-dom.development.js:4277:31)
      at beginWork$1 (node_modules/react-dom/cjs/react-dom.development.js:27490:7)
      at performUnitOfWork (node_modules/react-dom/cjs/react-dom.development.js:26599:12)
      at workLoopSync (node_modules/react-dom/cjs/react-dom.development.js:26505:5)
      at renderRootSync (node_modules/react-dom/cjs/react-dom.development.js:26473:7)
      at performConcurrentWorkOnRoot (node_modules/react-dom/cjs/react-dom.development.js:25777:74)
      at flushActQueue (node_modules/react/cjs/react.development.js:2667:24)
      at act (node_modules/react/cjs/react.development.js:2582:11)
      at node_modules/@testing-library/react/dist/act-compat.js:46:25
      at renderRoot (node_modules/@testing-library/react/dist/pure.js:189:26)
      at render (node_modules/@testing-library/react/dist/pure.js:291:10)
      at renderCalendar (src/components/CalendarView.test.js:36:16)
      at Object.<anonymous> (src/components/CalendarView.test.js:131:5)

    console.error
      Error: Uncaught [TypeError: Cannot destructure property 'basename' of 'React.useContext(...)' as it is null.]
          at reportException (C:\Users\leotm\Desktop\Projetos\Programming\vacation-scheduler\node_modules\jsdom\lib\jsdom\living\helpers\runtime-script-errors.js:66:24)
          at innerInvokeEventListeners (C:\Users\leotm\Desktop\Projetos\Programming\vacation-scheduler\node_modules\jsdom\lib\jsdom\living\events\EventTarget-impl.js:341:9)
          at invokeEventListeners (C:\Users\leotm\Desktop\Projetos\Programming\vacation-scheduler\node_modules\jsdom\lib\jsdom\living\events\EventTarget-impl.js:274:3)
          at HTMLUnknownElementImpl._dispatch (C:\Users\leotm\Desktop\Projetos\Programming\vacation-scheduler\node_modules\jsdom\lib\jsdom\living\events\EventTarget-impl.js:221:9)
          at HTMLUnknownElementImpl.dispatchEvent (C:\Users\leotm\Desktop\Projetos\Programming\vacation-scheduler\node_modules\jsdom\lib\jsdom\living\events\EventTarget-impl.js:94:17)
          at HTMLUnknownElement.dispatchEvent (C:\Users\leotm\Desktop\Projetos\Programming\vacation-scheduler\node_modules\jsdom\lib\jsdom\living\generated\EventTarget.js:231:34)
          at Object.invokeGuardedCallbackDev (C:\Users\leotm\Desktop\Projetos\Programming\vacation-scheduler\node_modules\react-dom\cjs\react-dom.development.js:4213:16)
          at invokeGuardedCallback (C:\Users\leotm\Desktop\Projetos\Programming\vacation-scheduler\node_modules\react-dom\cjs\react-dom.development.js:4277:31)
          at beginWork$1 (C:\Users\leotm\Desktop\Projetos\Programming\vacation-scheduler\node_modules\react-dom\cjs\react-dom.development.js:27490:7)
          at performUnitOfWork (C:\Users\leotm\Desktop\Projetos\Programming\vacation-scheduler\node_modules\react-dom\cjs\react-dom.development.js:26599:12)
          at workLoopSync (C:\Users\leotm\Desktop\Projetos\Programming\vacation-scheduler\node_modules\react-dom\cjs\react-dom.development.js:26505:5)
          at renderRootSync (C:\Users\leotm\Desktop\Projetos\Programming\vacation-scheduler\node_modules\react-dom\cjs\react-dom.development.js:26473:7)
          at recoverFromConcurrentError (C:\Users\leotm\Desktop\Projetos\Programming\vacation-scheduler\node_modules\react-dom\cjs\react-dom.development.js:25889:20)
          at performConcurrentWorkOnRoot (C:\Users\leotm\Desktop\Projetos\Programming\vacation-scheduler\node_modules\react-dom\cjs\react-dom.development.js:25789:22)
          at flushActQueue (C:\Users\leotm\Desktop\Projetos\Programming\vacation-scheduler\node_modules\react\cjs\react.development.js:2667:24)
          at act (C:\Users\leotm\Desktop\Projetos\Programming\vacation-scheduler\node_modules\react\cjs\react.development.js:2582:11)
          at C:\Users\leotm\Desktop\Projetos\Programming\vacation-scheduler\node_modules\@testing-library\react\dist\act-compat.js:46:25
          at renderRoot (C:\Users\leotm\Desktop\Projetos\Programming\vacation-scheduler\node_modules\@testing-library\react\dist\pure.js:189:26)
          at render (C:\Users\leotm\Desktop\Projetos\Programming\vacation-scheduler\node_modules\@testing-library\react\dist\pure.js:291:10)
          at renderCalendar (C:\Users\leotm\Desktop\Projetos\Programming\vacation-scheduler\src\components\CalendarView.test.js:36:16)
          at Object.<anonymous> (C:\Users\leotm\Desktop\Projetos\Programming\vacation-scheduler\src\components\CalendarView.test.js:131:5)
          at Promise.then.completed (C:\Users\leotm\Desktop\Projetos\Programming\vacation-scheduler\node_modules\jest-circus\build\utils.js:391:28)
          at new Promise (<anonymous>)
          at callAsyncCircusFn (C:\Users\leotm\Desktop\Projetos\Programming\vacation-scheduler\node_modules\jest-circus\build\utils.js:316:10)
          at _callCircusTest (C:\Users\leotm\Desktop\Projetos\Programming\vacation-scheduler\node_modules\jest-circus\build\run.js:218:40)
          at processTicksAndRejections (node:internal/process/task_queues:103:5)
          at _runTest (C:\Users\leotm\Desktop\Projetos\Programming\vacation-scheduler\node_modules\jest-circus\build\run.js:155:3)
          at _runTestsForDescribeBlock (C:\Users\leotm\Desktop\Projetos\Programming\vacation-scheduler\node_modules\jest-circus\build\run.js:66:9)
          at _runTestsForDescribeBlock (C:\Users\leotm\Desktop\Projetos\Programming\vacation-scheduler\node_modules\jest-circus\build\run.js:60:9)
          at run (C:\Users\leotm\Desktop\Projetos\Programming\vacation-scheduler\node_modules\jest-circus\build\run.js:25:3)
          at runAndTransformResultsToJestFormat (C:\Users\leotm\Desktop\Projetos\Programming\vacation-scheduler\node_modules\jest-circus\build\legacy-code-todo-rewrite\jestAdapterInit.js:170:21)
          at jestAdapter (C:\Users\leotm\Desktop\Projetos\Programming\vacation-scheduler\node_modules\jest-circus\build\legacy-code-todo-rewrite\jestAdapter.js:82:19)
          at runTestInternal (C:\Users\leotm\Desktop\Projetos\Programming\vacation-scheduler\node_modules\jest-runner\build\runTest.js:389:16)
          at runTest (C:\Users\leotm\Desktop\Projetos\Programming\vacation-scheduler\node_modules\jest-runner\build\runTest.js:475:34)
          at Object.worker (C:\Users\leotm\Desktop\Projetos\Programming\vacation-scheduler\node_modules\jest-runner\build\testWorker.js:133:12) TypeError: Cannot destructure property 'basename' of 'React.useContext(...)' as it is null.
          at LinkWithRef (C:\Users\leotm\Desktop\Projetos\Programming\vacation-scheduler\node_modules\react-router\dist\development\chunk-2YMDXNOJ.js:399:11)
          at renderWithHooks (C:\Users\leotm\Desktop\Projetos\Programming\vacation-scheduler\node_modules\react-dom\cjs\react-dom.development.js:15486:18)
          at updateForwardRef (C:\Users\leotm\Desktop\Projetos\Programming\vacation-scheduler\node_modules\react-dom\cjs\react-dom.development.js:19245:20)
          at beginWork (C:\Users\leotm\Desktop\Projetos\Programming\vacation-scheduler\node_modules\react-dom\cjs\react-dom.development.js:21675:16)
          at HTMLUnknownElement.callCallback (C:\Users\leotm\Desktop\Projetos\Programming\vacation-scheduler\node_modules\react-dom\cjs\react-dom.development.js:4164:14)
          at HTMLUnknownElement.callTheUserObjectsOperation (C:\Users\leotm\Desktop\Projetos\Programming\vacation-scheduler\node_modules\jsdom\lib\jsdom\living\generated\EventListener.js:26:30)
          at innerInvokeEventListeners (C:\Users\leotm\Desktop\Projetos\Programming\vacation-scheduler\node_modules\jsdom\lib\jsdom\living\events\EventTarget-impl.js:338:25)
          at invokeEventListeners (C:\Users\leotm\Desktop\Projetos\Programming\vacation-scheduler\node_modules\jsdom\lib\jsdom\living\events\EventTarget-impl.js:274:3)
          at HTMLUnknownElementImpl._dispatch (C:\Users\leotm\Desktop\Projetos\Programming\vacation-scheduler\node_modules\jsdom\lib\jsdom\living\events\EventTarget-impl.js:221:9)
          at HTMLUnknownElementImpl.dispatchEvent (C:\Users\leotm\Desktop\Projetos\Programming\vacation-scheduler\node_modules\jsdom\lib\jsdom\living\events\EventTarget-impl.js:94:17)
          at HTMLUnknownElement.dispatchEvent (C:\Users\leotm\Desktop\Projetos\Programming\vacation-scheduler\node_modules\jsdom\lib\jsdom\living\generated\EventTarget.js:231:34)
          at Object.invokeGuardedCallbackDev (C:\Users\leotm\Desktop\Projetos\Programming\vacation-scheduler\node_modules\react-dom\cjs\react-dom.development.js:4213:16)
          at invokeGuardedCallback (C:\Users\leotm\Desktop\Projetos\Programming\vacation-scheduler\node_modules\react-dom\cjs\react-dom.development.js:4277:31)
          at beginWork$1 (C:\Users\leotm\Desktop\Projetos\Programming\vacation-scheduler\node_modules\react-dom\cjs\react-dom.development.js:27490:7)
          at performUnitOfWork (C:\Users\leotm\Desktop\Projetos\Programming\vacation-scheduler\node_modules\react-dom\cjs\react-dom.development.js:26599:12)
          at workLoopSync (C:\Users\leotm\Desktop\Projetos\Programming\vacation-scheduler\node_modules\react-dom\cjs\react-dom.development.js:26505:5)
          at renderRootSync (C:\Users\leotm\Desktop\Projetos\Programming\vacation-scheduler\node_modules\react-dom\cjs\react-dom.development.js:26473:7)
          at recoverFromConcurrentError (C:\Users\leotm\Desktop\Projetos\Programming\vacation-scheduler\node_modules\react-dom\cjs\react-dom.development.js:25889:20)
          at performConcurrentWorkOnRoot (C:\Users\leotm\Desktop\Projetos\Programming\vacation-scheduler\node_modules\react-dom\cjs\react-dom.development.js:25789:22)
          at flushActQueue (C:\Users\leotm\Desktop\Projetos\Programming\vacation-scheduler\node_modules\react\cjs\react.development.js:2667:24)
          at act (C:\Users\leotm\Desktop\Projetos\Programming\vacation-scheduler\node_modules\react\cjs\react.development.js:2582:11)
          at C:\Users\leotm\Desktop\Projetos\Programming\vacation-scheduler\node_modules\@testing-library\react\dist\act-compat.js:46:25
          at renderRoot (C:\Users\leotm\Desktop\Projetos\Programming\vacation-scheduler\node_modules\@testing-library\react\dist\pure.js:189:26)
          at render (C:\Users\leotm\Desktop\Projetos\Programming\vacation-scheduler\node_modules\@testing-library\react\dist\pure.js:291:10)
          at renderCalendar (C:\Users\leotm\Desktop\Projetos\Programming\vacation-scheduler\src\components\CalendarView.test.js:36:16)
          at Object.<anonymous> (C:\Users\leotm\Desktop\Projetos\Programming\vacation-scheduler\src\components\CalendarView.test.js:131:5)
          at Promise.then.completed (C:\Users\leotm\Desktop\Projetos\Programming\vacation-scheduler\node_modules\jest-circus\build\utils.js:391:28)
          at new Promise (<anonymous>)
          at callAsyncCircusFn (C:\Users\leotm\Desktop\Projetos\Programming\vacation-scheduler\node_modules\jest-circus\build\utils.js:316:10)
          at _callCircusTest (C:\Users\leotm\Desktop\Projetos\Programming\vacation-scheduler\node_modules\jest-circus\build\run.js:218:40)
          at processTicksAndRejections (node:internal/process/task_queues:103:5)
          at _runTest (C:\Users\leotm\Desktop\Projetos\Programming\vacation-scheduler\node_modules\jest-circus\build\run.js:155:3)
          at _runTestsForDescribeBlock (C:\Users\leotm\Desktop\Projetos\Programming\vacation-scheduler\node_modules\jest-circus\build\run.js:66:9)
          at _runTestsForDescribeBlock (C:\Users\leotm\Desktop\Projetos\Programming\vacation-scheduler\node_modules\jest-circus\build\run.js:60:9)
          at run (C:\Users\leotm\Desktop\Projetos\Programming\vacation-scheduler\node_modules\jest-circus\build\run.js:25:3)
          at runAndTransformResultsToJestFormat (C:\Users\leotm\Desktop\Projetos\Programming\vacation-scheduler\node_modules\jest-circus\build\legacy-code-todo-rewrite\jestAdapterInit.js:170:21)
          at jestAdapter (C:\Users\leotm\Desktop\Projetos\Programming\vacation-scheduler\node_modules\jest-circus\build\legacy-code-todo-rewrite\jestAdapter.js:82:19)
          at runTestInternal (C:\Users\leotm\Desktop\Projetos\Programming\vacation-scheduler\node_modules\jest-runner\build\runTest.js:389:16)
          at runTest (C:\Users\leotm\Desktop\Projetos\Programming\vacation-scheduler\node_modules\jest-runner\build\runTest.js:475:34)
          at Object.worker (C:\Users\leotm\Desktop\Projetos\Programming\vacation-scheduler\node_modules\jest-runner\build\testWorker.js:133:12)

    [0m [90m 34 |[39m
     [90m 35 |[39m [36mconst[39m renderCalendar [33m=[39m (overrides [33m=[39m {}) [33m=>[39m {
    [31m[1m>[22m[39m[90m 36 |[39m   [36mreturn[39m render([33m<[39m[33mCalendarView[39m {[33m...[39mdefaultProps} {[33m...[39moverrides} [33m/[39m[33m>[39m)[33m;[39m
     [90m    |[39m                [31m[1m^[22m[39m
     [90m 37 |[39m }[33m;[39m
     [90m 38 |[39m
     [90m 39 |[39m describe([32m'CalendarView rendering'[39m[33m,[39m () [33m=>[39m {[0m

      at VirtualConsole.<anonymous> (node_modules/jsdom/lib/jsdom/virtual-console.js:29:45)
      at reportException (node_modules/jsdom/lib/jsdom/living/helpers/runtime-script-errors.js:70:28)
      at innerInvokeEventListeners (node_modules/jsdom/lib/jsdom/living/events/EventTarget-impl.js:341:9)
      at invokeEventListeners (node_modules/jsdom/lib/jsdom/living/events/EventTarget-impl.js:274:3)
      at HTMLUnknownElementImpl._dispatch (node_modules/jsdom/lib/jsdom/living/events/EventTarget-impl.js:221:9)
      at HTMLUnknownElementImpl.dispatchEvent (node_modules/jsdom/lib/jsdom/living/events/EventTarget-impl.js:94:17)
      at HTMLUnknownElement.dispatchEvent (node_modules/jsdom/lib/jsdom/living/generated/EventTarget.js:231:34)
      at Object.invokeGuardedCallbackDev (node_modules/react-dom/cjs/react-dom.development.js:4213:16)
      at invokeGuardedCallback (node_modules/react-dom/cjs/react-dom.development.js:4277:31)
      at beginWork$1 (node_modules/react-dom/cjs/react-dom.development.js:27490:7)
      at performUnitOfWork (node_modules/react-dom/cjs/react-dom.development.js:26599:12)
      at workLoopSync (node_modules/react-dom/cjs/react-dom.development.js:26505:5)
      at renderRootSync (node_modules/react-dom/cjs/react-dom.development.js:26473:7)
      at recoverFromConcurrentError (node_modules/react-dom/cjs/react-dom.development.js:25889:20)
      at performConcurrentWorkOnRoot (node_modules/react-dom/cjs/react-dom.development.js:25789:22)
      at flushActQueue (node_modules/react/cjs/react.development.js:2667:24)
      at act (node_modules/react/cjs/react.development.js:2582:11)
      at node_modules/@testing-library/react/dist/act-compat.js:46:25
      at renderRoot (node_modules/@testing-library/react/dist/pure.js:189:26)
      at render (node_modules/@testing-library/react/dist/pure.js:291:10)
      at renderCalendar (src/components/CalendarView.test.js:36:16)
      at Object.<anonymous> (src/components/CalendarView.test.js:131:5)

    console.error
      The above error occurred in the <Link> component:
      
          at LinkWithRef (C:\Users\leotm\Desktop\Projetos\Programming\vacation-scheduler\node_modules\react-router\dist\development\chunk-2YMDXNOJ.js:384:5)
          at p
          at div
          at div
          at form
          at CalendarView (C:\Users\leotm\Desktop\Projetos\Programming\vacation-scheduler\src\components\CalendarView.js:44:25)
      
      Consider adding an error boundary to your tree to customize error handling behavior.
      Visit https://reactjs.org/link/error-boundaries to learn more about error boundaries.

    [0m [90m 34 |[39m
     [90m 35 |[39m [36mconst[39m renderCalendar [33m=[39m (overrides [33m=[39m {}) [33m=>[39m {
    [31m[1m>[22m[39m[90m 36 |[39m   [36mreturn[39m render([33m<[39m[33mCalendarView[39m {[33m...[39mdefaultProps} {[33m...[39moverrides} [33m/[39m[33m>[39m)[33m;[39m
     [90m    |[39m                [31m[1m^[22m[39m
     [90m 37 |[39m }[33m;[39m
     [90m 38 |[39m
     [90m 39 |[39m describe([32m'CalendarView rendering'[39m[33m,[39m () [33m=>[39m {[0m

      at logCapturedError (node_modules/react-dom/cjs/react-dom.development.js:18704:23)
      at update.callback (node_modules/react-dom/cjs/react-dom.development.js:18737:5)
      at callCallback (node_modules/react-dom/cjs/react-dom.development.js:15036:12)
      at commitUpdateQueue (node_modules/react-dom/cjs/react-dom.development.js:15057:9)
      at commitLayoutEffectOnFiber (node_modules/react-dom/cjs/react-dom.development.js:23430:13)
      at commitLayoutMountEffects_complete (node_modules/react-dom/cjs/react-dom.development.js:24727:9)
      at commitLayoutEffects_begin (node_modules/react-dom/cjs/react-dom.development.js:24713:7)
      at commitLayoutEffects (node_modules/react-dom/cjs/react-dom.development.js:24651:3)
      at commitRootImpl (node_modules/react-dom/cjs/react-dom.development.js:26862:5)
      at commitRoot (node_modules/react-dom/cjs/react-dom.development.js:26721:5)
      at finishConcurrentRender (node_modules/react-dom/cjs/react-dom.development.js:25931:9)
      at performConcurrentWorkOnRoot (node_modules/react-dom/cjs/react-dom.development.js:25848:7)
      at flushActQueue (node_modules/react/cjs/react.development.js:2667:24)
      at act (node_modules/react/cjs/react.development.js:2582:11)
      at node_modules/@testing-library/react/dist/act-compat.js:46:25
      at renderRoot (node_modules/@testing-library/react/dist/pure.js:189:26)
      at render (node_modules/@testing-library/react/dist/pure.js:291:10)
      at renderCalendar (src/components/CalendarView.test.js:36:16)
      at Object.<anonymous> (src/components/CalendarView.test.js:131:5)

    console.error
      Error: Uncaught [TypeError: Cannot destructure property 'basename' of 'React.useContext(...)' as it is null.]
          at reportException (C:\Users\leotm\Desktop\Projetos\Programming\vacation-scheduler\node_modules\jsdom\lib\jsdom\living\helpers\runtime-script-errors.js:66:24)
          at innerInvokeEventListeners (C:\Users\leotm\Desktop\Projetos\Programming\vacation-scheduler\node_modules\jsdom\lib\jsdom\living\events\EventTarget-impl.js:341:9)
          at invokeEventListeners (C:\Users\leotm\Desktop\Projetos\Programming\vacation-scheduler\node_modules\jsdom\lib\jsdom\living\events\EventTarget-impl.js:274:3)
          at HTMLUnknownElementImpl._dispatch (C:\Users\leotm\Desktop\Projetos\Programming\vacation-scheduler\node_modules\jsdom\lib\jsdom\living\events\EventTarget-impl.js:221:9)
          at HTMLUnknownElementImpl.dispatchEvent (C:\Users\leotm\Desktop\Projetos\Programming\vacation-scheduler\node_modules\jsdom\lib\jsdom\living\events\EventTarget-impl.js:94:17)
          at HTMLUnknownElement.dispatchEvent (C:\Users\leotm\Desktop\Projetos\Programming\vacation-scheduler\node_modules\jsdom\lib\jsdom\living\generated\EventTarget.js:231:34)
          at Object.invokeGuardedCallbackDev (C:\Users\leotm\Desktop\Projetos\Programming\vacation-scheduler\node_modules\react-dom\cjs\react-dom.development.js:4213:16)
          at invokeGuardedCallback (C:\Users\leotm\Desktop\Projetos\Programming\vacation-scheduler\node_modules\react-dom\cjs\react-dom.development.js:4277:31)
          at beginWork$1 (C:\Users\leotm\Desktop\Projetos\Programming\vacation-scheduler\node_modules\react-dom\cjs\react-dom.development.js:27490:7)
          at performUnitOfWork (C:\Users\leotm\Desktop\Projetos\Programming\vacation-scheduler\node_modules\react-dom\cjs\react-dom.development.js:26599:12)
          at workLoopSync (C:\Users\leotm\Desktop\Projetos\Programming\vacation-scheduler\node_modules\react-dom\cjs\react-dom.development.js:26505:5)
          at renderRootSync (C:\Users\leotm\Desktop\Projetos\Programming\vacation-scheduler\node_modules\react-dom\cjs\react-dom.development.js:26473:7)
          at performConcurrentWorkOnRoot (C:\Users\leotm\Desktop\Projetos\Programming\vacation-scheduler\node_modules\react-dom\cjs\react-dom.development.js:25777:74)
          at flushActQueue (C:\Users\leotm\Desktop\Projetos\Programming\vacation-scheduler\node_modules\react\cjs\react.development.js:2667:24)
          at act (C:\Users\leotm\Desktop\Projetos\Programming\vacation-scheduler\node_modules\react\cjs\react.development.js:2582:11)
          at C:\Users\leotm\Desktop\Projetos\Programming\vacation-scheduler\node_modules\@testing-library\react\dist\act-compat.js:46:25
          at renderRoot (C:\Users\leotm\Desktop\Projetos\Programming\vacation-scheduler\node_modules\@testing-library\react\dist\pure.js:189:26)
          at render (C:\Users\leotm\Desktop\Projetos\Programming\vacation-scheduler\node_modules\@testing-library\react\dist\pure.js:291:10)
          at renderCalendar (C:\Users\leotm\Desktop\Projetos\Programming\vacation-scheduler\src\components\CalendarView.test.js:36:16)
          at Object.<anonymous> (C:\Users\leotm\Desktop\Projetos\Programming\vacation-scheduler\src\components\CalendarView.test.js:146:5)
          at Promise.then.completed (C:\Users\leotm\Desktop\Projetos\Programming\vacation-scheduler\node_modules\jest-circus\build\utils.js:391:28)
          at new Promise (<anonymous>)
          at callAsyncCircusFn (C:\Users\leotm\Desktop\Projetos\Programming\vacation-scheduler\node_modules\jest-circus\build\utils.js:316:10)
          at _callCircusTest (C:\Users\leotm\Desktop\Projetos\Programming\vacation-scheduler\node_modules\jest-circus\build\run.js:218:40)
          at processTicksAndRejections (node:internal/process/task_queues:103:5)
          at _runTest (C:\Users\leotm\Desktop\Projetos\Programming\vacation-scheduler\node_modules\jest-circus\build\run.js:155:3)
          at _runTestsForDescribeBlock (C:\Users\leotm\Desktop\Projetos\Programming\vacation-scheduler\node_modules\jest-circus\build\run.js:66:9)
          at _runTestsForDescribeBlock (C:\Users\leotm\Desktop\Projetos\Programming\vacation-scheduler\node_modules\jest-circus\build\run.js:60:9)
          at run (C:\Users\leotm\Desktop\Projetos\Programming\vacation-scheduler\node_modules\jest-circus\build\run.js:25:3)
          at runAndTransformResultsToJestFormat (C:\Users\leotm\Desktop\Projetos\Programming\vacation-scheduler\node_modules\jest-circus\build\legacy-code-todo-rewrite\jestAdapterInit.js:170:21)
          at jestAdapter (C:\Users\leotm\Desktop\Projetos\Programming\vacation-scheduler\node_modules\jest-circus\build\legacy-code-todo-rewrite\jestAdapter.js:82:19)
          at runTestInternal (C:\Users\leotm\Desktop\Projetos\Programming\vacation-scheduler\node_modules\jest-runner\build\runTest.js:389:16)
          at runTest (C:\Users\leotm\Desktop\Projetos\Programming\vacation-scheduler\node_modules\jest-runner\build\runTest.js:475:34)
          at Object.worker (C:\Users\leotm\Desktop\Projetos\Programming\vacation-scheduler\node_modules\jest-runner\build\testWorker.js:133:12) TypeError: Cannot destructure property 'basename' of 'React.useContext(...)' as it is null.
          at LinkWithRef (C:\Users\leotm\Desktop\Projetos\Programming\vacation-scheduler\node_modules\react-router\dist\development\chunk-2YMDXNOJ.js:399:11)
          at renderWithHooks (C:\Users\leotm\Desktop\Projetos\Programming\vacation-scheduler\node_modules\react-dom\cjs\react-dom.development.js:15486:18)
          at updateForwardRef (C:\Users\leotm\Desktop\Projetos\Programming\vacation-scheduler\node_modules\react-dom\cjs\react-dom.development.js:19245:20)
          at beginWork (C:\Users\leotm\Desktop\Projetos\Programming\vacation-scheduler\node_modules\react-dom\cjs\react-dom.development.js:21675:16)
          at HTMLUnknownElement.callCallback (C:\Users\leotm\Desktop\Projetos\Programming\vacation-scheduler\node_modules\react-dom\cjs\react-dom.development.js:4164:14)
          at HTMLUnknownElement.callTheUserObjectsOperation (C:\Users\leotm\Desktop\Projetos\Programming\vacation-scheduler\node_modules\jsdom\lib\jsdom\living\generated\EventListener.js:26:30)
          at innerInvokeEventListeners (C:\Users\leotm\Desktop\Projetos\Programming\vacation-scheduler\node_modules\jsdom\lib\jsdom\living\events\EventTarget-impl.js:338:25)
          at invokeEventListeners (C:\Users\leotm\Desktop\Projetos\Programming\vacation-scheduler\node_modules\jsdom\lib\jsdom\living\events\EventTarget-impl.js:274:3)
          at HTMLUnknownElementImpl._dispatch (C:\Users\leotm\Desktop\Projetos\Programming\vacation-scheduler\node_modules\jsdom\lib\jsdom\living\events\EventTarget-impl.js:221:9)
          at HTMLUnknownElementImpl.dispatchEvent (C:\Users\leotm\Desktop\Projetos\Programming\vacation-scheduler\node_modules\jsdom\lib\jsdom\living\events\EventTarget-impl.js:94:17)
          at HTMLUnknownElement.dispatchEvent (C:\Users\leotm\Desktop\Projetos\Programming\vacation-scheduler\node_modules\jsdom\lib\jsdom\living\generated\EventTarget.js:231:34)
          at Object.invokeGuardedCallbackDev (C:\Users\leotm\Desktop\Projetos\Programming\vacation-scheduler\node_modules\react-dom\cjs\react-dom.development.js:4213:16)
          at invokeGuardedCallback (C:\Users\leotm\Desktop\Projetos\Programming\vacation-scheduler\node_modules\react-dom\cjs\react-dom.development.js:4277:31)
          at beginWork$1 (C:\Users\leotm\Desktop\Projetos\Programming\vacation-scheduler\node_modules\react-dom\cjs\react-dom.development.js:27490:7)
          at performUnitOfWork (C:\Users\leotm\Desktop\Projetos\Programming\vacation-scheduler\node_modules\react-dom\cjs\react-dom.development.js:26599:12)
          at workLoopSync (C:\Users\leotm\Desktop\Projetos\Programming\vacation-scheduler\node_modules\react-dom\cjs\react-dom.development.js:26505:5)
          at renderRootSync (C:\Users\leotm\Desktop\Projetos\Programming\vacation-scheduler\node_modules\react-dom\cjs\react-dom.development.js:26473:7)
          at performConcurrentWorkOnRoot (C:\Users\leotm\Desktop\Projetos\Programming\vacation-scheduler\node_modules\react-dom\cjs\react-dom.development.js:25777:74)
          at flushActQueue (C:\Users\leotm\Desktop\Projetos\Programming\vacation-scheduler\node_modules\react\cjs\react.development.js:2667:24)
          at act (C:\Users\leotm\Desktop\Projetos\Programming\vacation-scheduler\node_modules\react\cjs\react.development.js:2582:11)
          at C:\Users\leotm\Desktop\Projetos\Programming\vacation-scheduler\node_modules\@testing-library\react\dist\act-compat.js:46:25
          at renderRoot (C:\Users\leotm\Desktop\Projetos\Programming\vacation-scheduler\node_modules\@testing-library\react\dist\pure.js:189:26)
          at render (C:\Users\leotm\Desktop\Projetos\Programming\vacation-scheduler\node_modules\@testing-library\react\dist\pure.js:291:10)
          at renderCalendar (C:\Users\leotm\Desktop\Projetos\Programming\vacation-scheduler\src\components\CalendarView.test.js:36:16)
          at Object.<anonymous> (C:\Users\leotm\Desktop\Projetos\Programming\vacation-scheduler\src\components\CalendarView.test.js:146:5)
          at Promise.then.completed (C:\Users\leotm\Desktop\Projetos\Programming\vacation-scheduler\node_modules\jest-circus\build\utils.js:391:28)
          at new Promise (<anonymous>)
          at callAsyncCircusFn (C:\Users\leotm\Desktop\Projetos\Programming\vacation-scheduler\node_modules\jest-circus\build\utils.js:316:10)
          at _callCircusTest (C:\Users\leotm\Desktop\Projetos\Programming\vacation-scheduler\node_modules\jest-circus\build\run.js:218:40)
          at processTicksAndRejections (node:internal/process/task_queues:103:5)
          at _runTest (C:\Users\leotm\Desktop\Projetos\Programming\vacation-scheduler\node_modules\jest-circus\build\run.js:155:3)
          at _runTestsForDescribeBlock (C:\Users\leotm\Desktop\Projetos\Programming\vacation-scheduler\node_modules\jest-circus\build\run.js:66:9)
          at _runTestsForDescribeBlock (C:\Users\leotm\Desktop\Projetos\Programming\vacation-scheduler\node_modules\jest-circus\build\run.js:60:9)
          at run (C:\Users\leotm\Desktop\Projetos\Programming\vacation-scheduler\node_modules\jest-circus\build\run.js:25:3)
          at runAndTransformResultsToJestFormat (C:\Users\leotm\Desktop\Projetos\Programming\vacation-scheduler\node_modules\jest-circus\build\legacy-code-todo-rewrite\jestAdapterInit.js:170:21)
          at jestAdapter (C:\Users\leotm\Desktop\Projetos\Programming\vacation-scheduler\node_modules\jest-circus\build\legacy-code-todo-rewrite\jestAdapter.js:82:19)
          at runTestInternal (C:\Users\leotm\Desktop\Projetos\Programming\vacation-scheduler\node_modules\jest-runner\build\runTest.js:389:16)
          at runTest (C:\Users\leotm\Desktop\Projetos\Programming\vacation-scheduler\node_modules\jest-runner\build\runTest.js:475:34)
          at Object.worker (C:\Users\leotm\Desktop\Projetos\Programming\vacation-scheduler\node_modules\jest-runner\build\testWorker.js:133:12)

    [0m [90m 34 |[39m
     [90m 35 |[39m [36mconst[39m renderCalendar [33m=[39m (overrides [33m=[39m {}) [33m=>[39m {
    [31m[1m>[22m[39m[90m 36 |[39m   [36mreturn[39m render([33m<[39m[33mCalendarView[39m {[33m...[39mdefaultProps} {[33m...[39moverrides} [33m/[39m[33m>[39m)[33m;[39m
     [90m    |[39m                [31m[1m^[22m[39m
     [90m 37 |[39m }[33m;[39m
     [90m 38 |[39m
     [90m 39 |[39m describe([32m'CalendarView rendering'[39m[33m,[39m () [33m=>[39m {[0m

      at VirtualConsole.<anonymous> (node_modules/jsdom/lib/jsdom/virtual-console.js:29:45)
      at reportException (node_modules/jsdom/lib/jsdom/living/helpers/runtime-script-errors.js:70:28)
      at innerInvokeEventListeners (node_modules/jsdom/lib/jsdom/living/events/EventTarget-impl.js:341:9)
      at invokeEventListeners (node_modules/jsdom/lib/jsdom/living/events/EventTarget-impl.js:274:3)
      at HTMLUnknownElementImpl._dispatch (node_modules/jsdom/lib/jsdom/living/events/EventTarget-impl.js:221:9)
      at HTMLUnknownElementImpl.dispatchEvent (node_modules/jsdom/lib/jsdom/living/events/EventTarget-impl.js:94:17)
      at HTMLUnknownElement.dispatchEvent (node_modules/jsdom/lib/jsdom/living/generated/EventTarget.js:231:34)
      at Object.invokeGuardedCallbackDev (node_modules/react-dom/cjs/react-dom.development.js:4213:16)
      at invokeGuardedCallback (node_modules/react-dom/cjs/react-dom.development.js:4277:31)
      at beginWork$1 (node_modules/react-dom/cjs/react-dom.development.js:27490:7)
      at performUnitOfWork (node_modules/react-dom/cjs/react-dom.development.js:26599:12)
      at workLoopSync (node_modules/react-dom/cjs/react-dom.development.js:26505:5)
      at renderRootSync (node_modules/react-dom/cjs/react-dom.development.js:26473:7)
      at performConcurrentWorkOnRoot (node_modules/react-dom/cjs/react-dom.development.js:25777:74)
      at flushActQueue (node_modules/react/cjs/react.development.js:2667:24)
      at act (node_modules/react/cjs/react.development.js:2582:11)
      at node_modules/@testing-library/react/dist/act-compat.js:46:25
      at renderRoot (node_modules/@testing-library/react/dist/pure.js:189:26)
      at render (node_modules/@testing-library/react/dist/pure.js:291:10)
      at renderCalendar (src/components/CalendarView.test.js:36:16)
      at Object.<anonymous> (src/components/CalendarView.test.js:146:5)

    console.error
      Error: Uncaught [TypeError: Cannot destructure property 'basename' of 'React.useContext(...)' as it is null.]
          at reportException (C:\Users\leotm\Desktop\Projetos\Programming\vacation-scheduler\node_modules\jsdom\lib\jsdom\living\helpers\runtime-script-errors.js:66:24)
          at innerInvokeEventListeners (C:\Users\leotm\Desktop\Projetos\Programming\vacation-scheduler\node_modules\jsdom\lib\jsdom\living\events\EventTarget-impl.js:341:9)
          at invokeEventListeners (C:\Users\leotm\Desktop\Projetos\Programming\vacation-scheduler\node_modules\jsdom\lib\jsdom\living\events\EventTarget-impl.js:274:3)
          at HTMLUnknownElementImpl._dispatch (C:\Users\leotm\Desktop\Projetos\Programming\vacation-scheduler\node_modules\jsdom\lib\jsdom\living\events\EventTarget-impl.js:221:9)
          at HTMLUnknownElementImpl.dispatchEvent (C:\Users\leotm\Desktop\Projetos\Programming\vacation-scheduler\node_modules\jsdom\lib\jsdom\living\events\EventTarget-impl.js:94:17)
          at HTMLUnknownElement.dispatchEvent (C:\Users\leotm\Desktop\Projetos\Programming\vacation-scheduler\node_modules\jsdom\lib\jsdom\living\generated\EventTarget.js:231:34)
          at Object.invokeGuardedCallbackDev (C:\Users\leotm\Desktop\Projetos\Programming\vacation-scheduler\node_modules\react-dom\cjs\react-dom.development.js:4213:16)
          at invokeGuardedCallback (C:\Users\leotm\Desktop\Projetos\Programming\vacation-scheduler\node_modules\react-dom\cjs\react-dom.development.js:4277:31)
          at beginWork$1 (C:\Users\leotm\Desktop\Projetos\Programming\vacation-scheduler\node_modules\react-dom\cjs\react-dom.development.js:27490:7)
          at performUnitOfWork (C:\Users\leotm\Desktop\Projetos\Programming\vacation-scheduler\node_modules\react-dom\cjs\react-dom.development.js:26599:12)
          at workLoopSync (C:\Users\leotm\Desktop\Projetos\Programming\vacation-scheduler\node_modules\react-dom\cjs\react-dom.development.js:26505:5)
          at renderRootSync (C:\Users\leotm\Desktop\Projetos\Programming\vacation-scheduler\node_modules\react-dom\cjs\react-dom.development.js:26473:7)
          at recoverFromConcurrentError (C:\Users\leotm\Desktop\Projetos\Programming\vacation-scheduler\node_modules\react-dom\cjs\react-dom.development.js:25889:20)
          at performConcurrentWorkOnRoot (C:\Users\leotm\Desktop\Projetos\Programming\vacation-scheduler\node_modules\react-dom\cjs\react-dom.development.js:25789:22)
          at flushActQueue (C:\Users\leotm\Desktop\Projetos\Programming\vacation-scheduler\node_modules\react\cjs\react.development.js:2667:24)
          at act (C:\Users\leotm\Desktop\Projetos\Programming\vacation-scheduler\node_modules\react\cjs\react.development.js:2582:11)
          at C:\Users\leotm\Desktop\Projetos\Programming\vacation-scheduler\node_modules\@testing-library\react\dist\act-compat.js:46:25
          at renderRoot (C:\Users\leotm\Desktop\Projetos\Programming\vacation-scheduler\node_modules\@testing-library\react\dist\pure.js:189:26)
          at render (C:\Users\leotm\Desktop\Projetos\Programming\vacation-scheduler\node_modules\@testing-library\react\dist\pure.js:291:10)
          at renderCalendar (C:\Users\leotm\Desktop\Projetos\Programming\vacation-scheduler\src\components\CalendarView.test.js:36:16)
          at Object.<anonymous> (C:\Users\leotm\Desktop\Projetos\Programming\vacation-scheduler\src\components\CalendarView.test.js:146:5)
          at Promise.then.completed (C:\Users\leotm\Desktop\Projetos\Programming\vacation-scheduler\node_modules\jest-circus\build\utils.js:391:28)
          at new Promise (<anonymous>)
          at callAsyncCircusFn (C:\Users\leotm\Desktop\Projetos\Programming\vacation-scheduler\node_modules\jest-circus\build\utils.js:316:10)
          at _callCircusTest (C:\Users\leotm\Desktop\Projetos\Programming\vacation-scheduler\node_modules\jest-circus\build\run.js:218:40)
          at processTicksAndRejections (node:internal/process/task_queues:103:5)
          at _runTest (C:\Users\leotm\Desktop\Projetos\Programming\vacation-scheduler\node_modules\jest-circus\build\run.js:155:3)
          at _runTestsForDescribeBlock (C:\Users\leotm\Desktop\Projetos\Programming\vacation-scheduler\node_modules\jest-circus\build\run.js:66:9)
          at _runTestsForDescribeBlock (C:\Users\leotm\Desktop\Projetos\Programming\vacation-scheduler\node_modules\jest-circus\build\run.js:60:9)
          at run (C:\Users\leotm\Desktop\Projetos\Programming\vacation-scheduler\node_modules\jest-circus\build\run.js:25:3)
          at runAndTransformResultsToJestFormat (C:\Users\leotm\Desktop\Projetos\Programming\vacation-scheduler\node_modules\jest-circus\build\legacy-code-todo-rewrite\jestAdapterInit.js:170:21)
          at jestAdapter (C:\Users\leotm\Desktop\Projetos\Programming\vacation-scheduler\node_modules\jest-circus\build\legacy-code-todo-rewrite\jestAdapter.js:82:19)
          at runTestInternal (C:\Users\leotm\Desktop\Projetos\Programming\vacation-scheduler\node_modules\jest-runner\build\runTest.js:389:16)
          at runTest (C:\Users\leotm\Desktop\Projetos\Programming\vacation-scheduler\node_modules\jest-runner\build\runTest.js:475:34)
          at Object.worker (C:\Users\leotm\Desktop\Projetos\Programming\vacation-scheduler\node_modules\jest-runner\build\testWorker.js:133:12) TypeError: Cannot destructure property 'basename' of 'React.useContext(...)' as it is null.
          at LinkWithRef (C:\Users\leotm\Desktop\Projetos\Programming\vacation-scheduler\node_modules\react-router\dist\development\chunk-2YMDXNOJ.js:399:11)
          at renderWithHooks (C:\Users\leotm\Desktop\Projetos\Programming\vacation-scheduler\node_modules\react-dom\cjs\react-dom.development.js:15486:18)
          at updateForwardRef (C:\Users\leotm\Desktop\Projetos\Programming\vacation-scheduler\node_modules\react-dom\cjs\react-dom.development.js:19245:20)
          at beginWork (C:\Users\leotm\Desktop\Projetos\Programming\vacation-scheduler\node_modules\react-dom\cjs\react-dom.development.js:21675:16)
          at HTMLUnknownElement.callCallback (C:\Users\leotm\Desktop\Projetos\Programming\vacation-scheduler\node_modules\react-dom\cjs\react-dom.development.js:4164:14)
          at HTMLUnknownElement.callTheUserObjectsOperation (C:\Users\leotm\Desktop\Projetos\Programming\vacation-scheduler\node_modules\jsdom\lib\jsdom\living\generated\EventListener.js:26:30)
          at innerInvokeEventListeners (C:\Users\leotm\Desktop\Projetos\Programming\vacation-scheduler\node_modules\jsdom\lib\jsdom\living\events\EventTarget-impl.js:338:25)
          at invokeEventListeners (C:\Users\leotm\Desktop\Projetos\Programming\vacation-scheduler\node_modules\jsdom\lib\jsdom\living\events\EventTarget-impl.js:274:3)
          at HTMLUnknownElementImpl._dispatch (C:\Users\leotm\Desktop\Projetos\Programming\vacation-scheduler\node_modules\jsdom\lib\jsdom\living\events\EventTarget-impl.js:221:9)
          at HTMLUnknownElementImpl.dispatchEvent (C:\Users\leotm\Desktop\Projetos\Programming\vacation-scheduler\node_modules\jsdom\lib\jsdom\living\events\EventTarget-impl.js:94:17)
          at HTMLUnknownElement.dispatchEvent (C:\Users\leotm\Desktop\Projetos\Programming\vacation-scheduler\node_modules\jsdom\lib\jsdom\living\generated\EventTarget.js:231:34)
          at Object.invokeGuardedCallbackDev (C:\Users\leotm\Desktop\Projetos\Programming\vacation-scheduler\node_modules\react-dom\cjs\react-dom.development.js:4213:16)
          at invokeGuardedCallback (C:\Users\leotm\Desktop\Projetos\Programming\vacation-scheduler\node_modules\react-dom\cjs\react-dom.development.js:4277:31)
          at beginWork$1 (C:\Users\leotm\Desktop\Projetos\Programming\vacation-scheduler\node_modules\react-dom\cjs\react-dom.development.js:27490:7)
          at performUnitOfWork (C:\Users\leotm\Desktop\Projetos\Programming\vacation-scheduler\node_modules\react-dom\cjs\react-dom.development.js:26599:12)
          at workLoopSync (C:\Users\leotm\Desktop\Projetos\Programming\vacation-scheduler\node_modules\react-dom\cjs\react-dom.development.js:26505:5)
          at renderRootSync (C:\Users\leotm\Desktop\Projetos\Programming\vacation-scheduler\node_modules\react-dom\cjs\react-dom.development.js:26473:7)
          at recoverFromConcurrentError (C:\Users\leotm\Desktop\Projetos\Programming\vacation-scheduler\node_modules\react-dom\cjs\react-dom.development.js:25889:20)
          at performConcurrentWorkOnRoot (C:\Users\leotm\Desktop\Projetos\Programming\vacation-scheduler\node_modules\react-dom\cjs\react-dom.development.js:25789:22)
          at flushActQueue (C:\Users\leotm\Desktop\Projetos\Programming\vacation-scheduler\node_modules\react\cjs\react.development.js:2667:24)
          at act (C:\Users\leotm\Desktop\Projetos\Programming\vacation-scheduler\node_modules\react\cjs\react.development.js:2582:11)
          at C:\Users\leotm\Desktop\Projetos\Programming\vacation-scheduler\node_modules\@testing-library\react\dist\act-compat.js:46:25
          at renderRoot (C:\Users\leotm\Desktop\Projetos\Programming\vacation-scheduler\node_modules\@testing-library\react\dist\pure.js:189:26)
          at render (C:\Users\leotm\Desktop\Projetos\Programming\vacation-scheduler\node_modules\@testing-library\react\dist\pure.js:291:10)
          at renderCalendar (C:\Users\leotm\Desktop\Projetos\Programming\vacation-scheduler\src\components\CalendarView.test.js:36:16)
          at Object.<anonymous> (C:\Users\leotm\Desktop\Projetos\Programming\vacation-scheduler\src\components\CalendarView.test.js:146:5)
          at Promise.then.completed (C:\Users\leotm\Desktop\Projetos\Programming\vacation-scheduler\node_modules\jest-circus\build\utils.js:391:28)
          at new Promise (<anonymous>)
          at callAsyncCircusFn (C:\Users\leotm\Desktop\Projetos\Programming\vacation-scheduler\node_modules\jest-circus\build\utils.js:316:10)
          at _callCircusTest (C:\Users\leotm\Desktop\Projetos\Programming\vacation-scheduler\node_modules\jest-circus\build\run.js:218:40)
          at processTicksAndRejections (node:internal/process/task_queues:103:5)
          at _runTest (C:\Users\leotm\Desktop\Projetos\Programming\vacation-scheduler\node_modules\jest-circus\build\run.js:155:3)
          at _runTestsForDescribeBlock (C:\Users\leotm\Desktop\Projetos\Programming\vacation-scheduler\node_modules\jest-circus\build\run.js:66:9)
          at _runTestsForDescribeBlock (C:\Users\leotm\Desktop\Projetos\Programming\vacation-scheduler\node_modules\jest-circus\build\run.js:60:9)
          at run (C:\Users\leotm\Desktop\Projetos\Programming\vacation-scheduler\node_modules\jest-circus\build\run.js:25:3)
          at runAndTransformResultsToJestFormat (C:\Users\leotm\Desktop\Projetos\Programming\vacation-scheduler\node_modules\jest-circus\build\legacy-code-todo-rewrite\jestAdapterInit.js:170:21)
          at jestAdapter (C:\Users\leotm\Desktop\Projetos\Programming\vacation-scheduler\node_modules\jest-circus\build\legacy-code-todo-rewrite\jestAdapter.js:82:19)
          at runTestInternal (C:\Users\leotm\Desktop\Projetos\Programming\vacation-scheduler\node_modules\jest-runner\build\runTest.js:389:16)
          at runTest (C:\Users\leotm\Desktop\Projetos\Programming\vacation-scheduler\node_modules\jest-runner\build\runTest.js:475:34)
          at Object.worker (C:\Users\leotm\Desktop\Projetos\Programming\vacation-scheduler\node_modules\jest-runner\build\testWorker.js:133:12)

    [0m [90m 34 |[39m
     [90m 35 |[39m [36mconst[39m renderCalendar [33m=[39m (overrides [33m=[39m {}) [33m=>[39m {
    [31m[1m>[22m[39m[90m 36 |[39m   [36mreturn[39m render([33m<[39m[33mCalendarView[39m {[33m...[39mdefaultProps} {[33m...[39moverrides} [33m/[39m[33m>[39m)[33m;[39m
     [90m    |[39m                [31m[1m^[22m[39m
     [90m 37 |[39m }[33m;[39m
     [90m 38 |[39m
     [90m 39 |[39m describe([32m'CalendarView rendering'[39m[33m,[39m () [33m=>[39m {[0m

      at VirtualConsole.<anonymous> (node_modules/jsdom/lib/jsdom/virtual-console.js:29:45)
      at reportException (node_modules/jsdom/lib/jsdom/living/helpers/runtime-script-errors.js:70:28)
      at innerInvokeEventListeners (node_modules/jsdom/lib/jsdom/living/events/EventTarget-impl.js:341:9)
      at invokeEventListeners (node_modules/jsdom/lib/jsdom/living/events/EventTarget-impl.js:274:3)
      at HTMLUnknownElementImpl._dispatch (node_modules/jsdom/lib/jsdom/living/events/EventTarget-impl.js:221:9)
      at HTMLUnknownElementImpl.dispatchEvent (node_modules/jsdom/lib/jsdom/living/events/EventTarget-impl.js:94:17)
      at HTMLUnknownElement.dispatchEvent (node_modules/jsdom/lib/jsdom/living/generated/EventTarget.js:231:34)
      at Object.invokeGuardedCallbackDev (node_modules/react-dom/cjs/react-dom.development.js:4213:16)
      at invokeGuardedCallback (node_modules/react-dom/cjs/react-dom.development.js:4277:31)
      at beginWork$1 (node_modules/react-dom/cjs/react-dom.development.js:27490:7)
      at performUnitOfWork (node_modules/react-dom/cjs/react-dom.development.js:26599:12)
      at workLoopSync (node_modules/react-dom/cjs/react-dom.development.js:26505:5)
      at renderRootSync (node_modules/react-dom/cjs/react-dom.development.js:26473:7)
      at recoverFromConcurrentError (node_modules/react-dom/cjs/react-dom.development.js:25889:20)
      at performConcurrentWorkOnRoot (node_modules/react-dom/cjs/react-dom.development.js:25789:22)
      at flushActQueue (node_modules/react/cjs/react.development.js:2667:24)
      at act (node_modules/react/cjs/react.development.js:2582:11)
      at node_modules/@testing-library/react/dist/act-compat.js:46:25
      at renderRoot (node_modules/@testing-library/react/dist/pure.js:189:26)
      at render (node_modules/@testing-library/react/dist/pure.js:291:10)
      at renderCalendar (src/components/CalendarView.test.js:36:16)
      at Object.<anonymous> (src/components/CalendarView.test.js:146:5)

    console.error
      The above error occurred in the <Link> component:
      
          at LinkWithRef (C:\Users\leotm\Desktop\Projetos\Programming\vacation-scheduler\node_modules\react-router\dist\development\chunk-2YMDXNOJ.js:384:5)
          at p
          at div
          at div
          at form
          at CalendarView (C:\Users\leotm\Desktop\Projetos\Programming\vacation-scheduler\src\components\CalendarView.js:44:25)
      
      Consider adding an error boundary to your tree to customize error handling behavior.
      Visit https://reactjs.org/link/error-boundaries to learn more about error boundaries.

    [0m [90m 34 |[39m
     [90m 35 |[39m [36mconst[39m renderCalendar [33m=[39m (overrides [33m=[39m {}) [33m=>[39m {
    [31m[1m>[22m[39m[90m 36 |[39m   [36mreturn[39m render([33m<[39m[33mCalendarView[39m {[33m...[39mdefaultProps} {[33m...[39moverrides} [33m/[39m[33m>[39m)[33m;[39m
     [90m    |[39m                [31m[1m^[22m[39m
     [90m 37 |[39m }[33m;[39m
     [90m 38 |[39m
     [90m 39 |[39m describe([32m'CalendarView rendering'[39m[33m,[39m () [33m=>[39m {[0m

      at logCapturedError (node_modules/react-dom/cjs/react-dom.development.js:18704:23)
      at update.callback (node_modules/react-dom/cjs/react-dom.development.js:18737:5)
      at callCallback (node_modules/react-dom/cjs/react-dom.development.js:15036:12)
      at commitUpdateQueue (node_modules/react-dom/cjs/react-dom.development.js:15057:9)
      at commitLayoutEffectOnFiber (node_modules/react-dom/cjs/react-dom.development.js:23430:13)
      at commitLayoutMountEffects_complete (node_modules/react-dom/cjs/react-dom.development.js:24727:9)
      at commitLayoutEffects_begin (node_modules/react-dom/cjs/react-dom.development.js:24713:7)
      at commitLayoutEffects (node_modules/react-dom/cjs/react-dom.development.js:24651:3)
      at commitRootImpl (node_modules/react-dom/cjs/react-dom.development.js:26862:5)
      at commitRoot (node_modules/react-dom/cjs/react-dom.development.js:26721:5)
      at finishConcurrentRender (node_modules/react-dom/cjs/react-dom.development.js:25931:9)
      at performConcurrentWorkOnRoot (node_modules/react-dom/cjs/react-dom.development.js:25848:7)
      at flushActQueue (node_modules/react/cjs/react.development.js:2667:24)
      at act (node_modules/react/cjs/react.development.js:2582:11)
      at node_modules/@testing-library/react/dist/act-compat.js:46:25
      at renderRoot (node_modules/@testing-library/react/dist/pure.js:189:26)
      at render (node_modules/@testing-library/react/dist/pure.js:291:10)
      at renderCalendar (src/components/CalendarView.test.js:36:16)
      at Object.<anonymous> (src/components/CalendarView.test.js:146:5)

    console.error
      Error: Uncaught [TypeError: Cannot destructure property 'basename' of 'React.useContext(...)' as it is null.]
          at reportException (C:\Users\leotm\Desktop\Projetos\Programming\vacation-scheduler\node_modules\jsdom\lib\jsdom\living\helpers\runtime-script-errors.js:66:24)
          at innerInvokeEventListeners (C:\Users\leotm\Desktop\Projetos\Programming\vacation-scheduler\node_modules\jsdom\lib\jsdom\living\events\EventTarget-impl.js:341:9)
          at invokeEventListeners (C:\Users\leotm\Desktop\Projetos\Programming\vacation-scheduler\node_modules\jsdom\lib\jsdom\living\events\EventTarget-impl.js:274:3)
          at HTMLUnknownElementImpl._dispatch (C:\Users\leotm\Desktop\Projetos\Programming\vacation-scheduler\node_modules\jsdom\lib\jsdom\living\events\EventTarget-impl.js:221:9)
          at HTMLUnknownElementImpl.dispatchEvent (C:\Users\leotm\Desktop\Projetos\Programming\vacation-scheduler\node_modules\jsdom\lib\jsdom\living\events\EventTarget-impl.js:94:17)
          at HTMLUnknownElement.dispatchEvent (C:\Users\leotm\Desktop\Projetos\Programming\vacation-scheduler\node_modules\jsdom\lib\jsdom\living\generated\EventTarget.js:231:34)
          at Object.invokeGuardedCallbackDev (C:\Users\leotm\Desktop\Projetos\Programming\vacation-scheduler\node_modules\react-dom\cjs\react-dom.development.js:4213:16)
          at invokeGuardedCallback (C:\Users\leotm\Desktop\Projetos\Programming\vacation-scheduler\node_modules\react-dom\cjs\react-dom.development.js:4277:31)
          at beginWork$1 (C:\Users\leotm\Desktop\Projetos\Programming\vacation-scheduler\node_modules\react-dom\cjs\react-dom.development.js:27490:7)
          at performUnitOfWork (C:\Users\leotm\Desktop\Projetos\Programming\vacation-scheduler\node_modules\react-dom\cjs\react-dom.development.js:26599:12)
          at workLoopSync (C:\Users\leotm\Desktop\Projetos\Programming\vacation-scheduler\node_modules\react-dom\cjs\react-dom.development.js:26505:5)
          at renderRootSync (C:\Users\leotm\Desktop\Projetos\Programming\vacation-scheduler\node_modules\react-dom\cjs\react-dom.development.js:26473:7)
          at performConcurrentWorkOnRoot (C:\Users\leotm\Desktop\Projetos\Programming\vacation-scheduler\node_modules\react-dom\cjs\react-dom.development.js:25777:74)
          at flushActQueue (C:\Users\leotm\Desktop\Projetos\Programming\vacation-scheduler\node_modules\react\cjs\react.development.js:2667:24)
          at act (C:\Users\leotm\Desktop\Projetos\Programming\vacation-scheduler\node_modules\react\cjs\react.development.js:2582:11)
          at C:\Users\leotm\Desktop\Projetos\Programming\vacation-scheduler\node_modules\@testing-library\react\dist\act-compat.js:46:25
          at renderRoot (C:\Users\leotm\Desktop\Projetos\Programming\vacation-scheduler\node_modules\@testing-library\react\dist\pure.js:189:26)
          at render (C:\Users\leotm\Desktop\Projetos\Programming\vacation-scheduler\node_modules\@testing-library\react\dist\pure.js:291:10)
          at renderCalendar (C:\Users\leotm\Desktop\Projetos\Programming\vacation-scheduler\src\components\CalendarView.test.js:36:16)
          at Object.<anonymous> (C:\Users\leotm\Desktop\Projetos\Programming\vacation-scheduler\src\components\CalendarView.test.js:170:5)
          at Promise.then.completed (C:\Users\leotm\Desktop\Projetos\Programming\vacation-scheduler\node_modules\jest-circus\build\utils.js:391:28)
          at new Promise (<anonymous>)
          at callAsyncCircusFn (C:\Users\leotm\Desktop\Projetos\Programming\vacation-scheduler\node_modules\jest-circus\build\utils.js:316:10)
          at _callCircusTest (C:\Users\leotm\Desktop\Projetos\Programming\vacation-scheduler\node_modules\jest-circus\build\run.js:218:40)
          at processTicksAndRejections (node:internal/process/task_queues:103:5)
          at _runTest (C:\Users\leotm\Desktop\Projetos\Programming\vacation-scheduler\node_modules\jest-circus\build\run.js:155:3)
          at _runTestsForDescribeBlock (C:\Users\leotm\Desktop\Projetos\Programming\vacation-scheduler\node_modules\jest-circus\build\run.js:66:9)
          at _runTestsForDescribeBlock (C:\Users\leotm\Desktop\Projetos\Programming\vacation-scheduler\node_modules\jest-circus\build\run.js:60:9)
          at run (C:\Users\leotm\Desktop\Projetos\Programming\vacation-scheduler\node_modules\jest-circus\build\run.js:25:3)
          at runAndTransformResultsToJestFormat (C:\Users\leotm\Desktop\Projetos\Programming\vacation-scheduler\node_modules\jest-circus\build\legacy-code-todo-rewrite\jestAdapterInit.js:170:21)
          at jestAdapter (C:\Users\leotm\Desktop\Projetos\Programming\vacation-scheduler\node_modules\jest-circus\build\legacy-code-todo-rewrite\jestAdapter.js:82:19)
          at runTestInternal (C:\Users\leotm\Desktop\Projetos\Programming\vacation-scheduler\node_modules\jest-runner\build\runTest.js:389:16)
          at runTest (C:\Users\leotm\Desktop\Projetos\Programming\vacation-scheduler\node_modules\jest-runner\build\runTest.js:475:34)
          at Object.worker (C:\Users\leotm\Desktop\Projetos\Programming\vacation-scheduler\node_modules\jest-runner\build\testWorker.js:133:12) TypeError: Cannot destructure property 'basename' of 'React.useContext(...)' as it is null.
          at LinkWithRef (C:\Users\leotm\Desktop\Projetos\Programming\vacation-scheduler\node_modules\react-router\dist\development\chunk-2YMDXNOJ.js:399:11)
          at renderWithHooks (C:\Users\leotm\Desktop\Projetos\Programming\vacation-scheduler\node_modules\react-dom\cjs\react-dom.development.js:15486:18)
          at updateForwardRef (C:\Users\leotm\Desktop\Projetos\Programming\vacation-scheduler\node_modules\react-dom\cjs\react-dom.development.js:19245:20)
          at beginWork (C:\Users\leotm\Desktop\Projetos\Programming\vacation-scheduler\node_modules\react-dom\cjs\react-dom.development.js:21675:16)
          at HTMLUnknownElement.callCallback (C:\Users\leotm\Desktop\Projetos\Programming\vacation-scheduler\node_modules\react-dom\cjs\react-dom.development.js:4164:14)
          at HTMLUnknownElement.callTheUserObjectsOperation (C:\Users\leotm\Desktop\Projetos\Programming\vacation-scheduler\node_modules\jsdom\lib\jsdom\living\generated\EventListener.js:26:30)
          at innerInvokeEventListeners (C:\Users\leotm\Desktop\Projetos\Programming\vacation-scheduler\node_modules\jsdom\lib\jsdom\living\events\EventTarget-impl.js:338:25)
          at invokeEventListeners (C:\Users\leotm\Desktop\Projetos\Programming\vacation-scheduler\node_modules\jsdom\lib\jsdom\living\events\EventTarget-impl.js:274:3)
          at HTMLUnknownElementImpl._dispatch (C:\Users\leotm\Desktop\Projetos\Programming\vacation-scheduler\node_modules\jsdom\lib\jsdom\living\events\EventTarget-impl.js:221:9)
          at HTMLUnknownElementImpl.dispatchEvent (C:\Users\leotm\Desktop\Projetos\Programming\vacation-scheduler\node_modules\jsdom\lib\jsdom\living\events\EventTarget-impl.js:94:17)
          at HTMLUnknownElement.dispatchEvent (C:\Users\leotm\Desktop\Projetos\Programming\vacation-scheduler\node_modules\jsdom\lib\jsdom\living\generated\EventTarget.js:231:34)
          at Object.invokeGuardedCallbackDev (C:\Users\leotm\Desktop\Projetos\Programming\vacation-scheduler\node_modules\react-dom\cjs\react-dom.development.js:4213:16)
          at invokeGuardedCallback (C:\Users\leotm\Desktop\Projetos\Programming\vacation-scheduler\node_modules\react-dom\cjs\react-dom.development.js:4277:31)
          at beginWork$1 (C:\Users\leotm\Desktop\Projetos\Programming\vacation-scheduler\node_modules\react-dom\cjs\react-dom.development.js:27490:7)
          at performUnitOfWork (C:\Users\leotm\Desktop\Projetos\Programming\vacation-scheduler\node_modules\react-dom\cjs\react-dom.development.js:26599:12)
          at workLoopSync (C:\Users\leotm\Desktop\Projetos\Programming\vacation-scheduler\node_modules\react-dom\cjs\react-dom.development.js:26505:5)
          at renderRootSync (C:\Users\leotm\Desktop\Projetos\Programming\vacation-scheduler\node_modules\react-dom\cjs\react-dom.development.js:26473:7)
          at performConcurrentWorkOnRoot (C:\Users\leotm\Desktop\Projetos\Programming\vacation-scheduler\node_modules\react-dom\cjs\react-dom.development.js:25777:74)
          at flushActQueue (C:\Users\leotm\Desktop\Projetos\Programming\vacation-scheduler\node_modules\react\cjs\react.development.js:2667:24)
          at act (C:\Users\leotm\Desktop\Projetos\Programming\vacation-scheduler\node_modules\react\cjs\react.development.js:2582:11)
          at C:\Users\leotm\Desktop\Projetos\Programming\vacation-scheduler\node_modules\@testing-library\react\dist\act-compat.js:46:25
          at renderRoot (C:\Users\leotm\Desktop\Projetos\Programming\vacation-scheduler\node_modules\@testing-library\react\dist\pure.js:189:26)
          at render (C:\Users\leotm\Desktop\Projetos\Programming\vacation-scheduler\node_modules\@testing-library\react\dist\pure.js:291:10)
          at renderCalendar (C:\Users\leotm\Desktop\Projetos\Programming\vacation-scheduler\src\components\CalendarView.test.js:36:16)
          at Object.<anonymous> (C:\Users\leotm\Desktop\Projetos\Programming\vacation-scheduler\src\components\CalendarView.test.js:170:5)
          at Promise.then.completed (C:\Users\leotm\Desktop\Projetos\Programming\vacation-scheduler\node_modules\jest-circus\build\utils.js:391:28)
          at new Promise (<anonymous>)
          at callAsyncCircusFn (C:\Users\leotm\Desktop\Projetos\Programming\vacation-scheduler\node_modules\jest-circus\build\utils.js:316:10)
          at _callCircusTest (C:\Users\leotm\Desktop\Projetos\Programming\vacation-scheduler\node_modules\jest-circus\build\run.js:218:40)
          at processTicksAndRejections (node:internal/process/task_queues:103:5)
          at _runTest (C:\Users\leotm\Desktop\Projetos\Programming\vacation-scheduler\node_modules\jest-circus\build\run.js:155:3)
          at _runTestsForDescribeBlock (C:\Users\leotm\Desktop\Projetos\Programming\vacation-scheduler\node_modules\jest-circus\build\run.js:66:9)
          at _runTestsForDescribeBlock (C:\Users\leotm\Desktop\Projetos\Programming\vacation-scheduler\node_modules\jest-circus\build\run.js:60:9)
          at run (C:\Users\leotm\Desktop\Projetos\Programming\vacation-scheduler\node_modules\jest-circus\build\run.js:25:3)
          at runAndTransformResultsToJestFormat (C:\Users\leotm\Desktop\Projetos\Programming\vacation-scheduler\node_modules\jest-circus\build\legacy-code-todo-rewrite\jestAdapterInit.js:170:21)
          at jestAdapter (C:\Users\leotm\Desktop\Projetos\Programming\vacation-scheduler\node_modules\jest-circus\build\legacy-code-todo-rewrite\jestAdapter.js:82:19)
          at runTestInternal (C:\Users\leotm\Desktop\Projetos\Programming\vacation-scheduler\node_modules\jest-runner\build\runTest.js:389:16)
          at runTest (C:\Users\leotm\Desktop\Projetos\Programming\vacation-scheduler\node_modules\jest-runner\build\runTest.js:475:34)
          at Object.worker (C:\Users\leotm\Desktop\Projetos\Programming\vacation-scheduler\node_modules\jest-runner\build\testWorker.js:133:12)

    [0m [90m 34 |[39m
     [90m 35 |[39m [36mconst[39m renderCalendar [33m=[39m (overrides [33m=[39m {}) [33m=>[39m {
    [31m[1m>[22m[39m[90m 36 |[39m   [36mreturn[39m render([33m<[39m[33mCalendarView[39m {[33m...[39mdefaultProps} {[33m...[39moverrides} [33m/[39m[33m>[39m)[33m;[39m
     [90m    |[39m                [31m[1m^[22m[39m
     [90m 37 |[39m }[33m;[39m
     [90m 38 |[39m
     [90m 39 |[39m describe([32m'CalendarView rendering'[39m[33m,[39m () [33m=>[39m {[0m

      at VirtualConsole.<anonymous> (node_modules/jsdom/lib/jsdom/virtual-console.js:29:45)
      at reportException (node_modules/jsdom/lib/jsdom/living/helpers/runtime-script-errors.js:70:28)
      at innerInvokeEventListeners (node_modules/jsdom/lib/jsdom/living/events/EventTarget-impl.js:341:9)
      at invokeEventListeners (node_modules/jsdom/lib/jsdom/living/events/EventTarget-impl.js:274:3)
      at HTMLUnknownElementImpl._dispatch (node_modules/jsdom/lib/jsdom/living/events/EventTarget-impl.js:221:9)
      at HTMLUnknownElementImpl.dispatchEvent (node_modules/jsdom/lib/jsdom/living/events/EventTarget-impl.js:94:17)
      at HTMLUnknownElement.dispatchEvent (node_modules/jsdom/lib/jsdom/living/generated/EventTarget.js:231:34)
      at Object.invokeGuardedCallbackDev (node_modules/react-dom/cjs/react-dom.development.js:4213:16)
      at invokeGuardedCallback (node_modules/react-dom/cjs/react-dom.development.js:4277:31)
      at beginWork$1 (node_modules/react-dom/cjs/react-dom.development.js:27490:7)
      at performUnitOfWork (node_modules/react-dom/cjs/react-dom.development.js:26599:12)
      at workLoopSync (node_modules/react-dom/cjs/react-dom.development.js:26505:5)
      at renderRootSync (node_modules/react-dom/cjs/react-dom.development.js:26473:7)
      at performConcurrentWorkOnRoot (node_modules/react-dom/cjs/react-dom.development.js:25777:74)
      at flushActQueue (node_modules/react/cjs/react.development.js:2667:24)
      at act (node_modules/react/cjs/react.development.js:2582:11)
      at node_modules/@testing-library/react/dist/act-compat.js:46:25
      at renderRoot (node_modules/@testing-library/react/dist/pure.js:189:26)
      at render (node_modules/@testing-library/react/dist/pure.js:291:10)
      at renderCalendar (src/components/CalendarView.test.js:36:16)
      at Object.<anonymous> (src/components/CalendarView.test.js:170:5)

    console.error
      Error: Uncaught [TypeError: Cannot destructure property 'basename' of 'React.useContext(...)' as it is null.]
          at reportException (C:\Users\leotm\Desktop\Projetos\Programming\vacation-scheduler\node_modules\jsdom\lib\jsdom\living\helpers\runtime-script-errors.js:66:24)
          at innerInvokeEventListeners (C:\Users\leotm\Desktop\Projetos\Programming\vacation-scheduler\node_modules\jsdom\lib\jsdom\living\events\EventTarget-impl.js:341:9)
          at invokeEventListeners (C:\Users\leotm\Desktop\Projetos\Programming\vacation-scheduler\node_modules\jsdom\lib\jsdom\living\events\EventTarget-impl.js:274:3)
          at HTMLUnknownElementImpl._dispatch (C:\Users\leotm\Desktop\Projetos\Programming\vacation-scheduler\node_modules\jsdom\lib\jsdom\living\events\EventTarget-impl.js:221:9)
          at HTMLUnknownElementImpl.dispatchEvent (C:\Users\leotm\Desktop\Projetos\Programming\vacation-scheduler\node_modules\jsdom\lib\jsdom\living\events\EventTarget-impl.js:94:17)
          at HTMLUnknownElement.dispatchEvent (C:\Users\leotm\Desktop\Projetos\Programming\vacation-scheduler\node_modules\jsdom\lib\jsdom\living\generated\EventTarget.js:231:34)
          at Object.invokeGuardedCallbackDev (C:\Users\leotm\Desktop\Projetos\Programming\vacation-scheduler\node_modules\react-dom\cjs\react-dom.development.js:4213:16)
          at invokeGuardedCallback (C:\Users\leotm\Desktop\Projetos\Programming\vacation-scheduler\node_modules\react-dom\cjs\react-dom.development.js:4277:31)
          at beginWork$1 (C:\Users\leotm\Desktop\Projetos\Programming\vacation-scheduler\node_modules\react-dom\cjs\react-dom.development.js:27490:7)
          at performUnitOfWork (C:\Users\leotm\Desktop\Projetos\Programming\vacation-scheduler\node_modules\react-dom\cjs\react-dom.development.js:26599:12)
          at workLoopSync (C:\Users\leotm\Desktop\Projetos\Programming\vacation-scheduler\node_modules\react-dom\cjs\react-dom.development.js:26505:5)
          at renderRootSync (C:\Users\leotm\Desktop\Projetos\Programming\vacation-scheduler\node_modules\react-dom\cjs\react-dom.development.js:26473:7)
          at recoverFromConcurrentError (C:\Users\leotm\Desktop\Projetos\Programming\vacation-scheduler\node_modules\react-dom\cjs\react-dom.development.js:25889:20)
          at performConcurrentWorkOnRoot (C:\Users\leotm\Desktop\Projetos\Programming\vacation-scheduler\node_modules\react-dom\cjs\react-dom.development.js:25789:22)
          at flushActQueue (C:\Users\leotm\Desktop\Projetos\Programming\vacation-scheduler\node_modules\react\cjs\react.development.js:2667:24)
          at act (C:\Users\leotm\Desktop\Projetos\Programming\vacation-scheduler\node_modules\react\cjs\react.development.js:2582:11)
          at C:\Users\leotm\Desktop\Projetos\Programming\vacation-scheduler\node_modules\@testing-library\react\dist\act-compat.js:46:25
          at renderRoot (C:\Users\leotm\Desktop\Projetos\Programming\vacation-scheduler\node_modules\@testing-library\react\dist\pure.js:189:26)
          at render (C:\Users\leotm\Desktop\Projetos\Programming\vacation-scheduler\node_modules\@testing-library\react\dist\pure.js:291:10)
          at renderCalendar (C:\Users\leotm\Desktop\Projetos\Programming\vacation-scheduler\src\components\CalendarView.test.js:36:16)
          at Object.<anonymous> (C:\Users\leotm\Desktop\Projetos\Programming\vacation-scheduler\src\components\CalendarView.test.js:170:5)
          at Promise.then.completed (C:\Users\leotm\Desktop\Projetos\Programming\vacation-scheduler\node_modules\jest-circus\build\utils.js:391:28)
          at new Promise (<anonymous>)
          at callAsyncCircusFn (C:\Users\leotm\Desktop\Projetos\Programming\vacation-scheduler\node_modules\jest-circus\build\utils.js:316:10)
          at _callCircusTest (C:\Users\leotm\Desktop\Projetos\Programming\vacation-scheduler\node_modules\jest-circus\build\run.js:218:40)
          at processTicksAndRejections (node:internal/process/task_queues:103:5)
          at _runTest (C:\Users\leotm\Desktop\Projetos\Programming\vacation-scheduler\node_modules\jest-circus\build\run.js:155:3)
          at _runTestsForDescribeBlock (C:\Users\leotm\Desktop\Projetos\Programming\vacation-scheduler\node_modules\jest-circus\build\run.js:66:9)
          at _runTestsForDescribeBlock (C:\Users\leotm\Desktop\Projetos\Programming\vacation-scheduler\node_modules\jest-circus\build\run.js:60:9)
          at run (C:\Users\leotm\Desktop\Projetos\Programming\vacation-scheduler\node_modules\jest-circus\build\run.js:25:3)
          at runAndTransformResultsToJestFormat (C:\Users\leotm\Desktop\Projetos\Programming\vacation-scheduler\node_modules\jest-circus\build\legacy-code-todo-rewrite\jestAdapterInit.js:170:21)
          at jestAdapter (C:\Users\leotm\Desktop\Projetos\Programming\vacation-scheduler\node_modules\jest-circus\build\legacy-code-todo-rewrite\jestAdapter.js:82:19)
          at runTestInternal (C:\Users\leotm\Desktop\Projetos\Programming\vacation-scheduler\node_modules\jest-runner\build\runTest.js:389:16)
          at runTest (C:\Users\leotm\Desktop\Projetos\Programming\vacation-scheduler\node_modules\jest-runner\build\runTest.js:475:34)
          at Object.worker (C:\Users\leotm\Desktop\Projetos\Programming\vacation-scheduler\node_modules\jest-runner\build\testWorker.js:133:12) TypeError: Cannot destructure property 'basename' of 'React.useContext(...)' as it is null.
          at LinkWithRef (C:\Users\leotm\Desktop\Projetos\Programming\vacation-scheduler\node_modules\react-router\dist\development\chunk-2YMDXNOJ.js:399:11)
          at renderWithHooks (C:\Users\leotm\Desktop\Projetos\Programming\vacation-scheduler\node_modules\react-dom\cjs\react-dom.development.js:15486:18)
          at updateForwardRef (C:\Users\leotm\Desktop\Projetos\Programming\vacation-scheduler\node_modules\react-dom\cjs\react-dom.development.js:19245:20)
          at beginWork (C:\Users\leotm\Desktop\Projetos\Programming\vacation-scheduler\node_modules\react-dom\cjs\react-dom.development.js:21675:16)
          at HTMLUnknownElement.callCallback (C:\Users\leotm\Desktop\Projetos\Programming\vacation-scheduler\node_modules\react-dom\cjs\react-dom.development.js:4164:14)
          at HTMLUnknownElement.callTheUserObjectsOperation (C:\Users\leotm\Desktop\Projetos\Programming\vacation-scheduler\node_modules\jsdom\lib\jsdom\living\generated\EventListener.js:26:30)
          at innerInvokeEventListeners (C:\Users\leotm\Desktop\Projetos\Programming\vacation-scheduler\node_modules\jsdom\lib\jsdom\living\events\EventTarget-impl.js:338:25)
          at invokeEventListeners (C:\Users\leotm\Desktop\Projetos\Programming\vacation-scheduler\node_modules\jsdom\lib\jsdom\living\events\EventTarget-impl.js:274:3)
          at HTMLUnknownElementImpl._dispatch (C:\Users\leotm\Desktop\Projetos\Programming\vacation-scheduler\node_modules\jsdom\lib\jsdom\living\events\EventTarget-impl.js:221:9)
          at HTMLUnknownElementImpl.dispatchEvent (C:\Users\leotm\Desktop\Projetos\Programming\vacation-scheduler\node_modules\jsdom\lib\jsdom\living\events\EventTarget-impl.js:94:17)
          at HTMLUnknownElement.dispatchEvent (C:\Users\leotm\Desktop\Projetos\Programming\vacation-scheduler\node_modules\jsdom\lib\jsdom\living\generated\EventTarget.js:231:34)
          at Object.invokeGuardedCallbackDev (C:\Users\leotm\Desktop\Projetos\Programming\vacation-scheduler\node_modules\react-dom\cjs\react-dom.development.js:4213:16)
          at invokeGuardedCallback (C:\Users\leotm\Desktop\Projetos\Programming\vacation-scheduler\node_modules\react-dom\cjs\react-dom.development.js:4277:31)
          at beginWork$1 (C:\Users\leotm\Desktop\Projetos\Programming\vacation-scheduler\node_modules\react-dom\cjs\react-dom.development.js:27490:7)
          at performUnitOfWork (C:\Users\leotm\Desktop\Projetos\Programming\vacation-scheduler\node_modules\react-dom\cjs\react-dom.development.js:26599:12)
          at workLoopSync (C:\Users\leotm\Desktop\Projetos\Programming\vacation-scheduler\node_modules\react-dom\cjs\react-dom.development.js:26505:5)
          at renderRootSync (C:\Users\leotm\Desktop\Projetos\Programming\vacation-scheduler\node_modules\react-dom\cjs\react-dom.development.js:26473:7)
          at recoverFromConcurrentError (C:\Users\leotm\Desktop\Projetos\Programming\vacation-scheduler\node_modules\react-dom\cjs\react-dom.development.js:25889:20)
          at performConcurrentWorkOnRoot (C:\Users\leotm\Desktop\Projetos\Programming\vacation-scheduler\node_modules\react-dom\cjs\react-dom.development.js:25789:22)
          at flushActQueue (C:\Users\leotm\Desktop\Projetos\Programming\vacation-scheduler\node_modules\react\cjs\react.development.js:2667:24)
          at act (C:\Users\leotm\Desktop\Projetos\Programming\vacation-scheduler\node_modules\react\cjs\react.development.js:2582:11)
          at C:\Users\leotm\Desktop\Projetos\Programming\vacation-scheduler\node_modules\@testing-library\react\dist\act-compat.js:46:25
          at renderRoot (C:\Users\leotm\Desktop\Projetos\Programming\vacation-scheduler\node_modules\@testing-library\react\dist\pure.js:189:26)
          at render (C:\Users\leotm\Desktop\Projetos\Programming\vacation-scheduler\node_modules\@testing-library\react\dist\pure.js:291:10)
          at renderCalendar (C:\Users\leotm\Desktop\Projetos\Programming\vacation-scheduler\src\components\CalendarView.test.js:36:16)
          at Object.<anonymous> (C:\Users\leotm\Desktop\Projetos\Programming\vacation-scheduler\src\components\CalendarView.test.js:170:5)
          at Promise.then.completed (C:\Users\leotm\Desktop\Projetos\Programming\vacation-scheduler\node_modules\jest-circus\build\utils.js:391:28)
          at new Promise (<anonymous>)
          at callAsyncCircusFn (C:\Users\leotm\Desktop\Projetos\Programming\vacation-scheduler\node_modules\jest-circus\build\utils.js:316:10)
          at _callCircusTest (C:\Users\leotm\Desktop\Projetos\Programming\vacation-scheduler\node_modules\jest-circus\build\run.js:218:40)
          at processTicksAndRejections (node:internal/process/task_queues:103:5)
          at _runTest (C:\Users\leotm\Desktop\Projetos\Programming\vacation-scheduler\node_modules\jest-circus\build\run.js:155:3)
          at _runTestsForDescribeBlock (C:\Users\leotm\Desktop\Projetos\Programming\vacation-scheduler\node_modules\jest-circus\build\run.js:66:9)
          at _runTestsForDescribeBlock (C:\Users\leotm\Desktop\Projetos\Programming\vacation-scheduler\node_modules\jest-circus\build\run.js:60:9)
          at run (C:\Users\leotm\Desktop\Projetos\Programming\vacation-scheduler\node_modules\jest-circus\build\run.js:25:3)
          at runAndTransformResultsToJestFormat (C:\Users\leotm\Desktop\Projetos\Programming\vacation-scheduler\node_modules\jest-circus\build\legacy-code-todo-rewrite\jestAdapterInit.js:170:21)
          at jestAdapter (C:\Users\leotm\Desktop\Projetos\Programming\vacation-scheduler\node_modules\jest-circus\build\legacy-code-todo-rewrite\jestAdapter.js:82:19)
          at runTestInternal (C:\Users\leotm\Desktop\Projetos\Programming\vacation-scheduler\node_modules\jest-runner\build\runTest.js:389:16)
          at runTest (C:\Users\leotm\Desktop\Projetos\Programming\vacation-scheduler\node_modules\jest-runner\build\runTest.js:475:34)
          at Object.worker (C:\Users\leotm\Desktop\Projetos\Programming\vacation-scheduler\node_modules\jest-runner\build\testWorker.js:133:12)

    [0m [90m 34 |[39m
     [90m 35 |[39m [36mconst[39m renderCalendar [33m=[39m (overrides [33m=[39m {}) [33m=>[39m {
    [31m[1m>[22m[39m[90m 36 |[39m   [36mreturn[39m render([33m<[39m[33mCalendarView[39m {[33m...[39mdefaultProps} {[33m...[39moverrides} [33m/[39m[33m>[39m)[33m;[39m
     [90m    |[39m                [31m[1m^[22m[39m
     [90m 37 |[39m }[33m;[39m
     [90m 38 |[39m
     [90m 39 |[39m describe([32m'CalendarView rendering'[39m[33m,[39m () [33m=>[39m {[0m

      at VirtualConsole.<anonymous> (node_modules/jsdom/lib/jsdom/virtual-console.js:29:45)
      at reportException (node_modules/jsdom/lib/jsdom/living/helpers/runtime-script-errors.js:70:28)
      at innerInvokeEventListeners (node_modules/jsdom/lib/jsdom/living/events/EventTarget-impl.js:341:9)
      at invokeEventListeners (node_modules/jsdom/lib/jsdom/living/events/EventTarget-impl.js:274:3)
      at HTMLUnknownElementImpl._dispatch (node_modules/jsdom/lib/jsdom/living/events/EventTarget-impl.js:221:9)
      at HTMLUnknownElementImpl.dispatchEvent (node_modules/jsdom/lib/jsdom/living/events/EventTarget-impl.js:94:17)
      at HTMLUnknownElement.dispatchEvent (node_modules/jsdom/lib/jsdom/living/generated/EventTarget.js:231:34)
      at Object.invokeGuardedCallbackDev (node_modules/react-dom/cjs/react-dom.development.js:4213:16)
      at invokeGuardedCallback (node_modules/react-dom/cjs/react-dom.development.js:4277:31)
      at beginWork$1 (node_modules/react-dom/cjs/react-dom.development.js:27490:7)
      at performUnitOfWork (node_modules/react-dom/cjs/react-dom.development.js:26599:12)
      at workLoopSync (node_modules/react-dom/cjs/react-dom.development.js:26505:5)
      at renderRootSync (node_modules/react-dom/cjs/react-dom.development.js:26473:7)
      at recoverFromConcurrentError (node_modules/react-dom/cjs/react-dom.development.js:25889:20)
      at performConcurrentWorkOnRoot (node_modules/react-dom/cjs/react-dom.development.js:25789:22)
      at flushActQueue (node_modules/react/cjs/react.development.js:2667:24)
      at act (node_modules/react/cjs/react.development.js:2582:11)
      at node_modules/@testing-library/react/dist/act-compat.js:46:25
      at renderRoot (node_modules/@testing-library/react/dist/pure.js:189:26)
      at render (node_modules/@testing-library/react/dist/pure.js:291:10)
      at renderCalendar (src/components/CalendarView.test.js:36:16)
      at Object.<anonymous> (src/components/CalendarView.test.js:170:5)

    console.error
      The above error occurred in the <Link> component:
      
          at LinkWithRef (C:\Users\leotm\Desktop\Projetos\Programming\vacation-scheduler\node_modules\react-router\dist\development\chunk-2YMDXNOJ.js:384:5)
          at p
          at div
          at div
          at form
          at CalendarView (C:\Users\leotm\Desktop\Projetos\Programming\vacation-scheduler\src\components\CalendarView.js:44:25)
      
      Consider adding an error boundary to your tree to customize error handling behavior.
      Visit https://reactjs.org/link/error-boundaries to learn more about error boundaries.

    [0m [90m 34 |[39m
     [90m 35 |[39m [36mconst[39m renderCalendar [33m=[39m (overrides [33m=[39m {}) [33m=>[39m {
    [31m[1m>[22m[39m[90m 36 |[39m   [36mreturn[39m render([33m<[39m[33mCalendarView[39m {[33m...[39mdefaultProps} {[33m...[39moverrides} [33m/[39m[33m>[39m)[33m;[39m
     [90m    |[39m                [31m[1m^[22m[39m
     [90m 37 |[39m }[33m;[39m
     [90m 38 |[39m
     [90m 39 |[39m describe([32m'CalendarView rendering'[39m[33m,[39m () [33m=>[39m {[0m

      at logCapturedError (node_modules/react-dom/cjs/react-dom.development.js:18704:23)
      at update.callback (node_modules/react-dom/cjs/react-dom.development.js:18737:5)
      at callCallback (node_modules/react-dom/cjs/react-dom.development.js:15036:12)
      at commitUpdateQueue (node_modules/react-dom/cjs/react-dom.development.js:15057:9)
      at commitLayoutEffectOnFiber (node_modules/react-dom/cjs/react-dom.development.js:23430:13)
      at commitLayoutMountEffects_complete (node_modules/react-dom/cjs/react-dom.development.js:24727:9)
      at commitLayoutEffects_begin (node_modules/react-dom/cjs/react-dom.development.js:24713:7)
      at commitLayoutEffects (node_modules/react-dom/cjs/react-dom.development.js:24651:3)
      at commitRootImpl (node_modules/react-dom/cjs/react-dom.development.js:26862:5)
      at commitRoot (node_modules/react-dom/cjs/react-dom.development.js:26721:5)
      at finishConcurrentRender (node_modules/react-dom/cjs/react-dom.development.js:25931:9)
      at performConcurrentWorkOnRoot (node_modules/react-dom/cjs/react-dom.development.js:25848:7)
      at flushActQueue (node_modules/react/cjs/react.development.js:2667:24)
      at act (node_modules/react/cjs/react.development.js:2582:11)
      at node_modules/@testing-library/react/dist/act-compat.js:46:25
      at renderRoot (node_modules/@testing-library/react/dist/pure.js:189:26)
      at render (node_modules/@testing-library/react/dist/pure.js:291:10)
      at renderCalendar (src/components/CalendarView.test.js:36:16)
      at Object.<anonymous> (src/components/CalendarView.test.js:170:5)

    console.error
      Error: Uncaught [TypeError: Cannot destructure property 'basename' of 'React.useContext(...)' as it is null.]
          at reportException (C:\Users\leotm\Desktop\Projetos\Programming\vacation-scheduler\node_modules\jsdom\lib\jsdom\living\helpers\runtime-script-errors.js:66:24)
          at innerInvokeEventListeners (C:\Users\leotm\Desktop\Projetos\Programming\vacation-scheduler\node_modules\jsdom\lib\jsdom\living\events\EventTarget-impl.js:341:9)
          at invokeEventListeners (C:\Users\leotm\Desktop\Projetos\Programming\vacation-scheduler\node_modules\jsdom\lib\jsdom\living\events\EventTarget-impl.js:274:3)
          at HTMLUnknownElementImpl._dispatch (C:\Users\leotm\Desktop\Projetos\Programming\vacation-scheduler\node_modules\jsdom\lib\jsdom\living\events\EventTarget-impl.js:221:9)
          at HTMLUnknownElementImpl.dispatchEvent (C:\Users\leotm\Desktop\Projetos\Programming\vacation-scheduler\node_modules\jsdom\lib\jsdom\living\events\EventTarget-impl.js:94:17)
          at HTMLUnknownElement.dispatchEvent (C:\Users\leotm\Desktop\Projetos\Programming\vacation-scheduler\node_modules\jsdom\lib\jsdom\living\generated\EventTarget.js:231:34)
          at Object.invokeGuardedCallbackDev (C:\Users\leotm\Desktop\Projetos\Programming\vacation-scheduler\node_modules\react-dom\cjs\react-dom.development.js:4213:16)
          at invokeGuardedCallback (C:\Users\leotm\Desktop\Projetos\Programming\vacation-scheduler\node_modules\react-dom\cjs\react-dom.development.js:4277:31)
          at beginWork$1 (C:\Users\leotm\Desktop\Projetos\Programming\vacation-scheduler\node_modules\react-dom\cjs\react-dom.development.js:27490:7)
          at performUnitOfWork (C:\Users\leotm\Desktop\Projetos\Programming\vacation-scheduler\node_modules\react-dom\cjs\react-dom.development.js:26599:12)
          at workLoopSync (C:\Users\leotm\Desktop\Projetos\Programming\vacation-scheduler\node_modules\react-dom\cjs\react-dom.development.js:26505:5)
          at renderRootSync (C:\Users\leotm\Desktop\Projetos\Programming\vacation-scheduler\node_modules\react-dom\cjs\react-dom.development.js:26473:7)
          at performConcurrentWorkOnRoot (C:\Users\leotm\Desktop\Projetos\Programming\vacation-scheduler\node_modules\react-dom\cjs\react-dom.development.js:25777:74)
          at flushActQueue (C:\Users\leotm\Desktop\Projetos\Programming\vacation-scheduler\node_modules\react\cjs\react.development.js:2667:24)
          at act (C:\Users\leotm\Desktop\Projetos\Programming\vacation-scheduler\node_modules\react\cjs\react.development.js:2582:11)
          at C:\Users\leotm\Desktop\Projetos\Programming\vacation-scheduler\node_modules\@testing-library\react\dist\act-compat.js:46:25
          at renderRoot (C:\Users\leotm\Desktop\Projetos\Programming\vacation-scheduler\node_modules\@testing-library\react\dist\pure.js:189:26)
          at render (C:\Users\leotm\Desktop\Projetos\Programming\vacation-scheduler\node_modules\@testing-library\react\dist\pure.js:291:10)
          at renderCalendar (C:\Users\leotm\Desktop\Projetos\Programming\vacation-scheduler\src\components\CalendarView.test.js:36:16)
          at Object.<anonymous> (C:\Users\leotm\Desktop\Projetos\Programming\vacation-scheduler\src\components\CalendarView.test.js:189:5)
          at Promise.then.completed (C:\Users\leotm\Desktop\Projetos\Programming\vacation-scheduler\node_modules\jest-circus\build\utils.js:391:28)
          at new Promise (<anonymous>)
          at callAsyncCircusFn (C:\Users\leotm\Desktop\Projetos\Programming\vacation-scheduler\node_modules\jest-circus\build\utils.js:316:10)
          at _callCircusTest (C:\Users\leotm\Desktop\Projetos\Programming\vacation-scheduler\node_modules\jest-circus\build\run.js:218:40)
          at processTicksAndRejections (node:internal/process/task_queues:103:5)
          at _runTest (C:\Users\leotm\Desktop\Projetos\Programming\vacation-scheduler\node_modules\jest-circus\build\run.js:155:3)
          at _runTestsForDescribeBlock (C:\Users\leotm\Desktop\Projetos\Programming\vacation-scheduler\node_modules\jest-circus\build\run.js:66:9)
          at _runTestsForDescribeBlock (C:\Users\leotm\Desktop\Projetos\Programming\vacation-scheduler\node_modules\jest-circus\build\run.js:60:9)
          at run (C:\Users\leotm\Desktop\Projetos\Programming\vacation-scheduler\node_modules\jest-circus\build\run.js:25:3)
          at runAndTransformResultsToJestFormat (C:\Users\leotm\Desktop\Projetos\Programming\vacation-scheduler\node_modules\jest-circus\build\legacy-code-todo-rewrite\jestAdapterInit.js:170:21)
          at jestAdapter (C:\Users\leotm\Desktop\Projetos\Programming\vacation-scheduler\node_modules\jest-circus\build\legacy-code-todo-rewrite\jestAdapter.js:82:19)
          at runTestInternal (C:\Users\leotm\Desktop\Projetos\Programming\vacation-scheduler\node_modules\jest-runner\build\runTest.js:389:16)
          at runTest (C:\Users\leotm\Desktop\Projetos\Programming\vacation-scheduler\node_modules\jest-runner\build\runTest.js:475:34)
          at Object.worker (C:\Users\leotm\Desktop\Projetos\Programming\vacation-scheduler\node_modules\jest-runner\build\testWorker.js:133:12) TypeError: Cannot destructure property 'basename' of 'React.useContext(...)' as it is null.
          at LinkWithRef (C:\Users\leotm\Desktop\Projetos\Programming\vacation-scheduler\node_modules\react-router\dist\development\chunk-2YMDXNOJ.js:399:11)
          at renderWithHooks (C:\Users\leotm\Desktop\Projetos\Programming\vacation-scheduler\node_modules\react-dom\cjs\react-dom.development.js:15486:18)
          at updateForwardRef (C:\Users\leotm\Desktop\Projetos\Programming\vacation-scheduler\node_modules\react-dom\cjs\react-dom.development.js:19245:20)
          at beginWork (C:\Users\leotm\Desktop\Projetos\Programming\vacation-scheduler\node_modules\react-dom\cjs\react-dom.development.js:21675:16)
          at HTMLUnknownElement.callCallback (C:\Users\leotm\Desktop\Projetos\Programming\vacation-scheduler\node_modules\react-dom\cjs\react-dom.development.js:4164:14)
          at HTMLUnknownElement.callTheUserObjectsOperation (C:\Users\leotm\Desktop\Projetos\Programming\vacation-scheduler\node_modules\jsdom\lib\jsdom\living\generated\EventListener.js:26:30)
          at innerInvokeEventListeners (C:\Users\leotm\Desktop\Projetos\Programming\vacation-scheduler\node_modules\jsdom\lib\jsdom\living\events\EventTarget-impl.js:338:25)
          at invokeEventListeners (C:\Users\leotm\Desktop\Projetos\Programming\vacation-scheduler\node_modules\jsdom\lib\jsdom\living\events\EventTarget-impl.js:274:3)
          at HTMLUnknownElementImpl._dispatch (C:\Users\leotm\Desktop\Projetos\Programming\vacation-scheduler\node_modules\jsdom\lib\jsdom\living\events\EventTarget-impl.js:221:9)
          at HTMLUnknownElementImpl.dispatchEvent (C:\Users\leotm\Desktop\Projetos\Programming\vacation-scheduler\node_modules\jsdom\lib\jsdom\living\events\EventTarget-impl.js:94:17)
          at HTMLUnknownElement.dispatchEvent (C:\Users\leotm\Desktop\Projetos\Programming\vacation-scheduler\node_modules\jsdom\lib\jsdom\living\generated\EventTarget.js:231:34)
          at Object.invokeGuardedCallbackDev (C:\Users\leotm\Desktop\Projetos\Programming\vacation-scheduler\node_modules\react-dom\cjs\react-dom.development.js:4213:16)
          at invokeGuardedCallback (C:\Users\leotm\Desktop\Projetos\Programming\vacation-scheduler\node_modules\react-dom\cjs\react-dom.development.js:4277:31)
          at beginWork$1 (C:\Users\leotm\Desktop\Projetos\Programming\vacation-scheduler\node_modules\react-dom\cjs\react-dom.development.js:27490:7)
          at performUnitOfWork (C:\Users\leotm\Desktop\Projetos\Programming\vacation-scheduler\node_modules\react-dom\cjs\react-dom.development.js:26599:12)
          at workLoopSync (C:\Users\leotm\Desktop\Projetos\Programming\vacation-scheduler\node_modules\react-dom\cjs\react-dom.development.js:26505:5)
          at renderRootSync (C:\Users\leotm\Desktop\Projetos\Programming\vacation-scheduler\node_modules\react-dom\cjs\react-dom.development.js:26473:7)
          at performConcurrentWorkOnRoot (C:\Users\leotm\Desktop\Projetos\Programming\vacation-scheduler\node_modules\react-dom\cjs\react-dom.development.js:25777:74)
          at flushActQueue (C:\Users\leotm\Desktop\Projetos\Programming\vacation-scheduler\node_modules\react\cjs\react.development.js:2667:24)
          at act (C:\Users\leotm\Desktop\Projetos\Programming\vacation-scheduler\node_modules\react\cjs\react.development.js:2582:11)
          at C:\Users\leotm\Desktop\Projetos\Programming\vacation-scheduler\node_modules\@testing-library\react\dist\act-compat.js:46:25
          at renderRoot (C:\Users\leotm\Desktop\Projetos\Programming\vacation-scheduler\node_modules\@testing-library\react\dist\pure.js:189:26)
          at render (C:\Users\leotm\Desktop\Projetos\Programming\vacation-scheduler\node_modules\@testing-library\react\dist\pure.js:291:10)
          at renderCalendar (C:\Users\leotm\Desktop\Projetos\Programming\vacation-scheduler\src\components\CalendarView.test.js:36:16)
          at Object.<anonymous> (C:\Users\leotm\Desktop\Projetos\Programming\vacation-scheduler\src\components\CalendarView.test.js:189:5)
          at Promise.then.completed (C:\Users\leotm\Desktop\Projetos\Programming\vacation-scheduler\node_modules\jest-circus\build\utils.js:391:28)
          at new Promise (<anonymous>)
          at callAsyncCircusFn (C:\Users\leotm\Desktop\Projetos\Programming\vacation-scheduler\node_modules\jest-circus\build\utils.js:316:10)
          at _callCircusTest (C:\Users\leotm\Desktop\Projetos\Programming\vacation-scheduler\node_modules\jest-circus\build\run.js:218:40)
          at processTicksAndRejections (node:internal/process/task_queues:103:5)
          at _runTest (C:\Users\leotm\Desktop\Projetos\Programming\vacation-scheduler\node_modules\jest-circus\build\run.js:155:3)
          at _runTestsForDescribeBlock (C:\Users\leotm\Desktop\Projetos\Programming\vacation-scheduler\node_modules\jest-circus\build\run.js:66:9)
          at _runTestsForDescribeBlock (C:\Users\leotm\Desktop\Projetos\Programming\vacation-scheduler\node_modules\jest-circus\build\run.js:60:9)
          at run (C:\Users\leotm\Desktop\Projetos\Programming\vacation-scheduler\node_modules\jest-circus\build\run.js:25:3)
          at runAndTransformResultsToJestFormat (C:\Users\leotm\Desktop\Projetos\Programming\vacation-scheduler\node_modules\jest-circus\build\legacy-code-todo-rewrite\jestAdapterInit.js:170:21)
          at jestAdapter (C:\Users\leotm\Desktop\Projetos\Programming\vacation-scheduler\node_modules\jest-circus\build\legacy-code-todo-rewrite\jestAdapter.js:82:19)
          at runTestInternal (C:\Users\leotm\Desktop\Projetos\Programming\vacation-scheduler\node_modules\jest-runner\build\runTest.js:389:16)
          at runTest (C:\Users\leotm\Desktop\Projetos\Programming\vacation-scheduler\node_modules\jest-runner\build\runTest.js:475:34)
          at Object.worker (C:\Users\leotm\Desktop\Projetos\Programming\vacation-scheduler\node_modules\jest-runner\build\testWorker.js:133:12)

    [0m [90m 34 |[39m
     [90m 35 |[39m [36mconst[39m renderCalendar [33m=[39m (overrides [33m=[39m {}) [33m=>[39m {
    [31m[1m>[22m[39m[90m 36 |[39m   [36mreturn[39m render([33m<[39m[33mCalendarView[39m {[33m...[39mdefaultProps} {[33m...[39moverrides} [33m/[39m[33m>[39m)[33m;[39m
     [90m    |[39m                [31m[1m^[22m[39m
     [90m 37 |[39m }[33m;[39m
     [90m 38 |[39m
     [90m 39 |[39m describe([32m'CalendarView rendering'[39m[33m,[39m () [33m=>[39m {[0m

      at VirtualConsole.<anonymous> (node_modules/jsdom/lib/jsdom/virtual-console.js:29:45)
      at reportException (node_modules/jsdom/lib/jsdom/living/helpers/runtime-script-errors.js:70:28)
      at innerInvokeEventListeners (node_modules/jsdom/lib/jsdom/living/events/EventTarget-impl.js:341:9)
      at invokeEventListeners (node_modules/jsdom/lib/jsdom/living/events/EventTarget-impl.js:274:3)
      at HTMLUnknownElementImpl._dispatch (node_modules/jsdom/lib/jsdom/living/events/EventTarget-impl.js:221:9)
      at HTMLUnknownElementImpl.dispatchEvent (node_modules/jsdom/lib/jsdom/living/events/EventTarget-impl.js:94:17)
      at HTMLUnknownElement.dispatchEvent (node_modules/jsdom/lib/jsdom/living/generated/EventTarget.js:231:34)
      at Object.invokeGuardedCallbackDev (node_modules/react-dom/cjs/react-dom.development.js:4213:16)
      at invokeGuardedCallback (node_modules/react-dom/cjs/react-dom.development.js:4277:31)
      at beginWork$1 (node_modules/react-dom/cjs/react-dom.development.js:27490:7)
      at performUnitOfWork (node_modules/react-dom/cjs/react-dom.development.js:26599:12)
      at workLoopSync (node_modules/react-dom/cjs/react-dom.development.js:26505:5)
      at renderRootSync (node_modules/react-dom/cjs/react-dom.development.js:26473:7)
      at performConcurrentWorkOnRoot (node_modules/react-dom/cjs/react-dom.development.js:25777:74)
      at flushActQueue (node_modules/react/cjs/react.development.js:2667:24)
      at act (node_modules/react/cjs/react.development.js:2582:11)
      at node_modules/@testing-library/react/dist/act-compat.js:46:25
      at renderRoot (node_modules/@testing-library/react/dist/pure.js:189:26)
      at render (node_modules/@testing-library/react/dist/pure.js:291:10)
      at renderCalendar (src/components/CalendarView.test.js:36:16)
      at Object.<anonymous> (src/components/CalendarView.test.js:189:5)

    console.error
      Error: Uncaught [TypeError: Cannot destructure property 'basename' of 'React.useContext(...)' as it is null.]
          at reportException (C:\Users\leotm\Desktop\Projetos\Programming\vacation-scheduler\node_modules\jsdom\lib\jsdom\living\helpers\runtime-script-errors.js:66:24)
          at innerInvokeEventListeners (C:\Users\leotm\Desktop\Projetos\Programming\vacation-scheduler\node_modules\jsdom\lib\jsdom\living\events\EventTarget-impl.js:341:9)
          at invokeEventListeners (C:\Users\leotm\Desktop\Projetos\Programming\vacation-scheduler\node_modules\jsdom\lib\jsdom\living\events\EventTarget-impl.js:274:3)
          at HTMLUnknownElementImpl._dispatch (C:\Users\leotm\Desktop\Projetos\Programming\vacation-scheduler\node_modules\jsdom\lib\jsdom\living\events\EventTarget-impl.js:221:9)
          at HTMLUnknownElementImpl.dispatchEvent (C:\Users\leotm\Desktop\Projetos\Programming\vacation-scheduler\node_modules\jsdom\lib\jsdom\living\events\EventTarget-impl.js:94:17)
          at HTMLUnknownElement.dispatchEvent (C:\Users\leotm\Desktop\Projetos\Programming\vacation-scheduler\node_modules\jsdom\lib\jsdom\living\generated\EventTarget.js:231:34)
          at Object.invokeGuardedCallbackDev (C:\Users\leotm\Desktop\Projetos\Programming\vacation-scheduler\node_modules\react-dom\cjs\react-dom.development.js:4213:16)
          at invokeGuardedCallback (C:\Users\leotm\Desktop\Projetos\Programming\vacation-scheduler\node_modules\react-dom\cjs\react-dom.development.js:4277:31)
          at beginWork$1 (C:\Users\leotm\Desktop\Projetos\Programming\vacation-scheduler\node_modules\react-dom\cjs\react-dom.development.js:27490:7)
          at performUnitOfWork (C:\Users\leotm\Desktop\Projetos\Programming\vacation-scheduler\node_modules\react-dom\cjs\react-dom.development.js:26599:12)
          at workLoopSync (C:\Users\leotm\Desktop\Projetos\Programming\vacation-scheduler\node_modules\react-dom\cjs\react-dom.development.js:26505:5)
          at renderRootSync (C:\Users\leotm\Desktop\Projetos\Programming\vacation-scheduler\node_modules\react-dom\cjs\react-dom.development.js:26473:7)
          at recoverFromConcurrentError (C:\Users\leotm\Desktop\Projetos\Programming\vacation-scheduler\node_modules\react-dom\cjs\react-dom.development.js:25889:20)
          at performConcurrentWorkOnRoot (C:\Users\leotm\Desktop\Projetos\Programming\vacation-scheduler\node_modules\react-dom\cjs\react-dom.development.js:25789:22)
          at flushActQueue (C:\Users\leotm\Desktop\Projetos\Programming\vacation-scheduler\node_modules\react\cjs\react.development.js:2667:24)
          at act (C:\Users\leotm\Desktop\Projetos\Programming\vacation-scheduler\node_modules\react\cjs\react.development.js:2582:11)
          at C:\Users\leotm\Desktop\Projetos\Programming\vacation-scheduler\node_modules\@testing-library\react\dist\act-compat.js:46:25
          at renderRoot (C:\Users\leotm\Desktop\Projetos\Programming\vacation-scheduler\node_modules\@testing-library\react\dist\pure.js:189:26)
          at render (C:\Users\leotm\Desktop\Projetos\Programming\vacation-scheduler\node_modules\@testing-library\react\dist\pure.js:291:10)
          at renderCalendar (C:\Users\leotm\Desktop\Projetos\Programming\vacation-scheduler\src\components\CalendarView.test.js:36:16)
          at Object.<anonymous> (C:\Users\leotm\Desktop\Projetos\Programming\vacation-scheduler\src\components\CalendarView.test.js:189:5)
          at Promise.then.completed (C:\Users\leotm\Desktop\Projetos\Programming\vacation-scheduler\node_modules\jest-circus\build\utils.js:391:28)
          at new Promise (<anonymous>)
          at callAsyncCircusFn (C:\Users\leotm\Desktop\Projetos\Programming\vacation-scheduler\node_modules\jest-circus\build\utils.js:316:10)
          at _callCircusTest (C:\Users\leotm\Desktop\Projetos\Programming\vacation-scheduler\node_modules\jest-circus\build\run.js:218:40)
          at processTicksAndRejections (node:internal/process/task_queues:103:5)
          at _runTest (C:\Users\leotm\Desktop\Projetos\Programming\vacation-scheduler\node_modules\jest-circus\build\run.js:155:3)
          at _runTestsForDescribeBlock (C:\Users\leotm\Desktop\Projetos\Programming\vacation-scheduler\node_modules\jest-circus\build\run.js:66:9)
          at _runTestsForDescribeBlock (C:\Users\leotm\Desktop\Projetos\Programming\vacation-scheduler\node_modules\jest-circus\build\run.js:60:9)
          at run (C:\Users\leotm\Desktop\Projetos\Programming\vacation-scheduler\node_modules\jest-circus\build\run.js:25:3)
          at runAndTransformResultsToJestFormat (C:\Users\leotm\Desktop\Projetos\Programming\vacation-scheduler\node_modules\jest-circus\build\legacy-code-todo-rewrite\jestAdapterInit.js:170:21)
          at jestAdapter (C:\Users\leotm\Desktop\Projetos\Programming\vacation-scheduler\node_modules\jest-circus\build\legacy-code-todo-rewrite\jestAdapter.js:82:19)
          at runTestInternal (C:\Users\leotm\Desktop\Projetos\Programming\vacation-scheduler\node_modules\jest-runner\build\runTest.js:389:16)
          at runTest (C:\Users\leotm\Desktop\Projetos\Programming\vacation-scheduler\node_modules\jest-runner\build\runTest.js:475:34)
          at Object.worker (C:\Users\leotm\Desktop\Projetos\Programming\vacation-scheduler\node_modules\jest-runner\build\testWorker.js:133:12) TypeError: Cannot destructure property 'basename' of 'React.useContext(...)' as it is null.
          at LinkWithRef (C:\Users\leotm\Desktop\Projetos\Programming\vacation-scheduler\node_modules\react-router\dist\development\chunk-2YMDXNOJ.js:399:11)
          at renderWithHooks (C:\Users\leotm\Desktop\Projetos\Programming\vacation-scheduler\node_modules\react-dom\cjs\react-dom.development.js:15486:18)
          at updateForwardRef (C:\Users\leotm\Desktop\Projetos\Programming\vacation-scheduler\node_modules\react-dom\cjs\react-dom.development.js:19245:20)
          at beginWork (C:\Users\leotm\Desktop\Projetos\Programming\vacation-scheduler\node_modules\react-dom\cjs\react-dom.development.js:21675:16)
          at HTMLUnknownElement.callCallback (C:\Users\leotm\Desktop\Projetos\Programming\vacation-scheduler\node_modules\react-dom\cjs\react-dom.development.js:4164:14)
          at HTMLUnknownElement.callTheUserObjectsOperation (C:\Users\leotm\Desktop\Projetos\Programming\vacation-scheduler\node_modules\jsdom\lib\jsdom\living\generated\EventListener.js:26:30)
          at innerInvokeEventListeners (C:\Users\leotm\Desktop\Projetos\Programming\vacation-scheduler\node_modules\jsdom\lib\jsdom\living\events\EventTarget-impl.js:338:25)
          at invokeEventListeners (C:\Users\leotm\Desktop\Projetos\Programming\vacation-scheduler\node_modules\jsdom\lib\jsdom\living\events\EventTarget-impl.js:274:3)
          at HTMLUnknownElementImpl._dispatch (C:\Users\leotm\Desktop\Projetos\Programming\vacation-scheduler\node_modules\jsdom\lib\jsdom\living\events\EventTarget-impl.js:221:9)
          at HTMLUnknownElementImpl.dispatchEvent (C:\Users\leotm\Desktop\Projetos\Programming\vacation-scheduler\node_modules\jsdom\lib\jsdom\living\events\EventTarget-impl.js:94:17)
          at HTMLUnknownElement.dispatchEvent (C:\Users\leotm\Desktop\Projetos\Programming\vacation-scheduler\node_modules\jsdom\lib\jsdom\living\generated\EventTarget.js:231:34)
          at Object.invokeGuardedCallbackDev (C:\Users\leotm\Desktop\Projetos\Programming\vacation-scheduler\node_modules\react-dom\cjs\react-dom.development.js:4213:16)
          at invokeGuardedCallback (C:\Users\leotm\Desktop\Projetos\Programming\vacation-scheduler\node_modules\react-dom\cjs\react-dom.development.js:4277:31)
          at beginWork$1 (C:\Users\leotm\Desktop\Projetos\Programming\vacation-scheduler\node_modules\react-dom\cjs\react-dom.development.js:27490:7)
          at performUnitOfWork (C:\Users\leotm\Desktop\Projetos\Programming\vacation-scheduler\node_modules\react-dom\cjs\react-dom.development.js:26599:12)
          at workLoopSync (C:\Users\leotm\Desktop\Projetos\Programming\vacation-scheduler\node_modules\react-dom\cjs\react-dom.development.js:26505:5)
          at renderRootSync (C:\Users\leotm\Desktop\Projetos\Programming\vacation-scheduler\node_modules\react-dom\cjs\react-dom.development.js:26473:7)
          at recoverFromConcurrentError (C:\Users\leotm\Desktop\Projetos\Programming\vacation-scheduler\node_modules\react-dom\cjs\react-dom.development.js:25889:20)
          at performConcurrentWorkOnRoot (C:\Users\leotm\Desktop\Projetos\Programming\vacation-scheduler\node_modules\react-dom\cjs\react-dom.development.js:25789:22)
          at flushActQueue (C:\Users\leotm\Desktop\Projetos\Programming\vacation-scheduler\node_modules\react\cjs\react.development.js:2667:24)
          at act (C:\Users\leotm\Desktop\Projetos\Programming\vacation-scheduler\node_modules\react\cjs\react.development.js:2582:11)
          at C:\Users\leotm\Desktop\Projetos\Programming\vacation-scheduler\node_modules\@testing-library\react\dist\act-compat.js:46:25
          at renderRoot (C:\Users\leotm\Desktop\Projetos\Programming\vacation-scheduler\node_modules\@testing-library\react\dist\pure.js:189:26)
          at render (C:\Users\leotm\Desktop\Projetos\Programming\vacation-scheduler\node_modules\@testing-library\react\dist\pure.js:291:10)
          at renderCalendar (C:\Users\leotm\Desktop\Projetos\Programming\vacation-scheduler\src\components\CalendarView.test.js:36:16)
          at Object.<anonymous> (C:\Users\leotm\Desktop\Projetos\Programming\vacation-scheduler\src\components\CalendarView.test.js:189:5)
          at Promise.then.completed (C:\Users\leotm\Desktop\Projetos\Programming\vacation-scheduler\node_modules\jest-circus\build\utils.js:391:28)
          at new Promise (<anonymous>)
          at callAsyncCircusFn (C:\Users\leotm\Desktop\Projetos\Programming\vacation-scheduler\node_modules\jest-circus\build\utils.js:316:10)
          at _callCircusTest (C:\Users\leotm\Desktop\Projetos\Programming\vacation-scheduler\node_modules\jest-circus\build\run.js:218:40)
          at processTicksAndRejections (node:internal/process/task_queues:103:5)
          at _runTest (C:\Users\leotm\Desktop\Projetos\Programming\vacation-scheduler\node_modules\jest-circus\build\run.js:155:3)
          at _runTestsForDescribeBlock (C:\Users\leotm\Desktop\Projetos\Programming\vacation-scheduler\node_modules\jest-circus\build\run.js:66:9)
          at _runTestsForDescribeBlock (C:\Users\leotm\Desktop\Projetos\Programming\vacation-scheduler\node_modules\jest-circus\build\run.js:60:9)
          at run (C:\Users\leotm\Desktop\Projetos\Programming\vacation-scheduler\node_modules\jest-circus\build\run.js:25:3)
          at runAndTransformResultsToJestFormat (C:\Users\leotm\Desktop\Projetos\Programming\vacation-scheduler\node_modules\jest-circus\build\legacy-code-todo-rewrite\jestAdapterInit.js:170:21)
          at jestAdapter (C:\Users\leotm\Desktop\Projetos\Programming\vacation-scheduler\node_modules\jest-circus\build\legacy-code-todo-rewrite\jestAdapter.js:82:19)
          at runTestInternal (C:\Users\leotm\Desktop\Projetos\Programming\vacation-scheduler\node_modules\jest-runner\build\runTest.js:389:16)
          at runTest (C:\Users\leotm\Desktop\Projetos\Programming\vacation-scheduler\node_modules\jest-runner\build\runTest.js:475:34)
          at Object.worker (C:\Users\leotm\Desktop\Projetos\Programming\vacation-scheduler\node_modules\jest-runner\build\testWorker.js:133:12)

    [0m [90m 34 |[39m
     [90m 35 |[39m [36mconst[39m renderCalendar [33m=[39m (overrides [33m=[39m {}) [33m=>[39m {
    [31m[1m>[22m[39m[90m 36 |[39m   [36mreturn[39m render([33m<[39m[33mCalendarView[39m {[33m...[39mdefaultProps} {[33m...[39moverrides} [33m/[39m[33m>[39m)[33m;[39m
     [90m    |[39m                [31m[1m^[22m[39m
     [90m 37 |[39m }[33m;[39m
     [90m 38 |[39m
     [90m 39 |[39m describe([32m'CalendarView rendering'[39m[33m,[39m () [33m=>[39m {[0m

      at VirtualConsole.<anonymous> (node_modules/jsdom/lib/jsdom/virtual-console.js:29:45)
      at reportException (node_modules/jsdom/lib/jsdom/living/helpers/runtime-script-errors.js:70:28)
      at innerInvokeEventListeners (node_modules/jsdom/lib/jsdom/living/events/EventTarget-impl.js:341:9)
      at invokeEventListeners (node_modules/jsdom/lib/jsdom/living/events/EventTarget-impl.js:274:3)
      at HTMLUnknownElementImpl._dispatch (node_modules/jsdom/lib/jsdom/living/events/EventTarget-impl.js:221:9)
      at HTMLUnknownElementImpl.dispatchEvent (node_modules/jsdom/lib/jsdom/living/events/EventTarget-impl.js:94:17)
      at HTMLUnknownElement.dispatchEvent (node_modules/jsdom/lib/jsdom/living/generated/EventTarget.js:231:34)
      at Object.invokeGuardedCallbackDev (node_modules/react-dom/cjs/react-dom.development.js:4213:16)
      at invokeGuardedCallback (node_modules/react-dom/cjs/react-dom.development.js:4277:31)
      at beginWork$1 (node_modules/react-dom/cjs/react-dom.development.js:27490:7)
      at performUnitOfWork (node_modules/react-dom/cjs/react-dom.development.js:26599:12)
      at workLoopSync (node_modules/react-dom/cjs/react-dom.development.js:26505:5)
      at renderRootSync (node_modules/react-dom/cjs/react-dom.development.js:26473:7)
      at recoverFromConcurrentError (node_modules/react-dom/cjs/react-dom.development.js:25889:20)
      at performConcurrentWorkOnRoot (node_modules/react-dom/cjs/react-dom.development.js:25789:22)
      at flushActQueue (node_modules/react/cjs/react.development.js:2667:24)
      at act (node_modules/react/cjs/react.development.js:2582:11)
      at node_modules/@testing-library/react/dist/act-compat.js:46:25
      at renderRoot (node_modules/@testing-library/react/dist/pure.js:189:26)
      at render (node_modules/@testing-library/react/dist/pure.js:291:10)
      at renderCalendar (src/components/CalendarView.test.js:36:16)
      at Object.<anonymous> (src/components/CalendarView.test.js:189:5)

    console.error
      The above error occurred in the <Link> component:
      
          at LinkWithRef (C:\Users\leotm\Desktop\Projetos\Programming\vacation-scheduler\node_modules\react-router\dist\development\chunk-2YMDXNOJ.js:384:5)
          at p
          at div
          at div
          at form
          at CalendarView (C:\Users\leotm\Desktop\Projetos\Programming\vacation-scheduler\src\components\CalendarView.js:44:25)
      
      Consider adding an error boundary to your tree to customize error handling behavior.
      Visit https://reactjs.org/link/error-boundaries to learn more about error boundaries.

    [0m [90m 34 |[39m
     [90m 35 |[39m [36mconst[39m renderCalendar [33m=[39m (overrides [33m=[39m {}) [33m=>[39m {
    [31m[1m>[22m[39m[90m 36 |[39m   [36mreturn[39m render([33m<[39m[33mCalendarView[39m {[33m...[39mdefaultProps} {[33m...[39moverrides} [33m/[39m[33m>[39m)[33m;[39m
     [90m    |[39m                [31m[1m^[22m[39m
     [90m 37 |[39m }[33m;[39m
     [90m 38 |[39m
     [90m 39 |[39m describe([32m'CalendarView rendering'[39m[33m,[39m () [33m=>[39m {[0m

      at logCapturedError (node_modules/react-dom/cjs/react-dom.development.js:18704:23)
      at update.callback (node_modules/react-dom/cjs/react-dom.development.js:18737:5)
      at callCallback (node_modules/react-dom/cjs/react-dom.development.js:15036:12)
      at commitUpdateQueue (node_modules/react-dom/cjs/react-dom.development.js:15057:9)
      at commitLayoutEffectOnFiber (node_modules/react-dom/cjs/react-dom.development.js:23430:13)
      at commitLayoutMountEffects_complete (node_modules/react-dom/cjs/react-dom.development.js:24727:9)
      at commitLayoutEffects_begin (node_modules/react-dom/cjs/react-dom.development.js:24713:7)
      at commitLayoutEffects (node_modules/react-dom/cjs/react-dom.development.js:24651:3)
      at commitRootImpl (node_modules/react-dom/cjs/react-dom.development.js:26862:5)
      at commitRoot (node_modules/react-dom/cjs/react-dom.development.js:26721:5)
      at finishConcurrentRender (node_modules/react-dom/cjs/react-dom.development.js:25931:9)
      at performConcurrentWorkOnRoot (node_modules/react-dom/cjs/react-dom.development.js:25848:7)
      at flushActQueue (node_modules/react/cjs/react.development.js:2667:24)
      at act (node_modules/react/cjs/react.development.js:2582:11)
      at node_modules/@testing-library/react/dist/act-compat.js:46:25
      at renderRoot (node_modules/@testing-library/react/dist/pure.js:189:26)
      at render (node_modules/@testing-library/react/dist/pure.js:291:10)
      at renderCalendar (src/components/CalendarView.test.js:36:16)
      at Object.<anonymous> (src/components/CalendarView.test.js:189:5)

    console.error
      Error: Uncaught [TypeError: Cannot destructure property 'basename' of 'React.useContext(...)' as it is null.]
          at reportException (C:\Users\leotm\Desktop\Projetos\Programming\vacation-scheduler\node_modules\jsdom\lib\jsdom\living\helpers\runtime-script-errors.js:66:24)
          at innerInvokeEventListeners (C:\Users\leotm\Desktop\Projetos\Programming\vacation-scheduler\node_modules\jsdom\lib\jsdom\living\events\EventTarget-impl.js:341:9)
          at invokeEventListeners (C:\Users\leotm\Desktop\Projetos\Programming\vacation-scheduler\node_modules\jsdom\lib\jsdom\living\events\EventTarget-impl.js:274:3)
          at HTMLUnknownElementImpl._dispatch (C:\Users\leotm\Desktop\Projetos\Programming\vacation-scheduler\node_modules\jsdom\lib\jsdom\living\events\EventTarget-impl.js:221:9)
          at HTMLUnknownElementImpl.dispatchEvent (C:\Users\leotm\Desktop\Projetos\Programming\vacation-scheduler\node_modules\jsdom\lib\jsdom\living\events\EventTarget-impl.js:94:17)
          at HTMLUnknownElement.dispatchEvent (C:\Users\leotm\Desktop\Projetos\Programming\vacation-scheduler\node_modules\jsdom\lib\jsdom\living\generated\EventTarget.js:231:34)
          at Object.invokeGuardedCallbackDev (C:\Users\leotm\Desktop\Projetos\Programming\vacation-scheduler\node_modules\react-dom\cjs\react-dom.development.js:4213:16)
          at invokeGuardedCallback (C:\Users\leotm\Desktop\Projetos\Programming\vacation-scheduler\node_modules\react-dom\cjs\react-dom.development.js:4277:31)
          at beginWork$1 (C:\Users\leotm\Desktop\Projetos\Programming\vacation-scheduler\node_modules\react-dom\cjs\react-dom.development.js:27490:7)
          at performUnitOfWork (C:\Users\leotm\Desktop\Projetos\Programming\vacation-scheduler\node_modules\react-dom\cjs\react-dom.development.js:26599:12)
          at workLoopSync (C:\Users\leotm\Desktop\Projetos\Programming\vacation-scheduler\node_modules\react-dom\cjs\react-dom.development.js:26505:5)
          at renderRootSync (C:\Users\leotm\Desktop\Projetos\Programming\vacation-scheduler\node_modules\react-dom\cjs\react-dom.development.js:26473:7)
          at performConcurrentWorkOnRoot (C:\Users\leotm\Desktop\Projetos\Programming\vacation-scheduler\node_modules\react-dom\cjs\react-dom.development.js:25777:74)
          at flushActQueue (C:\Users\leotm\Desktop\Projetos\Programming\vacation-scheduler\node_modules\react\cjs\react.development.js:2667:24)
          at act (C:\Users\leotm\Desktop\Projetos\Programming\vacation-scheduler\node_modules\react\cjs\react.development.js:2582:11)
          at C:\Users\leotm\Desktop\Projetos\Programming\vacation-scheduler\node_modules\@testing-library\react\dist\act-compat.js:46:25
          at renderRoot (C:\Users\leotm\Desktop\Projetos\Programming\vacation-scheduler\node_modules\@testing-library\react\dist\pure.js:189:26)
          at render (C:\Users\leotm\Desktop\Projetos\Programming\vacation-scheduler\node_modules\@testing-library\react\dist\pure.js:291:10)
          at renderCalendar (C:\Users\leotm\Desktop\Projetos\Programming\vacation-scheduler\src\components\CalendarView.test.js:36:16)
          at Object.<anonymous> (C:\Users\leotm\Desktop\Projetos\Programming\vacation-scheduler\src\components\CalendarView.test.js:207:5)
          at Promise.then.completed (C:\Users\leotm\Desktop\Projetos\Programming\vacation-scheduler\node_modules\jest-circus\build\utils.js:391:28)
          at new Promise (<anonymous>)
          at callAsyncCircusFn (C:\Users\leotm\Desktop\Projetos\Programming\vacation-scheduler\node_modules\jest-circus\build\utils.js:316:10)
          at _callCircusTest (C:\Users\leotm\Desktop\Projetos\Programming\vacation-scheduler\node_modules\jest-circus\build\run.js:218:40)
          at processTicksAndRejections (node:internal/process/task_queues:103:5)
          at _runTest (C:\Users\leotm\Desktop\Projetos\Programming\vacation-scheduler\node_modules\jest-circus\build\run.js:155:3)
          at _runTestsForDescribeBlock (C:\Users\leotm\Desktop\Projetos\Programming\vacation-scheduler\node_modules\jest-circus\build\run.js:66:9)
          at _runTestsForDescribeBlock (C:\Users\leotm\Desktop\Projetos\Programming\vacation-scheduler\node_modules\jest-circus\build\run.js:60:9)
          at run (C:\Users\leotm\Desktop\Projetos\Programming\vacation-scheduler\node_modules\jest-circus\build\run.js:25:3)
          at runAndTransformResultsToJestFormat (C:\Users\leotm\Desktop\Projetos\Programming\vacation-scheduler\node_modules\jest-circus\build\legacy-code-todo-rewrite\jestAdapterInit.js:170:21)
          at jestAdapter (C:\Users\leotm\Desktop\Projetos\Programming\vacation-scheduler\node_modules\jest-circus\build\legacy-code-todo-rewrite\jestAdapter.js:82:19)
          at runTestInternal (C:\Users\leotm\Desktop\Projetos\Programming\vacation-scheduler\node_modules\jest-runner\build\runTest.js:389:16)
          at runTest (C:\Users\leotm\Desktop\Projetos\Programming\vacation-scheduler\node_modules\jest-runner\build\runTest.js:475:34)
          at Object.worker (C:\Users\leotm\Desktop\Projetos\Programming\vacation-scheduler\node_modules\jest-runner\build\testWorker.js:133:12) TypeError: Cannot destructure property 'basename' of 'React.useContext(...)' as it is null.
          at LinkWithRef (C:\Users\leotm\Desktop\Projetos\Programming\vacation-scheduler\node_modules\react-router\dist\development\chunk-2YMDXNOJ.js:399:11)
          at renderWithHooks (C:\Users\leotm\Desktop\Projetos\Programming\vacation-scheduler\node_modules\react-dom\cjs\react-dom.development.js:15486:18)
          at updateForwardRef (C:\Users\leotm\Desktop\Projetos\Programming\vacation-scheduler\node_modules\react-dom\cjs\react-dom.development.js:19245:20)
          at beginWork (C:\Users\leotm\Desktop\Projetos\Programming\vacation-scheduler\node_modules\react-dom\cjs\react-dom.development.js:21675:16)
          at HTMLUnknownElement.callCallback (C:\Users\leotm\Desktop\Projetos\Programming\vacation-scheduler\node_modules\react-dom\cjs\react-dom.development.js:4164:14)
          at HTMLUnknownElement.callTheUserObjectsOperation (C:\Users\leotm\Desktop\Projetos\Programming\vacation-scheduler\node_modules\jsdom\lib\jsdom\living\generated\EventListener.js:26:30)
          at innerInvokeEventListeners (C:\Users\leotm\Desktop\Projetos\Programming\vacation-scheduler\node_modules\jsdom\lib\jsdom\living\events\EventTarget-impl.js:338:25)
          at invokeEventListeners (C:\Users\leotm\Desktop\Projetos\Programming\vacation-scheduler\node_modules\jsdom\lib\jsdom\living\events\EventTarget-impl.js:274:3)
          at HTMLUnknownElementImpl._dispatch (C:\Users\leotm\Desktop\Projetos\Programming\vacation-scheduler\node_modules\jsdom\lib\jsdom\living\events\EventTarget-impl.js:221:9)
          at HTMLUnknownElementImpl.dispatchEvent (C:\Users\leotm\Desktop\Projetos\Programming\vacation-scheduler\node_modules\jsdom\lib\jsdom\living\events\EventTarget-impl.js:94:17)
          at HTMLUnknownElement.dispatchEvent (C:\Users\leotm\Desktop\Projetos\Programming\vacation-scheduler\node_modules\jsdom\lib\jsdom\living\generated\EventTarget.js:231:34)
          at Object.invokeGuardedCallbackDev (C:\Users\leotm\Desktop\Projetos\Programming\vacation-scheduler\node_modules\react-dom\cjs\react-dom.development.js:4213:16)
          at invokeGuardedCallback (C:\Users\leotm\Desktop\Projetos\Programming\vacation-scheduler\node_modules\react-dom\cjs\react-dom.development.js:4277:31)
          at beginWork$1 (C:\Users\leotm\Desktop\Projetos\Programming\vacation-scheduler\node_modules\react-dom\cjs\react-dom.development.js:27490:7)
          at performUnitOfWork (C:\Users\leotm\Desktop\Projetos\Programming\vacation-scheduler\node_modules\react-dom\cjs\react-dom.development.js:26599:12)
          at workLoopSync (C:\Users\leotm\Desktop\Projetos\Programming\vacation-scheduler\node_modules\react-dom\cjs\react-dom.development.js:26505:5)
          at renderRootSync (C:\Users\leotm\Desktop\Projetos\Programming\vacation-scheduler\node_modules\react-dom\cjs\react-dom.development.js:26473:7)
          at performConcurrentWorkOnRoot (C:\Users\leotm\Desktop\Projetos\Programming\vacation-scheduler\node_modules\react-dom\cjs\react-dom.development.js:25777:74)
          at flushActQueue (C:\Users\leotm\Desktop\Projetos\Programming\vacation-scheduler\node_modules\react\cjs\react.development.js:2667:24)
          at act (C:\Users\leotm\Desktop\Projetos\Programming\vacation-scheduler\node_modules\react\cjs\react.development.js:2582:11)
          at C:\Users\leotm\Desktop\Projetos\Programming\vacation-scheduler\node_modules\@testing-library\react\dist\act-compat.js:46:25
          at renderRoot (C:\Users\leotm\Desktop\Projetos\Programming\vacation-scheduler\node_modules\@testing-library\react\dist\pure.js:189:26)
          at render (C:\Users\leotm\Desktop\Projetos\Programming\vacation-scheduler\node_modules\@testing-library\react\dist\pure.js:291:10)
          at renderCalendar (C:\Users\leotm\Desktop\Projetos\Programming\vacation-scheduler\src\components\CalendarView.test.js:36:16)
          at Object.<anonymous> (C:\Users\leotm\Desktop\Projetos\Programming\vacation-scheduler\src\components\CalendarView.test.js:207:5)
          at Promise.then.completed (C:\Users\leotm\Desktop\Projetos\Programming\vacation-scheduler\node_modules\jest-circus\build\utils.js:391:28)
          at new Promise (<anonymous>)
          at callAsyncCircusFn (C:\Users\leotm\Desktop\Projetos\Programming\vacation-scheduler\node_modules\jest-circus\build\utils.js:316:10)
          at _callCircusTest (C:\Users\leotm\Desktop\Projetos\Programming\vacation-scheduler\node_modules\jest-circus\build\run.js:218:40)
          at processTicksAndRejections (node:internal/process/task_queues:103:5)
          at _runTest (C:\Users\leotm\Desktop\Projetos\Programming\vacation-scheduler\node_modules\jest-circus\build\run.js:155:3)
          at _runTestsForDescribeBlock (C:\Users\leotm\Desktop\Projetos\Programming\vacation-scheduler\node_modules\jest-circus\build\run.js:66:9)
          at _runTestsForDescribeBlock (C:\Users\leotm\Desktop\Projetos\Programming\vacation-scheduler\node_modules\jest-circus\build\run.js:60:9)
          at run (C:\Users\leotm\Desktop\Projetos\Programming\vacation-scheduler\node_modules\jest-circus\build\run.js:25:3)
          at runAndTransformResultsToJestFormat (C:\Users\leotm\Desktop\Projetos\Programming\vacation-scheduler\node_modules\jest-circus\build\legacy-code-todo-rewrite\jestAdapterInit.js:170:21)
          at jestAdapter (C:\Users\leotm\Desktop\Projetos\Programming\vacation-scheduler\node_modules\jest-circus\build\legacy-code-todo-rewrite\jestAdapter.js:82:19)
          at runTestInternal (C:\Users\leotm\Desktop\Projetos\Programming\vacation-scheduler\node_modules\jest-runner\build\runTest.js:389:16)
          at runTest (C:\Users\leotm\Desktop\Projetos\Programming\vacation-scheduler\node_modules\jest-runner\build\runTest.js:475:34)
          at Object.worker (C:\Users\leotm\Desktop\Projetos\Programming\vacation-scheduler\node_modules\jest-runner\build\testWorker.js:133:12)

    [0m [90m 34 |[39m
     [90m 35 |[39m [36mconst[39m renderCalendar [33m=[39m (overrides [33m=[39m {}) [33m=>[39m {
    [31m[1m>[22m[39m[90m 36 |[39m   [36mreturn[39m render([33m<[39m[33mCalendarView[39m {[33m...[39mdefaultProps} {[33m...[39moverrides} [33m/[39m[33m>[39m)[33m;[39m
     [90m    |[39m                [31m[1m^[22m[39m
     [90m 37 |[39m }[33m;[39m
     [90m 38 |[39m
     [90m 39 |[39m describe([32m'CalendarView rendering'[39m[33m,[39m () [33m=>[39m {[0m

      at VirtualConsole.<anonymous> (node_modules/jsdom/lib/jsdom/virtual-console.js:29:45)
      at reportException (node_modules/jsdom/lib/jsdom/living/helpers/runtime-script-errors.js:70:28)
      at innerInvokeEventListeners (node_modules/jsdom/lib/jsdom/living/events/EventTarget-impl.js:341:9)
      at invokeEventListeners (node_modules/jsdom/lib/jsdom/living/events/EventTarget-impl.js:274:3)
      at HTMLUnknownElementImpl._dispatch (node_modules/jsdom/lib/jsdom/living/events/EventTarget-impl.js:221:9)
      at HTMLUnknownElementImpl.dispatchEvent (node_modules/jsdom/lib/jsdom/living/events/EventTarget-impl.js:94:17)
      at HTMLUnknownElement.dispatchEvent (node_modules/jsdom/lib/jsdom/living/generated/EventTarget.js:231:34)
      at Object.invokeGuardedCallbackDev (node_modules/react-dom/cjs/react-dom.development.js:4213:16)
      at invokeGuardedCallback (node_modules/react-dom/cjs/react-dom.development.js:4277:31)
      at beginWork$1 (node_modules/react-dom/cjs/react-dom.development.js:27490:7)
      at performUnitOfWork (node_modules/react-dom/cjs/react-dom.development.js:26599:12)
      at workLoopSync (node_modules/react-dom/cjs/react-dom.development.js:26505:5)
      at renderRootSync (node_modules/react-dom/cjs/react-dom.development.js:26473:7)
      at performConcurrentWorkOnRoot (node_modules/react-dom/cjs/react-dom.development.js:25777:74)
      at flushActQueue (node_modules/react/cjs/react.development.js:2667:24)
      at act (node_modules/react/cjs/react.development.js:2582:11)
      at node_modules/@testing-library/react/dist/act-compat.js:46:25
      at renderRoot (node_modules/@testing-library/react/dist/pure.js:189:26)
      at render (node_modules/@testing-library/react/dist/pure.js:291:10)
      at renderCalendar (src/components/CalendarView.test.js:36:16)
      at Object.<anonymous> (src/components/CalendarView.test.js:207:5)

    console.error
      Error: Uncaught [TypeError: Cannot destructure property 'basename' of 'React.useContext(...)' as it is null.]
          at reportException (C:\Users\leotm\Desktop\Projetos\Programming\vacation-scheduler\node_modules\jsdom\lib\jsdom\living\helpers\runtime-script-errors.js:66:24)
          at innerInvokeEventListeners (C:\Users\leotm\Desktop\Projetos\Programming\vacation-scheduler\node_modules\jsdom\lib\jsdom\living\events\EventTarget-impl.js:341:9)
          at invokeEventListeners (C:\Users\leotm\Desktop\Projetos\Programming\vacation-scheduler\node_modules\jsdom\lib\jsdom\living\events\EventTarget-impl.js:274:3)
          at HTMLUnknownElementImpl._dispatch (C:\Users\leotm\Desktop\Projetos\Programming\vacation-scheduler\node_modules\jsdom\lib\jsdom\living\events\EventTarget-impl.js:221:9)
          at HTMLUnknownElementImpl.dispatchEvent (C:\Users\leotm\Desktop\Projetos\Programming\vacation-scheduler\node_modules\jsdom\lib\jsdom\living\events\EventTarget-impl.js:94:17)
          at HTMLUnknownElement.dispatchEvent (C:\Users\leotm\Desktop\Projetos\Programming\vacation-scheduler\node_modules\jsdom\lib\jsdom\living\generated\EventTarget.js:231:34)
          at Object.invokeGuardedCallbackDev (C:\Users\leotm\Desktop\Projetos\Programming\vacation-scheduler\node_modules\react-dom\cjs\react-dom.development.js:4213:16)
          at invokeGuardedCallback (C:\Users\leotm\Desktop\Projetos\Programming\vacation-scheduler\node_modules\react-dom\cjs\react-dom.development.js:4277:31)
          at beginWork$1 (C:\Users\leotm\Desktop\Projetos\Programming\vacation-scheduler\node_modules\react-dom\cjs\react-dom.development.js:27490:7)
          at performUnitOfWork (C:\Users\leotm\Desktop\Projetos\Programming\vacation-scheduler\node_modules\react-dom\cjs\react-dom.development.js:26599:12)
          at workLoopSync (C:\Users\leotm\Desktop\Projetos\Programming\vacation-scheduler\node_modules\react-dom\cjs\react-dom.development.js:26505:5)
          at renderRootSync (C:\Users\leotm\Desktop\Projetos\Programming\vacation-scheduler\node_modules\react-dom\cjs\react-dom.development.js:26473:7)
          at recoverFromConcurrentError (C:\Users\leotm\Desktop\Projetos\Programming\vacation-scheduler\node_modules\react-dom\cjs\react-dom.development.js:25889:20)
          at performConcurrentWorkOnRoot (C:\Users\leotm\Desktop\Projetos\Programming\vacation-scheduler\node_modules\react-dom\cjs\react-dom.development.js:25789:22)
          at flushActQueue (C:\Users\leotm\Desktop\Projetos\Programming\vacation-scheduler\node_modules\react\cjs\react.development.js:2667:24)
          at act (C:\Users\leotm\Desktop\Projetos\Programming\vacation-scheduler\node_modules\react\cjs\react.development.js:2582:11)
          at C:\Users\leotm\Desktop\Projetos\Programming\vacation-scheduler\node_modules\@testing-library\react\dist\act-compat.js:46:25
          at renderRoot (C:\Users\leotm\Desktop\Projetos\Programming\vacation-scheduler\node_modules\@testing-library\react\dist\pure.js:189:26)
          at render (C:\Users\leotm\Desktop\Projetos\Programming\vacation-scheduler\node_modules\@testing-library\react\dist\pure.js:291:10)
          at renderCalendar (C:\Users\leotm\Desktop\Projetos\Programming\vacation-scheduler\src\components\CalendarView.test.js:36:16)
          at Object.<anonymous> (C:\Users\leotm\Desktop\Projetos\Programming\vacation-scheduler\src\components\CalendarView.test.js:207:5)
          at Promise.then.completed (C:\Users\leotm\Desktop\Projetos\Programming\vacation-scheduler\node_modules\jest-circus\build\utils.js:391:28)
          at new Promise (<anonymous>)
          at callAsyncCircusFn (C:\Users\leotm\Desktop\Projetos\Programming\vacation-scheduler\node_modules\jest-circus\build\utils.js:316:10)
          at _callCircusTest (C:\Users\leotm\Desktop\Projetos\Programming\vacation-scheduler\node_modules\jest-circus\build\run.js:218:40)
          at processTicksAndRejections (node:internal/process/task_queues:103:5)
          at _runTest (C:\Users\leotm\Desktop\Projetos\Programming\vacation-scheduler\node_modules\jest-circus\build\run.js:155:3)
          at _runTestsForDescribeBlock (C:\Users\leotm\Desktop\Projetos\Programming\vacation-scheduler\node_modules\jest-circus\build\run.js:66:9)
          at _runTestsForDescribeBlock (C:\Users\leotm\Desktop\Projetos\Programming\vacation-scheduler\node_modules\jest-circus\build\run.js:60:9)
          at run (C:\Users\leotm\Desktop\Projetos\Programming\vacation-scheduler\node_modules\jest-circus\build\run.js:25:3)
          at runAndTransformResultsToJestFormat (C:\Users\leotm\Desktop\Projetos\Programming\vacation-scheduler\node_modules\jest-circus\build\legacy-code-todo-rewrite\jestAdapterInit.js:170:21)
          at jestAdapter (C:\Users\leotm\Desktop\Projetos\Programming\vacation-scheduler\node_modules\jest-circus\build\legacy-code-todo-rewrite\jestAdapter.js:82:19)
          at runTestInternal (C:\Users\leotm\Desktop\Projetos\Programming\vacation-scheduler\node_modules\jest-runner\build\runTest.js:389:16)
          at runTest (C:\Users\leotm\Desktop\Projetos\Programming\vacation-scheduler\node_modules\jest-runner\build\runTest.js:475:34)
          at Object.worker (C:\Users\leotm\Desktop\Projetos\Programming\vacation-scheduler\node_modules\jest-runner\build\testWorker.js:133:12) TypeError: Cannot destructure property 'basename' of 'React.useContext(...)' as it is null.
          at LinkWithRef (C:\Users\leotm\Desktop\Projetos\Programming\vacation-scheduler\node_modules\react-router\dist\development\chunk-2YMDXNOJ.js:399:11)
          at renderWithHooks (C:\Users\leotm\Desktop\Projetos\Programming\vacation-scheduler\node_modules\react-dom\cjs\react-dom.development.js:15486:18)
          at updateForwardRef (C:\Users\leotm\Desktop\Projetos\Programming\vacation-scheduler\node_modules\react-dom\cjs\react-dom.development.js:19245:20)
          at beginWork (C:\Users\leotm\Desktop\Projetos\Programming\vacation-scheduler\node_modules\react-dom\cjs\react-dom.development.js:21675:16)
          at HTMLUnknownElement.callCallback (C:\Users\leotm\Desktop\Projetos\Programming\vacation-scheduler\node_modules\react-dom\cjs\react-dom.development.js:4164:14)
          at HTMLUnknownElement.callTheUserObjectsOperation (C:\Users\leotm\Desktop\Projetos\Programming\vacation-scheduler\node_modules\jsdom\lib\jsdom\living\generated\EventListener.js:26:30)
          at innerInvokeEventListeners (C:\Users\leotm\Desktop\Projetos\Programming\vacation-scheduler\node_modules\jsdom\lib\jsdom\living\events\EventTarget-impl.js:338:25)
          at invokeEventListeners (C:\Users\leotm\Desktop\Projetos\Programming\vacation-scheduler\node_modules\jsdom\lib\jsdom\living\events\EventTarget-impl.js:274:3)
          at HTMLUnknownElementImpl._dispatch (C:\Users\leotm\Desktop\Projetos\Programming\vacation-scheduler\node_modules\jsdom\lib\jsdom\living\events\EventTarget-impl.js:221:9)
          at HTMLUnknownElementImpl.dispatchEvent (C:\Users\leotm\Desktop\Projetos\Programming\vacation-scheduler\node_modules\jsdom\lib\jsdom\living\events\EventTarget-impl.js:94:17)
          at HTMLUnknownElement.dispatchEvent (C:\Users\leotm\Desktop\Projetos\Programming\vacation-scheduler\node_modules\jsdom\lib\jsdom\living\generated\EventTarget.js:231:34)
          at Object.invokeGuardedCallbackDev (C:\Users\leotm\Desktop\Projetos\Programming\vacation-scheduler\node_modules\react-dom\cjs\react-dom.development.js:4213:16)
          at invokeGuardedCallback (C:\Users\leotm\Desktop\Projetos\Programming\vacation-scheduler\node_modules\react-dom\cjs\react-dom.development.js:4277:31)
          at beginWork$1 (C:\Users\leotm\Desktop\Projetos\Programming\vacation-scheduler\node_modules\react-dom\cjs\react-dom.development.js:27490:7)
          at performUnitOfWork (C:\Users\leotm\Desktop\Projetos\Programming\vacation-scheduler\node_modules\react-dom\cjs\react-dom.development.js:26599:12)
          at workLoopSync (C:\Users\leotm\Desktop\Projetos\Programming\vacation-scheduler\node_modules\react-dom\cjs\react-dom.development.js:26505:5)
          at renderRootSync (C:\Users\leotm\Desktop\Projetos\Programming\vacation-scheduler\node_modules\react-dom\cjs\react-dom.development.js:26473:7)
          at recoverFromConcurrentError (C:\Users\leotm\Desktop\Projetos\Programming\vacation-scheduler\node_modules\react-dom\cjs\react-dom.development.js:25889:20)
          at performConcurrentWorkOnRoot (C:\Users\leotm\Desktop\Projetos\Programming\vacation-scheduler\node_modules\react-dom\cjs\react-dom.development.js:25789:22)
          at flushActQueue (C:\Users\leotm\Desktop\Projetos\Programming\vacation-scheduler\node_modules\react\cjs\react.development.js:2667:24)
          at act (C:\Users\leotm\Desktop\Projetos\Programming\vacation-scheduler\node_modules\react\cjs\react.development.js:2582:11)
          at C:\Users\leotm\Desktop\Projetos\Programming\vacation-scheduler\node_modules\@testing-library\react\dist\act-compat.js:46:25
          at renderRoot (C:\Users\leotm\Desktop\Projetos\Programming\vacation-scheduler\node_modules\@testing-library\react\dist\pure.js:189:26)
          at render (C:\Users\leotm\Desktop\Projetos\Programming\vacation-scheduler\node_modules\@testing-library\react\dist\pure.js:291:10)
          at renderCalendar (C:\Users\leotm\Desktop\Projetos\Programming\vacation-scheduler\src\components\CalendarView.test.js:36:16)
          at Object.<anonymous> (C:\Users\leotm\Desktop\Projetos\Programming\vacation-scheduler\src\components\CalendarView.test.js:207:5)
          at Promise.then.completed (C:\Users\leotm\Desktop\Projetos\Programming\vacation-scheduler\node_modules\jest-circus\build\utils.js:391:28)
          at new Promise (<anonymous>)
          at callAsyncCircusFn (C:\Users\leotm\Desktop\Projetos\Programming\vacation-scheduler\node_modules\jest-circus\build\utils.js:316:10)
          at _callCircusTest (C:\Users\leotm\Desktop\Projetos\Programming\vacation-scheduler\node_modules\jest-circus\build\run.js:218:40)
          at processTicksAndRejections (node:internal/process/task_queues:103:5)
          at _runTest (C:\Users\leotm\Desktop\Projetos\Programming\vacation-scheduler\node_modules\jest-circus\build\run.js:155:3)
          at _runTestsForDescribeBlock (C:\Users\leotm\Desktop\Projetos\Programming\vacation-scheduler\node_modules\jest-circus\build\run.js:66:9)
          at _runTestsForDescribeBlock (C:\Users\leotm\Desktop\Projetos\Programming\vacation-scheduler\node_modules\jest-circus\build\run.js:60:9)
          at run (C:\Users\leotm\Desktop\Projetos\Programming\vacation-scheduler\node_modules\jest-circus\build\run.js:25:3)
          at runAndTransformResultsToJestFormat (C:\Users\leotm\Desktop\Projetos\Programming\vacation-scheduler\node_modules\jest-circus\build\legacy-code-todo-rewrite\jestAdapterInit.js:170:21)
          at jestAdapter (C:\Users\leotm\Desktop\Projetos\Programming\vacation-scheduler\node_modules\jest-circus\build\legacy-code-todo-rewrite\jestAdapter.js:82:19)
          at runTestInternal (C:\Users\leotm\Desktop\Projetos\Programming\vacation-scheduler\node_modules\jest-runner\build\runTest.js:389:16)
          at runTest (C:\Users\leotm\Desktop\Projetos\Programming\vacation-scheduler\node_modules\jest-runner\build\runTest.js:475:34)
          at Object.worker (C:\Users\leotm\Desktop\Projetos\Programming\vacation-scheduler\node_modules\jest-runner\build\testWorker.js:133:12)

    [0m [90m 34 |[39m
     [90m 35 |[39m [36mconst[39m renderCalendar [33m=[39m (overrides [33m=[39m {}) [33m=>[39m {
    [31m[1m>[22m[39m[90m 36 |[39m   [36mreturn[39m render([33m<[39m[33mCalendarView[39m {[33m...[39mdefaultProps} {[33m...[39moverrides} [33m/[39m[33m>[39m)[33m;[39m
     [90m    |[39m                [31m[1m^[22m[39m
     [90m 37 |[39m }[33m;[39m
     [90m 38 |[39m
     [90m 39 |[39m describe([32m'CalendarView rendering'[39m[33m,[39m () [33m=>[39m {[0m

      at VirtualConsole.<anonymous> (node_modules/jsdom/lib/jsdom/virtual-console.js:29:45)
      at reportException (node_modules/jsdom/lib/jsdom/living/helpers/runtime-script-errors.js:70:28)
      at innerInvokeEventListeners (node_modules/jsdom/lib/jsdom/living/events/EventTarget-impl.js:341:9)
      at invokeEventListeners (node_modules/jsdom/lib/jsdom/living/events/EventTarget-impl.js:274:3)
      at HTMLUnknownElementImpl._dispatch (node_modules/jsdom/lib/jsdom/living/events/EventTarget-impl.js:221:9)
      at HTMLUnknownElementImpl.dispatchEvent (node_modules/jsdom/lib/jsdom/living/events/EventTarget-impl.js:94:17)
      at HTMLUnknownElement.dispatchEvent (node_modules/jsdom/lib/jsdom/living/generated/EventTarget.js:231:34)
      at Object.invokeGuardedCallbackDev (node_modules/react-dom/cjs/react-dom.development.js:4213:16)
      at invokeGuardedCallback (node_modules/react-dom/cjs/react-dom.development.js:4277:31)
      at beginWork$1 (node_modules/react-dom/cjs/react-dom.development.js:27490:7)
      at performUnitOfWork (node_modules/react-dom/cjs/react-dom.development.js:26599:12)
      at workLoopSync (node_modules/react-dom/cjs/react-dom.development.js:26505:5)
      at renderRootSync (node_modules/react-dom/cjs/react-dom.development.js:26473:7)
      at recoverFromConcurrentError (node_modules/react-dom/cjs/react-dom.development.js:25889:20)
      at performConcurrentWorkOnRoot (node_modules/react-dom/cjs/react-dom.development.js:25789:22)
      at flushActQueue (node_modules/react/cjs/react.development.js:2667:24)
      at act (node_modules/react/cjs/react.development.js:2582:11)
      at node_modules/@testing-library/react/dist/act-compat.js:46:25
      at renderRoot (node_modules/@testing-library/react/dist/pure.js:189:26)
      at render (node_modules/@testing-library/react/dist/pure.js:291:10)
      at renderCalendar (src/components/CalendarView.test.js:36:16)
      at Object.<anonymous> (src/components/CalendarView.test.js:207:5)

    console.error
      The above error occurred in the <Link> component:
      
          at LinkWithRef (C:\Users\leotm\Desktop\Projetos\Programming\vacation-scheduler\node_modules\react-router\dist\development\chunk-2YMDXNOJ.js:384:5)
          at p
          at div
          at div
          at form
          at CalendarView (C:\Users\leotm\Desktop\Projetos\Programming\vacation-scheduler\src\components\CalendarView.js:44:25)
      
      Consider adding an error boundary to your tree to customize error handling behavior.
      Visit https://reactjs.org/link/error-boundaries to learn more about error boundaries.

    [0m [90m 34 |[39m
     [90m 35 |[39m [36mconst[39m renderCalendar [33m=[39m (overrides [33m=[39m {}) [33m=>[39m {
    [31m[1m>[22m[39m[90m 36 |[39m   [36mreturn[39m render([33m<[39m[33mCalendarView[39m {[33m...[39mdefaultProps} {[33m...[39moverrides} [33m/[39m[33m>[39m)[33m;[39m
     [90m    |[39m                [31m[1m^[22m[39m
     [90m 37 |[39m }[33m;[39m
     [90m 38 |[39m
     [90m 39 |[39m describe([32m'CalendarView rendering'[39m[33m,[39m () [33m=>[39m {[0m

      at logCapturedError (node_modules/react-dom/cjs/react-dom.development.js:18704:23)
      at update.callback (node_modules/react-dom/cjs/react-dom.development.js:18737:5)
      at callCallback (node_modules/react-dom/cjs/react-dom.development.js:15036:12)
      at commitUpdateQueue (node_modules/react-dom/cjs/react-dom.development.js:15057:9)
      at commitLayoutEffectOnFiber (node_modules/react-dom/cjs/react-dom.development.js:23430:13)
      at commitLayoutMountEffects_complete (node_modules/react-dom/cjs/react-dom.development.js:24727:9)
      at commitLayoutEffects_begin (node_modules/react-dom/cjs/react-dom.development.js:24713:7)
      at commitLayoutEffects (node_modules/react-dom/cjs/react-dom.development.js:24651:3)
      at commitRootImpl (node_modules/react-dom/cjs/react-dom.development.js:26862:5)
      at commitRoot (node_modules/react-dom/cjs/react-dom.development.js:26721:5)
      at finishConcurrentRender (node_modules/react-dom/cjs/react-dom.development.js:25931:9)
      at performConcurrentWorkOnRoot (node_modules/react-dom/cjs/react-dom.development.js:25848:7)
      at flushActQueue (node_modules/react/cjs/react.development.js:2667:24)
      at act (node_modules/react/cjs/react.development.js:2582:11)
      at node_modules/@testing-library/react/dist/act-compat.js:46:25
      at renderRoot (node_modules/@testing-library/react/dist/pure.js:189:26)
      at render (node_modules/@testing-library/react/dist/pure.js:291:10)
      at renderCalendar (src/components/CalendarView.test.js:36:16)
      at Object.<anonymous> (src/components/CalendarView.test.js:207:5)

    console.error
      Error: Uncaught [TypeError: Cannot destructure property 'basename' of 'React.useContext(...)' as it is null.]
          at reportException (C:\Users\leotm\Desktop\Projetos\Programming\vacation-scheduler\node_modules\jsdom\lib\jsdom\living\helpers\runtime-script-errors.js:66:24)
          at innerInvokeEventListeners (C:\Users\leotm\Desktop\Projetos\Programming\vacation-scheduler\node_modules\jsdom\lib\jsdom\living\events\EventTarget-impl.js:341:9)
          at invokeEventListeners (C:\Users\leotm\Desktop\Projetos\Programming\vacation-scheduler\node_modules\jsdom\lib\jsdom\living\events\EventTarget-impl.js:274:3)
          at HTMLUnknownElementImpl._dispatch (C:\Users\leotm\Desktop\Projetos\Programming\vacation-scheduler\node_modules\jsdom\lib\jsdom\living\events\EventTarget-impl.js:221:9)
          at HTMLUnknownElementImpl.dispatchEvent (C:\Users\leotm\Desktop\Projetos\Programming\vacation-scheduler\node_modules\jsdom\lib\jsdom\living\events\EventTarget-impl.js:94:17)
          at HTMLUnknownElement.dispatchEvent (C:\Users\leotm\Desktop\Projetos\Programming\vacation-scheduler\node_modules\jsdom\lib\jsdom\living\generated\EventTarget.js:231:34)
          at Object.invokeGuardedCallbackDev (C:\Users\leotm\Desktop\Projetos\Programming\vacation-scheduler\node_modules\react-dom\cjs\react-dom.development.js:4213:16)
          at invokeGuardedCallback (C:\Users\leotm\Desktop\Projetos\Programming\vacation-scheduler\node_modules\react-dom\cjs\react-dom.development.js:4277:31)
          at beginWork$1 (C:\Users\leotm\Desktop\Projetos\Programming\vacation-scheduler\node_modules\react-dom\cjs\react-dom.development.js:27490:7)
          at performUnitOfWork (C:\Users\leotm\Desktop\Projetos\Programming\vacation-scheduler\node_modules\react-dom\cjs\react-dom.development.js:26599:12)
          at workLoopSync (C:\Users\leotm\Desktop\Projetos\Programming\vacation-scheduler\node_modules\react-dom\cjs\react-dom.development.js:26505:5)
          at renderRootSync (C:\Users\leotm\Desktop\Projetos\Programming\vacation-scheduler\node_modules\react-dom\cjs\react-dom.development.js:26473:7)
          at performConcurrentWorkOnRoot (C:\Users\leotm\Desktop\Projetos\Programming\vacation-scheduler\node_modules\react-dom\cjs\react-dom.development.js:25777:74)
          at flushActQueue (C:\Users\leotm\Desktop\Projetos\Programming\vacation-scheduler\node_modules\react\cjs\react.development.js:2667:24)
          at act (C:\Users\leotm\Desktop\Projetos\Programming\vacation-scheduler\node_modules\react\cjs\react.development.js:2582:11)
          at C:\Users\leotm\Desktop\Projetos\Programming\vacation-scheduler\node_modules\@testing-library\react\dist\act-compat.js:46:25
          at renderRoot (C:\Users\leotm\Desktop\Projetos\Programming\vacation-scheduler\node_modules\@testing-library\react\dist\pure.js:189:26)
          at render (C:\Users\leotm\Desktop\Projetos\Programming\vacation-scheduler\node_modules\@testing-library\react\dist\pure.js:291:10)
          at renderCalendar (C:\Users\leotm\Desktop\Projetos\Programming\vacation-scheduler\src\components\CalendarView.test.js:36:16)
          at Object.<anonymous> (C:\Users\leotm\Desktop\Projetos\Programming\vacation-scheduler\src\components\CalendarView.test.js:233:5)
          at Promise.then.completed (C:\Users\leotm\Desktop\Projetos\Programming\vacation-scheduler\node_modules\jest-circus\build\utils.js:391:28)
          at new Promise (<anonymous>)
          at callAsyncCircusFn (C:\Users\leotm\Desktop\Projetos\Programming\vacation-scheduler\node_modules\jest-circus\build\utils.js:316:10)
          at _callCircusTest (C:\Users\leotm\Desktop\Projetos\Programming\vacation-scheduler\node_modules\jest-circus\build\run.js:218:40)
          at processTicksAndRejections (node:internal/process/task_queues:103:5)
          at _runTest (C:\Users\leotm\Desktop\Projetos\Programming\vacation-scheduler\node_modules\jest-circus\build\run.js:155:3)
          at _runTestsForDescribeBlock (C:\Users\leotm\Desktop\Projetos\Programming\vacation-scheduler\node_modules\jest-circus\build\run.js:66:9)
          at _runTestsForDescribeBlock (C:\Users\leotm\Desktop\Projetos\Programming\vacation-scheduler\node_modules\jest-circus\build\run.js:60:9)
          at run (C:\Users\leotm\Desktop\Projetos\Programming\vacation-scheduler\node_modules\jest-circus\build\run.js:25:3)
          at runAndTransformResultsToJestFormat (C:\Users\leotm\Desktop\Projetos\Programming\vacation-scheduler\node_modules\jest-circus\build\legacy-code-todo-rewrite\jestAdapterInit.js:170:21)
          at jestAdapter (C:\Users\leotm\Desktop\Projetos\Programming\vacation-scheduler\node_modules\jest-circus\build\legacy-code-todo-rewrite\jestAdapter.js:82:19)
          at runTestInternal (C:\Users\leotm\Desktop\Projetos\Programming\vacation-scheduler\node_modules\jest-runner\build\runTest.js:389:16)
          at runTest (C:\Users\leotm\Desktop\Projetos\Programming\vacation-scheduler\node_modules\jest-runner\build\runTest.js:475:34)
          at Object.worker (C:\Users\leotm\Desktop\Projetos\Programming\vacation-scheduler\node_modules\jest-runner\build\testWorker.js:133:12) TypeError: Cannot destructure property 'basename' of 'React.useContext(...)' as it is null.
          at LinkWithRef (C:\Users\leotm\Desktop\Projetos\Programming\vacation-scheduler\node_modules\react-router\dist\development\chunk-2YMDXNOJ.js:399:11)
          at renderWithHooks (C:\Users\leotm\Desktop\Projetos\Programming\vacation-scheduler\node_modules\react-dom\cjs\react-dom.development.js:15486:18)
          at updateForwardRef (C:\Users\leotm\Desktop\Projetos\Programming\vacation-scheduler\node_modules\react-dom\cjs\react-dom.development.js:19245:20)
          at beginWork (C:\Users\leotm\Desktop\Projetos\Programming\vacation-scheduler\node_modules\react-dom\cjs\react-dom.development.js:21675:16)
          at HTMLUnknownElement.callCallback (C:\Users\leotm\Desktop\Projetos\Programming\vacation-scheduler\node_modules\react-dom\cjs\react-dom.development.js:4164:14)
          at HTMLUnknownElement.callTheUserObjectsOperation (C:\Users\leotm\Desktop\Projetos\Programming\vacation-scheduler\node_modules\jsdom\lib\jsdom\living\generated\EventListener.js:26:30)
          at innerInvokeEventListeners (C:\Users\leotm\Desktop\Projetos\Programming\vacation-scheduler\node_modules\jsdom\lib\jsdom\living\events\EventTarget-impl.js:338:25)
          at invokeEventListeners (C:\Users\leotm\Desktop\Projetos\Programming\vacation-scheduler\node_modules\jsdom\lib\jsdom\living\events\EventTarget-impl.js:274:3)
          at HTMLUnknownElementImpl._dispatch (C:\Users\leotm\Desktop\Projetos\Programming\vacation-scheduler\node_modules\jsdom\lib\jsdom\living\events\EventTarget-impl.js:221:9)
          at HTMLUnknownElementImpl.dispatchEvent (C:\Users\leotm\Desktop\Projetos\Programming\vacation-scheduler\node_modules\jsdom\lib\jsdom\living\events\EventTarget-impl.js:94:17)
          at HTMLUnknownElement.dispatchEvent (C:\Users\leotm\Desktop\Projetos\Programming\vacation-scheduler\node_modules\jsdom\lib\jsdom\living\generated\EventTarget.js:231:34)
          at Object.invokeGuardedCallbackDev (C:\Users\leotm\Desktop\Projetos\Programming\vacation-scheduler\node_modules\react-dom\cjs\react-dom.development.js:4213:16)
          at invokeGuardedCallback (C:\Users\leotm\Desktop\Projetos\Programming\vacation-scheduler\node_modules\react-dom\cjs\react-dom.development.js:4277:31)
          at beginWork$1 (C:\Users\leotm\Desktop\Projetos\Programming\vacation-scheduler\node_modules\react-dom\cjs\react-dom.development.js:27490:7)
          at performUnitOfWork (C:\Users\leotm\Desktop\Projetos\Programming\vacation-scheduler\node_modules\react-dom\cjs\react-dom.development.js:26599:12)
          at workLoopSync (C:\Users\leotm\Desktop\Projetos\Programming\vacation-scheduler\node_modules\react-dom\cjs\react-dom.development.js:26505:5)
          at renderRootSync (C:\Users\leotm\Desktop\Projetos\Programming\vacation-scheduler\node_modules\react-dom\cjs\react-dom.development.js:26473:7)
          at performConcurrentWorkOnRoot (C:\Users\leotm\Desktop\Projetos\Programming\vacation-scheduler\node_modules\react-dom\cjs\react-dom.development.js:25777:74)
          at flushActQueue (C:\Users\leotm\Desktop\Projetos\Programming\vacation-scheduler\node_modules\react\cjs\react.development.js:2667:24)
          at act (C:\Users\leotm\Desktop\Projetos\Programming\vacation-scheduler\node_modules\react\cjs\react.development.js:2582:11)
          at C:\Users\leotm\Desktop\Projetos\Programming\vacation-scheduler\node_modules\@testing-library\react\dist\act-compat.js:46:25
          at renderRoot (C:\Users\leotm\Desktop\Projetos\Programming\vacation-scheduler\node_modules\@testing-library\react\dist\pure.js:189:26)
          at render (C:\Users\leotm\Desktop\Projetos\Programming\vacation-scheduler\node_modules\@testing-library\react\dist\pure.js:291:10)
          at renderCalendar (C:\Users\leotm\Desktop\Projetos\Programming\vacation-scheduler\src\components\CalendarView.test.js:36:16)
          at Object.<anonymous> (C:\Users\leotm\Desktop\Projetos\Programming\vacation-scheduler\src\components\CalendarView.test.js:233:5)
          at Promise.then.completed (C:\Users\leotm\Desktop\Projetos\Programming\vacation-scheduler\node_modules\jest-circus\build\utils.js:391:28)
          at new Promise (<anonymous>)
          at callAsyncCircusFn (C:\Users\leotm\Desktop\Projetos\Programming\vacation-scheduler\node_modules\jest-circus\build\utils.js:316:10)
          at _callCircusTest (C:\Users\leotm\Desktop\Projetos\Programming\vacation-scheduler\node_modules\jest-circus\build\run.js:218:40)
          at processTicksAndRejections (node:internal/process/task_queues:103:5)
          at _runTest (C:\Users\leotm\Desktop\Projetos\Programming\vacation-scheduler\node_modules\jest-circus\build\run.js:155:3)
          at _runTestsForDescribeBlock (C:\Users\leotm\Desktop\Projetos\Programming\vacation-scheduler\node_modules\jest-circus\build\run.js:66:9)
          at _runTestsForDescribeBlock (C:\Users\leotm\Desktop\Projetos\Programming\vacation-scheduler\node_modules\jest-circus\build\run.js:60:9)
          at run (C:\Users\leotm\Desktop\Projetos\Programming\vacation-scheduler\node_modules\jest-circus\build\run.js:25:3)
          at runAndTransformResultsToJestFormat (C:\Users\leotm\Desktop\Projetos\Programming\vacation-scheduler\node_modules\jest-circus\build\legacy-code-todo-rewrite\jestAdapterInit.js:170:21)
          at jestAdapter (C:\Users\leotm\Desktop\Projetos\Programming\vacation-scheduler\node_modules\jest-circus\build\legacy-code-todo-rewrite\jestAdapter.js:82:19)
          at runTestInternal (C:\Users\leotm\Desktop\Projetos\Programming\vacation-scheduler\node_modules\jest-runner\build\runTest.js:389:16)
          at runTest (C:\Users\leotm\Desktop\Projetos\Programming\vacation-scheduler\node_modules\jest-runner\build\runTest.js:475:34)
          at Object.worker (C:\Users\leotm\Desktop\Projetos\Programming\vacation-scheduler\node_modules\jest-runner\build\testWorker.js:133:12)

    [0m [90m 34 |[39m
     [90m 35 |[39m [36mconst[39m renderCalendar [33m=[39m (overrides [33m=[39m {}) [33m=>[39m {
    [31m[1m>[22m[39m[90m 36 |[39m   [36mreturn[39m render([33m<[39m[33mCalendarView[39m {[33m...[39mdefaultProps} {[33m...[39moverrides} [33m/[39m[33m>[39m)[33m;[39m
     [90m    |[39m                [31m[1m^[22m[39m
     [90m 37 |[39m }[33m;[39m
     [90m 38 |[39m
     [90m 39 |[39m describe([32m'CalendarView rendering'[39m[33m,[39m () [33m=>[39m {[0m

      at VirtualConsole.<anonymous> (node_modules/jsdom/lib/jsdom/virtual-console.js:29:45)
      at reportException (node_modules/jsdom/lib/jsdom/living/helpers/runtime-script-errors.js:70:28)
      at innerInvokeEventListeners (node_modules/jsdom/lib/jsdom/living/events/EventTarget-impl.js:341:9)
      at invokeEventListeners (node_modules/jsdom/lib/jsdom/living/events/EventTarget-impl.js:274:3)
      at HTMLUnknownElementImpl._dispatch (node_modules/jsdom/lib/jsdom/living/events/EventTarget-impl.js:221:9)
      at HTMLUnknownElementImpl.dispatchEvent (node_modules/jsdom/lib/jsdom/living/events/EventTarget-impl.js:94:17)
      at HTMLUnknownElement.dispatchEvent (node_modules/jsdom/lib/jsdom/living/generated/EventTarget.js:231:34)
      at Object.invokeGuardedCallbackDev (node_modules/react-dom/cjs/react-dom.development.js:4213:16)
      at invokeGuardedCallback (node_modules/react-dom/cjs/react-dom.development.js:4277:31)
      at beginWork$1 (node_modules/react-dom/cjs/react-dom.development.js:27490:7)
      at performUnitOfWork (node_modules/react-dom/cjs/react-dom.development.js:26599:12)
      at workLoopSync (node_modules/react-dom/cjs/react-dom.development.js:26505:5)
      at renderRootSync (node_modules/react-dom/cjs/react-dom.development.js:26473:7)
      at performConcurrentWorkOnRoot (node_modules/react-dom/cjs/react-dom.development.js:25777:74)
      at flushActQueue (node_modules/react/cjs/react.development.js:2667:24)
      at act (node_modules/react/cjs/react.development.js:2582:11)
      at node_modules/@testing-library/react/dist/act-compat.js:46:25
      at renderRoot (node_modules/@testing-library/react/dist/pure.js:189:26)
      at render (node_modules/@testing-library/react/dist/pure.js:291:10)
      at renderCalendar (src/components/CalendarView.test.js:36:16)
      at Object.<anonymous> (src/components/CalendarView.test.js:233:5)

    console.error
      Error: Uncaught [TypeError: Cannot destructure property 'basename' of 'React.useContext(...)' as it is null.]
          at reportException (C:\Users\leotm\Desktop\Projetos\Programming\vacation-scheduler\node_modules\jsdom\lib\jsdom\living\helpers\runtime-script-errors.js:66:24)
          at innerInvokeEventListeners (C:\Users\leotm\Desktop\Projetos\Programming\vacation-scheduler\node_modules\jsdom\lib\jsdom\living\events\EventTarget-impl.js:341:9)
          at invokeEventListeners (C:\Users\leotm\Desktop\Projetos\Programming\vacation-scheduler\node_modules\jsdom\lib\jsdom\living\events\EventTarget-impl.js:274:3)
          at HTMLUnknownElementImpl._dispatch (C:\Users\leotm\Desktop\Projetos\Programming\vacation-scheduler\node_modules\jsdom\lib\jsdom\living\events\EventTarget-impl.js:221:9)
          at HTMLUnknownElementImpl.dispatchEvent (C:\Users\leotm\Desktop\Projetos\Programming\vacation-scheduler\node_modules\jsdom\lib\jsdom\living\events\EventTarget-impl.js:94:17)
          at HTMLUnknownElement.dispatchEvent (C:\Users\leotm\Desktop\Projetos\Programming\vacation-scheduler\node_modules\jsdom\lib\jsdom\living\generated\EventTarget.js:231:34)
          at Object.invokeGuardedCallbackDev (C:\Users\leotm\Desktop\Projetos\Programming\vacation-scheduler\node_modules\react-dom\cjs\react-dom.development.js:4213:16)
          at invokeGuardedCallback (C:\Users\leotm\Desktop\Projetos\Programming\vacation-scheduler\node_modules\react-dom\cjs\react-dom.development.js:4277:31)
          at beginWork$1 (C:\Users\leotm\Desktop\Projetos\Programming\vacation-scheduler\node_modules\react-dom\cjs\react-dom.development.js:27490:7)
          at performUnitOfWork (C:\Users\leotm\Desktop\Projetos\Programming\vacation-scheduler\node_modules\react-dom\cjs\react-dom.development.js:26599:12)
          at workLoopSync (C:\Users\leotm\Desktop\Projetos\Programming\vacation-scheduler\node_modules\react-dom\cjs\react-dom.development.js:26505:5)
          at renderRootSync (C:\Users\leotm\Desktop\Projetos\Programming\vacation-scheduler\node_modules\react-dom\cjs\react-dom.development.js:26473:7)
          at recoverFromConcurrentError (C:\Users\leotm\Desktop\Projetos\Programming\vacation-scheduler\node_modules\react-dom\cjs\react-dom.development.js:25889:20)
          at performConcurrentWorkOnRoot (C:\Users\leotm\Desktop\Projetos\Programming\vacation-scheduler\node_modules\react-dom\cjs\react-dom.development.js:25789:22)
          at flushActQueue (C:\Users\leotm\Desktop\Projetos\Programming\vacation-scheduler\node_modules\react\cjs\react.development.js:2667:24)
          at act (C:\Users\leotm\Desktop\Projetos\Programming\vacation-scheduler\node_modules\react\cjs\react.development.js:2582:11)
          at C:\Users\leotm\Desktop\Projetos\Programming\vacation-scheduler\node_modules\@testing-library\react\dist\act-compat.js:46:25
          at renderRoot (C:\Users\leotm\Desktop\Projetos\Programming\vacation-scheduler\node_modules\@testing-library\react\dist\pure.js:189:26)
          at render (C:\Users\leotm\Desktop\Projetos\Programming\vacation-scheduler\node_modules\@testing-library\react\dist\pure.js:291:10)
          at renderCalendar (C:\Users\leotm\Desktop\Projetos\Programming\vacation-scheduler\src\components\CalendarView.test.js:36:16)
          at Object.<anonymous> (C:\Users\leotm\Desktop\Projetos\Programming\vacation-scheduler\src\components\CalendarView.test.js:233:5)
          at Promise.then.completed (C:\Users\leotm\Desktop\Projetos\Programming\vacation-scheduler\node_modules\jest-circus\build\utils.js:391:28)
          at new Promise (<anonymous>)
          at callAsyncCircusFn (C:\Users\leotm\Desktop\Projetos\Programming\vacation-scheduler\node_modules\jest-circus\build\utils.js:316:10)
          at _callCircusTest (C:\Users\leotm\Desktop\Projetos\Programming\vacation-scheduler\node_modules\jest-circus\build\run.js:218:40)
          at processTicksAndRejections (node:internal/process/task_queues:103:5)
          at _runTest (C:\Users\leotm\Desktop\Projetos\Programming\vacation-scheduler\node_modules\jest-circus\build\run.js:155:3)
          at _runTestsForDescribeBlock (C:\Users\leotm\Desktop\Projetos\Programming\vacation-scheduler\node_modules\jest-circus\build\run.js:66:9)
          at _runTestsForDescribeBlock (C:\Users\leotm\Desktop\Projetos\Programming\vacation-scheduler\node_modules\jest-circus\build\run.js:60:9)
          at run (C:\Users\leotm\Desktop\Projetos\Programming\vacation-scheduler\node_modules\jest-circus\build\run.js:25:3)
          at runAndTransformResultsToJestFormat (C:\Users\leotm\Desktop\Projetos\Programming\vacation-scheduler\node_modules\jest-circus\build\legacy-code-todo-rewrite\jestAdapterInit.js:170:21)
          at jestAdapter (C:\Users\leotm\Desktop\Projetos\Programming\vacation-scheduler\node_modules\jest-circus\build\legacy-code-todo-rewrite\jestAdapter.js:82:19)
          at runTestInternal (C:\Users\leotm\Desktop\Projetos\Programming\vacation-scheduler\node_modules\jest-runner\build\runTest.js:389:16)
          at runTest (C:\Users\leotm\Desktop\Projetos\Programming\vacation-scheduler\node_modules\jest-runner\build\runTest.js:475:34)
          at Object.worker (C:\Users\leotm\Desktop\Projetos\Programming\vacation-scheduler\node_modules\jest-runner\build\testWorker.js:133:12) TypeError: Cannot destructure property 'basename' of 'React.useContext(...)' as it is null.
          at LinkWithRef (C:\Users\leotm\Desktop\Projetos\Programming\vacation-scheduler\node_modules\react-router\dist\development\chunk-2YMDXNOJ.js:399:11)
          at renderWithHooks (C:\Users\leotm\Desktop\Projetos\Programming\vacation-scheduler\node_modules\react-dom\cjs\react-dom.development.js:15486:18)
          at updateForwardRef (C:\Users\leotm\Desktop\Projetos\Programming\vacation-scheduler\node_modules\react-dom\cjs\react-dom.development.js:19245:20)
          at beginWork (C:\Users\leotm\Desktop\Projetos\Programming\vacation-scheduler\node_modules\react-dom\cjs\react-dom.development.js:21675:16)
          at HTMLUnknownElement.callCallback (C:\Users\leotm\Desktop\Projetos\Programming\vacation-scheduler\node_modules\react-dom\cjs\react-dom.development.js:4164:14)
          at HTMLUnknownElement.callTheUserObjectsOperation (C:\Users\leotm\Desktop\Projetos\Programming\vacation-scheduler\node_modules\jsdom\lib\jsdom\living\generated\EventListener.js:26:30)
          at innerInvokeEventListeners (C:\Users\leotm\Desktop\Projetos\Programming\vacation-scheduler\node_modules\jsdom\lib\jsdom\living\events\EventTarget-impl.js:338:25)
          at invokeEventListeners (C:\Users\leotm\Desktop\Projetos\Programming\vacation-scheduler\node_modules\jsdom\lib\jsdom\living\events\EventTarget-impl.js:274:3)
          at HTMLUnknownElementImpl._dispatch (C:\Users\leotm\Desktop\Projetos\Programming\vacation-scheduler\node_modules\jsdom\lib\jsdom\living\events\EventTarget-impl.js:221:9)
          at HTMLUnknownElementImpl.dispatchEvent (C:\Users\leotm\Desktop\Projetos\Programming\vacation-scheduler\node_modules\jsdom\lib\jsdom\living\events\EventTarget-impl.js:94:17)
          at HTMLUnknownElement.dispatchEvent (C:\Users\leotm\Desktop\Projetos\Programming\vacation-scheduler\node_modules\jsdom\lib\jsdom\living\generated\EventTarget.js:231:34)
          at Object.invokeGuardedCallbackDev (C:\Users\leotm\Desktop\Projetos\Programming\vacation-scheduler\node_modules\react-dom\cjs\react-dom.development.js:4213:16)
          at invokeGuardedCallback (C:\Users\leotm\Desktop\Projetos\Programming\vacation-scheduler\node_modules\react-dom\cjs\react-dom.development.js:4277:31)
          at beginWork$1 (C:\Users\leotm\Desktop\Projetos\Programming\vacation-scheduler\node_modules\react-dom\cjs\react-dom.development.js:27490:7)
          at performUnitOfWork (C:\Users\leotm\Desktop\Projetos\Programming\vacation-scheduler\node_modules\react-dom\cjs\react-dom.development.js:26599:12)
          at workLoopSync (C:\Users\leotm\Desktop\Projetos\Programming\vacation-scheduler\node_modules\react-dom\cjs\react-dom.development.js:26505:5)
          at renderRootSync (C:\Users\leotm\Desktop\Projetos\Programming\vacation-scheduler\node_modules\react-dom\cjs\react-dom.development.js:26473:7)
          at recoverFromConcurrentError (C:\Users\leotm\Desktop\Projetos\Programming\vacation-scheduler\node_modules\react-dom\cjs\react-dom.development.js:25889:20)
          at performConcurrentWorkOnRoot (C:\Users\leotm\Desktop\Projetos\Programming\vacation-scheduler\node_modules\react-dom\cjs\react-dom.development.js:25789:22)
          at flushActQueue (C:\Users\leotm\Desktop\Projetos\Programming\vacation-scheduler\node_modules\react\cjs\react.development.js:2667:24)
          at act (C:\Users\leotm\Desktop\Projetos\Programming\vacation-scheduler\node_modules\react\cjs\react.development.js:2582:11)
          at C:\Users\leotm\Desktop\Projetos\Programming\vacation-scheduler\node_modules\@testing-library\react\dist\act-compat.js:46:25
          at renderRoot (C:\Users\leotm\Desktop\Projetos\Programming\vacation-scheduler\node_modules\@testing-library\react\dist\pure.js:189:26)
          at render (C:\Users\leotm\Desktop\Projetos\Programming\vacation-scheduler\node_modules\@testing-library\react\dist\pure.js:291:10)
          at renderCalendar (C:\Users\leotm\Desktop\Projetos\Programming\vacation-scheduler\src\components\CalendarView.test.js:36:16)
          at Object.<anonymous> (C:\Users\leotm\Desktop\Projetos\Programming\vacation-scheduler\src\components\CalendarView.test.js:233:5)
          at Promise.then.completed (C:\Users\leotm\Desktop\Projetos\Programming\vacation-scheduler\node_modules\jest-circus\build\utils.js:391:28)
          at new Promise (<anonymous>)
          at callAsyncCircusFn (C:\Users\leotm\Desktop\Projetos\Programming\vacation-scheduler\node_modules\jest-circus\build\utils.js:316:10)
          at _callCircusTest (C:\Users\leotm\Desktop\Projetos\Programming\vacation-scheduler\node_modules\jest-circus\build\run.js:218:40)
          at processTicksAndRejections (node:internal/process/task_queues:103:5)
          at _runTest (C:\Users\leotm\Desktop\Projetos\Programming\vacation-scheduler\node_modules\jest-circus\build\run.js:155:3)
          at _runTestsForDescribeBlock (C:\Users\leotm\Desktop\Projetos\Programming\vacation-scheduler\node_modules\jest-circus\build\run.js:66:9)
          at _runTestsForDescribeBlock (C:\Users\leotm\Desktop\Projetos\Programming\vacation-scheduler\node_modules\jest-circus\build\run.js:60:9)
          at run (C:\Users\leotm\Desktop\Projetos\Programming\vacation-scheduler\node_modules\jest-circus\build\run.js:25:3)
          at runAndTransformResultsToJestFormat (C:\Users\leotm\Desktop\Projetos\Programming\vacation-scheduler\node_modules\jest-circus\build\legacy-code-todo-rewrite\jestAdapterInit.js:170:21)
          at jestAdapter (C:\Users\leotm\Desktop\Projetos\Programming\vacation-scheduler\node_modules\jest-circus\build\legacy-code-todo-rewrite\jestAdapter.js:82:19)
          at runTestInternal (C:\Users\leotm\Desktop\Projetos\Programming\vacation-scheduler\node_modules\jest-runner\build\runTest.js:389:16)
          at runTest (C:\Users\leotm\Desktop\Projetos\Programming\vacation-scheduler\node_modules\jest-runner\build\runTest.js:475:34)
          at Object.worker (C:\Users\leotm\Desktop\Projetos\Programming\vacation-scheduler\node_modules\jest-runner\build\testWorker.js:133:12)

    [0m [90m 34 |[39m
     [90m 35 |[39m [36mconst[39m renderCalendar [33m=[39m (overrides [33m=[39m {}) [33m=>[39m {
    [31m[1m>[22m[39m[90m 36 |[39m   [36mreturn[39m render([33m<[39m[33mCalendarView[39m {[33m...[39mdefaultProps} {[33m...[39moverrides} [33m/[39m[33m>[39m)[33m;[39m
     [90m    |[39m                [31m[1m^[22m[39m
     [90m 37 |[39m }[33m;[39m
     [90m 38 |[39m
     [90m 39 |[39m describe([32m'CalendarView rendering'[39m[33m,[39m () [33m=>[39m {[0m

      at VirtualConsole.<anonymous> (node_modules/jsdom/lib/jsdom/virtual-console.js:29:45)
      at reportException (node_modules/jsdom/lib/jsdom/living/helpers/runtime-script-errors.js:70:28)
      at innerInvokeEventListeners (node_modules/jsdom/lib/jsdom/living/events/EventTarget-impl.js:341:9)
      at invokeEventListeners (node_modules/jsdom/lib/jsdom/living/events/EventTarget-impl.js:274:3)
      at HTMLUnknownElementImpl._dispatch (node_modules/jsdom/lib/jsdom/living/events/EventTarget-impl.js:221:9)
      at HTMLUnknownElementImpl.dispatchEvent (node_modules/jsdom/lib/jsdom/living/events/EventTarget-impl.js:94:17)
      at HTMLUnknownElement.dispatchEvent (node_modules/jsdom/lib/jsdom/living/generated/EventTarget.js:231:34)
      at Object.invokeGuardedCallbackDev (node_modules/react-dom/cjs/react-dom.development.js:4213:16)
      at invokeGuardedCallback (node_modules/react-dom/cjs/react-dom.development.js:4277:31)
      at beginWork$1 (node_modules/react-dom/cjs/react-dom.development.js:27490:7)
      at performUnitOfWork (node_modules/react-dom/cjs/react-dom.development.js:26599:12)
      at workLoopSync (node_modules/react-dom/cjs/react-dom.development.js:26505:5)
      at renderRootSync (node_modules/react-dom/cjs/react-dom.development.js:26473:7)
      at recoverFromConcurrentError (node_modules/react-dom/cjs/react-dom.development.js:25889:20)
      at performConcurrentWorkOnRoot (node_modules/react-dom/cjs/react-dom.development.js:25789:22)
      at flushActQueue (node_modules/react/cjs/react.development.js:2667:24)
      at act (node_modules/react/cjs/react.development.js:2582:11)
      at node_modules/@testing-library/react/dist/act-compat.js:46:25
      at renderRoot (node_modules/@testing-library/react/dist/pure.js:189:26)
      at render (node_modules/@testing-library/react/dist/pure.js:291:10)
      at renderCalendar (src/components/CalendarView.test.js:36:16)
      at Object.<anonymous> (src/components/CalendarView.test.js:233:5)

    console.error
      The above error occurred in the <Link> component:
      
          at LinkWithRef (C:\Users\leotm\Desktop\Projetos\Programming\vacation-scheduler\node_modules\react-router\dist\development\chunk-2YMDXNOJ.js:384:5)
          at p
          at div
          at div
          at form
          at CalendarView (C:\Users\leotm\Desktop\Projetos\Programming\vacation-scheduler\src\components\CalendarView.js:44:25)
      
      Consider adding an error boundary to your tree to customize error handling behavior.
      Visit https://reactjs.org/link/error-boundaries to learn more about error boundaries.

    [0m [90m 34 |[39m
     [90m 35 |[39m [36mconst[39m renderCalendar [33m=[39m (overrides [33m=[39m {}) [33m=>[39m {
    [31m[1m>[22m[39m[90m 36 |[39m   [36mreturn[39m render([33m<[39m[33mCalendarView[39m {[33m...[39mdefaultProps} {[33m...[39moverrides} [33m/[39m[33m>[39m)[33m;[39m
     [90m    |[39m                [31m[1m^[22m[39m
     [90m 37 |[39m }[33m;[39m
     [90m 38 |[39m
     [90m 39 |[39m describe([32m'CalendarView rendering'[39m[33m,[39m () [33m=>[39m {[0m

      at logCapturedError (node_modules/react-dom/cjs/react-dom.development.js:18704:23)
      at update.callback (node_modules/react-dom/cjs/react-dom.development.js:18737:5)
      at callCallback (node_modules/react-dom/cjs/react-dom.development.js:15036:12)
      at commitUpdateQueue (node_modules/react-dom/cjs/react-dom.development.js:15057:9)
      at commitLayoutEffectOnFiber (node_modules/react-dom/cjs/react-dom.development.js:23430:13)
      at commitLayoutMountEffects_complete (node_modules/react-dom/cjs/react-dom.development.js:24727:9)
      at commitLayoutEffects_begin (node_modules/react-dom/cjs/react-dom.development.js:24713:7)
      at commitLayoutEffects (node_modules/react-dom/cjs/react-dom.development.js:24651:3)
      at commitRootImpl (node_modules/react-dom/cjs/react-dom.development.js:26862:5)
      at commitRoot (node_modules/react-dom/cjs/react-dom.development.js:26721:5)
      at finishConcurrentRender (node_modules/react-dom/cjs/react-dom.development.js:25931:9)
      at performConcurrentWorkOnRoot (node_modules/react-dom/cjs/react-dom.development.js:25848:7)
      at flushActQueue (node_modules/react/cjs/react.development.js:2667:24)
      at act (node_modules/react/cjs/react.development.js:2582:11)
      at node_modules/@testing-library/react/dist/act-compat.js:46:25
      at renderRoot (node_modules/@testing-library/react/dist/pure.js:189:26)
      at render (node_modules/@testing-library/react/dist/pure.js:291:10)
      at renderCalendar (src/components/CalendarView.test.js:36:16)
      at Object.<anonymous> (src/components/CalendarView.test.js:233:5)

    console.error
      Error: Uncaught [TypeError: Cannot destructure property 'basename' of 'React.useContext(...)' as it is null.]
          at reportException (C:\Users\leotm\Desktop\Projetos\Programming\vacation-scheduler\node_modules\jsdom\lib\jsdom\living\helpers\runtime-script-errors.js:66:24)
          at innerInvokeEventListeners (C:\Users\leotm\Desktop\Projetos\Programming\vacation-scheduler\node_modules\jsdom\lib\jsdom\living\events\EventTarget-impl.js:341:9)
          at invokeEventListeners (C:\Users\leotm\Desktop\Projetos\Programming\vacation-scheduler\node_modules\jsdom\lib\jsdom\living\events\EventTarget-impl.js:274:3)
          at HTMLUnknownElementImpl._dispatch (C:\Users\leotm\Desktop\Projetos\Programming\vacation-scheduler\node_modules\jsdom\lib\jsdom\living\events\EventTarget-impl.js:221:9)
          at HTMLUnknownElementImpl.dispatchEvent (C:\Users\leotm\Desktop\Projetos\Programming\vacation-scheduler\node_modules\jsdom\lib\jsdom\living\events\EventTarget-impl.js:94:17)
          at HTMLUnknownElement.dispatchEvent (C:\Users\leotm\Desktop\Projetos\Programming\vacation-scheduler\node_modules\jsdom\lib\jsdom\living\generated\EventTarget.js:231:34)
          at Object.invokeGuardedCallbackDev (C:\Users\leotm\Desktop\Projetos\Programming\vacation-scheduler\node_modules\react-dom\cjs\react-dom.development.js:4213:16)
          at invokeGuardedCallback (C:\Users\leotm\Desktop\Projetos\Programming\vacation-scheduler\node_modules\react-dom\cjs\react-dom.development.js:4277:31)
          at beginWork$1 (C:\Users\leotm\Desktop\Projetos\Programming\vacation-scheduler\node_modules\react-dom\cjs\react-dom.development.js:27490:7)
          at performUnitOfWork (C:\Users\leotm\Desktop\Projetos\Programming\vacation-scheduler\node_modules\react-dom\cjs\react-dom.development.js:26599:12)
          at workLoopSync (C:\Users\leotm\Desktop\Projetos\Programming\vacation-scheduler\node_modules\react-dom\cjs\react-dom.development.js:26505:5)
          at renderRootSync (C:\Users\leotm\Desktop\Projetos\Programming\vacation-scheduler\node_modules\react-dom\cjs\react-dom.development.js:26473:7)
          at performConcurrentWorkOnRoot (C:\Users\leotm\Desktop\Projetos\Programming\vacation-scheduler\node_modules\react-dom\cjs\react-dom.development.js:25777:74)
          at flushActQueue (C:\Users\leotm\Desktop\Projetos\Programming\vacation-scheduler\node_modules\react\cjs\react.development.js:2667:24)
          at act (C:\Users\leotm\Desktop\Projetos\Programming\vacation-scheduler\node_modules\react\cjs\react.development.js:2582:11)
          at C:\Users\leotm\Desktop\Projetos\Programming\vacation-scheduler\node_modules\@testing-library\react\dist\act-compat.js:46:25
          at renderRoot (C:\Users\leotm\Desktop\Projetos\Programming\vacation-scheduler\node_modules\@testing-library\react\dist\pure.js:189:26)
          at render (C:\Users\leotm\Desktop\Projetos\Programming\vacation-scheduler\node_modules\@testing-library\react\dist\pure.js:291:10)
          at renderCalendar (C:\Users\leotm\Desktop\Projetos\Programming\vacation-scheduler\src\components\CalendarView.test.js:36:16)
          at Object.<anonymous> (C:\Users\leotm\Desktop\Projetos\Programming\vacation-scheduler\src\components\CalendarView.test.js:243:5)
          at Promise.then.completed (C:\Users\leotm\Desktop\Projetos\Programming\vacation-scheduler\node_modules\jest-circus\build\utils.js:391:28)
          at new Promise (<anonymous>)
          at callAsyncCircusFn (C:\Users\leotm\Desktop\Projetos\Programming\vacation-scheduler\node_modules\jest-circus\build\utils.js:316:10)
          at _callCircusTest (C:\Users\leotm\Desktop\Projetos\Programming\vacation-scheduler\node_modules\jest-circus\build\run.js:218:40)
          at processTicksAndRejections (node:internal/process/task_queues:103:5)
          at _runTest (C:\Users\leotm\Desktop\Projetos\Programming\vacation-scheduler\node_modules\jest-circus\build\run.js:155:3)
          at _runTestsForDescribeBlock (C:\Users\leotm\Desktop\Projetos\Programming\vacation-scheduler\node_modules\jest-circus\build\run.js:66:9)
          at _runTestsForDescribeBlock (C:\Users\leotm\Desktop\Projetos\Programming\vacation-scheduler\node_modules\jest-circus\build\run.js:60:9)
          at run (C:\Users\leotm\Desktop\Projetos\Programming\vacation-scheduler\node_modules\jest-circus\build\run.js:25:3)
          at runAndTransformResultsToJestFormat (C:\Users\leotm\Desktop\Projetos\Programming\vacation-scheduler\node_modules\jest-circus\build\legacy-code-todo-rewrite\jestAdapterInit.js:170:21)
          at jestAdapter (C:\Users\leotm\Desktop\Projetos\Programming\vacation-scheduler\node_modules\jest-circus\build\legacy-code-todo-rewrite\jestAdapter.js:82:19)
          at runTestInternal (C:\Users\leotm\Desktop\Projetos\Programming\vacation-scheduler\node_modules\jest-runner\build\runTest.js:389:16)
          at runTest (C:\Users\leotm\Desktop\Projetos\Programming\vacation-scheduler\node_modules\jest-runner\build\runTest.js:475:34)
          at Object.worker (C:\Users\leotm\Desktop\Projetos\Programming\vacation-scheduler\node_modules\jest-runner\build\testWorker.js:133:12) TypeError: Cannot destructure property 'basename' of 'React.useContext(...)' as it is null.
          at LinkWithRef (C:\Users\leotm\Desktop\Projetos\Programming\vacation-scheduler\node_modules\react-router\dist\development\chunk-2YMDXNOJ.js:399:11)
          at renderWithHooks (C:\Users\leotm\Desktop\Projetos\Programming\vacation-scheduler\node_modules\react-dom\cjs\react-dom.development.js:15486:18)
          at updateForwardRef (C:\Users\leotm\Desktop\Projetos\Programming\vacation-scheduler\node_modules\react-dom\cjs\react-dom.development.js:19245:20)
          at beginWork (C:\Users\leotm\Desktop\Projetos\Programming\vacation-scheduler\node_modules\react-dom\cjs\react-dom.development.js:21675:16)
          at HTMLUnknownElement.callCallback (C:\Users\leotm\Desktop\Projetos\Programming\vacation-scheduler\node_modules\react-dom\cjs\react-dom.development.js:4164:14)
          at HTMLUnknownElement.callTheUserObjectsOperation (C:\Users\leotm\Desktop\Projetos\Programming\vacation-scheduler\node_modules\jsdom\lib\jsdom\living\generated\EventListener.js:26:30)
          at innerInvokeEventListeners (C:\Users\leotm\Desktop\Projetos\Programming\vacation-scheduler\node_modules\jsdom\lib\jsdom\living\events\EventTarget-impl.js:338:25)
          at invokeEventListeners (C:\Users\leotm\Desktop\Projetos\Programming\vacation-scheduler\node_modules\jsdom\lib\jsdom\living\events\EventTarget-impl.js:274:3)
          at HTMLUnknownElementImpl._dispatch (C:\Users\leotm\Desktop\Projetos\Programming\vacation-scheduler\node_modules\jsdom\lib\jsdom\living\events\EventTarget-impl.js:221:9)
          at HTMLUnknownElementImpl.dispatchEvent (C:\Users\leotm\Desktop\Projetos\Programming\vacation-scheduler\node_modules\jsdom\lib\jsdom\living\events\EventTarget-impl.js:94:17)
          at HTMLUnknownElement.dispatchEvent (C:\Users\leotm\Desktop\Projetos\Programming\vacation-scheduler\node_modules\jsdom\lib\jsdom\living\generated\EventTarget.js:231:34)
          at Object.invokeGuardedCallbackDev (C:\Users\leotm\Desktop\Projetos\Programming\vacation-scheduler\node_modules\react-dom\cjs\react-dom.development.js:4213:16)
          at invokeGuardedCallback (C:\Users\leotm\Desktop\Projetos\Programming\vacation-scheduler\node_modules\react-dom\cjs\react-dom.development.js:4277:31)
          at beginWork$1 (C:\Users\leotm\Desktop\Projetos\Programming\vacation-scheduler\node_modules\react-dom\cjs\react-dom.development.js:27490:7)
          at performUnitOfWork (C:\Users\leotm\Desktop\Projetos\Programming\vacation-scheduler\node_modules\react-dom\cjs\react-dom.development.js:26599:12)
          at workLoopSync (C:\Users\leotm\Desktop\Projetos\Programming\vacation-scheduler\node_modules\react-dom\cjs\react-dom.development.js:26505:5)
          at renderRootSync (C:\Users\leotm\Desktop\Projetos\Programming\vacation-scheduler\node_modules\react-dom\cjs\react-dom.development.js:26473:7)
          at performConcurrentWorkOnRoot (C:\Users\leotm\Desktop\Projetos\Programming\vacation-scheduler\node_modules\react-dom\cjs\react-dom.development.js:25777:74)
          at flushActQueue (C:\Users\leotm\Desktop\Projetos\Programming\vacation-scheduler\node_modules\react\cjs\react.development.js:2667:24)
          at act (C:\Users\leotm\Desktop\Projetos\Programming\vacation-scheduler\node_modules\react\cjs\react.development.js:2582:11)
          at C:\Users\leotm\Desktop\Projetos\Programming\vacation-scheduler\node_modules\@testing-library\react\dist\act-compat.js:46:25
          at renderRoot (C:\Users\leotm\Desktop\Projetos\Programming\vacation-scheduler\node_modules\@testing-library\react\dist\pure.js:189:26)
          at render (C:\Users\leotm\Desktop\Projetos\Programming\vacation-scheduler\node_modules\@testing-library\react\dist\pure.js:291:10)
          at renderCalendar (C:\Users\leotm\Desktop\Projetos\Programming\vacation-scheduler\src\components\CalendarView.test.js:36:16)
          at Object.<anonymous> (C:\Users\leotm\Desktop\Projetos\Programming\vacation-scheduler\src\components\CalendarView.test.js:243:5)
          at Promise.then.completed (C:\Users\leotm\Desktop\Projetos\Programming\vacation-scheduler\node_modules\jest-circus\build\utils.js:391:28)
          at new Promise (<anonymous>)
          at callAsyncCircusFn (C:\Users\leotm\Desktop\Projetos\Programming\vacation-scheduler\node_modules\jest-circus\build\utils.js:316:10)
          at _callCircusTest (C:\Users\leotm\Desktop\Projetos\Programming\vacation-scheduler\node_modules\jest-circus\build\run.js:218:40)
          at processTicksAndRejections (node:internal/process/task_queues:103:5)
          at _runTest (C:\Users\leotm\Desktop\Projetos\Programming\vacation-scheduler\node_modules\jest-circus\build\run.js:155:3)
          at _runTestsForDescribeBlock (C:\Users\leotm\Desktop\Projetos\Programming\vacation-scheduler\node_modules\jest-circus\build\run.js:66:9)
          at _runTestsForDescribeBlock (C:\Users\leotm\Desktop\Projetos\Programming\vacation-scheduler\node_modules\jest-circus\build\run.js:60:9)
          at run (C:\Users\leotm\Desktop\Projetos\Programming\vacation-scheduler\node_modules\jest-circus\build\run.js:25:3)
          at runAndTransformResultsToJestFormat (C:\Users\leotm\Desktop\Projetos\Programming\vacation-scheduler\node_modules\jest-circus\build\legacy-code-todo-rewrite\jestAdapterInit.js:170:21)
          at jestAdapter (C:\Users\leotm\Desktop\Projetos\Programming\vacation-scheduler\node_modules\jest-circus\build\legacy-code-todo-rewrite\jestAdapter.js:82:19)
          at runTestInternal (C:\Users\leotm\Desktop\Projetos\Programming\vacation-scheduler\node_modules\jest-runner\build\runTest.js:389:16)
          at runTest (C:\Users\leotm\Desktop\Projetos\Programming\vacation-scheduler\node_modules\jest-runner\build\runTest.js:475:34)
          at Object.worker (C:\Users\leotm\Desktop\Projetos\Programming\vacation-scheduler\node_modules\jest-runner\build\testWorker.js:133:12)

    [0m [90m 34 |[39m
     [90m 35 |[39m [36mconst[39m renderCalendar [33m=[39m (overrides [33m=[39m {}) [33m=>[39m {
    [31m[1m>[22m[39m[90m 36 |[39m   [36mreturn[39m render([33m<[39m[33mCalendarView[39m {[33m...[39mdefaultProps} {[33m...[39moverrides} [33m/[39m[33m>[39m)[33m;[39m
     [90m    |[39m                [31m[1m^[22m[39m
     [90m 37 |[39m }[33m;[39m
     [90m 38 |[39m
     [90m 39 |[39m describe([32m'CalendarView rendering'[39m[33m,[39m () [33m=>[39m {[0m

      at VirtualConsole.<anonymous> (node_modules/jsdom/lib/jsdom/virtual-console.js:29:45)
      at reportException (node_modules/jsdom/lib/jsdom/living/helpers/runtime-script-errors.js:70:28)
      at innerInvokeEventListeners (node_modules/jsdom/lib/jsdom/living/events/EventTarget-impl.js:341:9)
      at invokeEventListeners (node_modules/jsdom/lib/jsdom/living/events/EventTarget-impl.js:274:3)
      at HTMLUnknownElementImpl._dispatch (node_modules/jsdom/lib/jsdom/living/events/EventTarget-impl.js:221:9)
      at HTMLUnknownElementImpl.dispatchEvent (node_modules/jsdom/lib/jsdom/living/events/EventTarget-impl.js:94:17)
      at HTMLUnknownElement.dispatchEvent (node_modules/jsdom/lib/jsdom/living/generated/EventTarget.js:231:34)
      at Object.invokeGuardedCallbackDev (node_modules/react-dom/cjs/react-dom.development.js:4213:16)
      at invokeGuardedCallback (node_modules/react-dom/cjs/react-dom.development.js:4277:31)
      at beginWork$1 (node_modules/react-dom/cjs/react-dom.development.js:27490:7)
      at performUnitOfWork (node_modules/react-dom/cjs/react-dom.development.js:26599:12)
      at workLoopSync (node_modules/react-dom/cjs/react-dom.development.js:26505:5)
      at renderRootSync (node_modules/react-dom/cjs/react-dom.development.js:26473:7)
      at performConcurrentWorkOnRoot (node_modules/react-dom/cjs/react-dom.development.js:25777:74)
      at flushActQueue (node_modules/react/cjs/react.development.js:2667:24)
      at act (node_modules/react/cjs/react.development.js:2582:11)
      at node_modules/@testing-library/react/dist/act-compat.js:46:25
      at renderRoot (node_modules/@testing-library/react/dist/pure.js:189:26)
      at render (node_modules/@testing-library/react/dist/pure.js:291:10)
      at renderCalendar (src/components/CalendarView.test.js:36:16)
      at Object.<anonymous> (src/components/CalendarView.test.js:243:5)

    console.error
      Error: Uncaught [TypeError: Cannot destructure property 'basename' of 'React.useContext(...)' as it is null.]
          at reportException (C:\Users\leotm\Desktop\Projetos\Programming\vacation-scheduler\node_modules\jsdom\lib\jsdom\living\helpers\runtime-script-errors.js:66:24)
          at innerInvokeEventListeners (C:\Users\leotm\Desktop\Projetos\Programming\vacation-scheduler\node_modules\jsdom\lib\jsdom\living\events\EventTarget-impl.js:341:9)
          at invokeEventListeners (C:\Users\leotm\Desktop\Projetos\Programming\vacation-scheduler\node_modules\jsdom\lib\jsdom\living\events\EventTarget-impl.js:274:3)
          at HTMLUnknownElementImpl._dispatch (C:\Users\leotm\Desktop\Projetos\Programming\vacation-scheduler\node_modules\jsdom\lib\jsdom\living\events\EventTarget-impl.js:221:9)
          at HTMLUnknownElementImpl.dispatchEvent (C:\Users\leotm\Desktop\Projetos\Programming\vacation-scheduler\node_modules\jsdom\lib\jsdom\living\events\EventTarget-impl.js:94:17)
          at HTMLUnknownElement.dispatchEvent (C:\Users\leotm\Desktop\Projetos\Programming\vacation-scheduler\node_modules\jsdom\lib\jsdom\living\generated\EventTarget.js:231:34)
          at Object.invokeGuardedCallbackDev (C:\Users\leotm\Desktop\Projetos\Programming\vacation-scheduler\node_modules\react-dom\cjs\react-dom.development.js:4213:16)
          at invokeGuardedCallback (C:\Users\leotm\Desktop\Projetos\Programming\vacation-scheduler\node_modules\react-dom\cjs\react-dom.development.js:4277:31)
          at beginWork$1 (C:\Users\leotm\Desktop\Projetos\Programming\vacation-scheduler\node_modules\react-dom\cjs\react-dom.development.js:27490:7)
          at performUnitOfWork (C:\Users\leotm\Desktop\Projetos\Programming\vacation-scheduler\node_modules\react-dom\cjs\react-dom.development.js:26599:12)
          at workLoopSync (C:\Users\leotm\Desktop\Projetos\Programming\vacation-scheduler\node_modules\react-dom\cjs\react-dom.development.js:26505:5)
          at renderRootSync (C:\Users\leotm\Desktop\Projetos\Programming\vacation-scheduler\node_modules\react-dom\cjs\react-dom.development.js:26473:7)
          at recoverFromConcurrentError (C:\Users\leotm\Desktop\Projetos\Programming\vacation-scheduler\node_modules\react-dom\cjs\react-dom.development.js:25889:20)
          at performConcurrentWorkOnRoot (C:\Users\leotm\Desktop\Projetos\Programming\vacation-scheduler\node_modules\react-dom\cjs\react-dom.development.js:25789:22)
          at flushActQueue (C:\Users\leotm\Desktop\Projetos\Programming\vacation-scheduler\node_modules\react\cjs\react.development.js:2667:24)
          at act (C:\Users\leotm\Desktop\Projetos\Programming\vacation-scheduler\node_modules\react\cjs\react.development.js:2582:11)
          at C:\Users\leotm\Desktop\Projetos\Programming\vacation-scheduler\node_modules\@testing-library\react\dist\act-compat.js:46:25
          at renderRoot (C:\Users\leotm\Desktop\Projetos\Programming\vacation-scheduler\node_modules\@testing-library\react\dist\pure.js:189:26)
          at render (C:\Users\leotm\Desktop\Projetos\Programming\vacation-scheduler\node_modules\@testing-library\react\dist\pure.js:291:10)
          at renderCalendar (C:\Users\leotm\Desktop\Projetos\Programming\vacation-scheduler\src\components\CalendarView.test.js:36:16)
          at Object.<anonymous> (C:\Users\leotm\Desktop\Projetos\Programming\vacation-scheduler\src\components\CalendarView.test.js:243:5)
          at Promise.then.completed (C:\Users\leotm\Desktop\Projetos\Programming\vacation-scheduler\node_modules\jest-circus\build\utils.js:391:28)
          at new Promise (<anonymous>)
          at callAsyncCircusFn (C:\Users\leotm\Desktop\Projetos\Programming\vacation-scheduler\node_modules\jest-circus\build\utils.js:316:10)
          at _callCircusTest (C:\Users\leotm\Desktop\Projetos\Programming\vacation-scheduler\node_modules\jest-circus\build\run.js:218:40)
          at processTicksAndRejections (node:internal/process/task_queues:103:5)
          at _runTest (C:\Users\leotm\Desktop\Projetos\Programming\vacation-scheduler\node_modules\jest-circus\build\run.js:155:3)
          at _runTestsForDescribeBlock (C:\Users\leotm\Desktop\Projetos\Programming\vacation-scheduler\node_modules\jest-circus\build\run.js:66:9)
          at _runTestsForDescribeBlock (C:\Users\leotm\Desktop\Projetos\Programming\vacation-scheduler\node_modules\jest-circus\build\run.js:60:9)
          at run (C:\Users\leotm\Desktop\Projetos\Programming\vacation-scheduler\node_modules\jest-circus\build\run.js:25:3)
          at runAndTransformResultsToJestFormat (C:\Users\leotm\Desktop\Projetos\Programming\vacation-scheduler\node_modules\jest-circus\build\legacy-code-todo-rewrite\jestAdapterInit.js:170:21)
          at jestAdapter (C:\Users\leotm\Desktop\Projetos\Programming\vacation-scheduler\node_modules\jest-circus\build\legacy-code-todo-rewrite\jestAdapter.js:82:19)
          at runTestInternal (C:\Users\leotm\Desktop\Projetos\Programming\vacation-scheduler\node_modules\jest-runner\build\runTest.js:389:16)
          at runTest (C:\Users\leotm\Desktop\Projetos\Programming\vacation-scheduler\node_modules\jest-runner\build\runTest.js:475:34)
          at Object.worker (C:\Users\leotm\Desktop\Projetos\Programming\vacation-scheduler\node_modules\jest-runner\build\testWorker.js:133:12) TypeError: Cannot destructure property 'basename' of 'React.useContext(...)' as it is null.
          at LinkWithRef (C:\Users\leotm\Desktop\Projetos\Programming\vacation-scheduler\node_modules\react-router\dist\development\chunk-2YMDXNOJ.js:399:11)
          at renderWithHooks (C:\Users\leotm\Desktop\Projetos\Programming\vacation-scheduler\node_modules\react-dom\cjs\react-dom.development.js:15486:18)
          at updateForwardRef (C:\Users\leotm\Desktop\Projetos\Programming\vacation-scheduler\node_modules\react-dom\cjs\react-dom.development.js:19245:20)
          at beginWork (C:\Users\leotm\Desktop\Projetos\Programming\vacation-scheduler\node_modules\react-dom\cjs\react-dom.development.js:21675:16)
          at HTMLUnknownElement.callCallback (C:\Users\leotm\Desktop\Projetos\Programming\vacation-scheduler\node_modules\react-dom\cjs\react-dom.development.js:4164:14)
          at HTMLUnknownElement.callTheUserObjectsOperation (C:\Users\leotm\Desktop\Projetos\Programming\vacation-scheduler\node_modules\jsdom\lib\jsdom\living\generated\EventListener.js:26:30)
          at innerInvokeEventListeners (C:\Users\leotm\Desktop\Projetos\Programming\vacation-scheduler\node_modules\jsdom\lib\jsdom\living\events\EventTarget-impl.js:338:25)
          at invokeEventListeners (C:\Users\leotm\Desktop\Projetos\Programming\vacation-scheduler\node_modules\jsdom\lib\jsdom\living\events\EventTarget-impl.js:274:3)
          at HTMLUnknownElementImpl._dispatch (C:\Users\leotm\Desktop\Projetos\Programming\vacation-scheduler\node_modules\jsdom\lib\jsdom\living\events\EventTarget-impl.js:221:9)
          at HTMLUnknownElementImpl.dispatchEvent (C:\Users\leotm\Desktop\Projetos\Programming\vacation-scheduler\node_modules\jsdom\lib\jsdom\living\events\EventTarget-impl.js:94:17)
          at HTMLUnknownElement.dispatchEvent (C:\Users\leotm\Desktop\Projetos\Programming\vacation-scheduler\node_modules\jsdom\lib\jsdom\living\generated\EventTarget.js:231:34)
          at Object.invokeGuardedCallbackDev (C:\Users\leotm\Desktop\Projetos\Programming\vacation-scheduler\node_modules\react-dom\cjs\react-dom.development.js:4213:16)
          at invokeGuardedCallback (C:\Users\leotm\Desktop\Projetos\Programming\vacation-scheduler\node_modules\react-dom\cjs\react-dom.development.js:4277:31)
          at beginWork$1 (C:\Users\leotm\Desktop\Projetos\Programming\vacation-scheduler\node_modules\react-dom\cjs\react-dom.development.js:27490:7)
          at performUnitOfWork (C:\Users\leotm\Desktop\Projetos\Programming\vacation-scheduler\node_modules\react-dom\cjs\react-dom.development.js:26599:12)
          at workLoopSync (C:\Users\leotm\Desktop\Projetos\Programming\vacation-scheduler\node_modules\react-dom\cjs\react-dom.development.js:26505:5)
          at renderRootSync (C:\Users\leotm\Desktop\Projetos\Programming\vacation-scheduler\node_modules\react-dom\cjs\react-dom.development.js:26473:7)
          at recoverFromConcurrentError (C:\Users\leotm\Desktop\Projetos\Programming\vacation-scheduler\node_modules\react-dom\cjs\react-dom.development.js:25889:20)
          at performConcurrentWorkOnRoot (C:\Users\leotm\Desktop\Projetos\Programming\vacation-scheduler\node_modules\react-dom\cjs\react-dom.development.js:25789:22)
          at flushActQueue (C:\Users\leotm\Desktop\Projetos\Programming\vacation-scheduler\node_modules\react\cjs\react.development.js:2667:24)
          at act (C:\Users\leotm\Desktop\Projetos\Programming\vacation-scheduler\node_modules\react\cjs\react.development.js:2582:11)
          at C:\Users\leotm\Desktop\Projetos\Programming\vacation-scheduler\node_modules\@testing-library\react\dist\act-compat.js:46:25
          at renderRoot (C:\Users\leotm\Desktop\Projetos\Programming\vacation-scheduler\node_modules\@testing-library\react\dist\pure.js:189:26)
          at render (C:\Users\leotm\Desktop\Projetos\Programming\vacation-scheduler\node_modules\@testing-library\react\dist\pure.js:291:10)
          at renderCalendar (C:\Users\leotm\Desktop\Projetos\Programming\vacation-scheduler\src\components\CalendarView.test.js:36:16)
          at Object.<anonymous> (C:\Users\leotm\Desktop\Projetos\Programming\vacation-scheduler\src\components\CalendarView.test.js:243:5)
          at Promise.then.completed (C:\Users\leotm\Desktop\Projetos\Programming\vacation-scheduler\node_modules\jest-circus\build\utils.js:391:28)
          at new Promise (<anonymous>)
          at callAsyncCircusFn (C:\Users\leotm\Desktop\Projetos\Programming\vacation-scheduler\node_modules\jest-circus\build\utils.js:316:10)
          at _callCircusTest (C:\Users\leotm\Desktop\Projetos\Programming\vacation-scheduler\node_modules\jest-circus\build\run.js:218:40)
          at processTicksAndRejections (node:internal/process/task_queues:103:5)
          at _runTest (C:\Users\leotm\Desktop\Projetos\Programming\vacation-scheduler\node_modules\jest-circus\build\run.js:155:3)
          at _runTestsForDescribeBlock (C:\Users\leotm\Desktop\Projetos\Programming\vacation-scheduler\node_modules\jest-circus\build\run.js:66:9)
          at _runTestsForDescribeBlock (C:\Users\leotm\Desktop\Projetos\Programming\vacation-scheduler\node_modules\jest-circus\build\run.js:60:9)
          at run (C:\Users\leotm\Desktop\Projetos\Programming\vacation-scheduler\node_modules\jest-circus\build\run.js:25:3)
          at runAndTransformResultsToJestFormat (C:\Users\leotm\Desktop\Projetos\Programming\vacation-scheduler\node_modules\jest-circus\build\legacy-code-todo-rewrite\jestAdapterInit.js:170:21)
          at jestAdapter (C:\Users\leotm\Desktop\Projetos\Programming\vacation-scheduler\node_modules\jest-circus\build\legacy-code-todo-rewrite\jestAdapter.js:82:19)
          at runTestInternal (C:\Users\leotm\Desktop\Projetos\Programming\vacation-scheduler\node_modules\jest-runner\build\runTest.js:389:16)
          at runTest (C:\Users\leotm\Desktop\Projetos\Programming\vacation-scheduler\node_modules\jest-runner\build\runTest.js:475:34)
          at Object.worker (C:\Users\leotm\Desktop\Projetos\Programming\vacation-scheduler\node_modules\jest-runner\build\testWorker.js:133:12)

    [0m [90m 34 |[39m
     [90m 35 |[39m [36mconst[39m renderCalendar [33m=[39m (overrides [33m=[39m {}) [33m=>[39m {
    [31m[1m>[22m[39m[90m 36 |[39m   [36mreturn[39m render([33m<[39m[33mCalendarView[39m {[33m...[39mdefaultProps} {[33m...[39moverrides} [33m/[39m[33m>[39m)[33m;[39m
     [90m    |[39m                [31m[1m^[22m[39m
     [90m 37 |[39m }[33m;[39m
     [90m 38 |[39m
     [90m 39 |[39m describe([32m'CalendarView rendering'[39m[33m,[39m () [33m=>[39m {[0m

      at VirtualConsole.<anonymous> (node_modules/jsdom/lib/jsdom/virtual-console.js:29:45)
      at reportException (node_modules/jsdom/lib/jsdom/living/helpers/runtime-script-errors.js:70:28)
      at innerInvokeEventListeners (node_modules/jsdom/lib/jsdom/living/events/EventTarget-impl.js:341:9)
      at invokeEventListeners (node_modules/jsdom/lib/jsdom/living/events/EventTarget-impl.js:274:3)
      at HTMLUnknownElementImpl._dispatch (node_modules/jsdom/lib/jsdom/living/events/EventTarget-impl.js:221:9)
      at HTMLUnknownElementImpl.dispatchEvent (node_modules/jsdom/lib/jsdom/living/events/EventTarget-impl.js:94:17)
      at HTMLUnknownElement.dispatchEvent (node_modules/jsdom/lib/jsdom/living/generated/EventTarget.js:231:34)
      at Object.invokeGuardedCallbackDev (node_modules/react-dom/cjs/react-dom.development.js:4213:16)
      at invokeGuardedCallback (node_modules/react-dom/cjs/react-dom.development.js:4277:31)
      at beginWork$1 (node_modules/react-dom/cjs/react-dom.development.js:27490:7)
      at performUnitOfWork (node_modules/react-dom/cjs/react-dom.development.js:26599:12)
      at workLoopSync (node_modules/react-dom/cjs/react-dom.development.js:26505:5)
      at renderRootSync (node_modules/react-dom/cjs/react-dom.development.js:26473:7)
      at recoverFromConcurrentError (node_modules/react-dom/cjs/react-dom.development.js:25889:20)
      at performConcurrentWorkOnRoot (node_modules/react-dom/cjs/react-dom.development.js:25789:22)
      at flushActQueue (node_modules/react/cjs/react.development.js:2667:24)
      at act (node_modules/react/cjs/react.development.js:2582:11)
      at node_modules/@testing-library/react/dist/act-compat.js:46:25
      at renderRoot (node_modules/@testing-library/react/dist/pure.js:189:26)
      at render (node_modules/@testing-library/react/dist/pure.js:291:10)
      at renderCalendar (src/components/CalendarView.test.js:36:16)
      at Object.<anonymous> (src/components/CalendarView.test.js:243:5)

    console.error
      The above error occurred in the <Link> component:
      
          at LinkWithRef (C:\Users\leotm\Desktop\Projetos\Programming\vacation-scheduler\node_modules\react-router\dist\development\chunk-2YMDXNOJ.js:384:5)
          at p
          at div
          at div
          at form
          at CalendarView (C:\Users\leotm\Desktop\Projetos\Programming\vacation-scheduler\src\components\CalendarView.js:44:25)
      
      Consider adding an error boundary to your tree to customize error handling behavior.
      Visit https://reactjs.org/link/error-boundaries to learn more about error boundaries.

    [0m [90m 34 |[39m
     [90m 35 |[39m [36mconst[39m renderCalendar [33m=[39m (overrides [33m=[39m {}) [33m=>[39m {
    [31m[1m>[22m[39m[90m 36 |[39m   [36mreturn[39m render([33m<[39m[33mCalendarView[39m {[33m...[39mdefaultProps} {[33m...[39moverrides} [33m/[39m[33m>[39m)[33m;[39m
     [90m    |[39m                [31m[1m^[22m[39m
     [90m 37 |[39m }[33m;[39m
     [90m 38 |[39m
     [90m 39 |[39m describe([32m'CalendarView rendering'[39m[33m,[39m () [33m=>[39m {[0m

      at logCapturedError (node_modules/react-dom/cjs/react-dom.development.js:18704:23)
      at update.callback (node_modules/react-dom/cjs/react-dom.development.js:18737:5)
      at callCallback (node_modules/react-dom/cjs/react-dom.development.js:15036:12)
      at commitUpdateQueue (node_modules/react-dom/cjs/react-dom.development.js:15057:9)
      at commitLayoutEffectOnFiber (node_modules/react-dom/cjs/react-dom.development.js:23430:13)
      at commitLayoutMountEffects_complete (node_modules/react-dom/cjs/react-dom.development.js:24727:9)
      at commitLayoutEffects_begin (node_modules/react-dom/cjs/react-dom.development.js:24713:7)
      at commitLayoutEffects (node_modules/react-dom/cjs/react-dom.development.js:24651:3)
      at commitRootImpl (node_modules/react-dom/cjs/react-dom.development.js:26862:5)
      at commitRoot (node_modules/react-dom/cjs/react-dom.development.js:26721:5)
      at finishConcurrentRender (node_modules/react-dom/cjs/react-dom.development.js:25931:9)
      at performConcurrentWorkOnRoot (node_modules/react-dom/cjs/react-dom.development.js:25848:7)
      at flushActQueue (node_modules/react/cjs/react.development.js:2667:24)
      at act (node_modules/react/cjs/react.development.js:2582:11)
      at node_modules/@testing-library/react/dist/act-compat.js:46:25
      at renderRoot (node_modules/@testing-library/react/dist/pure.js:189:26)
      at render (node_modules/@testing-library/react/dist/pure.js:291:10)
      at renderCalendar (src/components/CalendarView.test.js:36:16)
      at Object.<anonymous> (src/components/CalendarView.test.js:243:5)

    console.error
      Error: Uncaught [TypeError: Cannot destructure property 'basename' of 'React.useContext(...)' as it is null.]
          at reportException (C:\Users\leotm\Desktop\Projetos\Programming\vacation-scheduler\node_modules\jsdom\lib\jsdom\living\helpers\runtime-script-errors.js:66:24)
          at innerInvokeEventListeners (C:\Users\leotm\Desktop\Projetos\Programming\vacation-scheduler\node_modules\jsdom\lib\jsdom\living\events\EventTarget-impl.js:341:9)
          at invokeEventListeners (C:\Users\leotm\Desktop\Projetos\Programming\vacation-scheduler\node_modules\jsdom\lib\jsdom\living\events\EventTarget-impl.js:274:3)
          at HTMLUnknownElementImpl._dispatch (C:\Users\leotm\Desktop\Projetos\Programming\vacation-scheduler\node_modules\jsdom\lib\jsdom\living\events\EventTarget-impl.js:221:9)
          at HTMLUnknownElementImpl.dispatchEvent (C:\Users\leotm\Desktop\Projetos\Programming\vacation-scheduler\node_modules\jsdom\lib\jsdom\living\events\EventTarget-impl.js:94:17)
          at HTMLUnknownElement.dispatchEvent (C:\Users\leotm\Desktop\Projetos\Programming\vacation-scheduler\node_modules\jsdom\lib\jsdom\living\generated\EventTarget.js:231:34)
          at Object.invokeGuardedCallbackDev (C:\Users\leotm\Desktop\Projetos\Programming\vacation-scheduler\node_modules\react-dom\cjs\react-dom.development.js:4213:16)
          at invokeGuardedCallback (C:\Users\leotm\Desktop\Projetos\Programming\vacation-scheduler\node_modules\react-dom\cjs\react-dom.development.js:4277:31)
          at beginWork$1 (C:\Users\leotm\Desktop\Projetos\Programming\vacation-scheduler\node_modules\react-dom\cjs\react-dom.development.js:27490:7)
          at performUnitOfWork (C:\Users\leotm\Desktop\Projetos\Programming\vacation-scheduler\node_modules\react-dom\cjs\react-dom.development.js:26599:12)
          at workLoopSync (C:\Users\leotm\Desktop\Projetos\Programming\vacation-scheduler\node_modules\react-dom\cjs\react-dom.development.js:26505:5)
          at renderRootSync (C:\Users\leotm\Desktop\Projetos\Programming\vacation-scheduler\node_modules\react-dom\cjs\react-dom.development.js:26473:7)
          at performConcurrentWorkOnRoot (C:\Users\leotm\Desktop\Projetos\Programming\vacation-scheduler\node_modules\react-dom\cjs\react-dom.development.js:25777:74)
          at flushActQueue (C:\Users\leotm\Desktop\Projetos\Programming\vacation-scheduler\node_modules\react\cjs\react.development.js:2667:24)
          at act (C:\Users\leotm\Desktop\Projetos\Programming\vacation-scheduler\node_modules\react\cjs\react.development.js:2582:11)
          at C:\Users\leotm\Desktop\Projetos\Programming\vacation-scheduler\node_modules\@testing-library\react\dist\act-compat.js:46:25
          at renderRoot (C:\Users\leotm\Desktop\Projetos\Programming\vacation-scheduler\node_modules\@testing-library\react\dist\pure.js:189:26)
          at render (C:\Users\leotm\Desktop\Projetos\Programming\vacation-scheduler\node_modules\@testing-library\react\dist\pure.js:291:10)
          at renderCalendar (C:\Users\leotm\Desktop\Projetos\Programming\vacation-scheduler\src\components\CalendarView.test.js:36:16)
          at Object.<anonymous> (C:\Users\leotm\Desktop\Projetos\Programming\vacation-scheduler\src\components\CalendarView.test.js:264:5)
          at Promise.then.completed (C:\Users\leotm\Desktop\Projetos\Programming\vacation-scheduler\node_modules\jest-circus\build\utils.js:391:28)
          at new Promise (<anonymous>)
          at callAsyncCircusFn (C:\Users\leotm\Desktop\Projetos\Programming\vacation-scheduler\node_modules\jest-circus\build\utils.js:316:10)
          at _callCircusTest (C:\Users\leotm\Desktop\Projetos\Programming\vacation-scheduler\node_modules\jest-circus\build\run.js:218:40)
          at processTicksAndRejections (node:internal/process/task_queues:103:5)
          at _runTest (C:\Users\leotm\Desktop\Projetos\Programming\vacation-scheduler\node_modules\jest-circus\build\run.js:155:3)
          at _runTestsForDescribeBlock (C:\Users\leotm\Desktop\Projetos\Programming\vacation-scheduler\node_modules\jest-circus\build\run.js:66:9)
          at _runTestsForDescribeBlock (C:\Users\leotm\Desktop\Projetos\Programming\vacation-scheduler\node_modules\jest-circus\build\run.js:60:9)
          at run (C:\Users\leotm\Desktop\Projetos\Programming\vacation-scheduler\node_modules\jest-circus\build\run.js:25:3)
          at runAndTransformResultsToJestFormat (C:\Users\leotm\Desktop\Projetos\Programming\vacation-scheduler\node_modules\jest-circus\build\legacy-code-todo-rewrite\jestAdapterInit.js:170:21)
          at jestAdapter (C:\Users\leotm\Desktop\Projetos\Programming\vacation-scheduler\node_modules\jest-circus\build\legacy-code-todo-rewrite\jestAdapter.js:82:19)
          at runTestInternal (C:\Users\leotm\Desktop\Projetos\Programming\vacation-scheduler\node_modules\jest-runner\build\runTest.js:389:16)
          at runTest (C:\Users\leotm\Desktop\Projetos\Programming\vacation-scheduler\node_modules\jest-runner\build\runTest.js:475:34)
          at Object.worker (C:\Users\leotm\Desktop\Projetos\Programming\vacation-scheduler\node_modules\jest-runner\build\testWorker.js:133:12) TypeError: Cannot destructure property 'basename' of 'React.useContext(...)' as it is null.
          at LinkWithRef (C:\Users\leotm\Desktop\Projetos\Programming\vacation-scheduler\node_modules\react-router\dist\development\chunk-2YMDXNOJ.js:399:11)
          at renderWithHooks (C:\Users\leotm\Desktop\Projetos\Programming\vacation-scheduler\node_modules\react-dom\cjs\react-dom.development.js:15486:18)
          at updateForwardRef (C:\Users\leotm\Desktop\Projetos\Programming\vacation-scheduler\node_modules\react-dom\cjs\react-dom.development.js:19245:20)
          at beginWork (C:\Users\leotm\Desktop\Projetos\Programming\vacation-scheduler\node_modules\react-dom\cjs\react-dom.development.js:21675:16)
          at HTMLUnknownElement.callCallback (C:\Users\leotm\Desktop\Projetos\Programming\vacation-scheduler\node_modules\react-dom\cjs\react-dom.development.js:4164:14)
          at HTMLUnknownElement.callTheUserObjectsOperation (C:\Users\leotm\Desktop\Projetos\Programming\vacation-scheduler\node_modules\jsdom\lib\jsdom\living\generated\EventListener.js:26:30)
          at innerInvokeEventListeners (C:\Users\leotm\Desktop\Projetos\Programming\vacation-scheduler\node_modules\jsdom\lib\jsdom\living\events\EventTarget-impl.js:338:25)
          at invokeEventListeners (C:\Users\leotm\Desktop\Projetos\Programming\vacation-scheduler\node_modules\jsdom\lib\jsdom\living\events\EventTarget-impl.js:274:3)
          at HTMLUnknownElementImpl._dispatch (C:\Users\leotm\Desktop\Projetos\Programming\vacation-scheduler\node_modules\jsdom\lib\jsdom\living\events\EventTarget-impl.js:221:9)
          at HTMLUnknownElementImpl.dispatchEvent (C:\Users\leotm\Desktop\Projetos\Programming\vacation-scheduler\node_modules\jsdom\lib\jsdom\living\events\EventTarget-impl.js:94:17)
          at HTMLUnknownElement.dispatchEvent (C:\Users\leotm\Desktop\Projetos\Programming\vacation-scheduler\node_modules\jsdom\lib\jsdom\living\generated\EventTarget.js:231:34)
          at Object.invokeGuardedCallbackDev (C:\Users\leotm\Desktop\Projetos\Programming\vacation-scheduler\node_modules\react-dom\cjs\react-dom.development.js:4213:16)
          at invokeGuardedCallback (C:\Users\leotm\Desktop\Projetos\Programming\vacation-scheduler\node_modules\react-dom\cjs\react-dom.development.js:4277:31)
          at beginWork$1 (C:\Users\leotm\Desktop\Projetos\Programming\vacation-scheduler\node_modules\react-dom\cjs\react-dom.development.js:27490:7)
          at performUnitOfWork (C:\Users\leotm\Desktop\Projetos\Programming\vacation-scheduler\node_modules\react-dom\cjs\react-dom.development.js:26599:12)
          at workLoopSync (C:\Users\leotm\Desktop\Projetos\Programming\vacation-scheduler\node_modules\react-dom\cjs\react-dom.development.js:26505:5)
          at renderRootSync (C:\Users\leotm\Desktop\Projetos\Programming\vacation-scheduler\node_modules\react-dom\cjs\react-dom.development.js:26473:7)
          at performConcurrentWorkOnRoot (C:\Users\leotm\Desktop\Projetos\Programming\vacation-scheduler\node_modules\react-dom\cjs\react-dom.development.js:25777:74)
          at flushActQueue (C:\Users\leotm\Desktop\Projetos\Programming\vacation-scheduler\node_modules\react\cjs\react.development.js:2667:24)
          at act (C:\Users\leotm\Desktop\Projetos\Programming\vacation-scheduler\node_modules\react\cjs\react.development.js:2582:11)
          at C:\Users\leotm\Desktop\Projetos\Programming\vacation-scheduler\node_modules\@testing-library\react\dist\act-compat.js:46:25
          at renderRoot (C:\Users\leotm\Desktop\Projetos\Programming\vacation-scheduler\node_modules\@testing-library\react\dist\pure.js:189:26)
          at render (C:\Users\leotm\Desktop\Projetos\Programming\vacation-scheduler\node_modules\@testing-library\react\dist\pure.js:291:10)
          at renderCalendar (C:\Users\leotm\Desktop\Projetos\Programming\vacation-scheduler\src\components\CalendarView.test.js:36:16)
          at Object.<anonymous> (C:\Users\leotm\Desktop\Projetos\Programming\vacation-scheduler\src\components\CalendarView.test.js:264:5)
          at Promise.then.completed (C:\Users\leotm\Desktop\Projetos\Programming\vacation-scheduler\node_modules\jest-circus\build\utils.js:391:28)
          at new Promise (<anonymous>)
          at callAsyncCircusFn (C:\Users\leotm\Desktop\Projetos\Programming\vacation-scheduler\node_modules\jest-circus\build\utils.js:316:10)
          at _callCircusTest (C:\Users\leotm\Desktop\Projetos\Programming\vacation-scheduler\node_modules\jest-circus\build\run.js:218:40)
          at processTicksAndRejections (node:internal/process/task_queues:103:5)
          at _runTest (C:\Users\leotm\Desktop\Projetos\Programming\vacation-scheduler\node_modules\jest-circus\build\run.js:155:3)
          at _runTestsForDescribeBlock (C:\Users\leotm\Desktop\Projetos\Programming\vacation-scheduler\node_modules\jest-circus\build\run.js:66:9)
          at _runTestsForDescribeBlock (C:\Users\leotm\Desktop\Projetos\Programming\vacation-scheduler\node_modules\jest-circus\build\run.js:60:9)
          at run (C:\Users\leotm\Desktop\Projetos\Programming\vacation-scheduler\node_modules\jest-circus\build\run.js:25:3)
          at runAndTransformResultsToJestFormat (C:\Users\leotm\Desktop\Projetos\Programming\vacation-scheduler\node_modules\jest-circus\build\legacy-code-todo-rewrite\jestAdapterInit.js:170:21)
          at jestAdapter (C:\Users\leotm\Desktop\Projetos\Programming\vacation-scheduler\node_modules\jest-circus\build\legacy-code-todo-rewrite\jestAdapter.js:82:19)
          at runTestInternal (C:\Users\leotm\Desktop\Projetos\Programming\vacation-scheduler\node_modules\jest-runner\build\runTest.js:389:16)
          at runTest (C:\Users\leotm\Desktop\Projetos\Programming\vacation-scheduler\node_modules\jest-runner\build\runTest.js:475:34)
          at Object.worker (C:\Users\leotm\Desktop\Projetos\Programming\vacation-scheduler\node_modules\jest-runner\build\testWorker.js:133:12)

    [0m [90m 34 |[39m
     [90m 35 |[39m [36mconst[39m renderCalendar [33m=[39m (overrides [33m=[39m {}) [33m=>[39m {
    [31m[1m>[22m[39m[90m 36 |[39m   [36mreturn[39m render([33m<[39m[33mCalendarView[39m {[33m...[39mdefaultProps} {[33m...[39moverrides} [33m/[39m[33m>[39m)[33m;[39m
     [90m    |[39m                [31m[1m^[22m[39m
     [90m 37 |[39m }[33m;[39m
     [90m 38 |[39m
     [90m 39 |[39m describe([32m'CalendarView rendering'[39m[33m,[39m () [33m=>[39m {[0m

      at VirtualConsole.<anonymous> (node_modules/jsdom/lib/jsdom/virtual-console.js:29:45)
      at reportException (node_modules/jsdom/lib/jsdom/living/helpers/runtime-script-errors.js:70:28)
      at innerInvokeEventListeners (node_modules/jsdom/lib/jsdom/living/events/EventTarget-impl.js:341:9)
      at invokeEventListeners (node_modules/jsdom/lib/jsdom/living/events/EventTarget-impl.js:274:3)
      at HTMLUnknownElementImpl._dispatch (node_modules/jsdom/lib/jsdom/living/events/EventTarget-impl.js:221:9)
      at HTMLUnknownElementImpl.dispatchEvent (node_modules/jsdom/lib/jsdom/living/events/EventTarget-impl.js:94:17)
      at HTMLUnknownElement.dispatchEvent (node_modules/jsdom/lib/jsdom/living/generated/EventTarget.js:231:34)
      at Object.invokeGuardedCallbackDev (node_modules/react-dom/cjs/react-dom.development.js:4213:16)
      at invokeGuardedCallback (node_modules/react-dom/cjs/react-dom.development.js:4277:31)
      at beginWork$1 (node_modules/react-dom/cjs/react-dom.development.js:27490:7)
      at performUnitOfWork (node_modules/react-dom/cjs/react-dom.development.js:26599:12)
      at workLoopSync (node_modules/react-dom/cjs/react-dom.development.js:26505:5)
      at renderRootSync (node_modules/react-dom/cjs/react-dom.development.js:26473:7)
      at performConcurrentWorkOnRoot (node_modules/react-dom/cjs/react-dom.development.js:25777:74)
      at flushActQueue (node_modules/react/cjs/react.development.js:2667:24)
      at act (node_modules/react/cjs/react.development.js:2582:11)
      at node_modules/@testing-library/react/dist/act-compat.js:46:25
      at renderRoot (node_modules/@testing-library/react/dist/pure.js:189:26)
      at render (node_modules/@testing-library/react/dist/pure.js:291:10)
      at renderCalendar (src/components/CalendarView.test.js:36:16)
      at Object.<anonymous> (src/components/CalendarView.test.js:264:5)

    console.error
      Error: Uncaught [TypeError: Cannot destructure property 'basename' of 'React.useContext(...)' as it is null.]
          at reportException (C:\Users\leotm\Desktop\Projetos\Programming\vacation-scheduler\node_modules\jsdom\lib\jsdom\living\helpers\runtime-script-errors.js:66:24)
          at innerInvokeEventListeners (C:\Users\leotm\Desktop\Projetos\Programming\vacation-scheduler\node_modules\jsdom\lib\jsdom\living\events\EventTarget-impl.js:341:9)
          at invokeEventListeners (C:\Users\leotm\Desktop\Projetos\Programming\vacation-scheduler\node_modules\jsdom\lib\jsdom\living\events\EventTarget-impl.js:274:3)
          at HTMLUnknownElementImpl._dispatch (C:\Users\leotm\Desktop\Projetos\Programming\vacation-scheduler\node_modules\jsdom\lib\jsdom\living\events\EventTarget-impl.js:221:9)
          at HTMLUnknownElementImpl.dispatchEvent (C:\Users\leotm\Desktop\Projetos\Programming\vacation-scheduler\node_modules\jsdom\lib\jsdom\living\events\EventTarget-impl.js:94:17)
          at HTMLUnknownElement.dispatchEvent (C:\Users\leotm\Desktop\Projetos\Programming\vacation-scheduler\node_modules\jsdom\lib\jsdom\living\generated\EventTarget.js:231:34)
          at Object.invokeGuardedCallbackDev (C:\Users\leotm\Desktop\Projetos\Programming\vacation-scheduler\node_modules\react-dom\cjs\react-dom.development.js:4213:16)
          at invokeGuardedCallback (C:\Users\leotm\Desktop\Projetos\Programming\vacation-scheduler\node_modules\react-dom\cjs\react-dom.development.js:4277:31)
          at beginWork$1 (C:\Users\leotm\Desktop\Projetos\Programming\vacation-scheduler\node_modules\react-dom\cjs\react-dom.development.js:27490:7)
          at performUnitOfWork (C:\Users\leotm\Desktop\Projetos\Programming\vacation-scheduler\node_modules\react-dom\cjs\react-dom.development.js:26599:12)
          at workLoopSync (C:\Users\leotm\Desktop\Projetos\Programming\vacation-scheduler\node_modules\react-dom\cjs\react-dom.development.js:26505:5)
          at renderRootSync (C:\Users\leotm\Desktop\Projetos\Programming\vacation-scheduler\node_modules\react-dom\cjs\react-dom.development.js:26473:7)
          at recoverFromConcurrentError (C:\Users\leotm\Desktop\Projetos\Programming\vacation-scheduler\node_modules\react-dom\cjs\react-dom.development.js:25889:20)
          at performConcurrentWorkOnRoot (C:\Users\leotm\Desktop\Projetos\Programming\vacation-scheduler\node_modules\react-dom\cjs\react-dom.development.js:25789:22)
          at flushActQueue (C:\Users\leotm\Desktop\Projetos\Programming\vacation-scheduler\node_modules\react\cjs\react.development.js:2667:24)
          at act (C:\Users\leotm\Desktop\Projetos\Programming\vacation-scheduler\node_modules\react\cjs\react.development.js:2582:11)
          at C:\Users\leotm\Desktop\Projetos\Programming\vacation-scheduler\node_modules\@testing-library\react\dist\act-compat.js:46:25
          at renderRoot (C:\Users\leotm\Desktop\Projetos\Programming\vacation-scheduler\node_modules\@testing-library\react\dist\pure.js:189:26)
          at render (C:\Users\leotm\Desktop\Projetos\Programming\vacation-scheduler\node_modules\@testing-library\react\dist\pure.js:291:10)
          at renderCalendar (C:\Users\leotm\Desktop\Projetos\Programming\vacation-scheduler\src\components\CalendarView.test.js:36:16)
          at Object.<anonymous> (C:\Users\leotm\Desktop\Projetos\Programming\vacation-scheduler\src\components\CalendarView.test.js:264:5)
          at Promise.then.completed (C:\Users\leotm\Desktop\Projetos\Programming\vacation-scheduler\node_modules\jest-circus\build\utils.js:391:28)
          at new Promise (<anonymous>)
          at callAsyncCircusFn (C:\Users\leotm\Desktop\Projetos\Programming\vacation-scheduler\node_modules\jest-circus\build\utils.js:316:10)
          at _callCircusTest (C:\Users\leotm\Desktop\Projetos\Programming\vacation-scheduler\node_modules\jest-circus\build\run.js:218:40)
          at processTicksAndRejections (node:internal/process/task_queues:103:5)
          at _runTest (C:\Users\leotm\Desktop\Projetos\Programming\vacation-scheduler\node_modules\jest-circus\build\run.js:155:3)
          at _runTestsForDescribeBlock (C:\Users\leotm\Desktop\Projetos\Programming\vacation-scheduler\node_modules\jest-circus\build\run.js:66:9)
          at _runTestsForDescribeBlock (C:\Users\leotm\Desktop\Projetos\Programming\vacation-scheduler\node_modules\jest-circus\build\run.js:60:9)
          at run (C:\Users\leotm\Desktop\Projetos\Programming\vacation-scheduler\node_modules\jest-circus\build\run.js:25:3)
          at runAndTransformResultsToJestFormat (C:\Users\leotm\Desktop\Projetos\Programming\vacation-scheduler\node_modules\jest-circus\build\legacy-code-todo-rewrite\jestAdapterInit.js:170:21)
          at jestAdapter (C:\Users\leotm\Desktop\Projetos\Programming\vacation-scheduler\node_modules\jest-circus\build\legacy-code-todo-rewrite\jestAdapter.js:82:19)
          at runTestInternal (C:\Users\leotm\Desktop\Projetos\Programming\vacation-scheduler\node_modules\jest-runner\build\runTest.js:389:16)
          at runTest (C:\Users\leotm\Desktop\Projetos\Programming\vacation-scheduler\node_modules\jest-runner\build\runTest.js:475:34)
          at Object.worker (C:\Users\leotm\Desktop\Projetos\Programming\vacation-scheduler\node_modules\jest-runner\build\testWorker.js:133:12) TypeError: Cannot destructure property 'basename' of 'React.useContext(...)' as it is null.
          at LinkWithRef (C:\Users\leotm\Desktop\Projetos\Programming\vacation-scheduler\node_modules\react-router\dist\development\chunk-2YMDXNOJ.js:399:11)
          at renderWithHooks (C:\Users\leotm\Desktop\Projetos\Programming\vacation-scheduler\node_modules\react-dom\cjs\react-dom.development.js:15486:18)
          at updateForwardRef (C:\Users\leotm\Desktop\Projetos\Programming\vacation-scheduler\node_modules\react-dom\cjs\react-dom.development.js:19245:20)
          at beginWork (C:\Users\leotm\Desktop\Projetos\Programming\vacation-scheduler\node_modules\react-dom\cjs\react-dom.development.js:21675:16)
          at HTMLUnknownElement.callCallback (C:\Users\leotm\Desktop\Projetos\Programming\vacation-scheduler\node_modules\react-dom\cjs\react-dom.development.js:4164:14)
          at HTMLUnknownElement.callTheUserObjectsOperation (C:\Users\leotm\Desktop\Projetos\Programming\vacation-scheduler\node_modules\jsdom\lib\jsdom\living\generated\EventListener.js:26:30)
          at innerInvokeEventListeners (C:\Users\leotm\Desktop\Projetos\Programming\vacation-scheduler\node_modules\jsdom\lib\jsdom\living\events\EventTarget-impl.js:338:25)
          at invokeEventListeners (C:\Users\leotm\Desktop\Projetos\Programming\vacation-scheduler\node_modules\jsdom\lib\jsdom\living\events\EventTarget-impl.js:274:3)
          at HTMLUnknownElementImpl._dispatch (C:\Users\leotm\Desktop\Projetos\Programming\vacation-scheduler\node_modules\jsdom\lib\jsdom\living\events\EventTarget-impl.js:221:9)
          at HTMLUnknownElementImpl.dispatchEvent (C:\Users\leotm\Desktop\Projetos\Programming\vacation-scheduler\node_modules\jsdom\lib\jsdom\living\events\EventTarget-impl.js:94:17)
          at HTMLUnknownElement.dispatchEvent (C:\Users\leotm\Desktop\Projetos\Programming\vacation-scheduler\node_modules\jsdom\lib\jsdom\living\generated\EventTarget.js:231:34)
          at Object.invokeGuardedCallbackDev (C:\Users\leotm\Desktop\Projetos\Programming\vacation-scheduler\node_modules\react-dom\cjs\react-dom.development.js:4213:16)
          at invokeGuardedCallback (C:\Users\leotm\Desktop\Projetos\Programming\vacation-scheduler\node_modules\react-dom\cjs\react-dom.development.js:4277:31)
          at beginWork$1 (C:\Users\leotm\Desktop\Projetos\Programming\vacation-scheduler\node_modules\react-dom\cjs\react-dom.development.js:27490:7)
          at performUnitOfWork (C:\Users\leotm\Desktop\Projetos\Programming\vacation-scheduler\node_modules\react-dom\cjs\react-dom.development.js:26599:12)
          at workLoopSync (C:\Users\leotm\Desktop\Projetos\Programming\vacation-scheduler\node_modules\react-dom\cjs\react-dom.development.js:26505:5)
          at renderRootSync (C:\Users\leotm\Desktop\Projetos\Programming\vacation-scheduler\node_modules\react-dom\cjs\react-dom.development.js:26473:7)
          at recoverFromConcurrentError (C:\Users\leotm\Desktop\Projetos\Programming\vacation-scheduler\node_modules\react-dom\cjs\react-dom.development.js:25889:20)
          at performConcurrentWorkOnRoot (C:\Users\leotm\Desktop\Projetos\Programming\vacation-scheduler\node_modules\react-dom\cjs\react-dom.development.js:25789:22)
          at flushActQueue (C:\Users\leotm\Desktop\Projetos\Programming\vacation-scheduler\node_modules\react\cjs\react.development.js:2667:24)
          at act (C:\Users\leotm\Desktop\Projetos\Programming\vacation-scheduler\node_modules\react\cjs\react.development.js:2582:11)
          at C:\Users\leotm\Desktop\Projetos\Programming\vacation-scheduler\node_modules\@testing-library\react\dist\act-compat.js:46:25
          at renderRoot (C:\Users\leotm\Desktop\Projetos\Programming\vacation-scheduler\node_modules\@testing-library\react\dist\pure.js:189:26)
          at render (C:\Users\leotm\Desktop\Projetos\Programming\vacation-scheduler\node_modules\@testing-library\react\dist\pure.js:291:10)
          at renderCalendar (C:\Users\leotm\Desktop\Projetos\Programming\vacation-scheduler\src\components\CalendarView.test.js:36:16)
          at Object.<anonymous> (C:\Users\leotm\Desktop\Projetos\Programming\vacation-scheduler\src\components\CalendarView.test.js:264:5)
          at Promise.then.completed (C:\Users\leotm\Desktop\Projetos\Programming\vacation-scheduler\node_modules\jest-circus\build\utils.js:391:28)
          at new Promise (<anonymous>)
          at callAsyncCircusFn (C:\Users\leotm\Desktop\Projetos\Programming\vacation-scheduler\node_modules\jest-circus\build\utils.js:316:10)
          at _callCircusTest (C:\Users\leotm\Desktop\Projetos\Programming\vacation-scheduler\node_modules\jest-circus\build\run.js:218:40)
          at processTicksAndRejections (node:internal/process/task_queues:103:5)
          at _runTest (C:\Users\leotm\Desktop\Projetos\Programming\vacation-scheduler\node_modules\jest-circus\build\run.js:155:3)
          at _runTestsForDescribeBlock (C:\Users\leotm\Desktop\Projetos\Programming\vacation-scheduler\node_modules\jest-circus\build\run.js:66:9)
          at _runTestsForDescribeBlock (C:\Users\leotm\Desktop\Projetos\Programming\vacation-scheduler\node_modules\jest-circus\build\run.js:60:9)
          at run (C:\Users\leotm\Desktop\Projetos\Programming\vacation-scheduler\node_modules\jest-circus\build\run.js:25:3)
          at runAndTransformResultsToJestFormat (C:\Users\leotm\Desktop\Projetos\Programming\vacation-scheduler\node_modules\jest-circus\build\legacy-code-todo-rewrite\jestAdapterInit.js:170:21)
          at jestAdapter (C:\Users\leotm\Desktop\Projetos\Programming\vacation-scheduler\node_modules\jest-circus\build\legacy-code-todo-rewrite\jestAdapter.js:82:19)
          at runTestInternal (C:\Users\leotm\Desktop\Projetos\Programming\vacation-scheduler\node_modules\jest-runner\build\runTest.js:389:16)
          at runTest (C:\Users\leotm\Desktop\Projetos\Programming\vacation-scheduler\node_modules\jest-runner\build\runTest.js:475:34)
          at Object.worker (C:\Users\leotm\Desktop\Projetos\Programming\vacation-scheduler\node_modules\jest-runner\build\testWorker.js:133:12)

    [0m [90m 34 |[39m
     [90m 35 |[39m [36mconst[39m renderCalendar [33m=[39m (overrides [33m=[39m {}) [33m=>[39m {
    [31m[1m>[22m[39m[90m 36 |[39m   [36mreturn[39m render([33m<[39m[33mCalendarView[39m {[33m...[39mdefaultProps} {[33m...[39moverrides} [33m/[39m[33m>[39m)[33m;[39m
     [90m    |[39m                [31m[1m^[22m[39m
     [90m 37 |[39m }[33m;[39m
     [90m 38 |[39m
     [90m 39 |[39m describe([32m'CalendarView rendering'[39m[33m,[39m () [33m=>[39m {[0m

      at VirtualConsole.<anonymous> (node_modules/jsdom/lib/jsdom/virtual-console.js:29:45)
      at reportException (node_modules/jsdom/lib/jsdom/living/helpers/runtime-script-errors.js:70:28)
      at innerInvokeEventListeners (node_modules/jsdom/lib/jsdom/living/events/EventTarget-impl.js:341:9)
      at invokeEventListeners (node_modules/jsdom/lib/jsdom/living/events/EventTarget-impl.js:274:3)
      at HTMLUnknownElementImpl._dispatch (node_modules/jsdom/lib/jsdom/living/events/EventTarget-impl.js:221:9)
      at HTMLUnknownElementImpl.dispatchEvent (node_modules/jsdom/lib/jsdom/living/events/EventTarget-impl.js:94:17)
      at HTMLUnknownElement.dispatchEvent (node_modules/jsdom/lib/jsdom/living/generated/EventTarget.js:231:34)
      at Object.invokeGuardedCallbackDev (node_modules/react-dom/cjs/react-dom.development.js:4213:16)
      at invokeGuardedCallback (node_modules/react-dom/cjs/react-dom.development.js:4277:31)
      at beginWork$1 (node_modules/react-dom/cjs/react-dom.development.js:27490:7)
      at performUnitOfWork (node_modules/react-dom/cjs/react-dom.development.js:26599:12)
      at workLoopSync (node_modules/react-dom/cjs/react-dom.development.js:26505:5)
      at renderRootSync (node_modules/react-dom/cjs/react-dom.development.js:26473:7)
      at recoverFromConcurrentError (node_modules/react-dom/cjs/react-dom.development.js:25889:20)
      at performConcurrentWorkOnRoot (node_modules/react-dom/cjs/react-dom.development.js:25789:22)
      at flushActQueue (node_modules/react/cjs/react.development.js:2667:24)
      at act (node_modules/react/cjs/react.development.js:2582:11)
      at node_modules/@testing-library/react/dist/act-compat.js:46:25
      at renderRoot (node_modules/@testing-library/react/dist/pure.js:189:26)
      at render (node_modules/@testing-library/react/dist/pure.js:291:10)
      at renderCalendar (src/components/CalendarView.test.js:36:16)
      at Object.<anonymous> (src/components/CalendarView.test.js:264:5)

    console.error
      The above error occurred in the <Link> component:
      
          at LinkWithRef (C:\Users\leotm\Desktop\Projetos\Programming\vacation-scheduler\node_modules\react-router\dist\development\chunk-2YMDXNOJ.js:384:5)
          at p
          at div
          at div
          at form
          at CalendarView (C:\Users\leotm\Desktop\Projetos\Programming\vacation-scheduler\src\components\CalendarView.js:44:25)
      
      Consider adding an error boundary to your tree to customize error handling behavior.
      Visit https://reactjs.org/link/error-boundaries to learn more about error boundaries.

    [0m [90m 34 |[39m
     [90m 35 |[39m [36mconst[39m renderCalendar [33m=[39m (overrides [33m=[39m {}) [33m=>[39m {
    [31m[1m>[22m[39m[90m 36 |[39m   [36mreturn[39m render([33m<[39m[33mCalendarView[39m {[33m...[39mdefaultProps} {[33m...[39moverrides} [33m/[39m[33m>[39m)[33m;[39m
     [90m    |[39m                [31m[1m^[22m[39m
     [90m 37 |[39m }[33m;[39m
     [90m 38 |[39m
     [90m 39 |[39m describe([32m'CalendarView rendering'[39m[33m,[39m () [33m=>[39m {[0m

      at logCapturedError (node_modules/react-dom/cjs/react-dom.development.js:18704:23)
      at update.callback (node_modules/react-dom/cjs/react-dom.development.js:18737:5)
      at callCallback (node_modules/react-dom/cjs/react-dom.development.js:15036:12)
      at commitUpdateQueue (node_modules/react-dom/cjs/react-dom.development.js:15057:9)
      at commitLayoutEffectOnFiber (node_modules/react-dom/cjs/react-dom.development.js:23430:13)
      at commitLayoutMountEffects_complete (node_modules/react-dom/cjs/react-dom.development.js:24727:9)
      at commitLayoutEffects_begin (node_modules/react-dom/cjs/react-dom.development.js:24713:7)
      at commitLayoutEffects (node_modules/react-dom/cjs/react-dom.development.js:24651:3)
      at commitRootImpl (node_modules/react-dom/cjs/react-dom.development.js:26862:5)
      at commitRoot (node_modules/react-dom/cjs/react-dom.development.js:26721:5)
      at finishConcurrentRender (node_modules/react-dom/cjs/react-dom.development.js:25931:9)
      at performConcurrentWorkOnRoot (node_modules/react-dom/cjs/react-dom.development.js:25848:7)
      at flushActQueue (node_modules/react/cjs/react.development.js:2667:24)
      at act (node_modules/react/cjs/react.development.js:2582:11)
      at node_modules/@testing-library/react/dist/act-compat.js:46:25
      at renderRoot (node_modules/@testing-library/react/dist/pure.js:189:26)
      at render (node_modules/@testing-library/react/dist/pure.js:291:10)
      at renderCalendar (src/components/CalendarView.test.js:36:16)
      at Object.<anonymous> (src/components/CalendarView.test.js:264:5)

    console.error
      Error: Uncaught [TypeError: Cannot destructure property 'basename' of 'React.useContext(...)' as it is null.]
          at reportException (C:\Users\leotm\Desktop\Projetos\Programming\vacation-scheduler\node_modules\jsdom\lib\jsdom\living\helpers\runtime-script-errors.js:66:24)
          at innerInvokeEventListeners (C:\Users\leotm\Desktop\Projetos\Programming\vacation-scheduler\node_modules\jsdom\lib\jsdom\living\events\EventTarget-impl.js:341:9)
          at invokeEventListeners (C:\Users\leotm\Desktop\Projetos\Programming\vacation-scheduler\node_modules\jsdom\lib\jsdom\living\events\EventTarget-impl.js:274:3)
          at HTMLUnknownElementImpl._dispatch (C:\Users\leotm\Desktop\Projetos\Programming\vacation-scheduler\node_modules\jsdom\lib\jsdom\living\events\EventTarget-impl.js:221:9)
          at HTMLUnknownElementImpl.dispatchEvent (C:\Users\leotm\Desktop\Projetos\Programming\vacation-scheduler\node_modules\jsdom\lib\jsdom\living\events\EventTarget-impl.js:94:17)
          at HTMLUnknownElement.dispatchEvent (C:\Users\leotm\Desktop\Projetos\Programming\vacation-scheduler\node_modules\jsdom\lib\jsdom\living\generated\EventTarget.js:231:34)
          at Object.invokeGuardedCallbackDev (C:\Users\leotm\Desktop\Projetos\Programming\vacation-scheduler\node_modules\react-dom\cjs\react-dom.development.js:4213:16)
          at invokeGuardedCallback (C:\Users\leotm\Desktop\Projetos\Programming\vacation-scheduler\node_modules\react-dom\cjs\react-dom.development.js:4277:31)
          at beginWork$1 (C:\Users\leotm\Desktop\Projetos\Programming\vacation-scheduler\node_modules\react-dom\cjs\react-dom.development.js:27490:7)
          at performUnitOfWork (C:\Users\leotm\Desktop\Projetos\Programming\vacation-scheduler\node_modules\react-dom\cjs\react-dom.development.js:26599:12)
          at workLoopSync (C:\Users\leotm\Desktop\Projetos\Programming\vacation-scheduler\node_modules\react-dom\cjs\react-dom.development.js:26505:5)
          at renderRootSync (C:\Users\leotm\Desktop\Projetos\Programming\vacation-scheduler\node_modules\react-dom\cjs\react-dom.development.js:26473:7)
          at performConcurrentWorkOnRoot (C:\Users\leotm\Desktop\Projetos\Programming\vacation-scheduler\node_modules\react-dom\cjs\react-dom.development.js:25777:74)
          at flushActQueue (C:\Users\leotm\Desktop\Projetos\Programming\vacation-scheduler\node_modules\react\cjs\react.development.js:2667:24)
          at act (C:\Users\leotm\Desktop\Projetos\Programming\vacation-scheduler\node_modules\react\cjs\react.development.js:2582:11)
          at C:\Users\leotm\Desktop\Projetos\Programming\vacation-scheduler\node_modules\@testing-library\react\dist\act-compat.js:46:25
          at renderRoot (C:\Users\leotm\Desktop\Projetos\Programming\vacation-scheduler\node_modules\@testing-library\react\dist\pure.js:189:26)
          at render (C:\Users\leotm\Desktop\Projetos\Programming\vacation-scheduler\node_modules\@testing-library\react\dist\pure.js:291:10)
          at renderCalendar (C:\Users\leotm\Desktop\Projetos\Programming\vacation-scheduler\src\components\CalendarView.test.js:36:16)
          at Object.<anonymous> (C:\Users\leotm\Desktop\Projetos\Programming\vacation-scheduler\src\components\CalendarView.test.js:282:5)
          at Promise.then.completed (C:\Users\leotm\Desktop\Projetos\Programming\vacation-scheduler\node_modules\jest-circus\build\utils.js:391:28)
          at new Promise (<anonymous>)
          at callAsyncCircusFn (C:\Users\leotm\Desktop\Projetos\Programming\vacation-scheduler\node_modules\jest-circus\build\utils.js:316:10)
          at _callCircusTest (C:\Users\leotm\Desktop\Projetos\Programming\vacation-scheduler\node_modules\jest-circus\build\run.js:218:40)
          at processTicksAndRejections (node:internal/process/task_queues:103:5)
          at _runTest (C:\Users\leotm\Desktop\Projetos\Programming\vacation-scheduler\node_modules\jest-circus\build\run.js:155:3)
          at _runTestsForDescribeBlock (C:\Users\leotm\Desktop\Projetos\Programming\vacation-scheduler\node_modules\jest-circus\build\run.js:66:9)
          at _runTestsForDescribeBlock (C:\Users\leotm\Desktop\Projetos\Programming\vacation-scheduler\node_modules\jest-circus\build\run.js:60:9)
          at run (C:\Users\leotm\Desktop\Projetos\Programming\vacation-scheduler\node_modules\jest-circus\build\run.js:25:3)
          at runAndTransformResultsToJestFormat (C:\Users\leotm\Desktop\Projetos\Programming\vacation-scheduler\node_modules\jest-circus\build\legacy-code-todo-rewrite\jestAdapterInit.js:170:21)
          at jestAdapter (C:\Users\leotm\Desktop\Projetos\Programming\vacation-scheduler\node_modules\jest-circus\build\legacy-code-todo-rewrite\jestAdapter.js:82:19)
          at runTestInternal (C:\Users\leotm\Desktop\Projetos\Programming\vacation-scheduler\node_modules\jest-runner\build\runTest.js:389:16)
          at runTest (C:\Users\leotm\Desktop\Projetos\Programming\vacation-scheduler\node_modules\jest-runner\build\runTest.js:475:34)
          at Object.worker (C:\Users\leotm\Desktop\Projetos\Programming\vacation-scheduler\node_modules\jest-runner\build\testWorker.js:133:12) TypeError: Cannot destructure property 'basename' of 'React.useContext(...)' as it is null.
          at LinkWithRef (C:\Users\leotm\Desktop\Projetos\Programming\vacation-scheduler\node_modules\react-router\dist\development\chunk-2YMDXNOJ.js:399:11)
          at renderWithHooks (C:\Users\leotm\Desktop\Projetos\Programming\vacation-scheduler\node_modules\react-dom\cjs\react-dom.development.js:15486:18)
          at updateForwardRef (C:\Users\leotm\Desktop\Projetos\Programming\vacation-scheduler\node_modules\react-dom\cjs\react-dom.development.js:19245:20)
          at beginWork (C:\Users\leotm\Desktop\Projetos\Programming\vacation-scheduler\node_modules\react-dom\cjs\react-dom.development.js:21675:16)
          at HTMLUnknownElement.callCallback (C:\Users\leotm\Desktop\Projetos\Programming\vacation-scheduler\node_modules\react-dom\cjs\react-dom.development.js:4164:14)
          at HTMLUnknownElement.callTheUserObjectsOperation (C:\Users\leotm\Desktop\Projetos\Programming\vacation-scheduler\node_modules\jsdom\lib\jsdom\living\generated\EventListener.js:26:30)
          at innerInvokeEventListeners (C:\Users\leotm\Desktop\Projetos\Programming\vacation-scheduler\node_modules\jsdom\lib\jsdom\living\events\EventTarget-impl.js:338:25)
          at invokeEventListeners (C:\Users\leotm\Desktop\Projetos\Programming\vacation-scheduler\node_modules\jsdom\lib\jsdom\living\events\EventTarget-impl.js:274:3)
          at HTMLUnknownElementImpl._dispatch (C:\Users\leotm\Desktop\Projetos\Programming\vacation-scheduler\node_modules\jsdom\lib\jsdom\living\events\EventTarget-impl.js:221:9)
          at HTMLUnknownElementImpl.dispatchEvent (C:\Users\leotm\Desktop\Projetos\Programming\vacation-scheduler\node_modules\jsdom\lib\jsdom\living\events\EventTarget-impl.js:94:17)
          at HTMLUnknownElement.dispatchEvent (C:\Users\leotm\Desktop\Projetos\Programming\vacation-scheduler\node_modules\jsdom\lib\jsdom\living\generated\EventTarget.js:231:34)
          at Object.invokeGuardedCallbackDev (C:\Users\leotm\Desktop\Projetos\Programming\vacation-scheduler\node_modules\react-dom\cjs\react-dom.development.js:4213:16)
          at invokeGuardedCallback (C:\Users\leotm\Desktop\Projetos\Programming\vacation-scheduler\node_modules\react-dom\cjs\react-dom.development.js:4277:31)
          at beginWork$1 (C:\Users\leotm\Desktop\Projetos\Programming\vacation-scheduler\node_modules\react-dom\cjs\react-dom.development.js:27490:7)
          at performUnitOfWork (C:\Users\leotm\Desktop\Projetos\Programming\vacation-scheduler\node_modules\react-dom\cjs\react-dom.development.js:26599:12)
          at workLoopSync (C:\Users\leotm\Desktop\Projetos\Programming\vacation-scheduler\node_modules\react-dom\cjs\react-dom.development.js:26505:5)
          at renderRootSync (C:\Users\leotm\Desktop\Projetos\Programming\vacation-scheduler\node_modules\react-dom\cjs\react-dom.development.js:26473:7)
          at performConcurrentWorkOnRoot (C:\Users\leotm\Desktop\Projetos\Programming\vacation-scheduler\node_modules\react-dom\cjs\react-dom.development.js:25777:74)
          at flushActQueue (C:\Users\leotm\Desktop\Projetos\Programming\vacation-scheduler\node_modules\react\cjs\react.development.js:2667:24)
          at act (C:\Users\leotm\Desktop\Projetos\Programming\vacation-scheduler\node_modules\react\cjs\react.development.js:2582:11)
          at C:\Users\leotm\Desktop\Projetos\Programming\vacation-scheduler\node_modules\@testing-library\react\dist\act-compat.js:46:25
          at renderRoot (C:\Users\leotm\Desktop\Projetos\Programming\vacation-scheduler\node_modules\@testing-library\react\dist\pure.js:189:26)
          at render (C:\Users\leotm\Desktop\Projetos\Programming\vacation-scheduler\node_modules\@testing-library\react\dist\pure.js:291:10)
          at renderCalendar (C:\Users\leotm\Desktop\Projetos\Programming\vacation-scheduler\src\components\CalendarView.test.js:36:16)
          at Object.<anonymous> (C:\Users\leotm\Desktop\Projetos\Programming\vacation-scheduler\src\components\CalendarView.test.js:282:5)
          at Promise.then.completed (C:\Users\leotm\Desktop\Projetos\Programming\vacation-scheduler\node_modules\jest-circus\build\utils.js:391:28)
          at new Promise (<anonymous>)
          at callAsyncCircusFn (C:\Users\leotm\Desktop\Projetos\Programming\vacation-scheduler\node_modules\jest-circus\build\utils.js:316:10)
          at _callCircusTest (C:\Users\leotm\Desktop\Projetos\Programming\vacation-scheduler\node_modules\jest-circus\build\run.js:218:40)
          at processTicksAndRejections (node:internal/process/task_queues:103:5)
          at _runTest (C:\Users\leotm\Desktop\Projetos\Programming\vacation-scheduler\node_modules\jest-circus\build\run.js:155:3)
          at _runTestsForDescribeBlock (C:\Users\leotm\Desktop\Projetos\Programming\vacation-scheduler\node_modules\jest-circus\build\run.js:66:9)
          at _runTestsForDescribeBlock (C:\Users\leotm\Desktop\Projetos\Programming\vacation-scheduler\node_modules\jest-circus\build\run.js:60:9)
          at run (C:\Users\leotm\Desktop\Projetos\Programming\vacation-scheduler\node_modules\jest-circus\build\run.js:25:3)
          at runAndTransformResultsToJestFormat (C:\Users\leotm\Desktop\Projetos\Programming\vacation-scheduler\node_modules\jest-circus\build\legacy-code-todo-rewrite\jestAdapterInit.js:170:21)
          at jestAdapter (C:\Users\leotm\Desktop\Projetos\Programming\vacation-scheduler\node_modules\jest-circus\build\legacy-code-todo-rewrite\jestAdapter.js:82:19)
          at runTestInternal (C:\Users\leotm\Desktop\Projetos\Programming\vacation-scheduler\node_modules\jest-runner\build\runTest.js:389:16)
          at runTest (C:\Users\leotm\Desktop\Projetos\Programming\vacation-scheduler\node_modules\jest-runner\build\runTest.js:475:34)
          at Object.worker (C:\Users\leotm\Desktop\Projetos\Programming\vacation-scheduler\node_modules\jest-runner\build\testWorker.js:133:12)

    [0m [90m 34 |[39m
     [90m 35 |[39m [36mconst[39m renderCalendar [33m=[39m (overrides [33m=[39m {}) [33m=>[39m {
    [31m[1m>[22m[39m[90m 36 |[39m   [36mreturn[39m render([33m<[39m[33mCalendarView[39m {[33m...[39mdefaultProps} {[33m...[39moverrides} [33m/[39m[33m>[39m)[33m;[39m
     [90m    |[39m                [31m[1m^[22m[39m
     [90m 37 |[39m }[33m;[39m
     [90m 38 |[39m
     [90m 39 |[39m describe([32m'CalendarView rendering'[39m[33m,[39m () [33m=>[39m {[0m

      at VirtualConsole.<anonymous> (node_modules/jsdom/lib/jsdom/virtual-console.js:29:45)
      at reportException (node_modules/jsdom/lib/jsdom/living/helpers/runtime-script-errors.js:70:28)
      at innerInvokeEventListeners (node_modules/jsdom/lib/jsdom/living/events/EventTarget-impl.js:341:9)
      at invokeEventListeners (node_modules/jsdom/lib/jsdom/living/events/EventTarget-impl.js:274:3)
      at HTMLUnknownElementImpl._dispatch (node_modules/jsdom/lib/jsdom/living/events/EventTarget-impl.js:221:9)
      at HTMLUnknownElementImpl.dispatchEvent (node_modules/jsdom/lib/jsdom/living/events/EventTarget-impl.js:94:17)
      at HTMLUnknownElement.dispatchEvent (node_modules/jsdom/lib/jsdom/living/generated/EventTarget.js:231:34)
      at Object.invokeGuardedCallbackDev (node_modules/react-dom/cjs/react-dom.development.js:4213:16)
      at invokeGuardedCallback (node_modules/react-dom/cjs/react-dom.development.js:4277:31)
      at beginWork$1 (node_modules/react-dom/cjs/react-dom.development.js:27490:7)
      at performUnitOfWork (node_modules/react-dom/cjs/react-dom.development.js:26599:12)
      at workLoopSync (node_modules/react-dom/cjs/react-dom.development.js:26505:5)
      at renderRootSync (node_modules/react-dom/cjs/react-dom.development.js:26473:7)
      at performConcurrentWorkOnRoot (node_modules/react-dom/cjs/react-dom.development.js:25777:74)
      at flushActQueue (node_modules/react/cjs/react.development.js:2667:24)
      at act (node_modules/react/cjs/react.development.js:2582:11)
      at node_modules/@testing-library/react/dist/act-compat.js:46:25
      at renderRoot (node_modules/@testing-library/react/dist/pure.js:189:26)
      at render (node_modules/@testing-library/react/dist/pure.js:291:10)
      at renderCalendar (src/components/CalendarView.test.js:36:16)
      at Object.<anonymous> (src/components/CalendarView.test.js:282:5)

    console.error
      Error: Uncaught [TypeError: Cannot destructure property 'basename' of 'React.useContext(...)' as it is null.]
          at reportException (C:\Users\leotm\Desktop\Projetos\Programming\vacation-scheduler\node_modules\jsdom\lib\jsdom\living\helpers\runtime-script-errors.js:66:24)
          at innerInvokeEventListeners (C:\Users\leotm\Desktop\Projetos\Programming\vacation-scheduler\node_modules\jsdom\lib\jsdom\living\events\EventTarget-impl.js:341:9)
          at invokeEventListeners (C:\Users\leotm\Desktop\Projetos\Programming\vacation-scheduler\node_modules\jsdom\lib\jsdom\living\events\EventTarget-impl.js:274:3)
          at HTMLUnknownElementImpl._dispatch (C:\Users\leotm\Desktop\Projetos\Programming\vacation-scheduler\node_modules\jsdom\lib\jsdom\living\events\EventTarget-impl.js:221:9)
          at HTMLUnknownElementImpl.dispatchEvent (C:\Users\leotm\Desktop\Projetos\Programming\vacation-scheduler\node_modules\jsdom\lib\jsdom\living\events\EventTarget-impl.js:94:17)
          at HTMLUnknownElement.dispatchEvent (C:\Users\leotm\Desktop\Projetos\Programming\vacation-scheduler\node_modules\jsdom\lib\jsdom\living\generated\EventTarget.js:231:34)
          at Object.invokeGuardedCallbackDev (C:\Users\leotm\Desktop\Projetos\Programming\vacation-scheduler\node_modules\react-dom\cjs\react-dom.development.js:4213:16)
          at invokeGuardedCallback (C:\Users\leotm\Desktop\Projetos\Programming\vacation-scheduler\node_modules\react-dom\cjs\react-dom.development.js:4277:31)
          at beginWork$1 (C:\Users\leotm\Desktop\Projetos\Programming\vacation-scheduler\node_modules\react-dom\cjs\react-dom.development.js:27490:7)
          at performUnitOfWork (C:\Users\leotm\Desktop\Projetos\Programming\vacation-scheduler\node_modules\react-dom\cjs\react-dom.development.js:26599:12)
          at workLoopSync (C:\Users\leotm\Desktop\Projetos\Programming\vacation-scheduler\node_modules\react-dom\cjs\react-dom.development.js:26505:5)
          at renderRootSync (C:\Users\leotm\Desktop\Projetos\Programming\vacation-scheduler\node_modules\react-dom\cjs\react-dom.development.js:26473:7)
          at recoverFromConcurrentError (C:\Users\leotm\Desktop\Projetos\Programming\vacation-scheduler\node_modules\react-dom\cjs\react-dom.development.js:25889:20)
          at performConcurrentWorkOnRoot (C:\Users\leotm\Desktop\Projetos\Programming\vacation-scheduler\node_modules\react-dom\cjs\react-dom.development.js:25789:22)
          at flushActQueue (C:\Users\leotm\Desktop\Projetos\Programming\vacation-scheduler\node_modules\react\cjs\react.development.js:2667:24)
          at act (C:\Users\leotm\Desktop\Projetos\Programming\vacation-scheduler\node_modules\react\cjs\react.development.js:2582:11)
          at C:\Users\leotm\Desktop\Projetos\Programming\vacation-scheduler\node_modules\@testing-library\react\dist\act-compat.js:46:25
          at renderRoot (C:\Users\leotm\Desktop\Projetos\Programming\vacation-scheduler\node_modules\@testing-library\react\dist\pure.js:189:26)
          at render (C:\Users\leotm\Desktop\Projetos\Programming\vacation-scheduler\node_modules\@testing-library\react\dist\pure.js:291:10)
          at renderCalendar (C:\Users\leotm\Desktop\Projetos\Programming\vacation-scheduler\src\components\CalendarView.test.js:36:16)
          at Object.<anonymous> (C:\Users\leotm\Desktop\Projetos\Programming\vacation-scheduler\src\components\CalendarView.test.js:282:5)
          at Promise.then.completed (C:\Users\leotm\Desktop\Projetos\Programming\vacation-scheduler\node_modules\jest-circus\build\utils.js:391:28)
          at new Promise (<anonymous>)
          at callAsyncCircusFn (C:\Users\leotm\Desktop\Projetos\Programming\vacation-scheduler\node_modules\jest-circus\build\utils.js:316:10)
          at _callCircusTest (C:\Users\leotm\Desktop\Projetos\Programming\vacation-scheduler\node_modules\jest-circus\build\run.js:218:40)
          at processTicksAndRejections (node:internal/process/task_queues:103:5)
          at _runTest (C:\Users\leotm\Desktop\Projetos\Programming\vacation-scheduler\node_modules\jest-circus\build\run.js:155:3)
          at _runTestsForDescribeBlock (C:\Users\leotm\Desktop\Projetos\Programming\vacation-scheduler\node_modules\jest-circus\build\run.js:66:9)
          at _runTestsForDescribeBlock (C:\Users\leotm\Desktop\Projetos\Programming\vacation-scheduler\node_modules\jest-circus\build\run.js:60:9)
          at run (C:\Users\leotm\Desktop\Projetos\Programming\vacation-scheduler\node_modules\jest-circus\build\run.js:25:3)
          at runAndTransformResultsToJestFormat (C:\Users\leotm\Desktop\Projetos\Programming\vacation-scheduler\node_modules\jest-circus\build\legacy-code-todo-rewrite\jestAdapterInit.js:170:21)
          at jestAdapter (C:\Users\leotm\Desktop\Projetos\Programming\vacation-scheduler\node_modules\jest-circus\build\legacy-code-todo-rewrite\jestAdapter.js:82:19)
          at runTestInternal (C:\Users\leotm\Desktop\Projetos\Programming\vacation-scheduler\node_modules\jest-runner\build\runTest.js:389:16)
          at runTest (C:\Users\leotm\Desktop\Projetos\Programming\vacation-scheduler\node_modules\jest-runner\build\runTest.js:475:34)
          at Object.worker (C:\Users\leotm\Desktop\Projetos\Programming\vacation-scheduler\node_modules\jest-runner\build\testWorker.js:133:12) TypeError: Cannot destructure property 'basename' of 'React.useContext(...)' as it is null.
          at LinkWithRef (C:\Users\leotm\Desktop\Projetos\Programming\vacation-scheduler\node_modules\react-router\dist\development\chunk-2YMDXNOJ.js:399:11)
          at renderWithHooks (C:\Users\leotm\Desktop\Projetos\Programming\vacation-scheduler\node_modules\react-dom\cjs\react-dom.development.js:15486:18)
          at updateForwardRef (C:\Users\leotm\Desktop\Projetos\Programming\vacation-scheduler\node_modules\react-dom\cjs\react-dom.development.js:19245:20)
          at beginWork (C:\Users\leotm\Desktop\Projetos\Programming\vacation-scheduler\node_modules\react-dom\cjs\react-dom.development.js:21675:16)
          at HTMLUnknownElement.callCallback (C:\Users\leotm\Desktop\Projetos\Programming\vacation-scheduler\node_modules\react-dom\cjs\react-dom.development.js:4164:14)
          at HTMLUnknownElement.callTheUserObjectsOperation (C:\Users\leotm\Desktop\Projetos\Programming\vacation-scheduler\node_modules\jsdom\lib\jsdom\living\generated\EventListener.js:26:30)
          at innerInvokeEventListeners (C:\Users\leotm\Desktop\Projetos\Programming\vacation-scheduler\node_modules\jsdom\lib\jsdom\living\events\EventTarget-impl.js:338:25)
          at invokeEventListeners (C:\Users\leotm\Desktop\Projetos\Programming\vacation-scheduler\node_modules\jsdom\lib\jsdom\living\events\EventTarget-impl.js:274:3)
          at HTMLUnknownElementImpl._dispatch (C:\Users\leotm\Desktop\Projetos\Programming\vacation-scheduler\node_modules\jsdom\lib\jsdom\living\events\EventTarget-impl.js:221:9)
          at HTMLUnknownElementImpl.dispatchEvent (C:\Users\leotm\Desktop\Projetos\Programming\vacation-scheduler\node_modules\jsdom\lib\jsdom\living\events\EventTarget-impl.js:94:17)
          at HTMLUnknownElement.dispatchEvent (C:\Users\leotm\Desktop\Projetos\Programming\vacation-scheduler\node_modules\jsdom\lib\jsdom\living\generated\EventTarget.js:231:34)
          at Object.invokeGuardedCallbackDev (C:\Users\leotm\Desktop\Projetos\Programming\vacation-scheduler\node_modules\react-dom\cjs\react-dom.development.js:4213:16)
          at invokeGuardedCallback (C:\Users\leotm\Desktop\Projetos\Programming\vacation-scheduler\node_modules\react-dom\cjs\react-dom.development.js:4277:31)
          at beginWork$1 (C:\Users\leotm\Desktop\Projetos\Programming\vacation-scheduler\node_modules\react-dom\cjs\react-dom.development.js:27490:7)
          at performUnitOfWork (C:\Users\leotm\Desktop\Projetos\Programming\vacation-scheduler\node_modules\react-dom\cjs\react-dom.development.js:26599:12)
          at workLoopSync (C:\Users\leotm\Desktop\Projetos\Programming\vacation-scheduler\node_modules\react-dom\cjs\react-dom.development.js:26505:5)
          at renderRootSync (C:\Users\leotm\Desktop\Projetos\Programming\vacation-scheduler\node_modules\react-dom\cjs\react-dom.development.js:26473:7)
          at recoverFromConcurrentError (C:\Users\leotm\Desktop\Projetos\Programming\vacation-scheduler\node_modules\react-dom\cjs\react-dom.development.js:25889:20)
          at performConcurrentWorkOnRoot (C:\Users\leotm\Desktop\Projetos\Programming\vacation-scheduler\node_modules\react-dom\cjs\react-dom.development.js:25789:22)
          at flushActQueue (C:\Users\leotm\Desktop\Projetos\Programming\vacation-scheduler\node_modules\react\cjs\react.development.js:2667:24)
          at act (C:\Users\leotm\Desktop\Projetos\Programming\vacation-scheduler\node_modules\react\cjs\react.development.js:2582:11)
          at C:\Users\leotm\Desktop\Projetos\Programming\vacation-scheduler\node_modules\@testing-library\react\dist\act-compat.js:46:25
          at renderRoot (C:\Users\leotm\Desktop\Projetos\Programming\vacation-scheduler\node_modules\@testing-library\react\dist\pure.js:189:26)
          at render (C:\Users\leotm\Desktop\Projetos\Programming\vacation-scheduler\node_modules\@testing-library\react\dist\pure.js:291:10)
          at renderCalendar (C:\Users\leotm\Desktop\Projetos\Programming\vacation-scheduler\src\components\CalendarView.test.js:36:16)
          at Object.<anonymous> (C:\Users\leotm\Desktop\Projetos\Programming\vacation-scheduler\src\components\CalendarView.test.js:282:5)
          at Promise.then.completed (C:\Users\leotm\Desktop\Projetos\Programming\vacation-scheduler\node_modules\jest-circus\build\utils.js:391:28)
          at new Promise (<anonymous>)
          at callAsyncCircusFn (C:\Users\leotm\Desktop\Projetos\Programming\vacation-scheduler\node_modules\jest-circus\build\utils.js:316:10)
          at _callCircusTest (C:\Users\leotm\Desktop\Projetos\Programming\vacation-scheduler\node_modules\jest-circus\build\run.js:218:40)
          at processTicksAndRejections (node:internal/process/task_queues:103:5)
          at _runTest (C:\Users\leotm\Desktop\Projetos\Programming\vacation-scheduler\node_modules\jest-circus\build\run.js:155:3)
          at _runTestsForDescribeBlock (C:\Users\leotm\Desktop\Projetos\Programming\vacation-scheduler\node_modules\jest-circus\build\run.js:66:9)
          at _runTestsForDescribeBlock (C:\Users\leotm\Desktop\Projetos\Programming\vacation-scheduler\node_modules\jest-circus\build\run.js:60:9)
          at run (C:\Users\leotm\Desktop\Projetos\Programming\vacation-scheduler\node_modules\jest-circus\build\run.js:25:3)
          at runAndTransformResultsToJestFormat (C:\Users\leotm\Desktop\Projetos\Programming\vacation-scheduler\node_modules\jest-circus\build\legacy-code-todo-rewrite\jestAdapterInit.js:170:21)
          at jestAdapter (C:\Users\leotm\Desktop\Projetos\Programming\vacation-scheduler\node_modules\jest-circus\build\legacy-code-todo-rewrite\jestAdapter.js:82:19)
          at runTestInternal (C:\Users\leotm\Desktop\Projetos\Programming\vacation-scheduler\node_modules\jest-runner\build\runTest.js:389:16)
          at runTest (C:\Users\leotm\Desktop\Projetos\Programming\vacation-scheduler\node_modules\jest-runner\build\runTest.js:475:34)
          at Object.worker (C:\Users\leotm\Desktop\Projetos\Programming\vacation-scheduler\node_modules\jest-runner\build\testWorker.js:133:12)

    [0m [90m 34 |[39m
     [90m 35 |[39m [36mconst[39m renderCalendar [33m=[39m (overrides [33m=[39m {}) [33m=>[39m {
    [31m[1m>[22m[39m[90m 36 |[39m   [36mreturn[39m render([33m<[39m[33mCalendarView[39m {[33m...[39mdefaultProps} {[33m...[39moverrides} [33m/[39m[33m>[39m)[33m;[39m
     [90m    |[39m                [31m[1m^[22m[39m
     [90m 37 |[39m }[33m;[39m
     [90m 38 |[39m
     [90m 39 |[39m describe([32m'CalendarView rendering'[39m[33m,[39m () [33m=>[39m {[0m

      at VirtualConsole.<anonymous> (node_modules/jsdom/lib/jsdom/virtual-console.js:29:45)
      at reportException (node_modules/jsdom/lib/jsdom/living/helpers/runtime-script-errors.js:70:28)
      at innerInvokeEventListeners (node_modules/jsdom/lib/jsdom/living/events/EventTarget-impl.js:341:9)
      at invokeEventListeners (node_modules/jsdom/lib/jsdom/living/events/EventTarget-impl.js:274:3)
      at HTMLUnknownElementImpl._dispatch (node_modules/jsdom/lib/jsdom/living/events/EventTarget-impl.js:221:9)
      at HTMLUnknownElementImpl.dispatchEvent (node_modules/jsdom/lib/jsdom/living/events/EventTarget-impl.js:94:17)
      at HTMLUnknownElement.dispatchEvent (node_modules/jsdom/lib/jsdom/living/generated/EventTarget.js:231:34)
      at Object.invokeGuardedCallbackDev (node_modules/react-dom/cjs/react-dom.development.js:4213:16)
      at invokeGuardedCallback (node_modules/react-dom/cjs/react-dom.development.js:4277:31)
      at beginWork$1 (node_modules/react-dom/cjs/react-dom.development.js:27490:7)
      at performUnitOfWork (node_modules/react-dom/cjs/react-dom.development.js:26599:12)
      at workLoopSync (node_modules/react-dom/cjs/react-dom.development.js:26505:5)
      at renderRootSync (node_modules/react-dom/cjs/react-dom.development.js:26473:7)
      at recoverFromConcurrentError (node_modules/react-dom/cjs/react-dom.development.js:25889:20)
      at performConcurrentWorkOnRoot (node_modules/react-dom/cjs/react-dom.development.js:25789:22)
      at flushActQueue (node_modules/react/cjs/react.development.js:2667:24)
      at act (node_modules/react/cjs/react.development.js:2582:11)
      at node_modules/@testing-library/react/dist/act-compat.js:46:25
      at renderRoot (node_modules/@testing-library/react/dist/pure.js:189:26)
      at render (node_modules/@testing-library/react/dist/pure.js:291:10)
      at renderCalendar (src/components/CalendarView.test.js:36:16)
      at Object.<anonymous> (src/components/CalendarView.test.js:282:5)

    console.error
      The above error occurred in the <Link> component:
      
          at LinkWithRef (C:\Users\leotm\Desktop\Projetos\Programming\vacation-scheduler\node_modules\react-router\dist\development\chunk-2YMDXNOJ.js:384:5)
          at p
          at div
          at div
          at form
          at CalendarView (C:\Users\leotm\Desktop\Projetos\Programming\vacation-scheduler\src\components\CalendarView.js:44:25)
      
      Consider adding an error boundary to your tree to customize error handling behavior.
      Visit https://reactjs.org/link/error-boundaries to learn more about error boundaries.

    [0m [90m 34 |[39m
     [90m 35 |[39m [36mconst[39m renderCalendar [33m=[39m (overrides [33m=[39m {}) [33m=>[39m {
    [31m[1m>[22m[39m[90m 36 |[39m   [36mreturn[39m render([33m<[39m[33mCalendarView[39m {[33m...[39mdefaultProps} {[33m...[39moverrides} [33m/[39m[33m>[39m)[33m;[39m
     [90m    |[39m                [31m[1m^[22m[39m
     [90m 37 |[39m }[33m;[39m
     [90m 38 |[39m
     [90m 39 |[39m describe([32m'CalendarView rendering'[39m[33m,[39m () [33m=>[39m {[0m

      at logCapturedError (node_modules/react-dom/cjs/react-dom.development.js:18704:23)
      at update.callback (node_modules/react-dom/cjs/react-dom.development.js:18737:5)
      at callCallback (node_modules/react-dom/cjs/react-dom.development.js:15036:12)
      at commitUpdateQueue (node_modules/react-dom/cjs/react-dom.development.js:15057:9)
      at commitLayoutEffectOnFiber (node_modules/react-dom/cjs/react-dom.development.js:23430:13)
      at commitLayoutMountEffects_complete (node_modules/react-dom/cjs/react-dom.development.js:24727:9)
      at commitLayoutEffects_begin (node_modules/react-dom/cjs/react-dom.development.js:24713:7)
      at commitLayoutEffects (node_modules/react-dom/cjs/react-dom.development.js:24651:3)
      at commitRootImpl (node_modules/react-dom/cjs/react-dom.development.js:26862:5)
      at commitRoot (node_modules/react-dom/cjs/react-dom.development.js:26721:5)
      at finishConcurrentRender (node_modules/react-dom/cjs/react-dom.development.js:25931:9)
      at performConcurrentWorkOnRoot (node_modules/react-dom/cjs/react-dom.development.js:25848:7)
      at flushActQueue (node_modules/react/cjs/react.development.js:2667:24)
      at act (node_modules/react/cjs/react.development.js:2582:11)
      at node_modules/@testing-library/react/dist/act-compat.js:46:25
      at renderRoot (node_modules/@testing-library/react/dist/pure.js:189:26)
      at render (node_modules/@testing-library/react/dist/pure.js:291:10)
      at renderCalendar (src/components/CalendarView.test.js:36:16)
      at Object.<anonymous> (src/components/CalendarView.test.js:282:5)

    console.error
      Error: Uncaught [TypeError: Cannot destructure property 'basename' of 'React.useContext(...)' as it is null.]
          at reportException (C:\Users\leotm\Desktop\Projetos\Programming\vacation-scheduler\node_modules\jsdom\lib\jsdom\living\helpers\runtime-script-errors.js:66:24)
          at innerInvokeEventListeners (C:\Users\leotm\Desktop\Projetos\Programming\vacation-scheduler\node_modules\jsdom\lib\jsdom\living\events\EventTarget-impl.js:341:9)
          at invokeEventListeners (C:\Users\leotm\Desktop\Projetos\Programming\vacation-scheduler\node_modules\jsdom\lib\jsdom\living\events\EventTarget-impl.js:274:3)
          at HTMLUnknownElementImpl._dispatch (C:\Users\leotm\Desktop\Projetos\Programming\vacation-scheduler\node_modules\jsdom\lib\jsdom\living\events\EventTarget-impl.js:221:9)
          at HTMLUnknownElementImpl.dispatchEvent (C:\Users\leotm\Desktop\Projetos\Programming\vacation-scheduler\node_modules\jsdom\lib\jsdom\living\events\EventTarget-impl.js:94:17)
          at HTMLUnknownElement.dispatchEvent (C:\Users\leotm\Desktop\Projetos\Programming\vacation-scheduler\node_modules\jsdom\lib\jsdom\living\generated\EventTarget.js:231:34)
          at Object.invokeGuardedCallbackDev (C:\Users\leotm\Desktop\Projetos\Programming\vacation-scheduler\node_modules\react-dom\cjs\react-dom.development.js:4213:16)
          at invokeGuardedCallback (C:\Users\leotm\Desktop\Projetos\Programming\vacation-scheduler\node_modules\react-dom\cjs\react-dom.development.js:4277:31)
          at beginWork$1 (C:\Users\leotm\Desktop\Projetos\Programming\vacation-scheduler\node_modules\react-dom\cjs\react-dom.development.js:27490:7)
          at performUnitOfWork (C:\Users\leotm\Desktop\Projetos\Programming\vacation-scheduler\node_modules\react-dom\cjs\react-dom.development.js:26599:12)
          at workLoopSync (C:\Users\leotm\Desktop\Projetos\Programming\vacation-scheduler\node_modules\react-dom\cjs\react-dom.development.js:26505:5)
          at renderRootSync (C:\Users\leotm\Desktop\Projetos\Programming\vacation-scheduler\node_modules\react-dom\cjs\react-dom.development.js:26473:7)
          at performConcurrentWorkOnRoot (C:\Users\leotm\Desktop\Projetos\Programming\vacation-scheduler\node_modules\react-dom\cjs\react-dom.development.js:25777:74)
          at flushActQueue (C:\Users\leotm\Desktop\Projetos\Programming\vacation-scheduler\node_modules\react\cjs\react.development.js:2667:24)
          at act (C:\Users\leotm\Desktop\Projetos\Programming\vacation-scheduler\node_modules\react\cjs\react.development.js:2582:11)
          at C:\Users\leotm\Desktop\Projetos\Programming\vacation-scheduler\node_modules\@testing-library\react\dist\act-compat.js:46:25
          at renderRoot (C:\Users\leotm\Desktop\Projetos\Programming\vacation-scheduler\node_modules\@testing-library\react\dist\pure.js:189:26)
          at render (C:\Users\leotm\Desktop\Projetos\Programming\vacation-scheduler\node_modules\@testing-library\react\dist\pure.js:291:10)
          at renderCalendar (C:\Users\leotm\Desktop\Projetos\Programming\vacation-scheduler\src\components\CalendarView.test.js:36:16)
          at Object.<anonymous> (C:\Users\leotm\Desktop\Projetos\Programming\vacation-scheduler\src\components\CalendarView.test.js:293:5)
          at Promise.then.completed (C:\Users\leotm\Desktop\Projetos\Programming\vacation-scheduler\node_modules\jest-circus\build\utils.js:391:28)
          at new Promise (<anonymous>)
          at callAsyncCircusFn (C:\Users\leotm\Desktop\Projetos\Programming\vacation-scheduler\node_modules\jest-circus\build\utils.js:316:10)
          at _callCircusTest (C:\Users\leotm\Desktop\Projetos\Programming\vacation-scheduler\node_modules\jest-circus\build\run.js:218:40)
          at processTicksAndRejections (node:internal/process/task_queues:103:5)
          at _runTest (C:\Users\leotm\Desktop\Projetos\Programming\vacation-scheduler\node_modules\jest-circus\build\run.js:155:3)
          at _runTestsForDescribeBlock (C:\Users\leotm\Desktop\Projetos\Programming\vacation-scheduler\node_modules\jest-circus\build\run.js:66:9)
          at _runTestsForDescribeBlock (C:\Users\leotm\Desktop\Projetos\Programming\vacation-scheduler\node_modules\jest-circus\build\run.js:60:9)
          at run (C:\Users\leotm\Desktop\Projetos\Programming\vacation-scheduler\node_modules\jest-circus\build\run.js:25:3)
          at runAndTransformResultsToJestFormat (C:\Users\leotm\Desktop\Projetos\Programming\vacation-scheduler\node_modules\jest-circus\build\legacy-code-todo-rewrite\jestAdapterInit.js:170:21)
          at jestAdapter (C:\Users\leotm\Desktop\Projetos\Programming\vacation-scheduler\node_modules\jest-circus\build\legacy-code-todo-rewrite\jestAdapter.js:82:19)
          at runTestInternal (C:\Users\leotm\Desktop\Projetos\Programming\vacation-scheduler\node_modules\jest-runner\build\runTest.js:389:16)
          at runTest (C:\Users\leotm\Desktop\Projetos\Programming\vacation-scheduler\node_modules\jest-runner\build\runTest.js:475:34)
          at Object.worker (C:\Users\leotm\Desktop\Projetos\Programming\vacation-scheduler\node_modules\jest-runner\build\testWorker.js:133:12) TypeError: Cannot destructure property 'basename' of 'React.useContext(...)' as it is null.
          at LinkWithRef (C:\Users\leotm\Desktop\Projetos\Programming\vacation-scheduler\node_modules\react-router\dist\development\chunk-2YMDXNOJ.js:399:11)
          at renderWithHooks (C:\Users\leotm\Desktop\Projetos\Programming\vacation-scheduler\node_modules\react-dom\cjs\react-dom.development.js:15486:18)
          at updateForwardRef (C:\Users\leotm\Desktop\Projetos\Programming\vacation-scheduler\node_modules\react-dom\cjs\react-dom.development.js:19245:20)
          at beginWork (C:\Users\leotm\Desktop\Projetos\Programming\vacation-scheduler\node_modules\react-dom\cjs\react-dom.development.js:21675:16)
          at HTMLUnknownElement.callCallback (C:\Users\leotm\Desktop\Projetos\Programming\vacation-scheduler\node_modules\react-dom\cjs\react-dom.development.js:4164:14)
          at HTMLUnknownElement.callTheUserObjectsOperation (C:\Users\leotm\Desktop\Projetos\Programming\vacation-scheduler\node_modules\jsdom\lib\jsdom\living\generated\EventListener.js:26:30)
          at innerInvokeEventListeners (C:\Users\leotm\Desktop\Projetos\Programming\vacation-scheduler\node_modules\jsdom\lib\jsdom\living\events\EventTarget-impl.js:338:25)
          at invokeEventListeners (C:\Users\leotm\Desktop\Projetos\Programming\vacation-scheduler\node_modules\jsdom\lib\jsdom\living\events\EventTarget-impl.js:274:3)
          at HTMLUnknownElementImpl._dispatch (C:\Users\leotm\Desktop\Projetos\Programming\vacation-scheduler\node_modules\jsdom\lib\jsdom\living\events\EventTarget-impl.js:221:9)
          at HTMLUnknownElementImpl.dispatchEvent (C:\Users\leotm\Desktop\Projetos\Programming\vacation-scheduler\node_modules\jsdom\lib\jsdom\living\events\EventTarget-impl.js:94:17)
          at HTMLUnknownElement.dispatchEvent (C:\Users\leotm\Desktop\Projetos\Programming\vacation-scheduler\node_modules\jsdom\lib\jsdom\living\generated\EventTarget.js:231:34)
          at Object.invokeGuardedCallbackDev (C:\Users\leotm\Desktop\Projetos\Programming\vacation-scheduler\node_modules\react-dom\cjs\react-dom.development.js:4213:16)
          at invokeGuardedCallback (C:\Users\leotm\Desktop\Projetos\Programming\vacation-scheduler\node_modules\react-dom\cjs\react-dom.development.js:4277:31)
          at beginWork$1 (C:\Users\leotm\Desktop\Projetos\Programming\vacation-scheduler\node_modules\react-dom\cjs\react-dom.development.js:27490:7)
          at performUnitOfWork (C:\Users\leotm\Desktop\Projetos\Programming\vacation-scheduler\node_modules\react-dom\cjs\react-dom.development.js:26599:12)
          at workLoopSync (C:\Users\leotm\Desktop\Projetos\Programming\vacation-scheduler\node_modules\react-dom\cjs\react-dom.development.js:26505:5)
          at renderRootSync (C:\Users\leotm\Desktop\Projetos\Programming\vacation-scheduler\node_modules\react-dom\cjs\react-dom.development.js:26473:7)
          at performConcurrentWorkOnRoot (C:\Users\leotm\Desktop\Projetos\Programming\vacation-scheduler\node_modules\react-dom\cjs\react-dom.development.js:25777:74)
          at flushActQueue (C:\Users\leotm\Desktop\Projetos\Programming\vacation-scheduler\node_modules\react\cjs\react.development.js:2667:24)
          at act (C:\Users\leotm\Desktop\Projetos\Programming\vacation-scheduler\node_modules\react\cjs\react.development.js:2582:11)
          at C:\Users\leotm\Desktop\Projetos\Programming\vacation-scheduler\node_modules\@testing-library\react\dist\act-compat.js:46:25
          at renderRoot (C:\Users\leotm\Desktop\Projetos\Programming\vacation-scheduler\node_modules\@testing-library\react\dist\pure.js:189:26)
          at render (C:\Users\leotm\Desktop\Projetos\Programming\vacation-scheduler\node_modules\@testing-library\react\dist\pure.js:291:10)
          at renderCalendar (C:\Users\leotm\Desktop\Projetos\Programming\vacation-scheduler\src\components\CalendarView.test.js:36:16)
          at Object.<anonymous> (C:\Users\leotm\Desktop\Projetos\Programming\vacation-scheduler\src\components\CalendarView.test.js:293:5)
          at Promise.then.completed (C:\Users\leotm\Desktop\Projetos\Programming\vacation-scheduler\node_modules\jest-circus\build\utils.js:391:28)
          at new Promise (<anonymous>)
          at callAsyncCircusFn (C:\Users\leotm\Desktop\Projetos\Programming\vacation-scheduler\node_modules\jest-circus\build\utils.js:316:10)
          at _callCircusTest (C:\Users\leotm\Desktop\Projetos\Programming\vacation-scheduler\node_modules\jest-circus\build\run.js:218:40)
          at processTicksAndRejections (node:internal/process/task_queues:103:5)
          at _runTest (C:\Users\leotm\Desktop\Projetos\Programming\vacation-scheduler\node_modules\jest-circus\build\run.js:155:3)
          at _runTestsForDescribeBlock (C:\Users\leotm\Desktop\Projetos\Programming\vacation-scheduler\node_modules\jest-circus\build\run.js:66:9)
          at _runTestsForDescribeBlock (C:\Users\leotm\Desktop\Projetos\Programming\vacation-scheduler\node_modules\jest-circus\build\run.js:60:9)
          at run (C:\Users\leotm\Desktop\Projetos\Programming\vacation-scheduler\node_modules\jest-circus\build\run.js:25:3)
          at runAndTransformResultsToJestFormat (C:\Users\leotm\Desktop\Projetos\Programming\vacation-scheduler\node_modules\jest-circus\build\legacy-code-todo-rewrite\jestAdapterInit.js:170:21)
          at jestAdapter (C:\Users\leotm\Desktop\Projetos\Programming\vacation-scheduler\node_modules\jest-circus\build\legacy-code-todo-rewrite\jestAdapter.js:82:19)
          at runTestInternal (C:\Users\leotm\Desktop\Projetos\Programming\vacation-scheduler\node_modules\jest-runner\build\runTest.js:389:16)
          at runTest (C:\Users\leotm\Desktop\Projetos\Programming\vacation-scheduler\node_modules\jest-runner\build\runTest.js:475:34)
          at Object.worker (C:\Users\leotm\Desktop\Projetos\Programming\vacation-scheduler\node_modules\jest-runner\build\testWorker.js:133:12)

    [0m [90m 34 |[39m
     [90m 35 |[39m [36mconst[39m renderCalendar [33m=[39m (overrides [33m=[39m {}) [33m=>[39m {
    [31m[1m>[22m[39m[90m 36 |[39m   [36mreturn[39m render([33m<[39m[33mCalendarView[39m {[33m...[39mdefaultProps} {[33m...[39moverrides} [33m/[39m[33m>[39m)[33m;[39m
     [90m    |[39m                [31m[1m^[22m[39m
     [90m 37 |[39m }[33m;[39m
     [90m 38 |[39m
     [90m 39 |[39m describe([32m'CalendarView rendering'[39m[33m,[39m () [33m=>[39m {[0m

      at VirtualConsole.<anonymous> (node_modules/jsdom/lib/jsdom/virtual-console.js:29:45)
      at reportException (node_modules/jsdom/lib/jsdom/living/helpers/runtime-script-errors.js:70:28)
      at innerInvokeEventListeners (node_modules/jsdom/lib/jsdom/living/events/EventTarget-impl.js:341:9)
      at invokeEventListeners (node_modules/jsdom/lib/jsdom/living/events/EventTarget-impl.js:274:3)
      at HTMLUnknownElementImpl._dispatch (node_modules/jsdom/lib/jsdom/living/events/EventTarget-impl.js:221:9)
      at HTMLUnknownElementImpl.dispatchEvent (node_modules/jsdom/lib/jsdom/living/events/EventTarget-impl.js:94:17)
      at HTMLUnknownElement.dispatchEvent (node_modules/jsdom/lib/jsdom/living/generated/EventTarget.js:231:34)
      at Object.invokeGuardedCallbackDev (node_modules/react-dom/cjs/react-dom.development.js:4213:16)
      at invokeGuardedCallback (node_modules/react-dom/cjs/react-dom.development.js:4277:31)
      at beginWork$1 (node_modules/react-dom/cjs/react-dom.development.js:27490:7)
      at performUnitOfWork (node_modules/react-dom/cjs/react-dom.development.js:26599:12)
      at workLoopSync (node_modules/react-dom/cjs/react-dom.development.js:26505:5)
      at renderRootSync (node_modules/react-dom/cjs/react-dom.development.js:26473:7)
      at performConcurrentWorkOnRoot (node_modules/react-dom/cjs/react-dom.development.js:25777:74)
      at flushActQueue (node_modules/react/cjs/react.development.js:2667:24)
      at act (node_modules/react/cjs/react.development.js:2582:11)
      at node_modules/@testing-library/react/dist/act-compat.js:46:25
      at renderRoot (node_modules/@testing-library/react/dist/pure.js:189:26)
      at render (node_modules/@testing-library/react/dist/pure.js:291:10)
      at renderCalendar (src/components/CalendarView.test.js:36:16)
      at Object.<anonymous> (src/components/CalendarView.test.js:293:5)

    console.error
      Error: Uncaught [TypeError: Cannot destructure property 'basename' of 'React.useContext(...)' as it is null.]
          at reportException (C:\Users\leotm\Desktop\Projetos\Programming\vacation-scheduler\node_modules\jsdom\lib\jsdom\living\helpers\runtime-script-errors.js:66:24)
          at innerInvokeEventListeners (C:\Users\leotm\Desktop\Projetos\Programming\vacation-scheduler\node_modules\jsdom\lib\jsdom\living\events\EventTarget-impl.js:341:9)
          at invokeEventListeners (C:\Users\leotm\Desktop\Projetos\Programming\vacation-scheduler\node_modules\jsdom\lib\jsdom\living\events\EventTarget-impl.js:274:3)
          at HTMLUnknownElementImpl._dispatch (C:\Users\leotm\Desktop\Projetos\Programming\vacation-scheduler\node_modules\jsdom\lib\jsdom\living\events\EventTarget-impl.js:221:9)
          at HTMLUnknownElementImpl.dispatchEvent (C:\Users\leotm\Desktop\Projetos\Programming\vacation-scheduler\node_modules\jsdom\lib\jsdom\living\events\EventTarget-impl.js:94:17)
          at HTMLUnknownElement.dispatchEvent (C:\Users\leotm\Desktop\Projetos\Programming\vacation-scheduler\node_modules\jsdom\lib\jsdom\living\generated\EventTarget.js:231:34)
          at Object.invokeGuardedCallbackDev (C:\Users\leotm\Desktop\Projetos\Programming\vacation-scheduler\node_modules\react-dom\cjs\react-dom.development.js:4213:16)
          at invokeGuardedCallback (C:\Users\leotm\Desktop\Projetos\Programming\vacation-scheduler\node_modules\react-dom\cjs\react-dom.development.js:4277:31)
          at beginWork$1 (C:\Users\leotm\Desktop\Projetos\Programming\vacation-scheduler\node_modules\react-dom\cjs\react-dom.development.js:27490:7)
          at performUnitOfWork (C:\Users\leotm\Desktop\Projetos\Programming\vacation-scheduler\node_modules\react-dom\cjs\react-dom.development.js:26599:12)
          at workLoopSync (C:\Users\leotm\Desktop\Projetos\Programming\vacation-scheduler\node_modules\react-dom\cjs\react-dom.development.js:26505:5)
          at renderRootSync (C:\Users\leotm\Desktop\Projetos\Programming\vacation-scheduler\node_modules\react-dom\cjs\react-dom.development.js:26473:7)
          at recoverFromConcurrentError (C:\Users\leotm\Desktop\Projetos\Programming\vacation-scheduler\node_modules\react-dom\cjs\react-dom.development.js:25889:20)
          at performConcurrentWorkOnRoot (C:\Users\leotm\Desktop\Projetos\Programming\vacation-scheduler\node_modules\react-dom\cjs\react-dom.development.js:25789:22)
          at flushActQueue (C:\Users\leotm\Desktop\Projetos\Programming\vacation-scheduler\node_modules\react\cjs\react.development.js:2667:24)
          at act (C:\Users\leotm\Desktop\Projetos\Programming\vacation-scheduler\node_modules\react\cjs\react.development.js:2582:11)
          at C:\Users\leotm\Desktop\Projetos\Programming\vacation-scheduler\node_modules\@testing-library\react\dist\act-compat.js:46:25
          at renderRoot (C:\Users\leotm\Desktop\Projetos\Programming\vacation-scheduler\node_modules\@testing-library\react\dist\pure.js:189:26)
          at render (C:\Users\leotm\Desktop\Projetos\Programming\vacation-scheduler\node_modules\@testing-library\react\dist\pure.js:291:10)
          at renderCalendar (C:\Users\leotm\Desktop\Projetos\Programming\vacation-scheduler\src\components\CalendarView.test.js:36:16)
          at Object.<anonymous> (C:\Users\leotm\Desktop\Projetos\Programming\vacation-scheduler\src\components\CalendarView.test.js:293:5)
          at Promise.then.completed (C:\Users\leotm\Desktop\Projetos\Programming\vacation-scheduler\node_modules\jest-circus\build\utils.js:391:28)
          at new Promise (<anonymous>)
          at callAsyncCircusFn (C:\Users\leotm\Desktop\Projetos\Programming\vacation-scheduler\node_modules\jest-circus\build\utils.js:316:10)
          at _callCircusTest (C:\Users\leotm\Desktop\Projetos\Programming\vacation-scheduler\node_modules\jest-circus\build\run.js:218:40)
          at processTicksAndRejections (node:internal/process/task_queues:103:5)
          at _runTest (C:\Users\leotm\Desktop\Projetos\Programming\vacation-scheduler\node_modules\jest-circus\build\run.js:155:3)
          at _runTestsForDescribeBlock (C:\Users\leotm\Desktop\Projetos\Programming\vacation-scheduler\node_modules\jest-circus\build\run.js:66:9)
          at _runTestsForDescribeBlock (C:\Users\leotm\Desktop\Projetos\Programming\vacation-scheduler\node_modules\jest-circus\build\run.js:60:9)
          at run (C:\Users\leotm\Desktop\Projetos\Programming\vacation-scheduler\node_modules\jest-circus\build\run.js:25:3)
          at runAndTransformResultsToJestFormat (C:\Users\leotm\Desktop\Projetos\Programming\vacation-scheduler\node_modules\jest-circus\build\legacy-code-todo-rewrite\jestAdapterInit.js:170:21)
          at jestAdapter (C:\Users\leotm\Desktop\Projetos\Programming\vacation-scheduler\node_modules\jest-circus\build\legacy-code-todo-rewrite\jestAdapter.js:82:19)
          at runTestInternal (C:\Users\leotm\Desktop\Projetos\Programming\vacation-scheduler\node_modules\jest-runner\build\runTest.js:389:16)
          at runTest (C:\Users\leotm\Desktop\Projetos\Programming\vacation-scheduler\node_modules\jest-runner\build\runTest.js:475:34)
          at Object.worker (C:\Users\leotm\Desktop\Projetos\Programming\vacation-scheduler\node_modules\jest-runner\build\testWorker.js:133:12) TypeError: Cannot destructure property 'basename' of 'React.useContext(...)' as it is null.
          at LinkWithRef (C:\Users\leotm\Desktop\Projetos\Programming\vacation-scheduler\node_modules\react-router\dist\development\chunk-2YMDXNOJ.js:399:11)
          at renderWithHooks (C:\Users\leotm\Desktop\Projetos\Programming\vacation-scheduler\node_modules\react-dom\cjs\react-dom.development.js:15486:18)
          at updateForwardRef (C:\Users\leotm\Desktop\Projetos\Programming\vacation-scheduler\node_modules\react-dom\cjs\react-dom.development.js:19245:20)
          at beginWork (C:\Users\leotm\Desktop\Projetos\Programming\vacation-scheduler\node_modules\react-dom\cjs\react-dom.development.js:21675:16)
          at HTMLUnknownElement.callCallback (C:\Users\leotm\Desktop\Projetos\Programming\vacation-scheduler\node_modules\react-dom\cjs\react-dom.development.js:4164:14)
          at HTMLUnknownElement.callTheUserObjectsOperation (C:\Users\leotm\Desktop\Projetos\Programming\vacation-scheduler\node_modules\jsdom\lib\jsdom\living\generated\EventListener.js:26:30)
          at innerInvokeEventListeners (C:\Users\leotm\Desktop\Projetos\Programming\vacation-scheduler\node_modules\jsdom\lib\jsdom\living\events\EventTarget-impl.js:338:25)
          at invokeEventListeners (C:\Users\leotm\Desktop\Projetos\Programming\vacation-scheduler\node_modules\jsdom\lib\jsdom\living\events\EventTarget-impl.js:274:3)
          at HTMLUnknownElementImpl._dispatch (C:\Users\leotm\Desktop\Projetos\Programming\vacation-scheduler\node_modules\jsdom\lib\jsdom\living\events\EventTarget-impl.js:221:9)
          at HTMLUnknownElementImpl.dispatchEvent (C:\Users\leotm\Desktop\Projetos\Programming\vacation-scheduler\node_modules\jsdom\lib\jsdom\living\events\EventTarget-impl.js:94:17)
          at HTMLUnknownElement.dispatchEvent (C:\Users\leotm\Desktop\Projetos\Programming\vacation-scheduler\node_modules\jsdom\lib\jsdom\living\generated\EventTarget.js:231:34)
          at Object.invokeGuardedCallbackDev (C:\Users\leotm\Desktop\Projetos\Programming\vacation-scheduler\node_modules\react-dom\cjs\react-dom.development.js:4213:16)
          at invokeGuardedCallback (C:\Users\leotm\Desktop\Projetos\Programming\vacation-scheduler\node_modules\react-dom\cjs\react-dom.development.js:4277:31)
          at beginWork$1 (C:\Users\leotm\Desktop\Projetos\Programming\vacation-scheduler\node_modules\react-dom\cjs\react-dom.development.js:27490:7)
          at performUnitOfWork (C:\Users\leotm\Desktop\Projetos\Programming\vacation-scheduler\node_modules\react-dom\cjs\react-dom.development.js:26599:12)
          at workLoopSync (C:\Users\leotm\Desktop\Projetos\Programming\vacation-scheduler\node_modules\react-dom\cjs\react-dom.development.js:26505:5)
          at renderRootSync (C:\Users\leotm\Desktop\Projetos\Programming\vacation-scheduler\node_modules\react-dom\cjs\react-dom.development.js:26473:7)
          at recoverFromConcurrentError (C:\Users\leotm\Desktop\Projetos\Programming\vacation-scheduler\node_modules\react-dom\cjs\react-dom.development.js:25889:20)
          at performConcurrentWorkOnRoot (C:\Users\leotm\Desktop\Projetos\Programming\vacation-scheduler\node_modules\react-dom\cjs\react-dom.development.js:25789:22)
          at flushActQueue (C:\Users\leotm\Desktop\Projetos\Programming\vacation-scheduler\node_modules\react\cjs\react.development.js:2667:24)
          at act (C:\Users\leotm\Desktop\Projetos\Programming\vacation-scheduler\node_modules\react\cjs\react.development.js:2582:11)
          at C:\Users\leotm\Desktop\Projetos\Programming\vacation-scheduler\node_modules\@testing-library\react\dist\act-compat.js:46:25
          at renderRoot (C:\Users\leotm\Desktop\Projetos\Programming\vacation-scheduler\node_modules\@testing-library\react\dist\pure.js:189:26)
          at render (C:\Users\leotm\Desktop\Projetos\Programming\vacation-scheduler\node_modules\@testing-library\react\dist\pure.js:291:10)
          at renderCalendar (C:\Users\leotm\Desktop\Projetos\Programming\vacation-scheduler\src\components\CalendarView.test.js:36:16)
          at Object.<anonymous> (C:\Users\leotm\Desktop\Projetos\Programming\vacation-scheduler\src\components\CalendarView.test.js:293:5)
          at Promise.then.completed (C:\Users\leotm\Desktop\Projetos\Programming\vacation-scheduler\node_modules\jest-circus\build\utils.js:391:28)
          at new Promise (<anonymous>)
          at callAsyncCircusFn (C:\Users\leotm\Desktop\Projetos\Programming\vacation-scheduler\node_modules\jest-circus\build\utils.js:316:10)
          at _callCircusTest (C:\Users\leotm\Desktop\Projetos\Programming\vacation-scheduler\node_modules\jest-circus\build\run.js:218:40)
          at processTicksAndRejections (node:internal/process/task_queues:103:5)
          at _runTest (C:\Users\leotm\Desktop\Projetos\Programming\vacation-scheduler\node_modules\jest-circus\build\run.js:155:3)
          at _runTestsForDescribeBlock (C:\Users\leotm\Desktop\Projetos\Programming\vacation-scheduler\node_modules\jest-circus\build\run.js:66:9)
          at _runTestsForDescribeBlock (C:\Users\leotm\Desktop\Projetos\Programming\vacation-scheduler\node_modules\jest-circus\build\run.js:60:9)
          at run (C:\Users\leotm\Desktop\Projetos\Programming\vacation-scheduler\node_modules\jest-circus\build\run.js:25:3)
          at runAndTransformResultsToJestFormat (C:\Users\leotm\Desktop\Projetos\Programming\vacation-scheduler\node_modules\jest-circus\build\legacy-code-todo-rewrite\jestAdapterInit.js:170:21)
          at jestAdapter (C:\Users\leotm\Desktop\Projetos\Programming\vacation-scheduler\node_modules\jest-circus\build\legacy-code-todo-rewrite\jestAdapter.js:82:19)
          at runTestInternal (C:\Users\leotm\Desktop\Projetos\Programming\vacation-scheduler\node_modules\jest-runner\build\runTest.js:389:16)
          at runTest (C:\Users\leotm\Desktop\Projetos\Programming\vacation-scheduler\node_modules\jest-runner\build\runTest.js:475:34)
          at Object.worker (C:\Users\leotm\Desktop\Projetos\Programming\vacation-scheduler\node_modules\jest-runner\build\testWorker.js:133:12)

    [0m [90m 34 |[39m
     [90m 35 |[39m [36mconst[39m renderCalendar [33m=[39m (overrides [33m=[39m {}) [33m=>[39m {
    [31m[1m>[22m[39m[90m 36 |[39m   [36mreturn[39m render([33m<[39m[33mCalendarView[39m {[33m...[39mdefaultProps} {[33m...[39moverrides} [33m/[39m[33m>[39m)[33m;[39m
     [90m    |[39m                [31m[1m^[22m[39m
     [90m 37 |[39m }[33m;[39m
     [90m 38 |[39m
     [90m 39 |[39m describe([32m'CalendarView rendering'[39m[33m,[39m () [33m=>[39m {[0m

      at VirtualConsole.<anonymous> (node_modules/jsdom/lib/jsdom/virtual-console.js:29:45)
      at reportException (node_modules/jsdom/lib/jsdom/living/helpers/runtime-script-errors.js:70:28)
      at innerInvokeEventListeners (node_modules/jsdom/lib/jsdom/living/events/EventTarget-impl.js:341:9)
      at invokeEventListeners (node_modules/jsdom/lib/jsdom/living/events/EventTarget-impl.js:274:3)
      at HTMLUnknownElementImpl._dispatch (node_modules/jsdom/lib/jsdom/living/events/EventTarget-impl.js:221:9)
      at HTMLUnknownElementImpl.dispatchEvent (node_modules/jsdom/lib/jsdom/living/events/EventTarget-impl.js:94:17)
      at HTMLUnknownElement.dispatchEvent (node_modules/jsdom/lib/jsdom/living/generated/EventTarget.js:231:34)
      at Object.invokeGuardedCallbackDev (node_modules/react-dom/cjs/react-dom.development.js:4213:16)
      at invokeGuardedCallback (node_modules/react-dom/cjs/react-dom.development.js:4277:31)
      at beginWork$1 (node_modules/react-dom/cjs/react-dom.development.js:27490:7)
      at performUnitOfWork (node_modules/react-dom/cjs/react-dom.development.js:26599:12)
      at workLoopSync (node_modules/react-dom/cjs/react-dom.development.js:26505:5)
      at renderRootSync (node_modules/react-dom/cjs/react-dom.development.js:26473:7)
      at recoverFromConcurrentError (node_modules/react-dom/cjs/react-dom.development.js:25889:20)
      at performConcurrentWorkOnRoot (node_modules/react-dom/cjs/react-dom.development.js:25789:22)
      at flushActQueue (node_modules/react/cjs/react.development.js:2667:24)
      at act (node_modules/react/cjs/react.development.js:2582:11)
      at node_modules/@testing-library/react/dist/act-compat.js:46:25
      at renderRoot (node_modules/@testing-library/react/dist/pure.js:189:26)
      at render (node_modules/@testing-library/react/dist/pure.js:291:10)
      at renderCalendar (src/components/CalendarView.test.js:36:16)
      at Object.<anonymous> (src/components/CalendarView.test.js:293:5)

    console.error
      The above error occurred in the <Link> component:
      
          at LinkWithRef (C:\Users\leotm\Desktop\Projetos\Programming\vacation-scheduler\node_modules\react-router\dist\development\chunk-2YMDXNOJ.js:384:5)
          at p
          at div
          at div
          at form
          at CalendarView (C:\Users\leotm\Desktop\Projetos\Programming\vacation-scheduler\src\components\CalendarView.js:44:25)
      
      Consider adding an error boundary to your tree to customize error handling behavior.
      Visit https://reactjs.org/link/error-boundaries to learn more about error boundaries.

    [0m [90m 34 |[39m
     [90m 35 |[39m [36mconst[39m renderCalendar [33m=[39m (overrides [33m=[39m {}) [33m=>[39m {
    [31m[1m>[22m[39m[90m 36 |[39m   [36mreturn[39m render([33m<[39m[33mCalendarView[39m {[33m...[39mdefaultProps} {[33m...[39moverrides} [33m/[39m[33m>[39m)[33m;[39m
     [90m    |[39m                [31m[1m^[22m[39m
     [90m 37 |[39m }[33m;[39m
     [90m 38 |[39m
     [90m 39 |[39m describe([32m'CalendarView rendering'[39m[33m,[39m () [33m=>[39m {[0m

      at logCapturedError (node_modules/react-dom/cjs/react-dom.development.js:18704:23)
      at update.callback (node_modules/react-dom/cjs/react-dom.development.js:18737:5)
      at callCallback (node_modules/react-dom/cjs/react-dom.development.js:15036:12)
      at commitUpdateQueue (node_modules/react-dom/cjs/react-dom.development.js:15057:9)
      at commitLayoutEffectOnFiber (node_modules/react-dom/cjs/react-dom.development.js:23430:13)
      at commitLayoutMountEffects_complete (node_modules/react-dom/cjs/react-dom.development.js:24727:9)
      at commitLayoutEffects_begin (node_modules/react-dom/cjs/react-dom.development.js:24713:7)
      at commitLayoutEffects (node_modules/react-dom/cjs/react-dom.development.js:24651:3)
      at commitRootImpl (node_modules/react-dom/cjs/react-dom.development.js:26862:5)
      at commitRoot (node_modules/react-dom/cjs/react-dom.development.js:26721:5)
      at finishConcurrentRender (node_modules/react-dom/cjs/react-dom.development.js:25931:9)
      at performConcurrentWorkOnRoot (node_modules/react-dom/cjs/react-dom.development.js:25848:7)
      at flushActQueue (node_modules/react/cjs/react.development.js:2667:24)
      at act (node_modules/react/cjs/react.development.js:2582:11)
      at node_modules/@testing-library/react/dist/act-compat.js:46:25
      at renderRoot (node_modules/@testing-library/react/dist/pure.js:189:26)
      at render (node_modules/@testing-library/react/dist/pure.js:291:10)
      at renderCalendar (src/components/CalendarView.test.js:36:16)
      at Object.<anonymous> (src/components/CalendarView.test.js:293:5)

    console.error
      Error: Uncaught [TypeError: Cannot destructure property 'basename' of 'React.useContext(...)' as it is null.]
          at reportException (C:\Users\leotm\Desktop\Projetos\Programming\vacation-scheduler\node_modules\jsdom\lib\jsdom\living\helpers\runtime-script-errors.js:66:24)
          at innerInvokeEventListeners (C:\Users\leotm\Desktop\Projetos\Programming\vacation-scheduler\node_modules\jsdom\lib\jsdom\living\events\EventTarget-impl.js:341:9)
          at invokeEventListeners (C:\Users\leotm\Desktop\Projetos\Programming\vacation-scheduler\node_modules\jsdom\lib\jsdom\living\events\EventTarget-impl.js:274:3)
          at HTMLUnknownElementImpl._dispatch (C:\Users\leotm\Desktop\Projetos\Programming\vacation-scheduler\node_modules\jsdom\lib\jsdom\living\events\EventTarget-impl.js:221:9)
          at HTMLUnknownElementImpl.dispatchEvent (C:\Users\leotm\Desktop\Projetos\Programming\vacation-scheduler\node_modules\jsdom\lib\jsdom\living\events\EventTarget-impl.js:94:17)
          at HTMLUnknownElement.dispatchEvent (C:\Users\leotm\Desktop\Projetos\Programming\vacation-scheduler\node_modules\jsdom\lib\jsdom\living\generated\EventTarget.js:231:34)
          at Object.invokeGuardedCallbackDev (C:\Users\leotm\Desktop\Projetos\Programming\vacation-scheduler\node_modules\react-dom\cjs\react-dom.development.js:4213:16)
          at invokeGuardedCallback (C:\Users\leotm\Desktop\Projetos\Programming\vacation-scheduler\node_modules\react-dom\cjs\react-dom.development.js:4277:31)
          at beginWork$1 (C:\Users\leotm\Desktop\Projetos\Programming\vacation-scheduler\node_modules\react-dom\cjs\react-dom.development.js:27490:7)
          at performUnitOfWork (C:\Users\leotm\Desktop\Projetos\Programming\vacation-scheduler\node_modules\react-dom\cjs\react-dom.development.js:26599:12)
          at workLoopSync (C:\Users\leotm\Desktop\Projetos\Programming\vacation-scheduler\node_modules\react-dom\cjs\react-dom.development.js:26505:5)
          at renderRootSync (C:\Users\leotm\Desktop\Projetos\Programming\vacation-scheduler\node_modules\react-dom\cjs\react-dom.development.js:26473:7)
          at performConcurrentWorkOnRoot (C:\Users\leotm\Desktop\Projetos\Programming\vacation-scheduler\node_modules\react-dom\cjs\react-dom.development.js:25777:74)
          at flushActQueue (C:\Users\leotm\Desktop\Projetos\Programming\vacation-scheduler\node_modules\react\cjs\react.development.js:2667:24)
          at act (C:\Users\leotm\Desktop\Projetos\Programming\vacation-scheduler\node_modules\react\cjs\react.development.js:2582:11)
          at C:\Users\leotm\Desktop\Projetos\Programming\vacation-scheduler\node_modules\@testing-library\react\dist\act-compat.js:46:25
          at renderRoot (C:\Users\leotm\Desktop\Projetos\Programming\vacation-scheduler\node_modules\@testing-library\react\dist\pure.js:189:26)
          at render (C:\Users\leotm\Desktop\Projetos\Programming\vacation-scheduler\node_modules\@testing-library\react\dist\pure.js:291:10)
          at renderCalendar (C:\Users\leotm\Desktop\Projetos\Programming\vacation-scheduler\src\components\CalendarView.test.js:36:16)
          at Object.<anonymous> (C:\Users\leotm\Desktop\Projetos\Programming\vacation-scheduler\src\components\CalendarView.test.js:319:5)
          at Promise.then.completed (C:\Users\leotm\Desktop\Projetos\Programming\vacation-scheduler\node_modules\jest-circus\build\utils.js:391:28)
          at new Promise (<anonymous>)
          at callAsyncCircusFn (C:\Users\leotm\Desktop\Projetos\Programming\vacation-scheduler\node_modules\jest-circus\build\utils.js:316:10)
          at _callCircusTest (C:\Users\leotm\Desktop\Projetos\Programming\vacation-scheduler\node_modules\jest-circus\build\run.js:218:40)
          at processTicksAndRejections (node:internal/process/task_queues:103:5)
          at _runTest (C:\Users\leotm\Desktop\Projetos\Programming\vacation-scheduler\node_modules\jest-circus\build\run.js:155:3)
          at _runTestsForDescribeBlock (C:\Users\leotm\Desktop\Projetos\Programming\vacation-scheduler\node_modules\jest-circus\build\run.js:66:9)
          at _runTestsForDescribeBlock (C:\Users\leotm\Desktop\Projetos\Programming\vacation-scheduler\node_modules\jest-circus\build\run.js:60:9)
          at run (C:\Users\leotm\Desktop\Projetos\Programming\vacation-scheduler\node_modules\jest-circus\build\run.js:25:3)
          at runAndTransformResultsToJestFormat (C:\Users\leotm\Desktop\Projetos\Programming\vacation-scheduler\node_modules\jest-circus\build\legacy-code-todo-rewrite\jestAdapterInit.js:170:21)
          at jestAdapter (C:\Users\leotm\Desktop\Projetos\Programming\vacation-scheduler\node_modules\jest-circus\build\legacy-code-todo-rewrite\jestAdapter.js:82:19)
          at runTestInternal (C:\Users\leotm\Desktop\Projetos\Programming\vacation-scheduler\node_modules\jest-runner\build\runTest.js:389:16)
          at runTest (C:\Users\leotm\Desktop\Projetos\Programming\vacation-scheduler\node_modules\jest-runner\build\runTest.js:475:34)
          at Object.worker (C:\Users\leotm\Desktop\Projetos\Programming\vacation-scheduler\node_modules\jest-runner\build\testWorker.js:133:12) TypeError: Cannot destructure property 'basename' of 'React.useContext(...)' as it is null.
          at LinkWithRef (C:\Users\leotm\Desktop\Projetos\Programming\vacation-scheduler\node_modules\react-router\dist\development\chunk-2YMDXNOJ.js:399:11)
          at renderWithHooks (C:\Users\leotm\Desktop\Projetos\Programming\vacation-scheduler\node_modules\react-dom\cjs\react-dom.development.js:15486:18)
          at updateForwardRef (C:\Users\leotm\Desktop\Projetos\Programming\vacation-scheduler\node_modules\react-dom\cjs\react-dom.development.js:19245:20)
          at beginWork (C:\Users\leotm\Desktop\Projetos\Programming\vacation-scheduler\node_modules\react-dom\cjs\react-dom.development.js:21675:16)
          at HTMLUnknownElement.callCallback (C:\Users\leotm\Desktop\Projetos\Programming\vacation-scheduler\node_modules\react-dom\cjs\react-dom.development.js:4164:14)
          at HTMLUnknownElement.callTheUserObjectsOperation (C:\Users\leotm\Desktop\Projetos\Programming\vacation-scheduler\node_modules\jsdom\lib\jsdom\living\generated\EventListener.js:26:30)
          at innerInvokeEventListeners (C:\Users\leotm\Desktop\Projetos\Programming\vacation-scheduler\node_modules\jsdom\lib\jsdom\living\events\EventTarget-impl.js:338:25)
          at invokeEventListeners (C:\Users\leotm\Desktop\Projetos\Programming\vacation-scheduler\node_modules\jsdom\lib\jsdom\living\events\EventTarget-impl.js:274:3)
          at HTMLUnknownElementImpl._dispatch (C:\Users\leotm\Desktop\Projetos\Programming\vacation-scheduler\node_modules\jsdom\lib\jsdom\living\events\EventTarget-impl.js:221:9)
          at HTMLUnknownElementImpl.dispatchEvent (C:\Users\leotm\Desktop\Projetos\Programming\vacation-scheduler\node_modules\jsdom\lib\jsdom\living\events\EventTarget-impl.js:94:17)
          at HTMLUnknownElement.dispatchEvent (C:\Users\leotm\Desktop\Projetos\Programming\vacation-scheduler\node_modules\jsdom\lib\jsdom\living\generated\EventTarget.js:231:34)
          at Object.invokeGuardedCallbackDev (C:\Users\leotm\Desktop\Projetos\Programming\vacation-scheduler\node_modules\react-dom\cjs\react-dom.development.js:4213:16)
          at invokeGuardedCallback (C:\Users\leotm\Desktop\Projetos\Programming\vacation-scheduler\node_modules\react-dom\cjs\react-dom.development.js:4277:31)
          at beginWork$1 (C:\Users\leotm\Desktop\Projetos\Programming\vacation-scheduler\node_modules\react-dom\cjs\react-dom.development.js:27490:7)
          at performUnitOfWork (C:\Users\leotm\Desktop\Projetos\Programming\vacation-scheduler\node_modules\react-dom\cjs\react-dom.development.js:26599:12)
          at workLoopSync (C:\Users\leotm\Desktop\Projetos\Programming\vacation-scheduler\node_modules\react-dom\cjs\react-dom.development.js:26505:5)
          at renderRootSync (C:\Users\leotm\Desktop\Projetos\Programming\vacation-scheduler\node_modules\react-dom\cjs\react-dom.development.js:26473:7)
          at performConcurrentWorkOnRoot (C:\Users\leotm\Desktop\Projetos\Programming\vacation-scheduler\node_modules\react-dom\cjs\react-dom.development.js:25777:74)
          at flushActQueue (C:\Users\leotm\Desktop\Projetos\Programming\vacation-scheduler\node_modules\react\cjs\react.development.js:2667:24)
          at act (C:\Users\leotm\Desktop\Projetos\Programming\vacation-scheduler\node_modules\react\cjs\react.development.js:2582:11)
          at C:\Users\leotm\Desktop\Projetos\Programming\vacation-scheduler\node_modules\@testing-library\react\dist\act-compat.js:46:25
          at renderRoot (C:\Users\leotm\Desktop\Projetos\Programming\vacation-scheduler\node_modules\@testing-library\react\dist\pure.js:189:26)
          at render (C:\Users\leotm\Desktop\Projetos\Programming\vacation-scheduler\node_modules\@testing-library\react\dist\pure.js:291:10)
          at renderCalendar (C:\Users\leotm\Desktop\Projetos\Programming\vacation-scheduler\src\components\CalendarView.test.js:36:16)
          at Object.<anonymous> (C:\Users\leotm\Desktop\Projetos\Programming\vacation-scheduler\src\components\CalendarView.test.js:319:5)
          at Promise.then.completed (C:\Users\leotm\Desktop\Projetos\Programming\vacation-scheduler\node_modules\jest-circus\build\utils.js:391:28)
          at new Promise (<anonymous>)
          at callAsyncCircusFn (C:\Users\leotm\Desktop\Projetos\Programming\vacation-scheduler\node_modules\jest-circus\build\utils.js:316:10)
          at _callCircusTest (C:\Users\leotm\Desktop\Projetos\Programming\vacation-scheduler\node_modules\jest-circus\build\run.js:218:40)
          at processTicksAndRejections (node:internal/process/task_queues:103:5)
          at _runTest (C:\Users\leotm\Desktop\Projetos\Programming\vacation-scheduler\node_modules\jest-circus\build\run.js:155:3)
          at _runTestsForDescribeBlock (C:\Users\leotm\Desktop\Projetos\Programming\vacation-scheduler\node_modules\jest-circus\build\run.js:66:9)
          at _runTestsForDescribeBlock (C:\Users\leotm\Desktop\Projetos\Programming\vacation-scheduler\node_modules\jest-circus\build\run.js:60:9)
          at run (C:\Users\leotm\Desktop\Projetos\Programming\vacation-scheduler\node_modules\jest-circus\build\run.js:25:3)
          at runAndTransformResultsToJestFormat (C:\Users\leotm\Desktop\Projetos\Programming\vacation-scheduler\node_modules\jest-circus\build\legacy-code-todo-rewrite\jestAdapterInit.js:170:21)
          at jestAdapter (C:\Users\leotm\Desktop\Projetos\Programming\vacation-scheduler\node_modules\jest-circus\build\legacy-code-todo-rewrite\jestAdapter.js:82:19)
          at runTestInternal (C:\Users\leotm\Desktop\Projetos\Programming\vacation-scheduler\node_modules\jest-runner\build\runTest.js:389:16)
          at runTest (C:\Users\leotm\Desktop\Projetos\Programming\vacation-scheduler\node_modules\jest-runner\build\runTest.js:475:34)
          at Object.worker (C:\Users\leotm\Desktop\Projetos\Programming\vacation-scheduler\node_modules\jest-runner\build\testWorker.js:133:12)

    [0m [90m 34 |[39m
     [90m 35 |[39m [36mconst[39m renderCalendar [33m=[39m (overrides [33m=[39m {}) [33m=>[39m {
    [31m[1m>[22m[39m[90m 36 |[39m   [36mreturn[39m render([33m<[39m[33mCalendarView[39m {[33m...[39mdefaultProps} {[33m...[39moverrides} [33m/[39m[33m>[39m)[33m;[39m
     [90m    |[39m                [31m[1m^[22m[39m
     [90m 37 |[39m }[33m;[39m
     [90m 38 |[39m
     [90m 39 |[39m describe([32m'CalendarView rendering'[39m[33m,[39m () [33m=>[39m {[0m

      at VirtualConsole.<anonymous> (node_modules/jsdom/lib/jsdom/virtual-console.js:29:45)
      at reportException (node_modules/jsdom/lib/jsdom/living/helpers/runtime-script-errors.js:70:28)
      at innerInvokeEventListeners (node_modules/jsdom/lib/jsdom/living/events/EventTarget-impl.js:341:9)
      at invokeEventListeners (node_modules/jsdom/lib/jsdom/living/events/EventTarget-impl.js:274:3)
      at HTMLUnknownElementImpl._dispatch (node_modules/jsdom/lib/jsdom/living/events/EventTarget-impl.js:221:9)
      at HTMLUnknownElementImpl.dispatchEvent (node_modules/jsdom/lib/jsdom/living/events/EventTarget-impl.js:94:17)
      at HTMLUnknownElement.dispatchEvent (node_modules/jsdom/lib/jsdom/living/generated/EventTarget.js:231:34)
      at Object.invokeGuardedCallbackDev (node_modules/react-dom/cjs/react-dom.development.js:4213:16)
      at invokeGuardedCallback (node_modules/react-dom/cjs/react-dom.development.js:4277:31)
      at beginWork$1 (node_modules/react-dom/cjs/react-dom.development.js:27490:7)
      at performUnitOfWork (node_modules/react-dom/cjs/react-dom.development.js:26599:12)
      at workLoopSync (node_modules/react-dom/cjs/react-dom.development.js:26505:5)
      at renderRootSync (node_modules/react-dom/cjs/react-dom.development.js:26473:7)
      at performConcurrentWorkOnRoot (node_modules/react-dom/cjs/react-dom.development.js:25777:74)
      at flushActQueue (node_modules/react/cjs/react.development.js:2667:24)
      at act (node_modules/react/cjs/react.development.js:2582:11)
      at node_modules/@testing-library/react/dist/act-compat.js:46:25
      at renderRoot (node_modules/@testing-library/react/dist/pure.js:189:26)
      at render (node_modules/@testing-library/react/dist/pure.js:291:10)
      at renderCalendar (src/components/CalendarView.test.js:36:16)
      at Object.<anonymous> (src/components/CalendarView.test.js:319:5)

    console.error
      Error: Uncaught [TypeError: Cannot destructure property 'basename' of 'React.useContext(...)' as it is null.]
          at reportException (C:\Users\leotm\Desktop\Projetos\Programming\vacation-scheduler\node_modules\jsdom\lib\jsdom\living\helpers\runtime-script-errors.js:66:24)
          at innerInvokeEventListeners (C:\Users\leotm\Desktop\Projetos\Programming\vacation-scheduler\node_modules\jsdom\lib\jsdom\living\events\EventTarget-impl.js:341:9)
          at invokeEventListeners (C:\Users\leotm\Desktop\Projetos\Programming\vacation-scheduler\node_modules\jsdom\lib\jsdom\living\events\EventTarget-impl.js:274:3)
          at HTMLUnknownElementImpl._dispatch (C:\Users\leotm\Desktop\Projetos\Programming\vacation-scheduler\node_modules\jsdom\lib\jsdom\living\events\EventTarget-impl.js:221:9)
          at HTMLUnknownElementImpl.dispatchEvent (C:\Users\leotm\Desktop\Projetos\Programming\vacation-scheduler\node_modules\jsdom\lib\jsdom\living\events\EventTarget-impl.js:94:17)
          at HTMLUnknownElement.dispatchEvent (C:\Users\leotm\Desktop\Projetos\Programming\vacation-scheduler\node_modules\jsdom\lib\jsdom\living\generated\EventTarget.js:231:34)
          at Object.invokeGuardedCallbackDev (C:\Users\leotm\Desktop\Projetos\Programming\vacation-scheduler\node_modules\react-dom\cjs\react-dom.development.js:4213:16)
          at invokeGuardedCallback (C:\Users\leotm\Desktop\Projetos\Programming\vacation-scheduler\node_modules\react-dom\cjs\react-dom.development.js:4277:31)
          at beginWork$1 (C:\Users\leotm\Desktop\Projetos\Programming\vacation-scheduler\node_modules\react-dom\cjs\react-dom.development.js:27490:7)
          at performUnitOfWork (C:\Users\leotm\Desktop\Projetos\Programming\vacation-scheduler\node_modules\react-dom\cjs\react-dom.development.js:26599:12)
          at workLoopSync (C:\Users\leotm\Desktop\Projetos\Programming\vacation-scheduler\node_modules\react-dom\cjs\react-dom.development.js:26505:5)
          at renderRootSync (C:\Users\leotm\Desktop\Projetos\Programming\vacation-scheduler\node_modules\react-dom\cjs\react-dom.development.js:26473:7)
          at recoverFromConcurrentError (C:\Users\leotm\Desktop\Projetos\Programming\vacation-scheduler\node_modules\react-dom\cjs\react-dom.development.js:25889:20)
          at performConcurrentWorkOnRoot (C:\Users\leotm\Desktop\Projetos\Programming\vacation-scheduler\node_modules\react-dom\cjs\react-dom.development.js:25789:22)
          at flushActQueue (C:\Users\leotm\Desktop\Projetos\Programming\vacation-scheduler\node_modules\react\cjs\react.development.js:2667:24)
          at act (C:\Users\leotm\Desktop\Projetos\Programming\vacation-scheduler\node_modules\react\cjs\react.development.js:2582:11)
          at C:\Users\leotm\Desktop\Projetos\Programming\vacation-scheduler\node_modules\@testing-library\react\dist\act-compat.js:46:25
          at renderRoot (C:\Users\leotm\Desktop\Projetos\Programming\vacation-scheduler\node_modules\@testing-library\react\dist\pure.js:189:26)
          at render (C:\Users\leotm\Desktop\Projetos\Programming\vacation-scheduler\node_modules\@testing-library\react\dist\pure.js:291:10)
          at renderCalendar (C:\Users\leotm\Desktop\Projetos\Programming\vacation-scheduler\src\components\CalendarView.test.js:36:16)
          at Object.<anonymous> (C:\Users\leotm\Desktop\Projetos\Programming\vacation-scheduler\src\components\CalendarView.test.js:319:5)
          at Promise.then.completed (C:\Users\leotm\Desktop\Projetos\Programming\vacation-scheduler\node_modules\jest-circus\build\utils.js:391:28)
          at new Promise (<anonymous>)
          at callAsyncCircusFn (C:\Users\leotm\Desktop\Projetos\Programming\vacation-scheduler\node_modules\jest-circus\build\utils.js:316:10)
          at _callCircusTest (C:\Users\leotm\Desktop\Projetos\Programming\vacation-scheduler\node_modules\jest-circus\build\run.js:218:40)
          at processTicksAndRejections (node:internal/process/task_queues:103:5)
          at _runTest (C:\Users\leotm\Desktop\Projetos\Programming\vacation-scheduler\node_modules\jest-circus\build\run.js:155:3)
          at _runTestsForDescribeBlock (C:\Users\leotm\Desktop\Projetos\Programming\vacation-scheduler\node_modules\jest-circus\build\run.js:66:9)
          at _runTestsForDescribeBlock (C:\Users\leotm\Desktop\Projetos\Programming\vacation-scheduler\node_modules\jest-circus\build\run.js:60:9)
          at run (C:\Users\leotm\Desktop\Projetos\Programming\vacation-scheduler\node_modules\jest-circus\build\run.js:25:3)
          at runAndTransformResultsToJestFormat (C:\Users\leotm\Desktop\Projetos\Programming\vacation-scheduler\node_modules\jest-circus\build\legacy-code-todo-rewrite\jestAdapterInit.js:170:21)
          at jestAdapter (C:\Users\leotm\Desktop\Projetos\Programming\vacation-scheduler\node_modules\jest-circus\build\legacy-code-todo-rewrite\jestAdapter.js:82:19)
          at runTestInternal (C:\Users\leotm\Desktop\Projetos\Programming\vacation-scheduler\node_modules\jest-runner\build\runTest.js:389:16)
          at runTest (C:\Users\leotm\Desktop\Projetos\Programming\vacation-scheduler\node_modules\jest-runner\build\runTest.js:475:34)
          at Object.worker (C:\Users\leotm\Desktop\Projetos\Programming\vacation-scheduler\node_modules\jest-runner\build\testWorker.js:133:12) TypeError: Cannot destructure property 'basename' of 'React.useContext(...)' as it is null.
          at LinkWithRef (C:\Users\leotm\Desktop\Projetos\Programming\vacation-scheduler\node_modules\react-router\dist\development\chunk-2YMDXNOJ.js:399:11)
          at renderWithHooks (C:\Users\leotm\Desktop\Projetos\Programming\vacation-scheduler\node_modules\react-dom\cjs\react-dom.development.js:15486:18)
          at updateForwardRef (C:\Users\leotm\Desktop\Projetos\Programming\vacation-scheduler\node_modules\react-dom\cjs\react-dom.development.js:19245:20)
          at beginWork (C:\Users\leotm\Desktop\Projetos\Programming\vacation-scheduler\node_modules\react-dom\cjs\react-dom.development.js:21675:16)
          at HTMLUnknownElement.callCallback (C:\Users\leotm\Desktop\Projetos\Programming\vacation-scheduler\node_modules\react-dom\cjs\react-dom.development.js:4164:14)
          at HTMLUnknownElement.callTheUserObjectsOperation (C:\Users\leotm\Desktop\Projetos\Programming\vacation-scheduler\node_modules\jsdom\lib\jsdom\living\generated\EventListener.js:26:30)
          at innerInvokeEventListeners (C:\Users\leotm\Desktop\Projetos\Programming\vacation-scheduler\node_modules\jsdom\lib\jsdom\living\events\EventTarget-impl.js:338:25)
          at invokeEventListeners (C:\Users\leotm\Desktop\Projetos\Programming\vacation-scheduler\node_modules\jsdom\lib\jsdom\living\events\EventTarget-impl.js:274:3)
          at HTMLUnknownElementImpl._dispatch (C:\Users\leotm\Desktop\Projetos\Programming\vacation-scheduler\node_modules\jsdom\lib\jsdom\living\events\EventTarget-impl.js:221:9)
          at HTMLUnknownElementImpl.dispatchEvent (C:\Users\leotm\Desktop\Projetos\Programming\vacation-scheduler\node_modules\jsdom\lib\jsdom\living\events\EventTarget-impl.js:94:17)
          at HTMLUnknownElement.dispatchEvent (C:\Users\leotm\Desktop\Projetos\Programming\vacation-scheduler\node_modules\jsdom\lib\jsdom\living\generated\EventTarget.js:231:34)
          at Object.invokeGuardedCallbackDev (C:\Users\leotm\Desktop\Projetos\Programming\vacation-scheduler\node_modules\react-dom\cjs\react-dom.development.js:4213:16)
          at invokeGuardedCallback (C:\Users\leotm\Desktop\Projetos\Programming\vacation-scheduler\node_modules\react-dom\cjs\react-dom.development.js:4277:31)
          at beginWork$1 (C:\Users\leotm\Desktop\Projetos\Programming\vacation-scheduler\node_modules\react-dom\cjs\react-dom.development.js:27490:7)
          at performUnitOfWork (C:\Users\leotm\Desktop\Projetos\Programming\vacation-scheduler\node_modules\react-dom\cjs\react-dom.development.js:26599:12)
          at workLoopSync (C:\Users\leotm\Desktop\Projetos\Programming\vacation-scheduler\node_modules\react-dom\cjs\react-dom.development.js:26505:5)
          at renderRootSync (C:\Users\leotm\Desktop\Projetos\Programming\vacation-scheduler\node_modules\react-dom\cjs\react-dom.development.js:26473:7)
          at recoverFromConcurrentError (C:\Users\leotm\Desktop\Projetos\Programming\vacation-scheduler\node_modules\react-dom\cjs\react-dom.development.js:25889:20)
          at performConcurrentWorkOnRoot (C:\Users\leotm\Desktop\Projetos\Programming\vacation-scheduler\node_modules\react-dom\cjs\react-dom.development.js:25789:22)
          at flushActQueue (C:\Users\leotm\Desktop\Projetos\Programming\vacation-scheduler\node_modules\react\cjs\react.development.js:2667:24)
          at act (C:\Users\leotm\Desktop\Projetos\Programming\vacation-scheduler\node_modules\react\cjs\react.development.js:2582:11)
          at C:\Users\leotm\Desktop\Projetos\Programming\vacation-scheduler\node_modules\@testing-library\react\dist\act-compat.js:46:25
          at renderRoot (C:\Users\leotm\Desktop\Projetos\Programming\vacation-scheduler\node_modules\@testing-library\react\dist\pure.js:189:26)
          at render (C:\Users\leotm\Desktop\Projetos\Programming\vacation-scheduler\node_modules\@testing-library\react\dist\pure.js:291:10)
          at renderCalendar (C:\Users\leotm\Desktop\Projetos\Programming\vacation-scheduler\src\components\CalendarView.test.js:36:16)
          at Object.<anonymous> (C:\Users\leotm\Desktop\Projetos\Programming\vacation-scheduler\src\components\CalendarView.test.js:319:5)
          at Promise.then.completed (C:\Users\leotm\Desktop\Projetos\Programming\vacation-scheduler\node_modules\jest-circus\build\utils.js:391:28)
          at new Promise (<anonymous>)
          at callAsyncCircusFn (C:\Users\leotm\Desktop\Projetos\Programming\vacation-scheduler\node_modules\jest-circus\build\utils.js:316:10)
          at _callCircusTest (C:\Users\leotm\Desktop\Projetos\Programming\vacation-scheduler\node_modules\jest-circus\build\run.js:218:40)
          at processTicksAndRejections (node:internal/process/task_queues:103:5)
          at _runTest (C:\Users\leotm\Desktop\Projetos\Programming\vacation-scheduler\node_modules\jest-circus\build\run.js:155:3)
          at _runTestsForDescribeBlock (C:\Users\leotm\Desktop\Projetos\Programming\vacation-scheduler\node_modules\jest-circus\build\run.js:66:9)
          at _runTestsForDescribeBlock (C:\Users\leotm\Desktop\Projetos\Programming\vacation-scheduler\node_modules\jest-circus\build\run.js:60:9)
          at run (C:\Users\leotm\Desktop\Projetos\Programming\vacation-scheduler\node_modules\jest-circus\build\run.js:25:3)
          at runAndTransformResultsToJestFormat (C:\Users\leotm\Desktop\Projetos\Programming\vacation-scheduler\node_modules\jest-circus\build\legacy-code-todo-rewrite\jestAdapterInit.js:170:21)
          at jestAdapter (C:\Users\leotm\Desktop\Projetos\Programming\vacation-scheduler\node_modules\jest-circus\build\legacy-code-todo-rewrite\jestAdapter.js:82:19)
          at runTestInternal (C:\Users\leotm\Desktop\Projetos\Programming\vacation-scheduler\node_modules\jest-runner\build\runTest.js:389:16)
          at runTest (C:\Users\leotm\Desktop\Projetos\Programming\vacation-scheduler\node_modules\jest-runner\build\runTest.js:475:34)
          at Object.worker (C:\Users\leotm\Desktop\Projetos\Programming\vacation-scheduler\node_modules\jest-runner\build\testWorker.js:133:12)

    [0m [90m 34 |[39m
     [90m 35 |[39m [36mconst[39m renderCalendar [33m=[39m (overrides [33m=[39m {}) [33m=>[39m {
    [31m[1m>[22m[39m[90m 36 |[39m   [36mreturn[39m render([33m<[39m[33mCalendarView[39m {[33m...[39mdefaultProps} {[33m...[39moverrides} [33m/[39m[33m>[39m)[33m;[39m
     [90m    |[39m                [31m[1m^[22m[39m
     [90m 37 |[39m }[33m;[39m
     [90m 38 |[39m
     [90m 39 |[39m describe([32m'CalendarView rendering'[39m[33m,[39m () [33m=>[39m {[0m

      at VirtualConsole.<anonymous> (node_modules/jsdom/lib/jsdom/virtual-console.js:29:45)
      at reportException (node_modules/jsdom/lib/jsdom/living/helpers/runtime-script-errors.js:70:28)
      at innerInvokeEventListeners (node_modules/jsdom/lib/jsdom/living/events/EventTarget-impl.js:341:9)
      at invokeEventListeners (node_modules/jsdom/lib/jsdom/living/events/EventTarget-impl.js:274:3)
      at HTMLUnknownElementImpl._dispatch (node_modules/jsdom/lib/jsdom/living/events/EventTarget-impl.js:221:9)
      at HTMLUnknownElementImpl.dispatchEvent (node_modules/jsdom/lib/jsdom/living/events/EventTarget-impl.js:94:17)
      at HTMLUnknownElement.dispatchEvent (node_modules/jsdom/lib/jsdom/living/generated/EventTarget.js:231:34)
      at Object.invokeGuardedCallbackDev (node_modules/react-dom/cjs/react-dom.development.js:4213:16)
      at invokeGuardedCallback (node_modules/react-dom/cjs/react-dom.development.js:4277:31)
      at beginWork$1 (node_modules/react-dom/cjs/react-dom.development.js:27490:7)
      at performUnitOfWork (node_modules/react-dom/cjs/react-dom.development.js:26599:12)
      at workLoopSync (node_modules/react-dom/cjs/react-dom.development.js:26505:5)
      at renderRootSync (node_modules/react-dom/cjs/react-dom.development.js:26473:7)
      at recoverFromConcurrentError (node_modules/react-dom/cjs/react-dom.development.js:25889:20)
      at performConcurrentWorkOnRoot (node_modules/react-dom/cjs/react-dom.development.js:25789:22)
      at flushActQueue (node_modules/react/cjs/react.development.js:2667:24)
      at act (node_modules/react/cjs/react.development.js:2582:11)
      at node_modules/@testing-library/react/dist/act-compat.js:46:25
      at renderRoot (node_modules/@testing-library/react/dist/pure.js:189:26)
      at render (node_modules/@testing-library/react/dist/pure.js:291:10)
      at renderCalendar (src/components/CalendarView.test.js:36:16)
      at Object.<anonymous> (src/components/CalendarView.test.js:319:5)

    console.error
      The above error occurred in the <Link> component:
      
          at LinkWithRef (C:\Users\leotm\Desktop\Projetos\Programming\vacation-scheduler\node_modules\react-router\dist\development\chunk-2YMDXNOJ.js:384:5)
          at p
          at div
          at div
          at form
          at CalendarView (C:\Users\leotm\Desktop\Projetos\Programming\vacation-scheduler\src\components\CalendarView.js:44:25)
      
      Consider adding an error boundary to your tree to customize error handling behavior.
      Visit https://reactjs.org/link/error-boundaries to learn more about error boundaries.

    [0m [90m 34 |[39m
     [90m 35 |[39m [36mconst[39m renderCalendar [33m=[39m (overrides [33m=[39m {}) [33m=>[39m {
    [31m[1m>[22m[39m[90m 36 |[39m   [36mreturn[39m render([33m<[39m[33mCalendarView[39m {[33m...[39mdefaultProps} {[33m...[39moverrides} [33m/[39m[33m>[39m)[33m;[39m
     [90m    |[39m                [31m[1m^[22m[39m
     [90m 37 |[39m }[33m;[39m
     [90m 38 |[39m
     [90m 39 |[39m describe([32m'CalendarView rendering'[39m[33m,[39m () [33m=>[39m {[0m

      at logCapturedError (node_modules/react-dom/cjs/react-dom.development.js:18704:23)
      at update.callback (node_modules/react-dom/cjs/react-dom.development.js:18737:5)
      at callCallback (node_modules/react-dom/cjs/react-dom.development.js:15036:12)
      at commitUpdateQueue (node_modules/react-dom/cjs/react-dom.development.js:15057:9)
      at commitLayoutEffectOnFiber (node_modules/react-dom/cjs/react-dom.development.js:23430:13)
      at commitLayoutMountEffects_complete (node_modules/react-dom/cjs/react-dom.development.js:24727:9)
      at commitLayoutEffects_begin (node_modules/react-dom/cjs/react-dom.development.js:24713:7)
      at commitLayoutEffects (node_modules/react-dom/cjs/react-dom.development.js:24651:3)
      at commitRootImpl (node_modules/react-dom/cjs/react-dom.development.js:26862:5)
      at commitRoot (node_modules/react-dom/cjs/react-dom.development.js:26721:5)
      at finishConcurrentRender (node_modules/react-dom/cjs/react-dom.development.js:25931:9)
      at performConcurrentWorkOnRoot (node_modules/react-dom/cjs/react-dom.development.js:25848:7)
      at flushActQueue (node_modules/react/cjs/react.development.js:2667:24)
      at act (node_modules/react/cjs/react.development.js:2582:11)
      at node_modules/@testing-library/react/dist/act-compat.js:46:25
      at renderRoot (node_modules/@testing-library/react/dist/pure.js:189:26)
      at render (node_modules/@testing-library/react/dist/pure.js:291:10)
      at renderCalendar (src/components/CalendarView.test.js:36:16)
      at Object.<anonymous> (src/components/CalendarView.test.js:319:5)

    console.error
      Error: Uncaught [TypeError: Cannot destructure property 'basename' of 'React.useContext(...)' as it is null.]
          at reportException (C:\Users\leotm\Desktop\Projetos\Programming\vacation-scheduler\node_modules\jsdom\lib\jsdom\living\helpers\runtime-script-errors.js:66:24)
          at innerInvokeEventListeners (C:\Users\leotm\Desktop\Projetos\Programming\vacation-scheduler\node_modules\jsdom\lib\jsdom\living\events\EventTarget-impl.js:341:9)
          at invokeEventListeners (C:\Users\leotm\Desktop\Projetos\Programming\vacation-scheduler\node_modules\jsdom\lib\jsdom\living\events\EventTarget-impl.js:274:3)
          at HTMLUnknownElementImpl._dispatch (C:\Users\leotm\Desktop\Projetos\Programming\vacation-scheduler\node_modules\jsdom\lib\jsdom\living\events\EventTarget-impl.js:221:9)
          at HTMLUnknownElementImpl.dispatchEvent (C:\Users\leotm\Desktop\Projetos\Programming\vacation-scheduler\node_modules\jsdom\lib\jsdom\living\events\EventTarget-impl.js:94:17)
          at HTMLUnknownElement.dispatchEvent (C:\Users\leotm\Desktop\Projetos\Programming\vacation-scheduler\node_modules\jsdom\lib\jsdom\living\generated\EventTarget.js:231:34)
          at Object.invokeGuardedCallbackDev (C:\Users\leotm\Desktop\Projetos\Programming\vacation-scheduler\node_modules\react-dom\cjs\react-dom.development.js:4213:16)
          at invokeGuardedCallback (C:\Users\leotm\Desktop\Projetos\Programming\vacation-scheduler\node_modules\react-dom\cjs\react-dom.development.js:4277:31)
          at beginWork$1 (C:\Users\leotm\Desktop\Projetos\Programming\vacation-scheduler\node_modules\react-dom\cjs\react-dom.development.js:27490:7)
          at performUnitOfWork (C:\Users\leotm\Desktop\Projetos\Programming\vacation-scheduler\node_modules\react-dom\cjs\react-dom.development.js:26599:12)
          at workLoopSync (C:\Users\leotm\Desktop\Projetos\Programming\vacation-scheduler\node_modules\react-dom\cjs\react-dom.development.js:26505:5)
          at renderRootSync (C:\Users\leotm\Desktop\Projetos\Programming\vacation-scheduler\node_modules\react-dom\cjs\react-dom.development.js:26473:7)
          at performConcurrentWorkOnRoot (C:\Users\leotm\Desktop\Projetos\Programming\vacation-scheduler\node_modules\react-dom\cjs\react-dom.development.js:25777:74)
          at flushActQueue (C:\Users\leotm\Desktop\Projetos\Programming\vacation-scheduler\node_modules\react\cjs\react.development.js:2667:24)
          at act (C:\Users\leotm\Desktop\Projetos\Programming\vacation-scheduler\node_modules\react\cjs\react.development.js:2582:11)
          at C:\Users\leotm\Desktop\Projetos\Programming\vacation-scheduler\node_modules\@testing-library\react\dist\act-compat.js:46:25
          at renderRoot (C:\Users\leotm\Desktop\Projetos\Programming\vacation-scheduler\node_modules\@testing-library\react\dist\pure.js:189:26)
          at render (C:\Users\leotm\Desktop\Projetos\Programming\vacation-scheduler\node_modules\@testing-library\react\dist\pure.js:291:10)
          at renderCalendar (C:\Users\leotm\Desktop\Projetos\Programming\vacation-scheduler\src\components\CalendarView.test.js:36:16)
          at Object.<anonymous> (C:\Users\leotm\Desktop\Projetos\Programming\vacation-scheduler\src\components\CalendarView.test.js:337:5)
          at Promise.then.completed (C:\Users\leotm\Desktop\Projetos\Programming\vacation-scheduler\node_modules\jest-circus\build\utils.js:391:28)
          at new Promise (<anonymous>)
          at callAsyncCircusFn (C:\Users\leotm\Desktop\Projetos\Programming\vacation-scheduler\node_modules\jest-circus\build\utils.js:316:10)
          at _callCircusTest (C:\Users\leotm\Desktop\Projetos\Programming\vacation-scheduler\node_modules\jest-circus\build\run.js:218:40)
          at processTicksAndRejections (node:internal/process/task_queues:103:5)
          at _runTest (C:\Users\leotm\Desktop\Projetos\Programming\vacation-scheduler\node_modules\jest-circus\build\run.js:155:3)
          at _runTestsForDescribeBlock (C:\Users\leotm\Desktop\Projetos\Programming\vacation-scheduler\node_modules\jest-circus\build\run.js:66:9)
          at _runTestsForDescribeBlock (C:\Users\leotm\Desktop\Projetos\Programming\vacation-scheduler\node_modules\jest-circus\build\run.js:60:9)
          at run (C:\Users\leotm\Desktop\Projetos\Programming\vacation-scheduler\node_modules\jest-circus\build\run.js:25:3)
          at runAndTransformResultsToJestFormat (C:\Users\leotm\Desktop\Projetos\Programming\vacation-scheduler\node_modules\jest-circus\build\legacy-code-todo-rewrite\jestAdapterInit.js:170:21)
          at jestAdapter (C:\Users\leotm\Desktop\Projetos\Programming\vacation-scheduler\node_modules\jest-circus\build\legacy-code-todo-rewrite\jestAdapter.js:82:19)
          at runTestInternal (C:\Users\leotm\Desktop\Projetos\Programming\vacation-scheduler\node_modules\jest-runner\build\runTest.js:389:16)
          at runTest (C:\Users\leotm\Desktop\Projetos\Programming\vacation-scheduler\node_modules\jest-runner\build\runTest.js:475:34)
          at Object.worker (C:\Users\leotm\Desktop\Projetos\Programming\vacation-scheduler\node_modules\jest-runner\build\testWorker.js:133:12) TypeError: Cannot destructure property 'basename' of 'React.useContext(...)' as it is null.
          at LinkWithRef (C:\Users\leotm\Desktop\Projetos\Programming\vacation-scheduler\node_modules\react-router\dist\development\chunk-2YMDXNOJ.js:399:11)
          at renderWithHooks (C:\Users\leotm\Desktop\Projetos\Programming\vacation-scheduler\node_modules\react-dom\cjs\react-dom.development.js:15486:18)
          at updateForwardRef (C:\Users\leotm\Desktop\Projetos\Programming\vacation-scheduler\node_modules\react-dom\cjs\react-dom.development.js:19245:20)
          at beginWork (C:\Users\leotm\Desktop\Projetos\Programming\vacation-scheduler\node_modules\react-dom\cjs\react-dom.development.js:21675:16)
          at HTMLUnknownElement.callCallback (C:\Users\leotm\Desktop\Projetos\Programming\vacation-scheduler\node_modules\react-dom\cjs\react-dom.development.js:4164:14)
          at HTMLUnknownElement.callTheUserObjectsOperation (C:\Users\leotm\Desktop\Projetos\Programming\vacation-scheduler\node_modules\jsdom\lib\jsdom\living\generated\EventListener.js:26:30)
          at innerInvokeEventListeners (C:\Users\leotm\Desktop\Projetos\Programming\vacation-scheduler\node_modules\jsdom\lib\jsdom\living\events\EventTarget-impl.js:338:25)
          at invokeEventListeners (C:\Users\leotm\Desktop\Projetos\Programming\vacation-scheduler\node_modules\jsdom\lib\jsdom\living\events\EventTarget-impl.js:274:3)
          at HTMLUnknownElementImpl._dispatch (C:\Users\leotm\Desktop\Projetos\Programming\vacation-scheduler\node_modules\jsdom\lib\jsdom\living\events\EventTarget-impl.js:221:9)
          at HTMLUnknownElementImpl.dispatchEvent (C:\Users\leotm\Desktop\Projetos\Programming\vacation-scheduler\node_modules\jsdom\lib\jsdom\living\events\EventTarget-impl.js:94:17)
          at HTMLUnknownElement.dispatchEvent (C:\Users\leotm\Desktop\Projetos\Programming\vacation-scheduler\node_modules\jsdom\lib\jsdom\living\generated\EventTarget.js:231:34)
          at Object.invokeGuardedCallbackDev (C:\Users\leotm\Desktop\Projetos\Programming\vacation-scheduler\node_modules\react-dom\cjs\react-dom.development.js:4213:16)
          at invokeGuardedCallback (C:\Users\leotm\Desktop\Projetos\Programming\vacation-scheduler\node_modules\react-dom\cjs\react-dom.development.js:4277:31)
          at beginWork$1 (C:\Users\leotm\Desktop\Projetos\Programming\vacation-scheduler\node_modules\react-dom\cjs\react-dom.development.js:27490:7)
          at performUnitOfWork (C:\Users\leotm\Desktop\Projetos\Programming\vacation-scheduler\node_modules\react-dom\cjs\react-dom.development.js:26599:12)
          at workLoopSync (C:\Users\leotm\Desktop\Projetos\Programming\vacation-scheduler\node_modules\react-dom\cjs\react-dom.development.js:26505:5)
          at renderRootSync (C:\Users\leotm\Desktop\Projetos\Programming\vacation-scheduler\node_modules\react-dom\cjs\react-dom.development.js:26473:7)
          at performConcurrentWorkOnRoot (C:\Users\leotm\Desktop\Projetos\Programming\vacation-scheduler\node_modules\react-dom\cjs\react-dom.development.js:25777:74)
          at flushActQueue (C:\Users\leotm\Desktop\Projetos\Programming\vacation-scheduler\node_modules\react\cjs\react.development.js:2667:24)
          at act (C:\Users\leotm\Desktop\Projetos\Programming\vacation-scheduler\node_modules\react\cjs\react.development.js:2582:11)
          at C:\Users\leotm\Desktop\Projetos\Programming\vacation-scheduler\node_modules\@testing-library\react\dist\act-compat.js:46:25
          at renderRoot (C:\Users\leotm\Desktop\Projetos\Programming\vacation-scheduler\node_modules\@testing-library\react\dist\pure.js:189:26)
          at render (C:\Users\leotm\Desktop\Projetos\Programming\vacation-scheduler\node_modules\@testing-library\react\dist\pure.js:291:10)
          at renderCalendar (C:\Users\leotm\Desktop\Projetos\Programming\vacation-scheduler\src\components\CalendarView.test.js:36:16)
          at Object.<anonymous> (C:\Users\leotm\Desktop\Projetos\Programming\vacation-scheduler\src\components\CalendarView.test.js:337:5)
          at Promise.then.completed (C:\Users\leotm\Desktop\Projetos\Programming\vacation-scheduler\node_modules\jest-circus\build\utils.js:391:28)
          at new Promise (<anonymous>)
          at callAsyncCircusFn (C:\Users\leotm\Desktop\Projetos\Programming\vacation-scheduler\node_modules\jest-circus\build\utils.js:316:10)
          at _callCircusTest (C:\Users\leotm\Desktop\Projetos\Programming\vacation-scheduler\node_modules\jest-circus\build\run.js:218:40)
          at processTicksAndRejections (node:internal/process/task_queues:103:5)
          at _runTest (C:\Users\leotm\Desktop\Projetos\Programming\vacation-scheduler\node_modules\jest-circus\build\run.js:155:3)
          at _runTestsForDescribeBlock (C:\Users\leotm\Desktop\Projetos\Programming\vacation-scheduler\node_modules\jest-circus\build\run.js:66:9)
          at _runTestsForDescribeBlock (C:\Users\leotm\Desktop\Projetos\Programming\vacation-scheduler\node_modules\jest-circus\build\run.js:60:9)
          at run (C:\Users\leotm\Desktop\Projetos\Programming\vacation-scheduler\node_modules\jest-circus\build\run.js:25:3)
          at runAndTransformResultsToJestFormat (C:\Users\leotm\Desktop\Projetos\Programming\vacation-scheduler\node_modules\jest-circus\build\legacy-code-todo-rewrite\jestAdapterInit.js:170:21)
          at jestAdapter (C:\Users\leotm\Desktop\Projetos\Programming\vacation-scheduler\node_modules\jest-circus\build\legacy-code-todo-rewrite\jestAdapter.js:82:19)
          at runTestInternal (C:\Users\leotm\Desktop\Projetos\Programming\vacation-scheduler\node_modules\jest-runner\build\runTest.js:389:16)
          at runTest (C:\Users\leotm\Desktop\Projetos\Programming\vacation-scheduler\node_modules\jest-runner\build\runTest.js:475:34)
          at Object.worker (C:\Users\leotm\Desktop\Projetos\Programming\vacation-scheduler\node_modules\jest-runner\build\testWorker.js:133:12)

    [0m [90m 34 |[39m
     [90m 35 |[39m [36mconst[39m renderCalendar [33m=[39m (overrides [33m=[39m {}) [33m=>[39m {
    [31m[1m>[22m[39m[90m 36 |[39m   [36mreturn[39m render([33m<[39m[33mCalendarView[39m {[33m...[39mdefaultProps} {[33m...[39moverrides} [33m/[39m[33m>[39m)[33m;[39m
     [90m    |[39m                [31m[1m^[22m[39m
     [90m 37 |[39m }[33m;[39m
     [90m 38 |[39m
     [90m 39 |[39m describe([32m'CalendarView rendering'[39m[33m,[39m () [33m=>[39m {[0m

      at VirtualConsole.<anonymous> (node_modules/jsdom/lib/jsdom/virtual-console.js:29:45)
      at reportException (node_modules/jsdom/lib/jsdom/living/helpers/runtime-script-errors.js:70:28)
      at innerInvokeEventListeners (node_modules/jsdom/lib/jsdom/living/events/EventTarget-impl.js:341:9)
      at invokeEventListeners (node_modules/jsdom/lib/jsdom/living/events/EventTarget-impl.js:274:3)
      at HTMLUnknownElementImpl._dispatch (node_modules/jsdom/lib/jsdom/living/events/EventTarget-impl.js:221:9)
      at HTMLUnknownElementImpl.dispatchEvent (node_modules/jsdom/lib/jsdom/living/events/EventTarget-impl.js:94:17)
      at HTMLUnknownElement.dispatchEvent (node_modules/jsdom/lib/jsdom/living/generated/EventTarget.js:231:34)
      at Object.invokeGuardedCallbackDev (node_modules/react-dom/cjs/react-dom.development.js:4213:16)
      at invokeGuardedCallback (node_modules/react-dom/cjs/react-dom.development.js:4277:31)
      at beginWork$1 (node_modules/react-dom/cjs/react-dom.development.js:27490:7)
      at performUnitOfWork (node_modules/react-dom/cjs/react-dom.development.js:26599:12)
      at workLoopSync (node_modules/react-dom/cjs/react-dom.development.js:26505:5)
      at renderRootSync (node_modules/react-dom/cjs/react-dom.development.js:26473:7)
      at performConcurrentWorkOnRoot (node_modules/react-dom/cjs/react-dom.development.js:25777:74)
      at flushActQueue (node_modules/react/cjs/react.development.js:2667:24)
      at act (node_modules/react/cjs/react.development.js:2582:11)
      at node_modules/@testing-library/react/dist/act-compat.js:46:25
      at renderRoot (node_modules/@testing-library/react/dist/pure.js:189:26)
      at render (node_modules/@testing-library/react/dist/pure.js:291:10)
      at renderCalendar (src/components/CalendarView.test.js:36:16)
      at Object.<anonymous> (src/components/CalendarView.test.js:337:5)

    console.error
      Error: Uncaught [TypeError: Cannot destructure property 'basename' of 'React.useContext(...)' as it is null.]
          at reportException (C:\Users\leotm\Desktop\Projetos\Programming\vacation-scheduler\node_modules\jsdom\lib\jsdom\living\helpers\runtime-script-errors.js:66:24)
          at innerInvokeEventListeners (C:\Users\leotm\Desktop\Projetos\Programming\vacation-scheduler\node_modules\jsdom\lib\jsdom\living\events\EventTarget-impl.js:341:9)
          at invokeEventListeners (C:\Users\leotm\Desktop\Projetos\Programming\vacation-scheduler\node_modules\jsdom\lib\jsdom\living\events\EventTarget-impl.js:274:3)
          at HTMLUnknownElementImpl._dispatch (C:\Users\leotm\Desktop\Projetos\Programming\vacation-scheduler\node_modules\jsdom\lib\jsdom\living\events\EventTarget-impl.js:221:9)
          at HTMLUnknownElementImpl.dispatchEvent (C:\Users\leotm\Desktop\Projetos\Programming\vacation-scheduler\node_modules\jsdom\lib\jsdom\living\events\EventTarget-impl.js:94:17)
          at HTMLUnknownElement.dispatchEvent (C:\Users\leotm\Desktop\Projetos\Programming\vacation-scheduler\node_modules\jsdom\lib\jsdom\living\generated\EventTarget.js:231:34)
          at Object.invokeGuardedCallbackDev (C:\Users\leotm\Desktop\Projetos\Programming\vacation-scheduler\node_modules\react-dom\cjs\react-dom.development.js:4213:16)
          at invokeGuardedCallback (C:\Users\leotm\Desktop\Projetos\Programming\vacation-scheduler\node_modules\react-dom\cjs\react-dom.development.js:4277:31)
          at beginWork$1 (C:\Users\leotm\Desktop\Projetos\Programming\vacation-scheduler\node_modules\react-dom\cjs\react-dom.development.js:27490:7)
          at performUnitOfWork (C:\Users\leotm\Desktop\Projetos\Programming\vacation-scheduler\node_modules\react-dom\cjs\react-dom.development.js:26599:12)
          at workLoopSync (C:\Users\leotm\Desktop\Projetos\Programming\vacation-scheduler\node_modules\react-dom\cjs\react-dom.development.js:26505:5)
          at renderRootSync (C:\Users\leotm\Desktop\Projetos\Programming\vacation-scheduler\node_modules\react-dom\cjs\react-dom.development.js:26473:7)
          at recoverFromConcurrentError (C:\Users\leotm\Desktop\Projetos\Programming\vacation-scheduler\node_modules\react-dom\cjs\react-dom.development.js:25889:20)
          at performConcurrentWorkOnRoot (C:\Users\leotm\Desktop\Projetos\Programming\vacation-scheduler\node_modules\react-dom\cjs\react-dom.development.js:25789:22)
          at flushActQueue (C:\Users\leotm\Desktop\Projetos\Programming\vacation-scheduler\node_modules\react\cjs\react.development.js:2667:24)
          at act (C:\Users\leotm\Desktop\Projetos\Programming\vacation-scheduler\node_modules\react\cjs\react.development.js:2582:11)
          at C:\Users\leotm\Desktop\Projetos\Programming\vacation-scheduler\node_modules\@testing-library\react\dist\act-compat.js:46:25
          at renderRoot (C:\Users\leotm\Desktop\Projetos\Programming\vacation-scheduler\node_modules\@testing-library\react\dist\pure.js:189:26)
          at render (C:\Users\leotm\Desktop\Projetos\Programming\vacation-scheduler\node_modules\@testing-library\react\dist\pure.js:291:10)
          at renderCalendar (C:\Users\leotm\Desktop\Projetos\Programming\vacation-scheduler\src\components\CalendarView.test.js:36:16)
          at Object.<anonymous> (C:\Users\leotm\Desktop\Projetos\Programming\vacation-scheduler\src\components\CalendarView.test.js:337:5)
          at Promise.then.completed (C:\Users\leotm\Desktop\Projetos\Programming\vacation-scheduler\node_modules\jest-circus\build\utils.js:391:28)
          at new Promise (<anonymous>)
          at callAsyncCircusFn (C:\Users\leotm\Desktop\Projetos\Programming\vacation-scheduler\node_modules\jest-circus\build\utils.js:316:10)
          at _callCircusTest (C:\Users\leotm\Desktop\Projetos\Programming\vacation-scheduler\node_modules\jest-circus\build\run.js:218:40)
          at processTicksAndRejections (node:internal/process/task_queues:103:5)
          at _runTest (C:\Users\leotm\Desktop\Projetos\Programming\vacation-scheduler\node_modules\jest-circus\build\run.js:155:3)
          at _runTestsForDescribeBlock (C:\Users\leotm\Desktop\Projetos\Programming\vacation-scheduler\node_modules\jest-circus\build\run.js:66:9)
          at _runTestsForDescribeBlock (C:\Users\leotm\Desktop\Projetos\Programming\vacation-scheduler\node_modules\jest-circus\build\run.js:60:9)
          at run (C:\Users\leotm\Desktop\Projetos\Programming\vacation-scheduler\node_modules\jest-circus\build\run.js:25:3)
          at runAndTransformResultsToJestFormat (C:\Users\leotm\Desktop\Projetos\Programming\vacation-scheduler\node_modules\jest-circus\build\legacy-code-todo-rewrite\jestAdapterInit.js:170:21)
          at jestAdapter (C:\Users\leotm\Desktop\Projetos\Programming\vacation-scheduler\node_modules\jest-circus\build\legacy-code-todo-rewrite\jestAdapter.js:82:19)
          at runTestInternal (C:\Users\leotm\Desktop\Projetos\Programming\vacation-scheduler\node_modules\jest-runner\build\runTest.js:389:16)
          at runTest (C:\Users\leotm\Desktop\Projetos\Programming\vacation-scheduler\node_modules\jest-runner\build\runTest.js:475:34)
          at Object.worker (C:\Users\leotm\Desktop\Projetos\Programming\vacation-scheduler\node_modules\jest-runner\build\testWorker.js:133:12) TypeError: Cannot destructure property 'basename' of 'React.useContext(...)' as it is null.
          at LinkWithRef (C:\Users\leotm\Desktop\Projetos\Programming\vacation-scheduler\node_modules\react-router\dist\development\chunk-2YMDXNOJ.js:399:11)
          at renderWithHooks (C:\Users\leotm\Desktop\Projetos\Programming\vacation-scheduler\node_modules\react-dom\cjs\react-dom.development.js:15486:18)
          at updateForwardRef (C:\Users\leotm\Desktop\Projetos\Programming\vacation-scheduler\node_modules\react-dom\cjs\react-dom.development.js:19245:20)
          at beginWork (C:\Users\leotm\Desktop\Projetos\Programming\vacation-scheduler\node_modules\react-dom\cjs\react-dom.development.js:21675:16)
          at HTMLUnknownElement.callCallback (C:\Users\leotm\Desktop\Projetos\Programming\vacation-scheduler\node_modules\react-dom\cjs\react-dom.development.js:4164:14)
          at HTMLUnknownElement.callTheUserObjectsOperation (C:\Users\leotm\Desktop\Projetos\Programming\vacation-scheduler\node_modules\jsdom\lib\jsdom\living\generated\EventListener.js:26:30)
          at innerInvokeEventListeners (C:\Users\leotm\Desktop\Projetos\Programming\vacation-scheduler\node_modules\jsdom\lib\jsdom\living\events\EventTarget-impl.js:338:25)
          at invokeEventListeners (C:\Users\leotm\Desktop\Projetos\Programming\vacation-scheduler\node_modules\jsdom\lib\jsdom\living\events\EventTarget-impl.js:274:3)
          at HTMLUnknownElementImpl._dispatch (C:\Users\leotm\Desktop\Projetos\Programming\vacation-scheduler\node_modules\jsdom\lib\jsdom\living\events\EventTarget-impl.js:221:9)
          at HTMLUnknownElementImpl.dispatchEvent (C:\Users\leotm\Desktop\Projetos\Programming\vacation-scheduler\node_modules\jsdom\lib\jsdom\living\events\EventTarget-impl.js:94:17)
          at HTMLUnknownElement.dispatchEvent (C:\Users\leotm\Desktop\Projetos\Programming\vacation-scheduler\node_modules\jsdom\lib\jsdom\living\generated\EventTarget.js:231:34)
          at Object.invokeGuardedCallbackDev (C:\Users\leotm\Desktop\Projetos\Programming\vacation-scheduler\node_modules\react-dom\cjs\react-dom.development.js:4213:16)
          at invokeGuardedCallback (C:\Users\leotm\Desktop\Projetos\Programming\vacation-scheduler\node_modules\react-dom\cjs\react-dom.development.js:4277:31)
          at beginWork$1 (C:\Users\leotm\Desktop\Projetos\Programming\vacation-scheduler\node_modules\react-dom\cjs\react-dom.development.js:27490:7)
          at performUnitOfWork (C:\Users\leotm\Desktop\Projetos\Programming\vacation-scheduler\node_modules\react-dom\cjs\react-dom.development.js:26599:12)
          at workLoopSync (C:\Users\leotm\Desktop\Projetos\Programming\vacation-scheduler\node_modules\react-dom\cjs\react-dom.development.js:26505:5)
          at renderRootSync (C:\Users\leotm\Desktop\Projetos\Programming\vacation-scheduler\node_modules\react-dom\cjs\react-dom.development.js:26473:7)
          at recoverFromConcurrentError (C:\Users\leotm\Desktop\Projetos\Programming\vacation-scheduler\node_modules\react-dom\cjs\react-dom.development.js:25889:20)
          at performConcurrentWorkOnRoot (C:\Users\leotm\Desktop\Projetos\Programming\vacation-scheduler\node_modules\react-dom\cjs\react-dom.development.js:25789:22)
          at flushActQueue (C:\Users\leotm\Desktop\Projetos\Programming\vacation-scheduler\node_modules\react\cjs\react.development.js:2667:24)
          at act (C:\Users\leotm\Desktop\Projetos\Programming\vacation-scheduler\node_modules\react\cjs\react.development.js:2582:11)
          at C:\Users\leotm\Desktop\Projetos\Programming\vacation-scheduler\node_modules\@testing-library\react\dist\act-compat.js:46:25
          at renderRoot (C:\Users\leotm\Desktop\Projetos\Programming\vacation-scheduler\node_modules\@testing-library\react\dist\pure.js:189:26)
          at render (C:\Users\leotm\Desktop\Projetos\Programming\vacation-scheduler\node_modules\@testing-library\react\dist\pure.js:291:10)
          at renderCalendar (C:\Users\leotm\Desktop\Projetos\Programming\vacation-scheduler\src\components\CalendarView.test.js:36:16)
          at Object.<anonymous> (C:\Users\leotm\Desktop\Projetos\Programming\vacation-scheduler\src\components\CalendarView.test.js:337:5)
          at Promise.then.completed (C:\Users\leotm\Desktop\Projetos\Programming\vacation-scheduler\node_modules\jest-circus\build\utils.js:391:28)
          at new Promise (<anonymous>)
          at callAsyncCircusFn (C:\Users\leotm\Desktop\Projetos\Programming\vacation-scheduler\node_modules\jest-circus\build\utils.js:316:10)
          at _callCircusTest (C:\Users\leotm\Desktop\Projetos\Programming\vacation-scheduler\node_modules\jest-circus\build\run.js:218:40)
          at processTicksAndRejections (node:internal/process/task_queues:103:5)
          at _runTest (C:\Users\leotm\Desktop\Projetos\Programming\vacation-scheduler\node_modules\jest-circus\build\run.js:155:3)
          at _runTestsForDescribeBlock (C:\Users\leotm\Desktop\Projetos\Programming\vacation-scheduler\node_modules\jest-circus\build\run.js:66:9)
          at _runTestsForDescribeBlock (C:\Users\leotm\Desktop\Projetos\Programming\vacation-scheduler\node_modules\jest-circus\build\run.js:60:9)
          at run (C:\Users\leotm\Desktop\Projetos\Programming\vacation-scheduler\node_modules\jest-circus\build\run.js:25:3)
          at runAndTransformResultsToJestFormat (C:\Users\leotm\Desktop\Projetos\Programming\vacation-scheduler\node_modules\jest-circus\build\legacy-code-todo-rewrite\jestAdapterInit.js:170:21)
          at jestAdapter (C:\Users\leotm\Desktop\Projetos\Programming\vacation-scheduler\node_modules\jest-circus\build\legacy-code-todo-rewrite\jestAdapter.js:82:19)
          at runTestInternal (C:\Users\leotm\Desktop\Projetos\Programming\vacation-scheduler\node_modules\jest-runner\build\runTest.js:389:16)
          at runTest (C:\Users\leotm\Desktop\Projetos\Programming\vacation-scheduler\node_modules\jest-runner\build\runTest.js:475:34)
          at Object.worker (C:\Users\leotm\Desktop\Projetos\Programming\vacation-scheduler\node_modules\jest-runner\build\testWorker.js:133:12)

    [0m [90m 34 |[39m
     [90m 35 |[39m [36mconst[39m renderCalendar [33m=[39m (overrides [33m=[39m {}) [33m=>[39m {
    [31m[1m>[22m[39m[90m 36 |[39m   [36mreturn[39m render([33m<[39m[33mCalendarView[39m {[33m...[39mdefaultProps} {[33m...[39moverrides} [33m/[39m[33m>[39m)[33m;[39m
     [90m    |[39m                [31m[1m^[22m[39m
     [90m 37 |[39m }[33m;[39m
     [90m 38 |[39m
     [90m 39 |[39m describe([32m'CalendarView rendering'[39m[33m,[39m () [33m=>[39m {[0m

      at VirtualConsole.<anonymous> (node_modules/jsdom/lib/jsdom/virtual-console.js:29:45)
      at reportException (node_modules/jsdom/lib/jsdom/living/helpers/runtime-script-errors.js:70:28)
      at innerInvokeEventListeners (node_modules/jsdom/lib/jsdom/living/events/EventTarget-impl.js:341:9)
      at invokeEventListeners (node_modules/jsdom/lib/jsdom/living/events/EventTarget-impl.js:274:3)
      at HTMLUnknownElementImpl._dispatch (node_modules/jsdom/lib/jsdom/living/events/EventTarget-impl.js:221:9)
      at HTMLUnknownElementImpl.dispatchEvent (node_modules/jsdom/lib/jsdom/living/events/EventTarget-impl.js:94:17)
      at HTMLUnknownElement.dispatchEvent (node_modules/jsdom/lib/jsdom/living/generated/EventTarget.js:231:34)
      at Object.invokeGuardedCallbackDev (node_modules/react-dom/cjs/react-dom.development.js:4213:16)
      at invokeGuardedCallback (node_modules/react-dom/cjs/react-dom.development.js:4277:31)
      at beginWork$1 (node_modules/react-dom/cjs/react-dom.development.js:27490:7)
      at performUnitOfWork (node_modules/react-dom/cjs/react-dom.development.js:26599:12)
      at workLoopSync (node_modules/react-dom/cjs/react-dom.development.js:26505:5)
      at renderRootSync (node_modules/react-dom/cjs/react-dom.development.js:26473:7)
      at recoverFromConcurrentError (node_modules/react-dom/cjs/react-dom.development.js:25889:20)
      at performConcurrentWorkOnRoot (node_modules/react-dom/cjs/react-dom.development.js:25789:22)
      at flushActQueue (node_modules/react/cjs/react.development.js:2667:24)
      at act (node_modules/react/cjs/react.development.js:2582:11)
      at node_modules/@testing-library/react/dist/act-compat.js:46:25
      at renderRoot (node_modules/@testing-library/react/dist/pure.js:189:26)
      at render (node_modules/@testing-library/react/dist/pure.js:291:10)
      at renderCalendar (src/components/CalendarView.test.js:36:16)
      at Object.<anonymous> (src/components/CalendarView.test.js:337:5)

    console.error
      The above error occurred in the <Link> component:
      
          at LinkWithRef (C:\Users\leotm\Desktop\Projetos\Programming\vacation-scheduler\node_modules\react-router\dist\development\chunk-2YMDXNOJ.js:384:5)
          at p
          at div
          at div
          at form
          at CalendarView (C:\Users\leotm\Desktop\Projetos\Programming\vacation-scheduler\src\components\CalendarView.js:44:25)
      
      Consider adding an error boundary to your tree to customize error handling behavior.
      Visit https://reactjs.org/link/error-boundaries to learn more about error boundaries.

    [0m [90m 34 |[39m
     [90m 35 |[39m [36mconst[39m renderCalendar [33m=[39m (overrides [33m=[39m {}) [33m=>[39m {
    [31m[1m>[22m[39m[90m 36 |[39m   [36mreturn[39m render([33m<[39m[33mCalendarView[39m {[33m...[39mdefaultProps} {[33m...[39moverrides} [33m/[39m[33m>[39m)[33m;[39m
     [90m    |[39m                [31m[1m^[22m[39m
     [90m 37 |[39m }[33m;[39m
     [90m 38 |[39m
     [90m 39 |[39m describe([32m'CalendarView rendering'[39m[33m,[39m () [33m=>[39m {[0m

      at logCapturedError (node_modules/react-dom/cjs/react-dom.development.js:18704:23)
      at update.callback (node_modules/react-dom/cjs/react-dom.development.js:18737:5)
      at callCallback (node_modules/react-dom/cjs/react-dom.development.js:15036:12)
      at commitUpdateQueue (node_modules/react-dom/cjs/react-dom.development.js:15057:9)
      at commitLayoutEffectOnFiber (node_modules/react-dom/cjs/react-dom.development.js:23430:13)
      at commitLayoutMountEffects_complete (node_modules/react-dom/cjs/react-dom.development.js:24727:9)
      at commitLayoutEffects_begin (node_modules/react-dom/cjs/react-dom.development.js:24713:7)
      at commitLayoutEffects (node_modules/react-dom/cjs/react-dom.development.js:24651:3)
      at commitRootImpl (node_modules/react-dom/cjs/react-dom.development.js:26862:5)
      at commitRoot (node_modules/react-dom/cjs/react-dom.development.js:26721:5)
      at finishConcurrentRender (node_modules/react-dom/cjs/react-dom.development.js:25931:9)
      at performConcurrentWorkOnRoot (node_modules/react-dom/cjs/react-dom.development.js:25848:7)
      at flushActQueue (node_modules/react/cjs/react.development.js:2667:24)
      at act (node_modules/react/cjs/react.development.js:2582:11)
      at node_modules/@testing-library/react/dist/act-compat.js:46:25
      at renderRoot (node_modules/@testing-library/react/dist/pure.js:189:26)
      at render (node_modules/@testing-library/react/dist/pure.js:291:10)
      at renderCalendar (src/components/CalendarView.test.js:36:16)
      at Object.<anonymous> (src/components/CalendarView.test.js:337:5)

    console.error
      Error: Uncaught [TypeError: Cannot destructure property 'basename' of 'React.useContext(...)' as it is null.]
          at reportException (C:\Users\leotm\Desktop\Projetos\Programming\vacation-scheduler\node_modules\jsdom\lib\jsdom\living\helpers\runtime-script-errors.js:66:24)
          at innerInvokeEventListeners (C:\Users\leotm\Desktop\Projetos\Programming\vacation-scheduler\node_modules\jsdom\lib\jsdom\living\events\EventTarget-impl.js:341:9)
          at invokeEventListeners (C:\Users\leotm\Desktop\Projetos\Programming\vacation-scheduler\node_modules\jsdom\lib\jsdom\living\events\EventTarget-impl.js:274:3)
          at HTMLUnknownElementImpl._dispatch (C:\Users\leotm\Desktop\Projetos\Programming\vacation-scheduler\node_modules\jsdom\lib\jsdom\living\events\EventTarget-impl.js:221:9)
          at HTMLUnknownElementImpl.dispatchEvent (C:\Users\leotm\Desktop\Projetos\Programming\vacation-scheduler\node_modules\jsdom\lib\jsdom\living\events\EventTarget-impl.js:94:17)
          at HTMLUnknownElement.dispatchEvent (C:\Users\leotm\Desktop\Projetos\Programming\vacation-scheduler\node_modules\jsdom\lib\jsdom\living\generated\EventTarget.js:231:34)
          at Object.invokeGuardedCallbackDev (C:\Users\leotm\Desktop\Projetos\Programming\vacation-scheduler\node_modules\react-dom\cjs\react-dom.development.js:4213:16)
          at invokeGuardedCallback (C:\Users\leotm\Desktop\Projetos\Programming\vacation-scheduler\node_modules\react-dom\cjs\react-dom.development.js:4277:31)
          at beginWork$1 (C:\Users\leotm\Desktop\Projetos\Programming\vacation-scheduler\node_modules\react-dom\cjs\react-dom.development.js:27490:7)
          at performUnitOfWork (C:\Users\leotm\Desktop\Projetos\Programming\vacation-scheduler\node_modules\react-dom\cjs\react-dom.development.js:26599:12)
          at workLoopSync (C:\Users\leotm\Desktop\Projetos\Programming\vacation-scheduler\node_modules\react-dom\cjs\react-dom.development.js:26505:5)
          at renderRootSync (C:\Users\leotm\Desktop\Projetos\Programming\vacation-scheduler\node_modules\react-dom\cjs\react-dom.development.js:26473:7)
          at performConcurrentWorkOnRoot (C:\Users\leotm\Desktop\Projetos\Programming\vacation-scheduler\node_modules\react-dom\cjs\react-dom.development.js:25777:74)
          at flushActQueue (C:\Users\leotm\Desktop\Projetos\Programming\vacation-scheduler\node_modules\react\cjs\react.development.js:2667:24)
          at act (C:\Users\leotm\Desktop\Projetos\Programming\vacation-scheduler\node_modules\react\cjs\react.development.js:2582:11)
          at C:\Users\leotm\Desktop\Projetos\Programming\vacation-scheduler\node_modules\@testing-library\react\dist\act-compat.js:46:25
          at renderRoot (C:\Users\leotm\Desktop\Projetos\Programming\vacation-scheduler\node_modules\@testing-library\react\dist\pure.js:189:26)
          at render (C:\Users\leotm\Desktop\Projetos\Programming\vacation-scheduler\node_modules\@testing-library\react\dist\pure.js:291:10)
          at renderCalendar (C:\Users\leotm\Desktop\Projetos\Programming\vacation-scheduler\src\components\CalendarView.test.js:36:16)
          at Object.<anonymous> (C:\Users\leotm\Desktop\Projetos\Programming\vacation-scheduler\src\components\CalendarView.test.js:349:5)
          at Promise.then.completed (C:\Users\leotm\Desktop\Projetos\Programming\vacation-scheduler\node_modules\jest-circus\build\utils.js:391:28)
          at new Promise (<anonymous>)
          at callAsyncCircusFn (C:\Users\leotm\Desktop\Projetos\Programming\vacation-scheduler\node_modules\jest-circus\build\utils.js:316:10)
          at _callCircusTest (C:\Users\leotm\Desktop\Projetos\Programming\vacation-scheduler\node_modules\jest-circus\build\run.js:218:40)
          at processTicksAndRejections (node:internal/process/task_queues:103:5)
          at _runTest (C:\Users\leotm\Desktop\Projetos\Programming\vacation-scheduler\node_modules\jest-circus\build\run.js:155:3)
          at _runTestsForDescribeBlock (C:\Users\leotm\Desktop\Projetos\Programming\vacation-scheduler\node_modules\jest-circus\build\run.js:66:9)
          at _runTestsForDescribeBlock (C:\Users\leotm\Desktop\Projetos\Programming\vacation-scheduler\node_modules\jest-circus\build\run.js:60:9)
          at run (C:\Users\leotm\Desktop\Projetos\Programming\vacation-scheduler\node_modules\jest-circus\build\run.js:25:3)
          at runAndTransformResultsToJestFormat (C:\Users\leotm\Desktop\Projetos\Programming\vacation-scheduler\node_modules\jest-circus\build\legacy-code-todo-rewrite\jestAdapterInit.js:170:21)
          at jestAdapter (C:\Users\leotm\Desktop\Projetos\Programming\vacation-scheduler\node_modules\jest-circus\build\legacy-code-todo-rewrite\jestAdapter.js:82:19)
          at runTestInternal (C:\Users\leotm\Desktop\Projetos\Programming\vacation-scheduler\node_modules\jest-runner\build\runTest.js:389:16)
          at runTest (C:\Users\leotm\Desktop\Projetos\Programming\vacation-scheduler\node_modules\jest-runner\build\runTest.js:475:34)
          at Object.worker (C:\Users\leotm\Desktop\Projetos\Programming\vacation-scheduler\node_modules\jest-runner\build\testWorker.js:133:12) TypeError: Cannot destructure property 'basename' of 'React.useContext(...)' as it is null.
          at LinkWithRef (C:\Users\leotm\Desktop\Projetos\Programming\vacation-scheduler\node_modules\react-router\dist\development\chunk-2YMDXNOJ.js:399:11)
          at renderWithHooks (C:\Users\leotm\Desktop\Projetos\Programming\vacation-scheduler\node_modules\react-dom\cjs\react-dom.development.js:15486:18)
          at updateForwardRef (C:\Users\leotm\Desktop\Projetos\Programming\vacation-scheduler\node_modules\react-dom\cjs\react-dom.development.js:19245:20)
          at beginWork (C:\Users\leotm\Desktop\Projetos\Programming\vacation-scheduler\node_modules\react-dom\cjs\react-dom.development.js:21675:16)
          at HTMLUnknownElement.callCallback (C:\Users\leotm\Desktop\Projetos\Programming\vacation-scheduler\node_modules\react-dom\cjs\react-dom.development.js:4164:14)
          at HTMLUnknownElement.callTheUserObjectsOperation (C:\Users\leotm\Desktop\Projetos\Programming\vacation-scheduler\node_modules\jsdom\lib\jsdom\living\generated\EventListener.js:26:30)
          at innerInvokeEventListeners (C:\Users\leotm\Desktop\Projetos\Programming\vacation-scheduler\node_modules\jsdom\lib\jsdom\living\events\EventTarget-impl.js:338:25)
          at invokeEventListeners (C:\Users\leotm\Desktop\Projetos\Programming\vacation-scheduler\node_modules\jsdom\lib\jsdom\living\events\EventTarget-impl.js:274:3)
          at HTMLUnknownElementImpl._dispatch (C:\Users\leotm\Desktop\Projetos\Programming\vacation-scheduler\node_modules\jsdom\lib\jsdom\living\events\EventTarget-impl.js:221:9)
          at HTMLUnknownElementImpl.dispatchEvent (C:\Users\leotm\Desktop\Projetos\Programming\vacation-scheduler\node_modules\jsdom\lib\jsdom\living\events\EventTarget-impl.js:94:17)
          at HTMLUnknownElement.dispatchEvent (C:\Users\leotm\Desktop\Projetos\Programming\vacation-scheduler\node_modules\jsdom\lib\jsdom\living\generated\EventTarget.js:231:34)
          at Object.invokeGuardedCallbackDev (C:\Users\leotm\Desktop\Projetos\Programming\vacation-scheduler\node_modules\react-dom\cjs\react-dom.development.js:4213:16)
          at invokeGuardedCallback (C:\Users\leotm\Desktop\Projetos\Programming\vacation-scheduler\node_modules\react-dom\cjs\react-dom.development.js:4277:31)
          at beginWork$1 (C:\Users\leotm\Desktop\Projetos\Programming\vacation-scheduler\node_modules\react-dom\cjs\react-dom.development.js:27490:7)
          at performUnitOfWork (C:\Users\leotm\Desktop\Projetos\Programming\vacation-scheduler\node_modules\react-dom\cjs\react-dom.development.js:26599:12)
          at workLoopSync (C:\Users\leotm\Desktop\Projetos\Programming\vacation-scheduler\node_modules\react-dom\cjs\react-dom.development.js:26505:5)
          at renderRootSync (C:\Users\leotm\Desktop\Projetos\Programming\vacation-scheduler\node_modules\react-dom\cjs\react-dom.development.js:26473:7)
          at performConcurrentWorkOnRoot (C:\Users\leotm\Desktop\Projetos\Programming\vacation-scheduler\node_modules\react-dom\cjs\react-dom.development.js:25777:74)
          at flushActQueue (C:\Users\leotm\Desktop\Projetos\Programming\vacation-scheduler\node_modules\react\cjs\react.development.js:2667:24)
          at act (C:\Users\leotm\Desktop\Projetos\Programming\vacation-scheduler\node_modules\react\cjs\react.development.js:2582:11)
          at C:\Users\leotm\Desktop\Projetos\Programming\vacation-scheduler\node_modules\@testing-library\react\dist\act-compat.js:46:25
          at renderRoot (C:\Users\leotm\Desktop\Projetos\Programming\vacation-scheduler\node_modules\@testing-library\react\dist\pure.js:189:26)
          at render (C:\Users\leotm\Desktop\Projetos\Programming\vacation-scheduler\node_modules\@testing-library\react\dist\pure.js:291:10)
          at renderCalendar (C:\Users\leotm\Desktop\Projetos\Programming\vacation-scheduler\src\components\CalendarView.test.js:36:16)
          at Object.<anonymous> (C:\Users\leotm\Desktop\Projetos\Programming\vacation-scheduler\src\components\CalendarView.test.js:349:5)
          at Promise.then.completed (C:\Users\leotm\Desktop\Projetos\Programming\vacation-scheduler\node_modules\jest-circus\build\utils.js:391:28)
          at new Promise (<anonymous>)
          at callAsyncCircusFn (C:\Users\leotm\Desktop\Projetos\Programming\vacation-scheduler\node_modules\jest-circus\build\utils.js:316:10)
          at _callCircusTest (C:\Users\leotm\Desktop\Projetos\Programming\vacation-scheduler\node_modules\jest-circus\build\run.js:218:40)
          at processTicksAndRejections (node:internal/process/task_queues:103:5)
          at _runTest (C:\Users\leotm\Desktop\Projetos\Programming\vacation-scheduler\node_modules\jest-circus\build\run.js:155:3)
          at _runTestsForDescribeBlock (C:\Users\leotm\Desktop\Projetos\Programming\vacation-scheduler\node_modules\jest-circus\build\run.js:66:9)
          at _runTestsForDescribeBlock (C:\Users\leotm\Desktop\Projetos\Programming\vacation-scheduler\node_modules\jest-circus\build\run.js:60:9)
          at run (C:\Users\leotm\Desktop\Projetos\Programming\vacation-scheduler\node_modules\jest-circus\build\run.js:25:3)
          at runAndTransformResultsToJestFormat (C:\Users\leotm\Desktop\Projetos\Programming\vacation-scheduler\node_modules\jest-circus\build\legacy-code-todo-rewrite\jestAdapterInit.js:170:21)
          at jestAdapter (C:\Users\leotm\Desktop\Projetos\Programming\vacation-scheduler\node_modules\jest-circus\build\legacy-code-todo-rewrite\jestAdapter.js:82:19)
          at runTestInternal (C:\Users\leotm\Desktop\Projetos\Programming\vacation-scheduler\node_modules\jest-runner\build\runTest.js:389:16)
          at runTest (C:\Users\leotm\Desktop\Projetos\Programming\vacation-scheduler\node_modules\jest-runner\build\runTest.js:475:34)
          at Object.worker (C:\Users\leotm\Desktop\Projetos\Programming\vacation-scheduler\node_modules\jest-runner\build\testWorker.js:133:12)

    [0m [90m 34 |[39m
     [90m 35 |[39m [36mconst[39m renderCalendar [33m=[39m (overrides [33m=[39m {}) [33m=>[39m {
    [31m[1m>[22m[39m[90m 36 |[39m   [36mreturn[39m render([33m<[39m[33mCalendarView[39m {[33m...[39mdefaultProps} {[33m...[39moverrides} [33m/[39m[33m>[39m)[33m;[39m
     [90m    |[39m                [31m[1m^[22m[39m
     [90m 37 |[39m }[33m;[39m
     [90m 38 |[39m
     [90m 39 |[39m describe([32m'CalendarView rendering'[39m[33m,[39m () [33m=>[39m {[0m

      at VirtualConsole.<anonymous> (node_modules/jsdom/lib/jsdom/virtual-console.js:29:45)
      at reportException (node_modules/jsdom/lib/jsdom/living/helpers/runtime-script-errors.js:70:28)
      at innerInvokeEventListeners (node_modules/jsdom/lib/jsdom/living/events/EventTarget-impl.js:341:9)
      at invokeEventListeners (node_modules/jsdom/lib/jsdom/living/events/EventTarget-impl.js:274:3)
      at HTMLUnknownElementImpl._dispatch (node_modules/jsdom/lib/jsdom/living/events/EventTarget-impl.js:221:9)
      at HTMLUnknownElementImpl.dispatchEvent (node_modules/jsdom/lib/jsdom/living/events/EventTarget-impl.js:94:17)
      at HTMLUnknownElement.dispatchEvent (node_modules/jsdom/lib/jsdom/living/generated/EventTarget.js:231:34)
      at Object.invokeGuardedCallbackDev (node_modules/react-dom/cjs/react-dom.development.js:4213:16)
      at invokeGuardedCallback (node_modules/react-dom/cjs/react-dom.development.js:4277:31)
      at beginWork$1 (node_modules/react-dom/cjs/react-dom.development.js:27490:7)
      at performUnitOfWork (node_modules/react-dom/cjs/react-dom.development.js:26599:12)
      at workLoopSync (node_modules/react-dom/cjs/react-dom.development.js:26505:5)
      at renderRootSync (node_modules/react-dom/cjs/react-dom.development.js:26473:7)
      at performConcurrentWorkOnRoot (node_modules/react-dom/cjs/react-dom.development.js:25777:74)
      at flushActQueue (node_modules/react/cjs/react.development.js:2667:24)
      at act (node_modules/react/cjs/react.development.js:2582:11)
      at node_modules/@testing-library/react/dist/act-compat.js:46:25
      at renderRoot (node_modules/@testing-library/react/dist/pure.js:189:26)
      at render (node_modules/@testing-library/react/dist/pure.js:291:10)
      at renderCalendar (src/components/CalendarView.test.js:36:16)
      at Object.<anonymous> (src/components/CalendarView.test.js:349:5)

    console.error
      Error: Uncaught [TypeError: Cannot destructure property 'basename' of 'React.useContext(...)' as it is null.]
          at reportException (C:\Users\leotm\Desktop\Projetos\Programming\vacation-scheduler\node_modules\jsdom\lib\jsdom\living\helpers\runtime-script-errors.js:66:24)
          at innerInvokeEventListeners (C:\Users\leotm\Desktop\Projetos\Programming\vacation-scheduler\node_modules\jsdom\lib\jsdom\living\events\EventTarget-impl.js:341:9)
          at invokeEventListeners (C:\Users\leotm\Desktop\Projetos\Programming\vacation-scheduler\node_modules\jsdom\lib\jsdom\living\events\EventTarget-impl.js:274:3)
          at HTMLUnknownElementImpl._dispatch (C:\Users\leotm\Desktop\Projetos\Programming\vacation-scheduler\node_modules\jsdom\lib\jsdom\living\events\EventTarget-impl.js:221:9)
          at HTMLUnknownElementImpl.dispatchEvent (C:\Users\leotm\Desktop\Projetos\Programming\vacation-scheduler\node_modules\jsdom\lib\jsdom\living\events\EventTarget-impl.js:94:17)
          at HTMLUnknownElement.dispatchEvent (C:\Users\leotm\Desktop\Projetos\Programming\vacation-scheduler\node_modules\jsdom\lib\jsdom\living\generated\EventTarget.js:231:34)
          at Object.invokeGuardedCallbackDev (C:\Users\leotm\Desktop\Projetos\Programming\vacation-scheduler\node_modules\react-dom\cjs\react-dom.development.js:4213:16)
          at invokeGuardedCallback (C:\Users\leotm\Desktop\Projetos\Programming\vacation-scheduler\node_modules\react-dom\cjs\react-dom.development.js:4277:31)
          at beginWork$1 (C:\Users\leotm\Desktop\Projetos\Programming\vacation-scheduler\node_modules\react-dom\cjs\react-dom.development.js:27490:7)
          at performUnitOfWork (C:\Users\leotm\Desktop\Projetos\Programming\vacation-scheduler\node_modules\react-dom\cjs\react-dom.development.js:26599:12)
          at workLoopSync (C:\Users\leotm\Desktop\Projetos\Programming\vacation-scheduler\node_modules\react-dom\cjs\react-dom.development.js:26505:5)
          at renderRootSync (C:\Users\leotm\Desktop\Projetos\Programming\vacation-scheduler\node_modules\react-dom\cjs\react-dom.development.js:26473:7)
          at recoverFromConcurrentError (C:\Users\leotm\Desktop\Projetos\Programming\vacation-scheduler\node_modules\react-dom\cjs\react-dom.development.js:25889:20)
          at performConcurrentWorkOnRoot (C:\Users\leotm\Desktop\Projetos\Programming\vacation-scheduler\node_modules\react-dom\cjs\react-dom.development.js:25789:22)
          at flushActQueue (C:\Users\leotm\Desktop\Projetos\Programming\vacation-scheduler\node_modules\react\cjs\react.development.js:2667:24)
          at act (C:\Users\leotm\Desktop\Projetos\Programming\vacation-scheduler\node_modules\react\cjs\react.development.js:2582:11)
          at C:\Users\leotm\Desktop\Projetos\Programming\vacation-scheduler\node_modules\@testing-library\react\dist\act-compat.js:46:25
          at renderRoot (C:\Users\leotm\Desktop\Projetos\Programming\vacation-scheduler\node_modules\@testing-library\react\dist\pure.js:189:26)
          at render (C:\Users\leotm\Desktop\Projetos\Programming\vacation-scheduler\node_modules\@testing-library\react\dist\pure.js:291:10)
          at renderCalendar (C:\Users\leotm\Desktop\Projetos\Programming\vacation-scheduler\src\components\CalendarView.test.js:36:16)
          at Object.<anonymous> (C:\Users\leotm\Desktop\Projetos\Programming\vacation-scheduler\src\components\CalendarView.test.js:349:5)
          at Promise.then.completed (C:\Users\leotm\Desktop\Projetos\Programming\vacation-scheduler\node_modules\jest-circus\build\utils.js:391:28)
          at new Promise (<anonymous>)
          at callAsyncCircusFn (C:\Users\leotm\Desktop\Projetos\Programming\vacation-scheduler\node_modules\jest-circus\build\utils.js:316:10)
          at _callCircusTest (C:\Users\leotm\Desktop\Projetos\Programming\vacation-scheduler\node_modules\jest-circus\build\run.js:218:40)
          at processTicksAndRejections (node:internal/process/task_queues:103:5)
          at _runTest (C:\Users\leotm\Desktop\Projetos\Programming\vacation-scheduler\node_modules\jest-circus\build\run.js:155:3)
          at _runTestsForDescribeBlock (C:\Users\leotm\Desktop\Projetos\Programming\vacation-scheduler\node_modules\jest-circus\build\run.js:66:9)
          at _runTestsForDescribeBlock (C:\Users\leotm\Desktop\Projetos\Programming\vacation-scheduler\node_modules\jest-circus\build\run.js:60:9)
          at run (C:\Users\leotm\Desktop\Projetos\Programming\vacation-scheduler\node_modules\jest-circus\build\run.js:25:3)
          at runAndTransformResultsToJestFormat (C:\Users\leotm\Desktop\Projetos\Programming\vacation-scheduler\node_modules\jest-circus\build\legacy-code-todo-rewrite\jestAdapterInit.js:170:21)
          at jestAdapter (C:\Users\leotm\Desktop\Projetos\Programming\vacation-scheduler\node_modules\jest-circus\build\legacy-code-todo-rewrite\jestAdapter.js:82:19)
          at runTestInternal (C:\Users\leotm\Desktop\Projetos\Programming\vacation-scheduler\node_modules\jest-runner\build\runTest.js:389:16)
          at runTest (C:\Users\leotm\Desktop\Projetos\Programming\vacation-scheduler\node_modules\jest-runner\build\runTest.js:475:34)
          at Object.worker (C:\Users\leotm\Desktop\Projetos\Programming\vacation-scheduler\node_modules\jest-runner\build\testWorker.js:133:12) TypeError: Cannot destructure property 'basename' of 'React.useContext(...)' as it is null.
          at LinkWithRef (C:\Users\leotm\Desktop\Projetos\Programming\vacation-scheduler\node_modules\react-router\dist\development\chunk-2YMDXNOJ.js:399:11)
          at renderWithHooks (C:\Users\leotm\Desktop\Projetos\Programming\vacation-scheduler\node_modules\react-dom\cjs\react-dom.development.js:15486:18)
          at updateForwardRef (C:\Users\leotm\Desktop\Projetos\Programming\vacation-scheduler\node_modules\react-dom\cjs\react-dom.development.js:19245:20)
          at beginWork (C:\Users\leotm\Desktop\Projetos\Programming\vacation-scheduler\node_modules\react-dom\cjs\react-dom.development.js:21675:16)
          at HTMLUnknownElement.callCallback (C:\Users\leotm\Desktop\Projetos\Programming\vacation-scheduler\node_modules\react-dom\cjs\react-dom.development.js:4164:14)
          at HTMLUnknownElement.callTheUserObjectsOperation (C:\Users\leotm\Desktop\Projetos\Programming\vacation-scheduler\node_modules\jsdom\lib\jsdom\living\generated\EventListener.js:26:30)
          at innerInvokeEventListeners (C:\Users\leotm\Desktop\Projetos\Programming\vacation-scheduler\node_modules\jsdom\lib\jsdom\living\events\EventTarget-impl.js:338:25)
          at invokeEventListeners (C:\Users\leotm\Desktop\Projetos\Programming\vacation-scheduler\node_modules\jsdom\lib\jsdom\living\events\EventTarget-impl.js:274:3)
          at HTMLUnknownElementImpl._dispatch (C:\Users\leotm\Desktop\Projetos\Programming\vacation-scheduler\node_modules\jsdom\lib\jsdom\living\events\EventTarget-impl.js:221:9)
          at HTMLUnknownElementImpl.dispatchEvent (C:\Users\leotm\Desktop\Projetos\Programming\vacation-scheduler\node_modules\jsdom\lib\jsdom\living\events\EventTarget-impl.js:94:17)
          at HTMLUnknownElement.dispatchEvent (C:\Users\leotm\Desktop\Projetos\Programming\vacation-scheduler\node_modules\jsdom\lib\jsdom\living\generated\EventTarget.js:231:34)
          at Object.invokeGuardedCallbackDev (C:\Users\leotm\Desktop\Projetos\Programming\vacation-scheduler\node_modules\react-dom\cjs\react-dom.development.js:4213:16)
          at invokeGuardedCallback (C:\Users\leotm\Desktop\Projetos\Programming\vacation-scheduler\node_modules\react-dom\cjs\react-dom.development.js:4277:31)
          at beginWork$1 (C:\Users\leotm\Desktop\Projetos\Programming\vacation-scheduler\node_modules\react-dom\cjs\react-dom.development.js:27490:7)
          at performUnitOfWork (C:\Users\leotm\Desktop\Projetos\Programming\vacation-scheduler\node_modules\react-dom\cjs\react-dom.development.js:26599:12)
          at workLoopSync (C:\Users\leotm\Desktop\Projetos\Programming\vacation-scheduler\node_modules\react-dom\cjs\react-dom.development.js:26505:5)
          at renderRootSync (C:\Users\leotm\Desktop\Projetos\Programming\vacation-scheduler\node_modules\react-dom\cjs\react-dom.development.js:26473:7)
          at recoverFromConcurrentError (C:\Users\leotm\Desktop\Projetos\Programming\vacation-scheduler\node_modules\react-dom\cjs\react-dom.development.js:25889:20)
          at performConcurrentWorkOnRoot (C:\Users\leotm\Desktop\Projetos\Programming\vacation-scheduler\node_modules\react-dom\cjs\react-dom.development.js:25789:22)
          at flushActQueue (C:\Users\leotm\Desktop\Projetos\Programming\vacation-scheduler\node_modules\react\cjs\react.development.js:2667:24)
          at act (C:\Users\leotm\Desktop\Projetos\Programming\vacation-scheduler\node_modules\react\cjs\react.development.js:2582:11)
          at C:\Users\leotm\Desktop\Projetos\Programming\vacation-scheduler\node_modules\@testing-library\react\dist\act-compat.js:46:25
          at renderRoot (C:\Users\leotm\Desktop\Projetos\Programming\vacation-scheduler\node_modules\@testing-library\react\dist\pure.js:189:26)
          at render (C:\Users\leotm\Desktop\Projetos\Programming\vacation-scheduler\node_modules\@testing-library\react\dist\pure.js:291:10)
          at renderCalendar (C:\Users\leotm\Desktop\Projetos\Programming\vacation-scheduler\src\components\CalendarView.test.js:36:16)
          at Object.<anonymous> (C:\Users\leotm\Desktop\Projetos\Programming\vacation-scheduler\src\components\CalendarView.test.js:349:5)
          at Promise.then.completed (C:\Users\leotm\Desktop\Projetos\Programming\vacation-scheduler\node_modules\jest-circus\build\utils.js:391:28)
          at new Promise (<anonymous>)
          at callAsyncCircusFn (C:\Users\leotm\Desktop\Projetos\Programming\vacation-scheduler\node_modules\jest-circus\build\utils.js:316:10)
          at _callCircusTest (C:\Users\leotm\Desktop\Projetos\Programming\vacation-scheduler\node_modules\jest-circus\build\run.js:218:40)
          at processTicksAndRejections (node:internal/process/task_queues:103:5)
          at _runTest (C:\Users\leotm\Desktop\Projetos\Programming\vacation-scheduler\node_modules\jest-circus\build\run.js:155:3)
          at _runTestsForDescribeBlock (C:\Users\leotm\Desktop\Projetos\Programming\vacation-scheduler\node_modules\jest-circus\build\run.js:66:9)
          at _runTestsForDescribeBlock (C:\Users\leotm\Desktop\Projetos\Programming\vacation-scheduler\node_modules\jest-circus\build\run.js:60:9)
          at run (C:\Users\leotm\Desktop\Projetos\Programming\vacation-scheduler\node_modules\jest-circus\build\run.js:25:3)
          at runAndTransformResultsToJestFormat (C:\Users\leotm\Desktop\Projetos\Programming\vacation-scheduler\node_modules\jest-circus\build\legacy-code-todo-rewrite\jestAdapterInit.js:170:21)
          at jestAdapter (C:\Users\leotm\Desktop\Projetos\Programming\vacation-scheduler\node_modules\jest-circus\build\legacy-code-todo-rewrite\jestAdapter.js:82:19)
          at runTestInternal (C:\Users\leotm\Desktop\Projetos\Programming\vacation-scheduler\node_modules\jest-runner\build\runTest.js:389:16)
          at runTest (C:\Users\leotm\Desktop\Projetos\Programming\vacation-scheduler\node_modules\jest-runner\build\runTest.js:475:34)
          at Object.worker (C:\Users\leotm\Desktop\Projetos\Programming\vacation-scheduler\node_modules\jest-runner\build\testWorker.js:133:12)

    [0m [90m 34 |[39m
     [90m 35 |[39m [36mconst[39m renderCalendar [33m=[39m (overrides [33m=[39m {}) [33m=>[39m {
    [31m[1m>[22m[39m[90m 36 |[39m   [36mreturn[39m render([33m<[39m[33mCalendarView[39m {[33m...[39mdefaultProps} {[33m...[39moverrides} [33m/[39m[33m>[39m)[33m;[39m
     [90m    |[39m                [31m[1m^[22m[39m
     [90m 37 |[39m }[33m;[39m
     [90m 38 |[39m
     [90m 39 |[39m describe([32m'CalendarView rendering'[39m[33m,[39m () [33m=>[39m {[0m

      at VirtualConsole.<anonymous> (node_modules/jsdom/lib/jsdom/virtual-console.js:29:45)
      at reportException (node_modules/jsdom/lib/jsdom/living/helpers/runtime-script-errors.js:70:28)
      at innerInvokeEventListeners (node_modules/jsdom/lib/jsdom/living/events/EventTarget-impl.js:341:9)
      at invokeEventListeners (node_modules/jsdom/lib/jsdom/living/events/EventTarget-impl.js:274:3)
      at HTMLUnknownElementImpl._dispatch (node_modules/jsdom/lib/jsdom/living/events/EventTarget-impl.js:221:9)
      at HTMLUnknownElementImpl.dispatchEvent (node_modules/jsdom/lib/jsdom/living/events/EventTarget-impl.js:94:17)
      at HTMLUnknownElement.dispatchEvent (node_modules/jsdom/lib/jsdom/living/generated/EventTarget.js:231:34)
      at Object.invokeGuardedCallbackDev (node_modules/react-dom/cjs/react-dom.development.js:4213:16)
      at invokeGuardedCallback (node_modules/react-dom/cjs/react-dom.development.js:4277:31)
      at beginWork$1 (node_modules/react-dom/cjs/react-dom.development.js:27490:7)
      at performUnitOfWork (node_modules/react-dom/cjs/react-dom.development.js:26599:12)
      at workLoopSync (node_modules/react-dom/cjs/react-dom.development.js:26505:5)
      at renderRootSync (node_modules/react-dom/cjs/react-dom.development.js:26473:7)
      at recoverFromConcurrentError (node_modules/react-dom/cjs/react-dom.development.js:25889:20)
      at performConcurrentWorkOnRoot (node_modules/react-dom/cjs/react-dom.development.js:25789:22)
      at flushActQueue (node_modules/react/cjs/react.development.js:2667:24)
      at act (node_modules/react/cjs/react.development.js:2582:11)
      at node_modules/@testing-library/react/dist/act-compat.js:46:25
      at renderRoot (node_modules/@testing-library/react/dist/pure.js:189:26)
      at render (node_modules/@testing-library/react/dist/pure.js:291:10)
      at renderCalendar (src/components/CalendarView.test.js:36:16)
      at Object.<anonymous> (src/components/CalendarView.test.js:349:5)

    console.error
      The above error occurred in the <Link> component:
      
          at LinkWithRef (C:\Users\leotm\Desktop\Projetos\Programming\vacation-scheduler\node_modules\react-router\dist\development\chunk-2YMDXNOJ.js:384:5)
          at p
          at div
          at div
          at form
          at CalendarView (C:\Users\leotm\Desktop\Projetos\Programming\vacation-scheduler\src\components\CalendarView.js:44:25)
      
      Consider adding an error boundary to your tree to customize error handling behavior.
      Visit https://reactjs.org/link/error-boundaries to learn more about error boundaries.

    [0m [90m 34 |[39m
     [90m 35 |[39m [36mconst[39m renderCalendar [33m=[39m (overrides [33m=[39m {}) [33m=>[39m {
    [31m[1m>[22m[39m[90m 36 |[39m   [36mreturn[39m render([33m<[39m[33mCalendarView[39m {[33m...[39mdefaultProps} {[33m...[39moverrides} [33m/[39m[33m>[39m)[33m;[39m
     [90m    |[39m                [31m[1m^[22m[39m
     [90m 37 |[39m }[33m;[39m
     [90m 38 |[39m
     [90m 39 |[39m describe([32m'CalendarView rendering'[39m[33m,[39m () [33m=>[39m {[0m

      at logCapturedError (node_modules/react-dom/cjs/react-dom.development.js:18704:23)
      at update.callback (node_modules/react-dom/cjs/react-dom.development.js:18737:5)
      at callCallback (node_modules/react-dom/cjs/react-dom.development.js:15036:12)
      at commitUpdateQueue (node_modules/react-dom/cjs/react-dom.development.js:15057:9)
      at commitLayoutEffectOnFiber (node_modules/react-dom/cjs/react-dom.development.js:23430:13)
      at commitLayoutMountEffects_complete (node_modules/react-dom/cjs/react-dom.development.js:24727:9)
      at commitLayoutEffects_begin (node_modules/react-dom/cjs/react-dom.development.js:24713:7)
      at commitLayoutEffects (node_modules/react-dom/cjs/react-dom.development.js:24651:3)
      at commitRootImpl (node_modules/react-dom/cjs/react-dom.development.js:26862:5)
      at commitRoot (node_modules/react-dom/cjs/react-dom.development.js:26721:5)
      at finishConcurrentRender (node_modules/react-dom/cjs/react-dom.development.js:25931:9)
      at performConcurrentWorkOnRoot (node_modules/react-dom/cjs/react-dom.development.js:25848:7)
      at flushActQueue (node_modules/react/cjs/react.development.js:2667:24)
      at act (node_modules/react/cjs/react.development.js:2582:11)
      at node_modules/@testing-library/react/dist/act-compat.js:46:25
      at renderRoot (node_modules/@testing-library/react/dist/pure.js:189:26)
      at render (node_modules/@testing-library/react/dist/pure.js:291:10)
      at renderCalendar (src/components/CalendarView.test.js:36:16)
      at Object.<anonymous> (src/components/CalendarView.test.js:349:5)

    console.error
      Error: Uncaught [TypeError: Cannot destructure property 'basename' of 'React.useContext(...)' as it is null.]
          at reportException (C:\Users\leotm\Desktop\Projetos\Programming\vacation-scheduler\node_modules\jsdom\lib\jsdom\living\helpers\runtime-script-errors.js:66:24)
          at innerInvokeEventListeners (C:\Users\leotm\Desktop\Projetos\Programming\vacation-scheduler\node_modules\jsdom\lib\jsdom\living\events\EventTarget-impl.js:341:9)
          at invokeEventListeners (C:\Users\leotm\Desktop\Projetos\Programming\vacation-scheduler\node_modules\jsdom\lib\jsdom\living\events\EventTarget-impl.js:274:3)
          at HTMLUnknownElementImpl._dispatch (C:\Users\leotm\Desktop\Projetos\Programming\vacation-scheduler\node_modules\jsdom\lib\jsdom\living\events\EventTarget-impl.js:221:9)
          at HTMLUnknownElementImpl.dispatchEvent (C:\Users\leotm\Desktop\Projetos\Programming\vacation-scheduler\node_modules\jsdom\lib\jsdom\living\events\EventTarget-impl.js:94:17)
          at HTMLUnknownElement.dispatchEvent (C:\Users\leotm\Desktop\Projetos\Programming\vacation-scheduler\node_modules\jsdom\lib\jsdom\living\generated\EventTarget.js:231:34)
          at Object.invokeGuardedCallbackDev (C:\Users\leotm\Desktop\Projetos\Programming\vacation-scheduler\node_modules\react-dom\cjs\react-dom.development.js:4213:16)
          at invokeGuardedCallback (C:\Users\leotm\Desktop\Projetos\Programming\vacation-scheduler\node_modules\react-dom\cjs\react-dom.development.js:4277:31)
          at beginWork$1 (C:\Users\leotm\Desktop\Projetos\Programming\vacation-scheduler\node_modules\react-dom\cjs\react-dom.development.js:27490:7)
          at performUnitOfWork (C:\Users\leotm\Desktop\Projetos\Programming\vacation-scheduler\node_modules\react-dom\cjs\react-dom.development.js:26599:12)
          at workLoopSync (C:\Users\leotm\Desktop\Projetos\Programming\vacation-scheduler\node_modules\react-dom\cjs\react-dom.development.js:26505:5)
          at renderRootSync (C:\Users\leotm\Desktop\Projetos\Programming\vacation-scheduler\node_modules\react-dom\cjs\react-dom.development.js:26473:7)
          at performConcurrentWorkOnRoot (C:\Users\leotm\Desktop\Projetos\Programming\vacation-scheduler\node_modules\react-dom\cjs\react-dom.development.js:25777:74)
          at flushActQueue (C:\Users\leotm\Desktop\Projetos\Programming\vacation-scheduler\node_modules\react\cjs\react.development.js:2667:24)
          at act (C:\Users\leotm\Desktop\Projetos\Programming\vacation-scheduler\node_modules\react\cjs\react.development.js:2582:11)
          at C:\Users\leotm\Desktop\Projetos\Programming\vacation-scheduler\node_modules\@testing-library\react\dist\act-compat.js:46:25
          at renderRoot (C:\Users\leotm\Desktop\Projetos\Programming\vacation-scheduler\node_modules\@testing-library\react\dist\pure.js:189:26)
          at render (C:\Users\leotm\Desktop\Projetos\Programming\vacation-scheduler\node_modules\@testing-library\react\dist\pure.js:291:10)
          at renderCalendar (C:\Users\leotm\Desktop\Projetos\Programming\vacation-scheduler\src\components\CalendarView.test.js:36:16)
          at Object.<anonymous> (C:\Users\leotm\Desktop\Projetos\Programming\vacation-scheduler\src\components\CalendarView.test.js:364:5)
          at Promise.then.completed (C:\Users\leotm\Desktop\Projetos\Programming\vacation-scheduler\node_modules\jest-circus\build\utils.js:391:28)
          at new Promise (<anonymous>)
          at callAsyncCircusFn (C:\Users\leotm\Desktop\Projetos\Programming\vacation-scheduler\node_modules\jest-circus\build\utils.js:316:10)
          at _callCircusTest (C:\Users\leotm\Desktop\Projetos\Programming\vacation-scheduler\node_modules\jest-circus\build\run.js:218:40)
          at processTicksAndRejections (node:internal/process/task_queues:103:5)
          at _runTest (C:\Users\leotm\Desktop\Projetos\Programming\vacation-scheduler\node_modules\jest-circus\build\run.js:155:3)
          at _runTestsForDescribeBlock (C:\Users\leotm\Desktop\Projetos\Programming\vacation-scheduler\node_modules\jest-circus\build\run.js:66:9)
          at _runTestsForDescribeBlock (C:\Users\leotm\Desktop\Projetos\Programming\vacation-scheduler\node_modules\jest-circus\build\run.js:60:9)
          at run (C:\Users\leotm\Desktop\Projetos\Programming\vacation-scheduler\node_modules\jest-circus\build\run.js:25:3)
          at runAndTransformResultsToJestFormat (C:\Users\leotm\Desktop\Projetos\Programming\vacation-scheduler\node_modules\jest-circus\build\legacy-code-todo-rewrite\jestAdapterInit.js:170:21)
          at jestAdapter (C:\Users\leotm\Desktop\Projetos\Programming\vacation-scheduler\node_modules\jest-circus\build\legacy-code-todo-rewrite\jestAdapter.js:82:19)
          at runTestInternal (C:\Users\leotm\Desktop\Projetos\Programming\vacation-scheduler\node_modules\jest-runner\build\runTest.js:389:16)
          at runTest (C:\Users\leotm\Desktop\Projetos\Programming\vacation-scheduler\node_modules\jest-runner\build\runTest.js:475:34)
          at Object.worker (C:\Users\leotm\Desktop\Projetos\Programming\vacation-scheduler\node_modules\jest-runner\build\testWorker.js:133:12) TypeError: Cannot destructure property 'basename' of 'React.useContext(...)' as it is null.
          at LinkWithRef (C:\Users\leotm\Desktop\Projetos\Programming\vacation-scheduler\node_modules\react-router\dist\development\chunk-2YMDXNOJ.js:399:11)
          at renderWithHooks (C:\Users\leotm\Desktop\Projetos\Programming\vacation-scheduler\node_modules\react-dom\cjs\react-dom.development.js:15486:18)
          at updateForwardRef (C:\Users\leotm\Desktop\Projetos\Programming\vacation-scheduler\node_modules\react-dom\cjs\react-dom.development.js:19245:20)
          at beginWork (C:\Users\leotm\Desktop\Projetos\Programming\vacation-scheduler\node_modules\react-dom\cjs\react-dom.development.js:21675:16)
          at HTMLUnknownElement.callCallback (C:\Users\leotm\Desktop\Projetos\Programming\vacation-scheduler\node_modules\react-dom\cjs\react-dom.development.js:4164:14)
          at HTMLUnknownElement.callTheUserObjectsOperation (C:\Users\leotm\Desktop\Projetos\Programming\vacation-scheduler\node_modules\jsdom\lib\jsdom\living\generated\EventListener.js:26:30)
          at innerInvokeEventListeners (C:\Users\leotm\Desktop\Projetos\Programming\vacation-scheduler\node_modules\jsdom\lib\jsdom\living\events\EventTarget-impl.js:338:25)
          at invokeEventListeners (C:\Users\leotm\Desktop\Projetos\Programming\vacation-scheduler\node_modules\jsdom\lib\jsdom\living\events\EventTarget-impl.js:274:3)
          at HTMLUnknownElementImpl._dispatch (C:\Users\leotm\Desktop\Projetos\Programming\vacation-scheduler\node_modules\jsdom\lib\jsdom\living\events\EventTarget-impl.js:221:9)
          at HTMLUnknownElementImpl.dispatchEvent (C:\Users\leotm\Desktop\Projetos\Programming\vacation-scheduler\node_modules\jsdom\lib\jsdom\living\events\EventTarget-impl.js:94:17)
          at HTMLUnknownElement.dispatchEvent (C:\Users\leotm\Desktop\Projetos\Programming\vacation-scheduler\node_modules\jsdom\lib\jsdom\living\generated\EventTarget.js:231:34)
          at Object.invokeGuardedCallbackDev (C:\Users\leotm\Desktop\Projetos\Programming\vacation-scheduler\node_modules\react-dom\cjs\react-dom.development.js:4213:16)
          at invokeGuardedCallback (C:\Users\leotm\Desktop\Projetos\Programming\vacation-scheduler\node_modules\react-dom\cjs\react-dom.development.js:4277:31)
          at beginWork$1 (C:\Users\leotm\Desktop\Projetos\Programming\vacation-scheduler\node_modules\react-dom\cjs\react-dom.development.js:27490:7)
          at performUnitOfWork (C:\Users\leotm\Desktop\Projetos\Programming\vacation-scheduler\node_modules\react-dom\cjs\react-dom.development.js:26599:12)
          at workLoopSync (C:\Users\leotm\Desktop\Projetos\Programming\vacation-scheduler\node_modules\react-dom\cjs\react-dom.development.js:26505:5)
          at renderRootSync (C:\Users\leotm\Desktop\Projetos\Programming\vacation-scheduler\node_modules\react-dom\cjs\react-dom.development.js:26473:7)
          at performConcurrentWorkOnRoot (C:\Users\leotm\Desktop\Projetos\Programming\vacation-scheduler\node_modules\react-dom\cjs\react-dom.development.js:25777:74)
          at flushActQueue (C:\Users\leotm\Desktop\Projetos\Programming\vacation-scheduler\node_modules\react\cjs\react.development.js:2667:24)
          at act (C:\Users\leotm\Desktop\Projetos\Programming\vacation-scheduler\node_modules\react\cjs\react.development.js:2582:11)
          at C:\Users\leotm\Desktop\Projetos\Programming\vacation-scheduler\node_modules\@testing-library\react\dist\act-compat.js:46:25
          at renderRoot (C:\Users\leotm\Desktop\Projetos\Programming\vacation-scheduler\node_modules\@testing-library\react\dist\pure.js:189:26)
          at render (C:\Users\leotm\Desktop\Projetos\Programming\vacation-scheduler\node_modules\@testing-library\react\dist\pure.js:291:10)
          at renderCalendar (C:\Users\leotm\Desktop\Projetos\Programming\vacation-scheduler\src\components\CalendarView.test.js:36:16)
          at Object.<anonymous> (C:\Users\leotm\Desktop\Projetos\Programming\vacation-scheduler\src\components\CalendarView.test.js:364:5)
          at Promise.then.completed (C:\Users\leotm\Desktop\Projetos\Programming\vacation-scheduler\node_modules\jest-circus\build\utils.js:391:28)
          at new Promise (<anonymous>)
          at callAsyncCircusFn (C:\Users\leotm\Desktop\Projetos\Programming\vacation-scheduler\node_modules\jest-circus\build\utils.js:316:10)
          at _callCircusTest (C:\Users\leotm\Desktop\Projetos\Programming\vacation-scheduler\node_modules\jest-circus\build\run.js:218:40)
          at processTicksAndRejections (node:internal/process/task_queues:103:5)
          at _runTest (C:\Users\leotm\Desktop\Projetos\Programming\vacation-scheduler\node_modules\jest-circus\build\run.js:155:3)
          at _runTestsForDescribeBlock (C:\Users\leotm\Desktop\Projetos\Programming\vacation-scheduler\node_modules\jest-circus\build\run.js:66:9)
          at _runTestsForDescribeBlock (C:\Users\leotm\Desktop\Projetos\Programming\vacation-scheduler\node_modules\jest-circus\build\run.js:60:9)
          at run (C:\Users\leotm\Desktop\Projetos\Programming\vacation-scheduler\node_modules\jest-circus\build\run.js:25:3)
          at runAndTransformResultsToJestFormat (C:\Users\leotm\Desktop\Projetos\Programming\vacation-scheduler\node_modules\jest-circus\build\legacy-code-todo-rewrite\jestAdapterInit.js:170:21)
          at jestAdapter (C:\Users\leotm\Desktop\Projetos\Programming\vacation-scheduler\node_modules\jest-circus\build\legacy-code-todo-rewrite\jestAdapter.js:82:19)
          at runTestInternal (C:\Users\leotm\Desktop\Projetos\Programming\vacation-scheduler\node_modules\jest-runner\build\runTest.js:389:16)
          at runTest (C:\Users\leotm\Desktop\Projetos\Programming\vacation-scheduler\node_modules\jest-runner\build\runTest.js:475:34)
          at Object.worker (C:\Users\leotm\Desktop\Projetos\Programming\vacation-scheduler\node_modules\jest-runner\build\testWorker.js:133:12)

    [0m [90m 34 |[39m
     [90m 35 |[39m [36mconst[39m renderCalendar [33m=[39m (overrides [33m=[39m {}) [33m=>[39m {
    [31m[1m>[22m[39m[90m 36 |[39m   [36mreturn[39m render([33m<[39m[33mCalendarView[39m {[33m...[39mdefaultProps} {[33m...[39moverrides} [33m/[39m[33m>[39m)[33m;[39m
     [90m    |[39m                [31m[1m^[22m[39m
     [90m 37 |[39m }[33m;[39m
     [90m 38 |[39m
     [90m 39 |[39m describe([32m'CalendarView rendering'[39m[33m,[39m () [33m=>[39m {[0m

      at VirtualConsole.<anonymous> (node_modules/jsdom/lib/jsdom/virtual-console.js:29:45)
      at reportException (node_modules/jsdom/lib/jsdom/living/helpers/runtime-script-errors.js:70:28)
      at innerInvokeEventListeners (node_modules/jsdom/lib/jsdom/living/events/EventTarget-impl.js:341:9)
      at invokeEventListeners (node_modules/jsdom/lib/jsdom/living/events/EventTarget-impl.js:274:3)
      at HTMLUnknownElementImpl._dispatch (node_modules/jsdom/lib/jsdom/living/events/EventTarget-impl.js:221:9)
      at HTMLUnknownElementImpl.dispatchEvent (node_modules/jsdom/lib/jsdom/living/events/EventTarget-impl.js:94:17)
      at HTMLUnknownElement.dispatchEvent (node_modules/jsdom/lib/jsdom/living/generated/EventTarget.js:231:34)
      at Object.invokeGuardedCallbackDev (node_modules/react-dom/cjs/react-dom.development.js:4213:16)
      at invokeGuardedCallback (node_modules/react-dom/cjs/react-dom.development.js:4277:31)
      at beginWork$1 (node_modules/react-dom/cjs/react-dom.development.js:27490:7)
      at performUnitOfWork (node_modules/react-dom/cjs/react-dom.development.js:26599:12)
      at workLoopSync (node_modules/react-dom/cjs/react-dom.development.js:26505:5)
      at renderRootSync (node_modules/react-dom/cjs/react-dom.development.js:26473:7)
      at performConcurrentWorkOnRoot (node_modules/react-dom/cjs/react-dom.development.js:25777:74)
      at flushActQueue (node_modules/react/cjs/react.development.js:2667:24)
      at act (node_modules/react/cjs/react.development.js:2582:11)
      at node_modules/@testing-library/react/dist/act-compat.js:46:25
      at renderRoot (node_modules/@testing-library/react/dist/pure.js:189:26)
      at render (node_modules/@testing-library/react/dist/pure.js:291:10)
      at renderCalendar (src/components/CalendarView.test.js:36:16)
      at Object.<anonymous> (src/components/CalendarView.test.js:364:5)

    console.error
      Error: Uncaught [TypeError: Cannot destructure property 'basename' of 'React.useContext(...)' as it is null.]
          at reportException (C:\Users\leotm\Desktop\Projetos\Programming\vacation-scheduler\node_modules\jsdom\lib\jsdom\living\helpers\runtime-script-errors.js:66:24)
          at innerInvokeEventListeners (C:\Users\leotm\Desktop\Projetos\Programming\vacation-scheduler\node_modules\jsdom\lib\jsdom\living\events\EventTarget-impl.js:341:9)
          at invokeEventListeners (C:\Users\leotm\Desktop\Projetos\Programming\vacation-scheduler\node_modules\jsdom\lib\jsdom\living\events\EventTarget-impl.js:274:3)
          at HTMLUnknownElementImpl._dispatch (C:\Users\leotm\Desktop\Projetos\Programming\vacation-scheduler\node_modules\jsdom\lib\jsdom\living\events\EventTarget-impl.js:221:9)
          at HTMLUnknownElementImpl.dispatchEvent (C:\Users\leotm\Desktop\Projetos\Programming\vacation-scheduler\node_modules\jsdom\lib\jsdom\living\events\EventTarget-impl.js:94:17)
          at HTMLUnknownElement.dispatchEvent (C:\Users\leotm\Desktop\Projetos\Programming\vacation-scheduler\node_modules\jsdom\lib\jsdom\living\generated\EventTarget.js:231:34)
          at Object.invokeGuardedCallbackDev (C:\Users\leotm\Desktop\Projetos\Programming\vacation-scheduler\node_modules\react-dom\cjs\react-dom.development.js:4213:16)
          at invokeGuardedCallback (C:\Users\leotm\Desktop\Projetos\Programming\vacation-scheduler\node_modules\react-dom\cjs\react-dom.development.js:4277:31)
          at beginWork$1 (C:\Users\leotm\Desktop\Projetos\Programming\vacation-scheduler\node_modules\react-dom\cjs\react-dom.development.js:27490:7)
          at performUnitOfWork (C:\Users\leotm\Desktop\Projetos\Programming\vacation-scheduler\node_modules\react-dom\cjs\react-dom.development.js:26599:12)
          at workLoopSync (C:\Users\leotm\Desktop\Projetos\Programming\vacation-scheduler\node_modules\react-dom\cjs\react-dom.development.js:26505:5)
          at renderRootSync (C:\Users\leotm\Desktop\Projetos\Programming\vacation-scheduler\node_modules\react-dom\cjs\react-dom.development.js:26473:7)
          at recoverFromConcurrentError (C:\Users\leotm\Desktop\Projetos\Programming\vacation-scheduler\node_modules\react-dom\cjs\react-dom.development.js:25889:20)
          at performConcurrentWorkOnRoot (C:\Users\leotm\Desktop\Projetos\Programming\vacation-scheduler\node_modules\react-dom\cjs\react-dom.development.js:25789:22)
          at flushActQueue (C:\Users\leotm\Desktop\Projetos\Programming\vacation-scheduler\node_modules\react\cjs\react.development.js:2667:24)
          at act (C:\Users\leotm\Desktop\Projetos\Programming\vacation-scheduler\node_modules\react\cjs\react.development.js:2582:11)
          at C:\Users\leotm\Desktop\Projetos\Programming\vacation-scheduler\node_modules\@testing-library\react\dist\act-compat.js:46:25
          at renderRoot (C:\Users\leotm\Desktop\Projetos\Programming\vacation-scheduler\node_modules\@testing-library\react\dist\pure.js:189:26)
          at render (C:\Users\leotm\Desktop\Projetos\Programming\vacation-scheduler\node_modules\@testing-library\react\dist\pure.js:291:10)
          at renderCalendar (C:\Users\leotm\Desktop\Projetos\Programming\vacation-scheduler\src\components\CalendarView.test.js:36:16)
          at Object.<anonymous> (C:\Users\leotm\Desktop\Projetos\Programming\vacation-scheduler\src\components\CalendarView.test.js:364:5)
          at Promise.then.completed (C:\Users\leotm\Desktop\Projetos\Programming\vacation-scheduler\node_modules\jest-circus\build\utils.js:391:28)
          at new Promise (<anonymous>)
          at callAsyncCircusFn (C:\Users\leotm\Desktop\Projetos\Programming\vacation-scheduler\node_modules\jest-circus\build\utils.js:316:10)
          at _callCircusTest (C:\Users\leotm\Desktop\Projetos\Programming\vacation-scheduler\node_modules\jest-circus\build\run.js:218:40)
          at processTicksAndRejections (node:internal/process/task_queues:103:5)
          at _runTest (C:\Users\leotm\Desktop\Projetos\Programming\vacation-scheduler\node_modules\jest-circus\build\run.js:155:3)
          at _runTestsForDescribeBlock (C:\Users\leotm\Desktop\Projetos\Programming\vacation-scheduler\node_modules\jest-circus\build\run.js:66:9)
          at _runTestsForDescribeBlock (C:\Users\leotm\Desktop\Projetos\Programming\vacation-scheduler\node_modules\jest-circus\build\run.js:60:9)
          at run (C:\Users\leotm\Desktop\Projetos\Programming\vacation-scheduler\node_modules\jest-circus\build\run.js:25:3)
          at runAndTransformResultsToJestFormat (C:\Users\leotm\Desktop\Projetos\Programming\vacation-scheduler\node_modules\jest-circus\build\legacy-code-todo-rewrite\jestAdapterInit.js:170:21)
          at jestAdapter (C:\Users\leotm\Desktop\Projetos\Programming\vacation-scheduler\node_modules\jest-circus\build\legacy-code-todo-rewrite\jestAdapter.js:82:19)
          at runTestInternal (C:\Users\leotm\Desktop\Projetos\Programming\vacation-scheduler\node_modules\jest-runner\build\runTest.js:389:16)
          at runTest (C:\Users\leotm\Desktop\Projetos\Programming\vacation-scheduler\node_modules\jest-runner\build\runTest.js:475:34)
          at Object.worker (C:\Users\leotm\Desktop\Projetos\Programming\vacation-scheduler\node_modules\jest-runner\build\testWorker.js:133:12) TypeError: Cannot destructure property 'basename' of 'React.useContext(...)' as it is null.
          at LinkWithRef (C:\Users\leotm\Desktop\Projetos\Programming\vacation-scheduler\node_modules\react-router\dist\development\chunk-2YMDXNOJ.js:399:11)
          at renderWithHooks (C:\Users\leotm\Desktop\Projetos\Programming\vacation-scheduler\node_modules\react-dom\cjs\react-dom.development.js:15486:18)
          at updateForwardRef (C:\Users\leotm\Desktop\Projetos\Programming\vacation-scheduler\node_modules\react-dom\cjs\react-dom.development.js:19245:20)
          at beginWork (C:\Users\leotm\Desktop\Projetos\Programming\vacation-scheduler\node_modules\react-dom\cjs\react-dom.development.js:21675:16)
          at HTMLUnknownElement.callCallback (C:\Users\leotm\Desktop\Projetos\Programming\vacation-scheduler\node_modules\react-dom\cjs\react-dom.development.js:4164:14)
          at HTMLUnknownElement.callTheUserObjectsOperation (C:\Users\leotm\Desktop\Projetos\Programming\vacation-scheduler\node_modules\jsdom\lib\jsdom\living\generated\EventListener.js:26:30)
          at innerInvokeEventListeners (C:\Users\leotm\Desktop\Projetos\Programming\vacation-scheduler\node_modules\jsdom\lib\jsdom\living\events\EventTarget-impl.js:338:25)
          at invokeEventListeners (C:\Users\leotm\Desktop\Projetos\Programming\vacation-scheduler\node_modules\jsdom\lib\jsdom\living\events\EventTarget-impl.js:274:3)
          at HTMLUnknownElementImpl._dispatch (C:\Users\leotm\Desktop\Projetos\Programming\vacation-scheduler\node_modules\jsdom\lib\jsdom\living\events\EventTarget-impl.js:221:9)
          at HTMLUnknownElementImpl.dispatchEvent (C:\Users\leotm\Desktop\Projetos\Programming\vacation-scheduler\node_modules\jsdom\lib\jsdom\living\events\EventTarget-impl.js:94:17)
          at HTMLUnknownElement.dispatchEvent (C:\Users\leotm\Desktop\Projetos\Programming\vacation-scheduler\node_modules\jsdom\lib\jsdom\living\generated\EventTarget.js:231:34)
          at Object.invokeGuardedCallbackDev (C:\Users\leotm\Desktop\Projetos\Programming\vacation-scheduler\node_modules\react-dom\cjs\react-dom.development.js:4213:16)
          at invokeGuardedCallback (C:\Users\leotm\Desktop\Projetos\Programming\vacation-scheduler\node_modules\react-dom\cjs\react-dom.development.js:4277:31)
          at beginWork$1 (C:\Users\leotm\Desktop\Projetos\Programming\vacation-scheduler\node_modules\react-dom\cjs\react-dom.development.js:27490:7)
          at performUnitOfWork (C:\Users\leotm\Desktop\Projetos\Programming\vacation-scheduler\node_modules\react-dom\cjs\react-dom.development.js:26599:12)
          at workLoopSync (C:\Users\leotm\Desktop\Projetos\Programming\vacation-scheduler\node_modules\react-dom\cjs\react-dom.development.js:26505:5)
          at renderRootSync (C:\Users\leotm\Desktop\Projetos\Programming\vacation-scheduler\node_modules\react-dom\cjs\react-dom.development.js:26473:7)
          at recoverFromConcurrentError (C:\Users\leotm\Desktop\Projetos\Programming\vacation-scheduler\node_modules\react-dom\cjs\react-dom.development.js:25889:20)
          at performConcurrentWorkOnRoot (C:\Users\leotm\Desktop\Projetos\Programming\vacation-scheduler\node_modules\react-dom\cjs\react-dom.development.js:25789:22)
          at flushActQueue (C:\Users\leotm\Desktop\Projetos\Programming\vacation-scheduler\node_modules\react\cjs\react.development.js:2667:24)
          at act (C:\Users\leotm\Desktop\Projetos\Programming\vacation-scheduler\node_modules\react\cjs\react.development.js:2582:11)
          at C:\Users\leotm\Desktop\Projetos\Programming\vacation-scheduler\node_modules\@testing-library\react\dist\act-compat.js:46:25
          at renderRoot (C:\Users\leotm\Desktop\Projetos\Programming\vacation-scheduler\node_modules\@testing-library\react\dist\pure.js:189:26)
          at render (C:\Users\leotm\Desktop\Projetos\Programming\vacation-scheduler\node_modules\@testing-library\react\dist\pure.js:291:10)
          at renderCalendar (C:\Users\leotm\Desktop\Projetos\Programming\vacation-scheduler\src\components\CalendarView.test.js:36:16)
          at Object.<anonymous> (C:\Users\leotm\Desktop\Projetos\Programming\vacation-scheduler\src\components\CalendarView.test.js:364:5)
          at Promise.then.completed (C:\Users\leotm\Desktop\Projetos\Programming\vacation-scheduler\node_modules\jest-circus\build\utils.js:391:28)
          at new Promise (<anonymous>)
          at callAsyncCircusFn (C:\Users\leotm\Desktop\Projetos\Programming\vacation-scheduler\node_modules\jest-circus\build\utils.js:316:10)
          at _callCircusTest (C:\Users\leotm\Desktop\Projetos\Programming\vacation-scheduler\node_modules\jest-circus\build\run.js:218:40)
          at processTicksAndRejections (node:internal/process/task_queues:103:5)
          at _runTest (C:\Users\leotm\Desktop\Projetos\Programming\vacation-scheduler\node_modules\jest-circus\build\run.js:155:3)
          at _runTestsForDescribeBlock (C:\Users\leotm\Desktop\Projetos\Programming\vacation-scheduler\node_modules\jest-circus\build\run.js:66:9)
          at _runTestsForDescribeBlock (C:\Users\leotm\Desktop\Projetos\Programming\vacation-scheduler\node_modules\jest-circus\build\run.js:60:9)
          at run (C:\Users\leotm\Desktop\Projetos\Programming\vacation-scheduler\node_modules\jest-circus\build\run.js:25:3)
          at runAndTransformResultsToJestFormat (C:\Users\leotm\Desktop\Projetos\Programming\vacation-scheduler\node_modules\jest-circus\build\legacy-code-todo-rewrite\jestAdapterInit.js:170:21)
          at jestAdapter (C:\Users\leotm\Desktop\Projetos\Programming\vacation-scheduler\node_modules\jest-circus\build\legacy-code-todo-rewrite\jestAdapter.js:82:19)
          at runTestInternal (C:\Users\leotm\Desktop\Projetos\Programming\vacation-scheduler\node_modules\jest-runner\build\runTest.js:389:16)
          at runTest (C:\Users\leotm\Desktop\Projetos\Programming\vacation-scheduler\node_modules\jest-runner\build\runTest.js:475:34)
          at Object.worker (C:\Users\leotm\Desktop\Projetos\Programming\vacation-scheduler\node_modules\jest-runner\build\testWorker.js:133:12)

    [0m [90m 34 |[39m
     [90m 35 |[39m [36mconst[39m renderCalendar [33m=[39m (overrides [33m=[39m {}) [33m=>[39m {
    [31m[1m>[22m[39m[90m 36 |[39m   [36mreturn[39m render([33m<[39m[33mCalendarView[39m {[33m...[39mdefaultProps} {[33m...[39moverrides} [33m/[39m[33m>[39m)[33m;[39m
     [90m    |[39m                [31m[1m^[22m[39m
     [90m 37 |[39m }[33m;[39m
     [90m 38 |[39m
     [90m 39 |[39m describe([32m'CalendarView rendering'[39m[33m,[39m () [33m=>[39m {[0m

      at VirtualConsole.<anonymous> (node_modules/jsdom/lib/jsdom/virtual-console.js:29:45)
      at reportException (node_modules/jsdom/lib/jsdom/living/helpers/runtime-script-errors.js:70:28)
      at innerInvokeEventListeners (node_modules/jsdom/lib/jsdom/living/events/EventTarget-impl.js:341:9)
      at invokeEventListeners (node_modules/jsdom/lib/jsdom/living/events/EventTarget-impl.js:274:3)
      at HTMLUnknownElementImpl._dispatch (node_modules/jsdom/lib/jsdom/living/events/EventTarget-impl.js:221:9)
      at HTMLUnknownElementImpl.dispatchEvent (node_modules/jsdom/lib/jsdom/living/events/EventTarget-impl.js:94:17)
      at HTMLUnknownElement.dispatchEvent (node_modules/jsdom/lib/jsdom/living/generated/EventTarget.js:231:34)
      at Object.invokeGuardedCallbackDev (node_modules/react-dom/cjs/react-dom.development.js:4213:16)
      at invokeGuardedCallback (node_modules/react-dom/cjs/react-dom.development.js:4277:31)
      at beginWork$1 (node_modules/react-dom/cjs/react-dom.development.js:27490:7)
      at performUnitOfWork (node_modules/react-dom/cjs/react-dom.development.js:26599:12)
      at workLoopSync (node_modules/react-dom/cjs/react-dom.development.js:26505:5)
      at renderRootSync (node_modules/react-dom/cjs/react-dom.development.js:26473:7)
      at recoverFromConcurrentError (node_modules/react-dom/cjs/react-dom.development.js:25889:20)
      at performConcurrentWorkOnRoot (node_modules/react-dom/cjs/react-dom.development.js:25789:22)
      at flushActQueue (node_modules/react/cjs/react.development.js:2667:24)
      at act (node_modules/react/cjs/react.development.js:2582:11)
      at node_modules/@testing-library/react/dist/act-compat.js:46:25
      at renderRoot (node_modules/@testing-library/react/dist/pure.js:189:26)
      at render (node_modules/@testing-library/react/dist/pure.js:291:10)
      at renderCalendar (src/components/CalendarView.test.js:36:16)
      at Object.<anonymous> (src/components/CalendarView.test.js:364:5)

    console.error
      The above error occurred in the <Link> component:
      
          at LinkWithRef (C:\Users\leotm\Desktop\Projetos\Programming\vacation-scheduler\node_modules\react-router\dist\development\chunk-2YMDXNOJ.js:384:5)
          at p
          at div
          at div
          at form
          at CalendarView (C:\Users\leotm\Desktop\Projetos\Programming\vacation-scheduler\src\components\CalendarView.js:44:25)
      
      Consider adding an error boundary to your tree to customize error handling behavior.
      Visit https://reactjs.org/link/error-boundaries to learn more about error boundaries.

    [0m [90m 34 |[39m
     [90m 35 |[39m [36mconst[39m renderCalendar [33m=[39m (overrides [33m=[39m {}) [33m=>[39m {
    [31m[1m>[22m[39m[90m 36 |[39m   [36mreturn[39m render([33m<[39m[33mCalendarView[39m {[33m...[39mdefaultProps} {[33m...[39moverrides} [33m/[39m[33m>[39m)[33m;[39m
     [90m    |[39m                [31m[1m^[22m[39m
     [90m 37 |[39m }[33m;[39m
     [90m 38 |[39m
     [90m 39 |[39m describe([32m'CalendarView rendering'[39m[33m,[39m () [33m=>[39m {[0m

      at logCapturedError (node_modules/react-dom/cjs/react-dom.development.js:18704:23)
      at update.callback (node_modules/react-dom/cjs/react-dom.development.js:18737:5)
      at callCallback (node_modules/react-dom/cjs/react-dom.development.js:15036:12)
      at commitUpdateQueue (node_modules/react-dom/cjs/react-dom.development.js:15057:9)
      at commitLayoutEffectOnFiber (node_modules/react-dom/cjs/react-dom.development.js:23430:13)
      at commitLayoutMountEffects_complete (node_modules/react-dom/cjs/react-dom.development.js:24727:9)
      at commitLayoutEffects_begin (node_modules/react-dom/cjs/react-dom.development.js:24713:7)
      at commitLayoutEffects (node_modules/react-dom/cjs/react-dom.development.js:24651:3)
      at commitRootImpl (node_modules/react-dom/cjs/react-dom.development.js:26862:5)
      at commitRoot (node_modules/react-dom/cjs/react-dom.development.js:26721:5)
      at finishConcurrentRender (node_modules/react-dom/cjs/react-dom.development.js:25931:9)
      at performConcurrentWorkOnRoot (node_modules/react-dom/cjs/react-dom.development.js:25848:7)
      at flushActQueue (node_modules/react/cjs/react.development.js:2667:24)
      at act (node_modules/react/cjs/react.development.js:2582:11)
      at node_modules/@testing-library/react/dist/act-compat.js:46:25
      at renderRoot (node_modules/@testing-library/react/dist/pure.js:189:26)
      at render (node_modules/@testing-library/react/dist/pure.js:291:10)
      at renderCalendar (src/components/CalendarView.test.js:36:16)
      at Object.<anonymous> (src/components/CalendarView.test.js:364:5)

    console.error
      Error: Uncaught [TypeError: Cannot destructure property 'basename' of 'React.useContext(...)' as it is null.]
          at reportException (C:\Users\leotm\Desktop\Projetos\Programming\vacation-scheduler\node_modules\jsdom\lib\jsdom\living\helpers\runtime-script-errors.js:66:24)
          at innerInvokeEventListeners (C:\Users\leotm\Desktop\Projetos\Programming\vacation-scheduler\node_modules\jsdom\lib\jsdom\living\events\EventTarget-impl.js:341:9)
          at invokeEventListeners (C:\Users\leotm\Desktop\Projetos\Programming\vacation-scheduler\node_modules\jsdom\lib\jsdom\living\events\EventTarget-impl.js:274:3)
          at HTMLUnknownElementImpl._dispatch (C:\Users\leotm\Desktop\Projetos\Programming\vacation-scheduler\node_modules\jsdom\lib\jsdom\living\events\EventTarget-impl.js:221:9)
          at HTMLUnknownElementImpl.dispatchEvent (C:\Users\leotm\Desktop\Projetos\Programming\vacation-scheduler\node_modules\jsdom\lib\jsdom\living\events\EventTarget-impl.js:94:17)
          at HTMLUnknownElement.dispatchEvent (C:\Users\leotm\Desktop\Projetos\Programming\vacation-scheduler\node_modules\jsdom\lib\jsdom\living\generated\EventTarget.js:231:34)
          at Object.invokeGuardedCallbackDev (C:\Users\leotm\Desktop\Projetos\Programming\vacation-scheduler\node_modules\react-dom\cjs\react-dom.development.js:4213:16)
          at invokeGuardedCallback (C:\Users\leotm\Desktop\Projetos\Programming\vacation-scheduler\node_modules\react-dom\cjs\react-dom.development.js:4277:31)
          at beginWork$1 (C:\Users\leotm\Desktop\Projetos\Programming\vacation-scheduler\node_modules\react-dom\cjs\react-dom.development.js:27490:7)
          at performUnitOfWork (C:\Users\leotm\Desktop\Projetos\Programming\vacation-scheduler\node_modules\react-dom\cjs\react-dom.development.js:26599:12)
          at workLoopSync (C:\Users\leotm\Desktop\Projetos\Programming\vacation-scheduler\node_modules\react-dom\cjs\react-dom.development.js:26505:5)
          at renderRootSync (C:\Users\leotm\Desktop\Projetos\Programming\vacation-scheduler\node_modules\react-dom\cjs\react-dom.development.js:26473:7)
          at performConcurrentWorkOnRoot (C:\Users\leotm\Desktop\Projetos\Programming\vacation-scheduler\node_modules\react-dom\cjs\react-dom.development.js:25777:74)
          at flushActQueue (C:\Users\leotm\Desktop\Projetos\Programming\vacation-scheduler\node_modules\react\cjs\react.development.js:2667:24)
          at act (C:\Users\leotm\Desktop\Projetos\Programming\vacation-scheduler\node_modules\react\cjs\react.development.js:2582:11)
          at C:\Users\leotm\Desktop\Projetos\Programming\vacation-scheduler\node_modules\@testing-library\react\dist\act-compat.js:46:25
          at renderRoot (C:\Users\leotm\Desktop\Projetos\Programming\vacation-scheduler\node_modules\@testing-library\react\dist\pure.js:189:26)
          at render (C:\Users\leotm\Desktop\Projetos\Programming\vacation-scheduler\node_modules\@testing-library\react\dist\pure.js:291:10)
          at renderCalendar (C:\Users\leotm\Desktop\Projetos\Programming\vacation-scheduler\src\components\CalendarView.test.js:36:16)
          at Object.<anonymous> (C:\Users\leotm\Desktop\Projetos\Programming\vacation-scheduler\src\components\CalendarView.test.js:375:5)
          at Promise.then.completed (C:\Users\leotm\Desktop\Projetos\Programming\vacation-scheduler\node_modules\jest-circus\build\utils.js:391:28)
          at new Promise (<anonymous>)
          at callAsyncCircusFn (C:\Users\leotm\Desktop\Projetos\Programming\vacation-scheduler\node_modules\jest-circus\build\utils.js:316:10)
          at _callCircusTest (C:\Users\leotm\Desktop\Projetos\Programming\vacation-scheduler\node_modules\jest-circus\build\run.js:218:40)
          at processTicksAndRejections (node:internal/process/task_queues:103:5)
          at _runTest (C:\Users\leotm\Desktop\Projetos\Programming\vacation-scheduler\node_modules\jest-circus\build\run.js:155:3)
          at _runTestsForDescribeBlock (C:\Users\leotm\Desktop\Projetos\Programming\vacation-scheduler\node_modules\jest-circus\build\run.js:66:9)
          at _runTestsForDescribeBlock (C:\Users\leotm\Desktop\Projetos\Programming\vacation-scheduler\node_modules\jest-circus\build\run.js:60:9)
          at run (C:\Users\leotm\Desktop\Projetos\Programming\vacation-scheduler\node_modules\jest-circus\build\run.js:25:3)
          at runAndTransformResultsToJestFormat (C:\Users\leotm\Desktop\Projetos\Programming\vacation-scheduler\node_modules\jest-circus\build\legacy-code-todo-rewrite\jestAdapterInit.js:170:21)
          at jestAdapter (C:\Users\leotm\Desktop\Projetos\Programming\vacation-scheduler\node_modules\jest-circus\build\legacy-code-todo-rewrite\jestAdapter.js:82:19)
          at runTestInternal (C:\Users\leotm\Desktop\Projetos\Programming\vacation-scheduler\node_modules\jest-runner\build\runTest.js:389:16)
          at runTest (C:\Users\leotm\Desktop\Projetos\Programming\vacation-scheduler\node_modules\jest-runner\build\runTest.js:475:34)
          at Object.worker (C:\Users\leotm\Desktop\Projetos\Programming\vacation-scheduler\node_modules\jest-runner\build\testWorker.js:133:12) TypeError: Cannot destructure property 'basename' of 'React.useContext(...)' as it is null.
          at LinkWithRef (C:\Users\leotm\Desktop\Projetos\Programming\vacation-scheduler\node_modules\react-router\dist\development\chunk-2YMDXNOJ.js:399:11)
          at renderWithHooks (C:\Users\leotm\Desktop\Projetos\Programming\vacation-scheduler\node_modules\react-dom\cjs\react-dom.development.js:15486:18)
          at updateForwardRef (C:\Users\leotm\Desktop\Projetos\Programming\vacation-scheduler\node_modules\react-dom\cjs\react-dom.development.js:19245:20)
          at beginWork (C:\Users\leotm\Desktop\Projetos\Programming\vacation-scheduler\node_modules\react-dom\cjs\react-dom.development.js:21675:16)
          at HTMLUnknownElement.callCallback (C:\Users\leotm\Desktop\Projetos\Programming\vacation-scheduler\node_modules\react-dom\cjs\react-dom.development.js:4164:14)
          at HTMLUnknownElement.callTheUserObjectsOperation (C:\Users\leotm\Desktop\Projetos\Programming\vacation-scheduler\node_modules\jsdom\lib\jsdom\living\generated\EventListener.js:26:30)
          at innerInvokeEventListeners (C:\Users\leotm\Desktop\Projetos\Programming\vacation-scheduler\node_modules\jsdom\lib\jsdom\living\events\EventTarget-impl.js:338:25)
          at invokeEventListeners (C:\Users\leotm\Desktop\Projetos\Programming\vacation-scheduler\node_modules\jsdom\lib\jsdom\living\events\EventTarget-impl.js:274:3)
          at HTMLUnknownElementImpl._dispatch (C:\Users\leotm\Desktop\Projetos\Programming\vacation-scheduler\node_modules\jsdom\lib\jsdom\living\events\EventTarget-impl.js:221:9)
          at HTMLUnknownElementImpl.dispatchEvent (C:\Users\leotm\Desktop\Projetos\Programming\vacation-scheduler\node_modules\jsdom\lib\jsdom\living\events\EventTarget-impl.js:94:17)
          at HTMLUnknownElement.dispatchEvent (C:\Users\leotm\Desktop\Projetos\Programming\vacation-scheduler\node_modules\jsdom\lib\jsdom\living\generated\EventTarget.js:231:34)
          at Object.invokeGuardedCallbackDev (C:\Users\leotm\Desktop\Projetos\Programming\vacation-scheduler\node_modules\react-dom\cjs\react-dom.development.js:4213:16)
          at invokeGuardedCallback (C:\Users\leotm\Desktop\Projetos\Programming\vacation-scheduler\node_modules\react-dom\cjs\react-dom.development.js:4277:31)
          at beginWork$1 (C:\Users\leotm\Desktop\Projetos\Programming\vacation-scheduler\node_modules\react-dom\cjs\react-dom.development.js:27490:7)
          at performUnitOfWork (C:\Users\leotm\Desktop\Projetos\Programming\vacation-scheduler\node_modules\react-dom\cjs\react-dom.development.js:26599:12)
          at workLoopSync (C:\Users\leotm\Desktop\Projetos\Programming\vacation-scheduler\node_modules\react-dom\cjs\react-dom.development.js:26505:5)
          at renderRootSync (C:\Users\leotm\Desktop\Projetos\Programming\vacation-scheduler\node_modules\react-dom\cjs\react-dom.development.js:26473:7)
          at performConcurrentWorkOnRoot (C:\Users\leotm\Desktop\Projetos\Programming\vacation-scheduler\node_modules\react-dom\cjs\react-dom.development.js:25777:74)
          at flushActQueue (C:\Users\leotm\Desktop\Projetos\Programming\vacation-scheduler\node_modules\react\cjs\react.development.js:2667:24)
          at act (C:\Users\leotm\Desktop\Projetos\Programming\vacation-scheduler\node_modules\react\cjs\react.development.js:2582:11)
          at C:\Users\leotm\Desktop\Projetos\Programming\vacation-scheduler\node_modules\@testing-library\react\dist\act-compat.js:46:25
          at renderRoot (C:\Users\leotm\Desktop\Projetos\Programming\vacation-scheduler\node_modules\@testing-library\react\dist\pure.js:189:26)
          at render (C:\Users\leotm\Desktop\Projetos\Programming\vacation-scheduler\node_modules\@testing-library\react\dist\pure.js:291:10)
          at renderCalendar (C:\Users\leotm\Desktop\Projetos\Programming\vacation-scheduler\src\components\CalendarView.test.js:36:16)
          at Object.<anonymous> (C:\Users\leotm\Desktop\Projetos\Programming\vacation-scheduler\src\components\CalendarView.test.js:375:5)
          at Promise.then.completed (C:\Users\leotm\Desktop\Projetos\Programming\vacation-scheduler\node_modules\jest-circus\build\utils.js:391:28)
          at new Promise (<anonymous>)
          at callAsyncCircusFn (C:\Users\leotm\Desktop\Projetos\Programming\vacation-scheduler\node_modules\jest-circus\build\utils.js:316:10)
          at _callCircusTest (C:\Users\leotm\Desktop\Projetos\Programming\vacation-scheduler\node_modules\jest-circus\build\run.js:218:40)
          at processTicksAndRejections (node:internal/process/task_queues:103:5)
          at _runTest (C:\Users\leotm\Desktop\Projetos\Programming\vacation-scheduler\node_modules\jest-circus\build\run.js:155:3)
          at _runTestsForDescribeBlock (C:\Users\leotm\Desktop\Projetos\Programming\vacation-scheduler\node_modules\jest-circus\build\run.js:66:9)
          at _runTestsForDescribeBlock (C:\Users\leotm\Desktop\Projetos\Programming\vacation-scheduler\node_modules\jest-circus\build\run.js:60:9)
          at run (C:\Users\leotm\Desktop\Projetos\Programming\vacation-scheduler\node_modules\jest-circus\build\run.js:25:3)
          at runAndTransformResultsToJestFormat (C:\Users\leotm\Desktop\Projetos\Programming\vacation-scheduler\node_modules\jest-circus\build\legacy-code-todo-rewrite\jestAdapterInit.js:170:21)
          at jestAdapter (C:\Users\leotm\Desktop\Projetos\Programming\vacation-scheduler\node_modules\jest-circus\build\legacy-code-todo-rewrite\jestAdapter.js:82:19)
          at runTestInternal (C:\Users\leotm\Desktop\Projetos\Programming\vacation-scheduler\node_modules\jest-runner\build\runTest.js:389:16)
          at runTest (C:\Users\leotm\Desktop\Projetos\Programming\vacation-scheduler\node_modules\jest-runner\build\runTest.js:475:34)
          at Object.worker (C:\Users\leotm\Desktop\Projetos\Programming\vacation-scheduler\node_modules\jest-runner\build\testWorker.js:133:12)

    [0m [90m 34 |[39m
     [90m 35 |[39m [36mconst[39m renderCalendar [33m=[39m (overrides [33m=[39m {}) [33m=>[39m {
    [31m[1m>[22m[39m[90m 36 |[39m   [36mreturn[39m render([33m<[39m[33mCalendarView[39m {[33m...[39mdefaultProps} {[33m...[39moverrides} [33m/[39m[33m>[39m)[33m;[39m
     [90m    |[39m                [31m[1m^[22m[39m
     [90m 37 |[39m }[33m;[39m
     [90m 38 |[39m
     [90m 39 |[39m describe([32m'CalendarView rendering'[39m[33m,[39m () [33m=>[39m {[0m

      at VirtualConsole.<anonymous> (node_modules/jsdom/lib/jsdom/virtual-console.js:29:45)
      at reportException (node_modules/jsdom/lib/jsdom/living/helpers/runtime-script-errors.js:70:28)
      at innerInvokeEventListeners (node_modules/jsdom/lib/jsdom/living/events/EventTarget-impl.js:341:9)
      at invokeEventListeners (node_modules/jsdom/lib/jsdom/living/events/EventTarget-impl.js:274:3)
      at HTMLUnknownElementImpl._dispatch (node_modules/jsdom/lib/jsdom/living/events/EventTarget-impl.js:221:9)
      at HTMLUnknownElementImpl.dispatchEvent (node_modules/jsdom/lib/jsdom/living/events/EventTarget-impl.js:94:17)
      at HTMLUnknownElement.dispatchEvent (node_modules/jsdom/lib/jsdom/living/generated/EventTarget.js:231:34)
      at Object.invokeGuardedCallbackDev (node_modules/react-dom/cjs/react-dom.development.js:4213:16)
      at invokeGuardedCallback (node_modules/react-dom/cjs/react-dom.development.js:4277:31)
      at beginWork$1 (node_modules/react-dom/cjs/react-dom.development.js:27490:7)
      at performUnitOfWork (node_modules/react-dom/cjs/react-dom.development.js:26599:12)
      at workLoopSync (node_modules/react-dom/cjs/react-dom.development.js:26505:5)
      at renderRootSync (node_modules/react-dom/cjs/react-dom.development.js:26473:7)
      at performConcurrentWorkOnRoot (node_modules/react-dom/cjs/react-dom.development.js:25777:74)
      at flushActQueue (node_modules/react/cjs/react.development.js:2667:24)
      at act (node_modules/react/cjs/react.development.js:2582:11)
      at node_modules/@testing-library/react/dist/act-compat.js:46:25
      at renderRoot (node_modules/@testing-library/react/dist/pure.js:189:26)
      at render (node_modules/@testing-library/react/dist/pure.js:291:10)
      at renderCalendar (src/components/CalendarView.test.js:36:16)
      at Object.<anonymous> (src/components/CalendarView.test.js:375:5)

    console.error
      Error: Uncaught [TypeError: Cannot destructure property 'basename' of 'React.useContext(...)' as it is null.]
          at reportException (C:\Users\leotm\Desktop\Projetos\Programming\vacation-scheduler\node_modules\jsdom\lib\jsdom\living\helpers\runtime-script-errors.js:66:24)
          at innerInvokeEventListeners (C:\Users\leotm\Desktop\Projetos\Programming\vacation-scheduler\node_modules\jsdom\lib\jsdom\living\events\EventTarget-impl.js:341:9)
          at invokeEventListeners (C:\Users\leotm\Desktop\Projetos\Programming\vacation-scheduler\node_modules\jsdom\lib\jsdom\living\events\EventTarget-impl.js:274:3)
          at HTMLUnknownElementImpl._dispatch (C:\Users\leotm\Desktop\Projetos\Programming\vacation-scheduler\node_modules\jsdom\lib\jsdom\living\events\EventTarget-impl.js:221:9)
          at HTMLUnknownElementImpl.dispatchEvent (C:\Users\leotm\Desktop\Projetos\Programming\vacation-scheduler\node_modules\jsdom\lib\jsdom\living\events\EventTarget-impl.js:94:17)
          at HTMLUnknownElement.dispatchEvent (C:\Users\leotm\Desktop\Projetos\Programming\vacation-scheduler\node_modules\jsdom\lib\jsdom\living\generated\EventTarget.js:231:34)
          at Object.invokeGuardedCallbackDev (C:\Users\leotm\Desktop\Projetos\Programming\vacation-scheduler\node_modules\react-dom\cjs\react-dom.development.js:4213:16)
          at invokeGuardedCallback (C:\Users\leotm\Desktop\Projetos\Programming\vacation-scheduler\node_modules\react-dom\cjs\react-dom.development.js:4277:31)
          at beginWork$1 (C:\Users\leotm\Desktop\Projetos\Programming\vacation-scheduler\node_modules\react-dom\cjs\react-dom.development.js:27490:7)
          at performUnitOfWork (C:\Users\leotm\Desktop\Projetos\Programming\vacation-scheduler\node_modules\react-dom\cjs\react-dom.development.js:26599:12)
          at workLoopSync (C:\Users\leotm\Desktop\Projetos\Programming\vacation-scheduler\node_modules\react-dom\cjs\react-dom.development.js:26505:5)
          at renderRootSync (C:\Users\leotm\Desktop\Projetos\Programming\vacation-scheduler\node_modules\react-dom\cjs\react-dom.development.js:26473:7)
          at recoverFromConcurrentError (C:\Users\leotm\Desktop\Projetos\Programming\vacation-scheduler\node_modules\react-dom\cjs\react-dom.development.js:25889:20)
          at performConcurrentWorkOnRoot (C:\Users\leotm\Desktop\Projetos\Programming\vacation-scheduler\node_modules\react-dom\cjs\react-dom.development.js:25789:22)
          at flushActQueue (C:\Users\leotm\Desktop\Projetos\Programming\vacation-scheduler\node_modules\react\cjs\react.development.js:2667:24)
          at act (C:\Users\leotm\Desktop\Projetos\Programming\vacation-scheduler\node_modules\react\cjs\react.development.js:2582:11)
          at C:\Users\leotm\Desktop\Projetos\Programming\vacation-scheduler\node_modules\@testing-library\react\dist\act-compat.js:46:25
          at renderRoot (C:\Users\leotm\Desktop\Projetos\Programming\vacation-scheduler\node_modules\@testing-library\react\dist\pure.js:189:26)
          at render (C:\Users\leotm\Desktop\Projetos\Programming\vacation-scheduler\node_modules\@testing-library\react\dist\pure.js:291:10)
          at renderCalendar (C:\Users\leotm\Desktop\Projetos\Programming\vacation-scheduler\src\components\CalendarView.test.js:36:16)
          at Object.<anonymous> (C:\Users\leotm\Desktop\Projetos\Programming\vacation-scheduler\src\components\CalendarView.test.js:375:5)
          at Promise.then.completed (C:\Users\leotm\Desktop\Projetos\Programming\vacation-scheduler\node_modules\jest-circus\build\utils.js:391:28)
          at new Promise (<anonymous>)
          at callAsyncCircusFn (C:\Users\leotm\Desktop\Projetos\Programming\vacation-scheduler\node_modules\jest-circus\build\utils.js:316:10)
          at _callCircusTest (C:\Users\leotm\Desktop\Projetos\Programming\vacation-scheduler\node_modules\jest-circus\build\run.js:218:40)
          at processTicksAndRejections (node:internal/process/task_queues:103:5)
          at _runTest (C:\Users\leotm\Desktop\Projetos\Programming\vacation-scheduler\node_modules\jest-circus\build\run.js:155:3)
          at _runTestsForDescribeBlock (C:\Users\leotm\Desktop\Projetos\Programming\vacation-scheduler\node_modules\jest-circus\build\run.js:66:9)
          at _runTestsForDescribeBlock (C:\Users\leotm\Desktop\Projetos\Programming\vacation-scheduler\node_modules\jest-circus\build\run.js:60:9)
          at run (C:\Users\leotm\Desktop\Projetos\Programming\vacation-scheduler\node_modules\jest-circus\build\run.js:25:3)
          at runAndTransformResultsToJestFormat (C:\Users\leotm\Desktop\Projetos\Programming\vacation-scheduler\node_modules\jest-circus\build\legacy-code-todo-rewrite\jestAdapterInit.js:170:21)
          at jestAdapter (C:\Users\leotm\Desktop\Projetos\Programming\vacation-scheduler\node_modules\jest-circus\build\legacy-code-todo-rewrite\jestAdapter.js:82:19)
          at runTestInternal (C:\Users\leotm\Desktop\Projetos\Programming\vacation-scheduler\node_modules\jest-runner\build\runTest.js:389:16)
          at runTest (C:\Users\leotm\Desktop\Projetos\Programming\vacation-scheduler\node_modules\jest-runner\build\runTest.js:475:34)
          at Object.worker (C:\Users\leotm\Desktop\Projetos\Programming\vacation-scheduler\node_modules\jest-runner\build\testWorker.js:133:12) TypeError: Cannot destructure property 'basename' of 'React.useContext(...)' as it is null.
          at LinkWithRef (C:\Users\leotm\Desktop\Projetos\Programming\vacation-scheduler\node_modules\react-router\dist\development\chunk-2YMDXNOJ.js:399:11)
          at renderWithHooks (C:\Users\leotm\Desktop\Projetos\Programming\vacation-scheduler\node_modules\react-dom\cjs\react-dom.development.js:15486:18)
          at updateForwardRef (C:\Users\leotm\Desktop\Projetos\Programming\vacation-scheduler\node_modules\react-dom\cjs\react-dom.development.js:19245:20)
          at beginWork (C:\Users\leotm\Desktop\Projetos\Programming\vacation-scheduler\node_modules\react-dom\cjs\react-dom.development.js:21675:16)
          at HTMLUnknownElement.callCallback (C:\Users\leotm\Desktop\Projetos\Programming\vacation-scheduler\node_modules\react-dom\cjs\react-dom.development.js:4164:14)
          at HTMLUnknownElement.callTheUserObjectsOperation (C:\Users\leotm\Desktop\Projetos\Programming\vacation-scheduler\node_modules\jsdom\lib\jsdom\living\generated\EventListener.js:26:30)
          at innerInvokeEventListeners (C:\Users\leotm\Desktop\Projetos\Programming\vacation-scheduler\node_modules\jsdom\lib\jsdom\living\events\EventTarget-impl.js:338:25)
          at invokeEventListeners (C:\Users\leotm\Desktop\Projetos\Programming\vacation-scheduler\node_modules\jsdom\lib\jsdom\living\events\EventTarget-impl.js:274:3)
          at HTMLUnknownElementImpl._dispatch (C:\Users\leotm\Desktop\Projetos\Programming\vacation-scheduler\node_modules\jsdom\lib\jsdom\living\events\EventTarget-impl.js:221:9)
          at HTMLUnknownElementImpl.dispatchEvent (C:\Users\leotm\Desktop\Projetos\Programming\vacation-scheduler\node_modules\jsdom\lib\jsdom\living\events\EventTarget-impl.js:94:17)
          at HTMLUnknownElement.dispatchEvent (C:\Users\leotm\Desktop\Projetos\Programming\vacation-scheduler\node_modules\jsdom\lib\jsdom\living\generated\EventTarget.js:231:34)
          at Object.invokeGuardedCallbackDev (C:\Users\leotm\Desktop\Projetos\Programming\vacation-scheduler\node_modules\react-dom\cjs\react-dom.development.js:4213:16)
          at invokeGuardedCallback (C:\Users\leotm\Desktop\Projetos\Programming\vacation-scheduler\node_modules\react-dom\cjs\react-dom.development.js:4277:31)
          at beginWork$1 (C:\Users\leotm\Desktop\Projetos\Programming\vacation-scheduler\node_modules\react-dom\cjs\react-dom.development.js:27490:7)
          at performUnitOfWork (C:\Users\leotm\Desktop\Projetos\Programming\vacation-scheduler\node_modules\react-dom\cjs\react-dom.development.js:26599:12)
          at workLoopSync (C:\Users\leotm\Desktop\Projetos\Programming\vacation-scheduler\node_modules\react-dom\cjs\react-dom.development.js:26505:5)
          at renderRootSync (C:\Users\leotm\Desktop\Projetos\Programming\vacation-scheduler\node_modules\react-dom\cjs\react-dom.development.js:26473:7)
          at recoverFromConcurrentError (C:\Users\leotm\Desktop\Projetos\Programming\vacation-scheduler\node_modules\react-dom\cjs\react-dom.development.js:25889:20)
          at performConcurrentWorkOnRoot (C:\Users\leotm\Desktop\Projetos\Programming\vacation-scheduler\node_modules\react-dom\cjs\react-dom.development.js:25789:22)
          at flushActQueue (C:\Users\leotm\Desktop\Projetos\Programming\vacation-scheduler\node_modules\react\cjs\react.development.js:2667:24)
          at act (C:\Users\leotm\Desktop\Projetos\Programming\vacation-scheduler\node_modules\react\cjs\react.development.js:2582:11)
          at C:\Users\leotm\Desktop\Projetos\Programming\vacation-scheduler\node_modules\@testing-library\react\dist\act-compat.js:46:25
          at renderRoot (C:\Users\leotm\Desktop\Projetos\Programming\vacation-scheduler\node_modules\@testing-library\react\dist\pure.js:189:26)
          at render (C:\Users\leotm\Desktop\Projetos\Programming\vacation-scheduler\node_modules\@testing-library\react\dist\pure.js:291:10)
          at renderCalendar (C:\Users\leotm\Desktop\Projetos\Programming\vacation-scheduler\src\components\CalendarView.test.js:36:16)
          at Object.<anonymous> (C:\Users\leotm\Desktop\Projetos\Programming\vacation-scheduler\src\components\CalendarView.test.js:375:5)
          at Promise.then.completed (C:\Users\leotm\Desktop\Projetos\Programming\vacation-scheduler\node_modules\jest-circus\build\utils.js:391:28)
          at new Promise (<anonymous>)
          at callAsyncCircusFn (C:\Users\leotm\Desktop\Projetos\Programming\vacation-scheduler\node_modules\jest-circus\build\utils.js:316:10)
          at _callCircusTest (C:\Users\leotm\Desktop\Projetos\Programming\vacation-scheduler\node_modules\jest-circus\build\run.js:218:40)
          at processTicksAndRejections (node:internal/process/task_queues:103:5)
          at _runTest (C:\Users\leotm\Desktop\Projetos\Programming\vacation-scheduler\node_modules\jest-circus\build\run.js:155:3)
          at _runTestsForDescribeBlock (C:\Users\leotm\Desktop\Projetos\Programming\vacation-scheduler\node_modules\jest-circus\build\run.js:66:9)
          at _runTestsForDescribeBlock (C:\Users\leotm\Desktop\Projetos\Programming\vacation-scheduler\node_modules\jest-circus\build\run.js:60:9)
          at run (C:\Users\leotm\Desktop\Projetos\Programming\vacation-scheduler\node_modules\jest-circus\build\run.js:25:3)
          at runAndTransformResultsToJestFormat (C:\Users\leotm\Desktop\Projetos\Programming\vacation-scheduler\node_modules\jest-circus\build\legacy-code-todo-rewrite\jestAdapterInit.js:170:21)
          at jestAdapter (C:\Users\leotm\Desktop\Projetos\Programming\vacation-scheduler\node_modules\jest-circus\build\legacy-code-todo-rewrite\jestAdapter.js:82:19)
          at runTestInternal (C:\Users\leotm\Desktop\Projetos\Programming\vacation-scheduler\node_modules\jest-runner\build\runTest.js:389:16)
          at runTest (C:\Users\leotm\Desktop\Projetos\Programming\vacation-scheduler\node_modules\jest-runner\build\runTest.js:475:34)
          at Object.worker (C:\Users\leotm\Desktop\Projetos\Programming\vacation-scheduler\node_modules\jest-runner\build\testWorker.js:133:12)

    [0m [90m 34 |[39m
     [90m 35 |[39m [36mconst[39m renderCalendar [33m=[39m (overrides [33m=[39m {}) [33m=>[39m {
    [31m[1m>[22m[39m[90m 36 |[39m   [36mreturn[39m render([33m<[39m[33mCalendarView[39m {[33m...[39mdefaultProps} {[33m...[39moverrides} [33m/[39m[33m>[39m)[33m;[39m
     [90m    |[39m                [31m[1m^[22m[39m
     [90m 37 |[39m }[33m;[39m
     [90m 38 |[39m
     [90m 39 |[39m describe([32m'CalendarView rendering'[39m[33m,[39m () [33m=>[39m {[0m

      at VirtualConsole.<anonymous> (node_modules/jsdom/lib/jsdom/virtual-console.js:29:45)
      at reportException (node_modules/jsdom/lib/jsdom/living/helpers/runtime-script-errors.js:70:28)
      at innerInvokeEventListeners (node_modules/jsdom/lib/jsdom/living/events/EventTarget-impl.js:341:9)
      at invokeEventListeners (node_modules/jsdom/lib/jsdom/living/events/EventTarget-impl.js:274:3)
      at HTMLUnknownElementImpl._dispatch (node_modules/jsdom/lib/jsdom/living/events/EventTarget-impl.js:221:9)
      at HTMLUnknownElementImpl.dispatchEvent (node_modules/jsdom/lib/jsdom/living/events/EventTarget-impl.js:94:17)
      at HTMLUnknownElement.dispatchEvent (node_modules/jsdom/lib/jsdom/living/generated/EventTarget.js:231:34)
      at Object.invokeGuardedCallbackDev (node_modules/react-dom/cjs/react-dom.development.js:4213:16)
      at invokeGuardedCallback (node_modules/react-dom/cjs/react-dom.development.js:4277:31)
      at beginWork$1 (node_modules/react-dom/cjs/react-dom.development.js:27490:7)
      at performUnitOfWork (node_modules/react-dom/cjs/react-dom.development.js:26599:12)
      at workLoopSync (node_modules/react-dom/cjs/react-dom.development.js:26505:5)
      at renderRootSync (node_modules/react-dom/cjs/react-dom.development.js:26473:7)
      at recoverFromConcurrentError (node_modules/react-dom/cjs/react-dom.development.js:25889:20)
      at performConcurrentWorkOnRoot (node_modules/react-dom/cjs/react-dom.development.js:25789:22)
      at flushActQueue (node_modules/react/cjs/react.development.js:2667:24)
      at act (node_modules/react/cjs/react.development.js:2582:11)
      at node_modules/@testing-library/react/dist/act-compat.js:46:25
      at renderRoot (node_modules/@testing-library/react/dist/pure.js:189:26)
      at render (node_modules/@testing-library/react/dist/pure.js:291:10)
      at renderCalendar (src/components/CalendarView.test.js:36:16)
      at Object.<anonymous> (src/components/CalendarView.test.js:375:5)

    console.error
      The above error occurred in the <Link> component:
      
          at LinkWithRef (C:\Users\leotm\Desktop\Projetos\Programming\vacation-scheduler\node_modules\react-router\dist\development\chunk-2YMDXNOJ.js:384:5)
          at p
          at div
          at div
          at form
          at CalendarView (C:\Users\leotm\Desktop\Projetos\Programming\vacation-scheduler\src\components\CalendarView.js:44:25)
      
      Consider adding an error boundary to your tree to customize error handling behavior.
      Visit https://reactjs.org/link/error-boundaries to learn more about error boundaries.

    [0m [90m 34 |[39m
     [90m 35 |[39m [36mconst[39m renderCalendar [33m=[39m (overrides [33m=[39m {}) [33m=>[39m {
    [31m[1m>[22m[39m[90m 36 |[39m   [36mreturn[39m render([33m<[39m[33mCalendarView[39m {[33m...[39mdefaultProps} {[33m...[39moverrides} [33m/[39m[33m>[39m)[33m;[39m
     [90m    |[39m                [31m[1m^[22m[39m
     [90m 37 |[39m }[33m;[39m
     [90m 38 |[39m
     [90m 39 |[39m describe([32m'CalendarView rendering'[39m[33m,[39m () [33m=>[39m {[0m

      at logCapturedError (node_modules/react-dom/cjs/react-dom.development.js:18704:23)
      at update.callback (node_modules/react-dom/cjs/react-dom.development.js:18737:5)
      at callCallback (node_modules/react-dom/cjs/react-dom.development.js:15036:12)
      at commitUpdateQueue (node_modules/react-dom/cjs/react-dom.development.js:15057:9)
      at commitLayoutEffectOnFiber (node_modules/react-dom/cjs/react-dom.development.js:23430:13)
      at commitLayoutMountEffects_complete (node_modules/react-dom/cjs/react-dom.development.js:24727:9)
      at commitLayoutEffects_begin (node_modules/react-dom/cjs/react-dom.development.js:24713:7)
      at commitLayoutEffects (node_modules/react-dom/cjs/react-dom.development.js:24651:3)
      at commitRootImpl (node_modules/react-dom/cjs/react-dom.development.js:26862:5)
      at commitRoot (node_modules/react-dom/cjs/react-dom.development.js:26721:5)
      at finishConcurrentRender (node_modules/react-dom/cjs/react-dom.development.js:25931:9)
      at performConcurrentWorkOnRoot (node_modules/react-dom/cjs/react-dom.development.js:25848:7)
      at flushActQueue (node_modules/react/cjs/react.development.js:2667:24)
      at act (node_modules/react/cjs/react.development.js:2582:11)
      at node_modules/@testing-library/react/dist/act-compat.js:46:25
      at renderRoot (node_modules/@testing-library/react/dist/pure.js:189:26)
      at render (node_modules/@testing-library/react/dist/pure.js:291:10)
      at renderCalendar (src/components/CalendarView.test.js:36:16)
      at Object.<anonymous> (src/components/CalendarView.test.js:375:5)

    console.error
      Error: Uncaught [TypeError: Cannot destructure property 'basename' of 'React.useContext(...)' as it is null.]
          at reportException (C:\Users\leotm\Desktop\Projetos\Programming\vacation-scheduler\node_modules\jsdom\lib\jsdom\living\helpers\runtime-script-errors.js:66:24)
          at innerInvokeEventListeners (C:\Users\leotm\Desktop\Projetos\Programming\vacation-scheduler\node_modules\jsdom\lib\jsdom\living\events\EventTarget-impl.js:341:9)
          at invokeEventListeners (C:\Users\leotm\Desktop\Projetos\Programming\vacation-scheduler\node_modules\jsdom\lib\jsdom\living\events\EventTarget-impl.js:274:3)
          at HTMLUnknownElementImpl._dispatch (C:\Users\leotm\Desktop\Projetos\Programming\vacation-scheduler\node_modules\jsdom\lib\jsdom\living\events\EventTarget-impl.js:221:9)
          at HTMLUnknownElementImpl.dispatchEvent (C:\Users\leotm\Desktop\Projetos\Programming\vacation-scheduler\node_modules\jsdom\lib\jsdom\living\events\EventTarget-impl.js:94:17)
          at HTMLUnknownElement.dispatchEvent (C:\Users\leotm\Desktop\Projetos\Programming\vacation-scheduler\node_modules\jsdom\lib\jsdom\living\generated\EventTarget.js:231:34)
          at Object.invokeGuardedCallbackDev (C:\Users\leotm\Desktop\Projetos\Programming\vacation-scheduler\node_modules\react-dom\cjs\react-dom.development.js:4213:16)
          at invokeGuardedCallback (C:\Users\leotm\Desktop\Projetos\Programming\vacation-scheduler\node_modules\react-dom\cjs\react-dom.development.js:4277:31)
          at beginWork$1 (C:\Users\leotm\Desktop\Projetos\Programming\vacation-scheduler\node_modules\react-dom\cjs\react-dom.development.js:27490:7)
          at performUnitOfWork (C:\Users\leotm\Desktop\Projetos\Programming\vacation-scheduler\node_modules\react-dom\cjs\react-dom.development.js:26599:12)
          at workLoopSync (C:\Users\leotm\Desktop\Projetos\Programming\vacation-scheduler\node_modules\react-dom\cjs\react-dom.development.js:26505:5)
          at renderRootSync (C:\Users\leotm\Desktop\Projetos\Programming\vacation-scheduler\node_modules\react-dom\cjs\react-dom.development.js:26473:7)
          at performConcurrentWorkOnRoot (C:\Users\leotm\Desktop\Projetos\Programming\vacation-scheduler\node_modules\react-dom\cjs\react-dom.development.js:25777:74)
          at flushActQueue (C:\Users\leotm\Desktop\Projetos\Programming\vacation-scheduler\node_modules\react\cjs\react.development.js:2667:24)
          at act (C:\Users\leotm\Desktop\Projetos\Programming\vacation-scheduler\node_modules\react\cjs\react.development.js:2582:11)
          at C:\Users\leotm\Desktop\Projetos\Programming\vacation-scheduler\node_modules\@testing-library\react\dist\act-compat.js:46:25
          at renderRoot (C:\Users\leotm\Desktop\Projetos\Programming\vacation-scheduler\node_modules\@testing-library\react\dist\pure.js:189:26)
          at render (C:\Users\leotm\Desktop\Projetos\Programming\vacation-scheduler\node_modules\@testing-library\react\dist\pure.js:291:10)
          at renderCalendar (C:\Users\leotm\Desktop\Projetos\Programming\vacation-scheduler\src\components\CalendarView.test.js:36:16)
          at Object.<anonymous> (C:\Users\leotm\Desktop\Projetos\Programming\vacation-scheduler\src\components\CalendarView.test.js:388:5)
          at Promise.then.completed (C:\Users\leotm\Desktop\Projetos\Programming\vacation-scheduler\node_modules\jest-circus\build\utils.js:391:28)
          at new Promise (<anonymous>)
          at callAsyncCircusFn (C:\Users\leotm\Desktop\Projetos\Programming\vacation-scheduler\node_modules\jest-circus\build\utils.js:316:10)
          at _callCircusTest (C:\Users\leotm\Desktop\Projetos\Programming\vacation-scheduler\node_modules\jest-circus\build\run.js:218:40)
          at processTicksAndRejections (node:internal/process/task_queues:103:5)
          at _runTest (C:\Users\leotm\Desktop\Projetos\Programming\vacation-scheduler\node_modules\jest-circus\build\run.js:155:3)
          at _runTestsForDescribeBlock (C:\Users\leotm\Desktop\Projetos\Programming\vacation-scheduler\node_modules\jest-circus\build\run.js:66:9)
          at _runTestsForDescribeBlock (C:\Users\leotm\Desktop\Projetos\Programming\vacation-scheduler\node_modules\jest-circus\build\run.js:60:9)
          at run (C:\Users\leotm\Desktop\Projetos\Programming\vacation-scheduler\node_modules\jest-circus\build\run.js:25:3)
          at runAndTransformResultsToJestFormat (C:\Users\leotm\Desktop\Projetos\Programming\vacation-scheduler\node_modules\jest-circus\build\legacy-code-todo-rewrite\jestAdapterInit.js:170:21)
          at jestAdapter (C:\Users\leotm\Desktop\Projetos\Programming\vacation-scheduler\node_modules\jest-circus\build\legacy-code-todo-rewrite\jestAdapter.js:82:19)
          at runTestInternal (C:\Users\leotm\Desktop\Projetos\Programming\vacation-scheduler\node_modules\jest-runner\build\runTest.js:389:16)
          at runTest (C:\Users\leotm\Desktop\Projetos\Programming\vacation-scheduler\node_modules\jest-runner\build\runTest.js:475:34)
          at Object.worker (C:\Users\leotm\Desktop\Projetos\Programming\vacation-scheduler\node_modules\jest-runner\build\testWorker.js:133:12) TypeError: Cannot destructure property 'basename' of 'React.useContext(...)' as it is null.
          at LinkWithRef (C:\Users\leotm\Desktop\Projetos\Programming\vacation-scheduler\node_modules\react-router\dist\development\chunk-2YMDXNOJ.js:399:11)
          at renderWithHooks (C:\Users\leotm\Desktop\Projetos\Programming\vacation-scheduler\node_modules\react-dom\cjs\react-dom.development.js:15486:18)
          at updateForwardRef (C:\Users\leotm\Desktop\Projetos\Programming\vacation-scheduler\node_modules\react-dom\cjs\react-dom.development.js:19245:20)
          at beginWork (C:\Users\leotm\Desktop\Projetos\Programming\vacation-scheduler\node_modules\react-dom\cjs\react-dom.development.js:21675:16)
          at HTMLUnknownElement.callCallback (C:\Users\leotm\Desktop\Projetos\Programming\vacation-scheduler\node_modules\react-dom\cjs\react-dom.development.js:4164:14)
          at HTMLUnknownElement.callTheUserObjectsOperation (C:\Users\leotm\Desktop\Projetos\Programming\vacation-scheduler\node_modules\jsdom\lib\jsdom\living\generated\EventListener.js:26:30)
          at innerInvokeEventListeners (C:\Users\leotm\Desktop\Projetos\Programming\vacation-scheduler\node_modules\jsdom\lib\jsdom\living\events\EventTarget-impl.js:338:25)
          at invokeEventListeners (C:\Users\leotm\Desktop\Projetos\Programming\vacation-scheduler\node_modules\jsdom\lib\jsdom\living\events\EventTarget-impl.js:274:3)
          at HTMLUnknownElementImpl._dispatch (C:\Users\leotm\Desktop\Projetos\Programming\vacation-scheduler\node_modules\jsdom\lib\jsdom\living\events\EventTarget-impl.js:221:9)
          at HTMLUnknownElementImpl.dispatchEvent (C:\Users\leotm\Desktop\Projetos\Programming\vacation-scheduler\node_modules\jsdom\lib\jsdom\living\events\EventTarget-impl.js:94:17)
          at HTMLUnknownElement.dispatchEvent (C:\Users\leotm\Desktop\Projetos\Programming\vacation-scheduler\node_modules\jsdom\lib\jsdom\living\generated\EventTarget.js:231:34)
          at Object.invokeGuardedCallbackDev (C:\Users\leotm\Desktop\Projetos\Programming\vacation-scheduler\node_modules\react-dom\cjs\react-dom.development.js:4213:16)
          at invokeGuardedCallback (C:\Users\leotm\Desktop\Projetos\Programming\vacation-scheduler\node_modules\react-dom\cjs\react-dom.development.js:4277:31)
          at beginWork$1 (C:\Users\leotm\Desktop\Projetos\Programming\vacation-scheduler\node_modules\react-dom\cjs\react-dom.development.js:27490:7)
          at performUnitOfWork (C:\Users\leotm\Desktop\Projetos\Programming\vacation-scheduler\node_modules\react-dom\cjs\react-dom.development.js:26599:12)
          at workLoopSync (C:\Users\leotm\Desktop\Projetos\Programming\vacation-scheduler\node_modules\react-dom\cjs\react-dom.development.js:26505:5)
          at renderRootSync (C:\Users\leotm\Desktop\Projetos\Programming\vacation-scheduler\node_modules\react-dom\cjs\react-dom.development.js:26473:7)
          at performConcurrentWorkOnRoot (C:\Users\leotm\Desktop\Projetos\Programming\vacation-scheduler\node_modules\react-dom\cjs\react-dom.development.js:25777:74)
          at flushActQueue (C:\Users\leotm\Desktop\Projetos\Programming\vacation-scheduler\node_modules\react\cjs\react.development.js:2667:24)
          at act (C:\Users\leotm\Desktop\Projetos\Programming\vacation-scheduler\node_modules\react\cjs\react.development.js:2582:11)
          at C:\Users\leotm\Desktop\Projetos\Programming\vacation-scheduler\node_modules\@testing-library\react\dist\act-compat.js:46:25
          at renderRoot (C:\Users\leotm\Desktop\Projetos\Programming\vacation-scheduler\node_modules\@testing-library\react\dist\pure.js:189:26)
          at render (C:\Users\leotm\Desktop\Projetos\Programming\vacation-scheduler\node_modules\@testing-library\react\dist\pure.js:291:10)
          at renderCalendar (C:\Users\leotm\Desktop\Projetos\Programming\vacation-scheduler\src\components\CalendarView.test.js:36:16)
          at Object.<anonymous> (C:\Users\leotm\Desktop\Projetos\Programming\vacation-scheduler\src\components\CalendarView.test.js:388:5)
          at Promise.then.completed (C:\Users\leotm\Desktop\Projetos\Programming\vacation-scheduler\node_modules\jest-circus\build\utils.js:391:28)
          at new Promise (<anonymous>)
          at callAsyncCircusFn (C:\Users\leotm\Desktop\Projetos\Programming\vacation-scheduler\node_modules\jest-circus\build\utils.js:316:10)
          at _callCircusTest (C:\Users\leotm\Desktop\Projetos\Programming\vacation-scheduler\node_modules\jest-circus\build\run.js:218:40)
          at processTicksAndRejections (node:internal/process/task_queues:103:5)
          at _runTest (C:\Users\leotm\Desktop\Projetos\Programming\vacation-scheduler\node_modules\jest-circus\build\run.js:155:3)
          at _runTestsForDescribeBlock (C:\Users\leotm\Desktop\Projetos\Programming\vacation-scheduler\node_modules\jest-circus\build\run.js:66:9)
          at _runTestsForDescribeBlock (C:\Users\leotm\Desktop\Projetos\Programming\vacation-scheduler\node_modules\jest-circus\build\run.js:60:9)
          at run (C:\Users\leotm\Desktop\Projetos\Programming\vacation-scheduler\node_modules\jest-circus\build\run.js:25:3)
          at runAndTransformResultsToJestFormat (C:\Users\leotm\Desktop\Projetos\Programming\vacation-scheduler\node_modules\jest-circus\build\legacy-code-todo-rewrite\jestAdapterInit.js:170:21)
          at jestAdapter (C:\Users\leotm\Desktop\Projetos\Programming\vacation-scheduler\node_modules\jest-circus\build\legacy-code-todo-rewrite\jestAdapter.js:82:19)
          at runTestInternal (C:\Users\leotm\Desktop\Projetos\Programming\vacation-scheduler\node_modules\jest-runner\build\runTest.js:389:16)
          at runTest (C:\Users\leotm\Desktop\Projetos\Programming\vacation-scheduler\node_modules\jest-runner\build\runTest.js:475:34)
          at Object.worker (C:\Users\leotm\Desktop\Projetos\Programming\vacation-scheduler\node_modules\jest-runner\build\testWorker.js:133:12)

    [0m [90m 34 |[39m
     [90m 35 |[39m [36mconst[39m renderCalendar [33m=[39m (overrides [33m=[39m {}) [33m=>[39m {
    [31m[1m>[22m[39m[90m 36 |[39m   [36mreturn[39m render([33m<[39m[33mCalendarView[39m {[33m...[39mdefaultProps} {[33m...[39moverrides} [33m/[39m[33m>[39m)[33m;[39m
     [90m    |[39m                [31m[1m^[22m[39m
     [90m 37 |[39m }[33m;[39m
     [90m 38 |[39m
     [90m 39 |[39m describe([32m'CalendarView rendering'[39m[33m,[39m () [33m=>[39m {[0m

      at VirtualConsole.<anonymous> (node_modules/jsdom/lib/jsdom/virtual-console.js:29:45)
      at reportException (node_modules/jsdom/lib/jsdom/living/helpers/runtime-script-errors.js:70:28)
      at innerInvokeEventListeners (node_modules/jsdom/lib/jsdom/living/events/EventTarget-impl.js:341:9)
      at invokeEventListeners (node_modules/jsdom/lib/jsdom/living/events/EventTarget-impl.js:274:3)
      at HTMLUnknownElementImpl._dispatch (node_modules/jsdom/lib/jsdom/living/events/EventTarget-impl.js:221:9)
      at HTMLUnknownElementImpl.dispatchEvent (node_modules/jsdom/lib/jsdom/living/events/EventTarget-impl.js:94:17)
      at HTMLUnknownElement.dispatchEvent (node_modules/jsdom/lib/jsdom/living/generated/EventTarget.js:231:34)
      at Object.invokeGuardedCallbackDev (node_modules/react-dom/cjs/react-dom.development.js:4213:16)
      at invokeGuardedCallback (node_modules/react-dom/cjs/react-dom.development.js:4277:31)
      at beginWork$1 (node_modules/react-dom/cjs/react-dom.development.js:27490:7)
      at performUnitOfWork (node_modules/react-dom/cjs/react-dom.development.js:26599:12)
      at workLoopSync (node_modules/react-dom/cjs/react-dom.development.js:26505:5)
      at renderRootSync (node_modules/react-dom/cjs/react-dom.development.js:26473:7)
      at performConcurrentWorkOnRoot (node_modules/react-dom/cjs/react-dom.development.js:25777:74)
      at flushActQueue (node_modules/react/cjs/react.development.js:2667:24)
      at act (node_modules/react/cjs/react.development.js:2582:11)
      at node_modules/@testing-library/react/dist/act-compat.js:46:25
      at renderRoot (node_modules/@testing-library/react/dist/pure.js:189:26)
      at render (node_modules/@testing-library/react/dist/pure.js:291:10)
      at renderCalendar (src/components/CalendarView.test.js:36:16)
      at Object.<anonymous> (src/components/CalendarView.test.js:388:5)

    console.error
      Error: Uncaught [TypeError: Cannot destructure property 'basename' of 'React.useContext(...)' as it is null.]
          at reportException (C:\Users\leotm\Desktop\Projetos\Programming\vacation-scheduler\node_modules\jsdom\lib\jsdom\living\helpers\runtime-script-errors.js:66:24)
          at innerInvokeEventListeners (C:\Users\leotm\Desktop\Projetos\Programming\vacation-scheduler\node_modules\jsdom\lib\jsdom\living\events\EventTarget-impl.js:341:9)
          at invokeEventListeners (C:\Users\leotm\Desktop\Projetos\Programming\vacation-scheduler\node_modules\jsdom\lib\jsdom\living\events\EventTarget-impl.js:274:3)
          at HTMLUnknownElementImpl._dispatch (C:\Users\leotm\Desktop\Projetos\Programming\vacation-scheduler\node_modules\jsdom\lib\jsdom\living\events\EventTarget-impl.js:221:9)
          at HTMLUnknownElementImpl.dispatchEvent (C:\Users\leotm\Desktop\Projetos\Programming\vacation-scheduler\node_modules\jsdom\lib\jsdom\living\events\EventTarget-impl.js:94:17)
          at HTMLUnknownElement.dispatchEvent (C:\Users\leotm\Desktop\Projetos\Programming\vacation-scheduler\node_modules\jsdom\lib\jsdom\living\generated\EventTarget.js:231:34)
          at Object.invokeGuardedCallbackDev (C:\Users\leotm\Desktop\Projetos\Programming\vacation-scheduler\node_modules\react-dom\cjs\react-dom.development.js:4213:16)
          at invokeGuardedCallback (C:\Users\leotm\Desktop\Projetos\Programming\vacation-scheduler\node_modules\react-dom\cjs\react-dom.development.js:4277:31)
          at beginWork$1 (C:\Users\leotm\Desktop\Projetos\Programming\vacation-scheduler\node_modules\react-dom\cjs\react-dom.development.js:27490:7)
          at performUnitOfWork (C:\Users\leotm\Desktop\Projetos\Programming\vacation-scheduler\node_modules\react-dom\cjs\react-dom.development.js:26599:12)
          at workLoopSync (C:\Users\leotm\Desktop\Projetos\Programming\vacation-scheduler\node_modules\react-dom\cjs\react-dom.development.js:26505:5)
          at renderRootSync (C:\Users\leotm\Desktop\Projetos\Programming\vacation-scheduler\node_modules\react-dom\cjs\react-dom.development.js:26473:7)
          at recoverFromConcurrentError (C:\Users\leotm\Desktop\Projetos\Programming\vacation-scheduler\node_modules\react-dom\cjs\react-dom.development.js:25889:20)
          at performConcurrentWorkOnRoot (C:\Users\leotm\Desktop\Projetos\Programming\vacation-scheduler\node_modules\react-dom\cjs\react-dom.development.js:25789:22)
          at flushActQueue (C:\Users\leotm\Desktop\Projetos\Programming\vacation-scheduler\node_modules\react\cjs\react.development.js:2667:24)
          at act (C:\Users\leotm\Desktop\Projetos\Programming\vacation-scheduler\node_modules\react\cjs\react.development.js:2582:11)
          at C:\Users\leotm\Desktop\Projetos\Programming\vacation-scheduler\node_modules\@testing-library\react\dist\act-compat.js:46:25
          at renderRoot (C:\Users\leotm\Desktop\Projetos\Programming\vacation-scheduler\node_modules\@testing-library\react\dist\pure.js:189:26)
          at render (C:\Users\leotm\Desktop\Projetos\Programming\vacation-scheduler\node_modules\@testing-library\react\dist\pure.js:291:10)
          at renderCalendar (C:\Users\leotm\Desktop\Projetos\Programming\vacation-scheduler\src\components\CalendarView.test.js:36:16)
          at Object.<anonymous> (C:\Users\leotm\Desktop\Projetos\Programming\vacation-scheduler\src\components\CalendarView.test.js:388:5)
          at Promise.then.completed (C:\Users\leotm\Desktop\Projetos\Programming\vacation-scheduler\node_modules\jest-circus\build\utils.js:391:28)
          at new Promise (<anonymous>)
          at callAsyncCircusFn (C:\Users\leotm\Desktop\Projetos\Programming\vacation-scheduler\node_modules\jest-circus\build\utils.js:316:10)
          at _callCircusTest (C:\Users\leotm\Desktop\Projetos\Programming\vacation-scheduler\node_modules\jest-circus\build\run.js:218:40)
          at processTicksAndRejections (node:internal/process/task_queues:103:5)
          at _runTest (C:\Users\leotm\Desktop\Projetos\Programming\vacation-scheduler\node_modules\jest-circus\build\run.js:155:3)
          at _runTestsForDescribeBlock (C:\Users\leotm\Desktop\Projetos\Programming\vacation-scheduler\node_modules\jest-circus\build\run.js:66:9)
          at _runTestsForDescribeBlock (C:\Users\leotm\Desktop\Projetos\Programming\vacation-scheduler\node_modules\jest-circus\build\run.js:60:9)
          at run (C:\Users\leotm\Desktop\Projetos\Programming\vacation-scheduler\node_modules\jest-circus\build\run.js:25:3)
          at runAndTransformResultsToJestFormat (C:\Users\leotm\Desktop\Projetos\Programming\vacation-scheduler\node_modules\jest-circus\build\legacy-code-todo-rewrite\jestAdapterInit.js:170:21)
          at jestAdapter (C:\Users\leotm\Desktop\Projetos\Programming\vacation-scheduler\node_modules\jest-circus\build\legacy-code-todo-rewrite\jestAdapter.js:82:19)
          at runTestInternal (C:\Users\leotm\Desktop\Projetos\Programming\vacation-scheduler\node_modules\jest-runner\build\runTest.js:389:16)
          at runTest (C:\Users\leotm\Desktop\Projetos\Programming\vacation-scheduler\node_modules\jest-runner\build\runTest.js:475:34)
          at Object.worker (C:\Users\leotm\Desktop\Projetos\Programming\vacation-scheduler\node_modules\jest-runner\build\testWorker.js:133:12) TypeError: Cannot destructure property 'basename' of 'React.useContext(...)' as it is null.
          at LinkWithRef (C:\Users\leotm\Desktop\Projetos\Programming\vacation-scheduler\node_modules\react-router\dist\development\chunk-2YMDXNOJ.js:399:11)
          at renderWithHooks (C:\Users\leotm\Desktop\Projetos\Programming\vacation-scheduler\node_modules\react-dom\cjs\react-dom.development.js:15486:18)
          at updateForwardRef (C:\Users\leotm\Desktop\Projetos\Programming\vacation-scheduler\node_modules\react-dom\cjs\react-dom.development.js:19245:20)
          at beginWork (C:\Users\leotm\Desktop\Projetos\Programming\vacation-scheduler\node_modules\react-dom\cjs\react-dom.development.js:21675:16)
          at HTMLUnknownElement.callCallback (C:\Users\leotm\Desktop\Projetos\Programming\vacation-scheduler\node_modules\react-dom\cjs\react-dom.development.js:4164:14)
          at HTMLUnknownElement.callTheUserObjectsOperation (C:\Users\leotm\Desktop\Projetos\Programming\vacation-scheduler\node_modules\jsdom\lib\jsdom\living\generated\EventListener.js:26:30)
          at innerInvokeEventListeners (C:\Users\leotm\Desktop\Projetos\Programming\vacation-scheduler\node_modules\jsdom\lib\jsdom\living\events\EventTarget-impl.js:338:25)
          at invokeEventListeners (C:\Users\leotm\Desktop\Projetos\Programming\vacation-scheduler\node_modules\jsdom\lib\jsdom\living\events\EventTarget-impl.js:274:3)
          at HTMLUnknownElementImpl._dispatch (C:\Users\leotm\Desktop\Projetos\Programming\vacation-scheduler\node_modules\jsdom\lib\jsdom\living\events\EventTarget-impl.js:221:9)
          at HTMLUnknownElementImpl.dispatchEvent (C:\Users\leotm\Desktop\Projetos\Programming\vacation-scheduler\node_modules\jsdom\lib\jsdom\living\events\EventTarget-impl.js:94:17)
          at HTMLUnknownElement.dispatchEvent (C:\Users\leotm\Desktop\Projetos\Programming\vacation-scheduler\node_modules\jsdom\lib\jsdom\living\generated\EventTarget.js:231:34)
          at Object.invokeGuardedCallbackDev (C:\Users\leotm\Desktop\Projetos\Programming\vacation-scheduler\node_modules\react-dom\cjs\react-dom.development.js:4213:16)
          at invokeGuardedCallback (C:\Users\leotm\Desktop\Projetos\Programming\vacation-scheduler\node_modules\react-dom\cjs\react-dom.development.js:4277:31)
          at beginWork$1 (C:\Users\leotm\Desktop\Projetos\Programming\vacation-scheduler\node_modules\react-dom\cjs\react-dom.development.js:27490:7)
          at performUnitOfWork (C:\Users\leotm\Desktop\Projetos\Programming\vacation-scheduler\node_modules\react-dom\cjs\react-dom.development.js:26599:12)
          at workLoopSync (C:\Users\leotm\Desktop\Projetos\Programming\vacation-scheduler\node_modules\react-dom\cjs\react-dom.development.js:26505:5)
          at renderRootSync (C:\Users\leotm\Desktop\Projetos\Programming\vacation-scheduler\node_modules\react-dom\cjs\react-dom.development.js:26473:7)
          at recoverFromConcurrentError (C:\Users\leotm\Desktop\Projetos\Programming\vacation-scheduler\node_modules\react-dom\cjs\react-dom.development.js:25889:20)
          at performConcurrentWorkOnRoot (C:\Users\leotm\Desktop\Projetos\Programming\vacation-scheduler\node_modules\react-dom\cjs\react-dom.development.js:25789:22)
          at flushActQueue (C:\Users\leotm\Desktop\Projetos\Programming\vacation-scheduler\node_modules\react\cjs\react.development.js:2667:24)
          at act (C:\Users\leotm\Desktop\Projetos\Programming\vacation-scheduler\node_modules\react\cjs\react.development.js:2582:11)
          at C:\Users\leotm\Desktop\Projetos\Programming\vacation-scheduler\node_modules\@testing-library\react\dist\act-compat.js:46:25
          at renderRoot (C:\Users\leotm\Desktop\Projetos\Programming\vacation-scheduler\node_modules\@testing-library\react\dist\pure.js:189:26)
          at render (C:\Users\leotm\Desktop\Projetos\Programming\vacation-scheduler\node_modules\@testing-library\react\dist\pure.js:291:10)
          at renderCalendar (C:\Users\leotm\Desktop\Projetos\Programming\vacation-scheduler\src\components\CalendarView.test.js:36:16)
          at Object.<anonymous> (C:\Users\leotm\Desktop\Projetos\Programming\vacation-scheduler\src\components\CalendarView.test.js:388:5)
          at Promise.then.completed (C:\Users\leotm\Desktop\Projetos\Programming\vacation-scheduler\node_modules\jest-circus\build\utils.js:391:28)
          at new Promise (<anonymous>)
          at callAsyncCircusFn (C:\Users\leotm\Desktop\Projetos\Programming\vacation-scheduler\node_modules\jest-circus\build\utils.js:316:10)
          at _callCircusTest (C:\Users\leotm\Desktop\Projetos\Programming\vacation-scheduler\node_modules\jest-circus\build\run.js:218:40)
          at processTicksAndRejections (node:internal/process/task_queues:103:5)
          at _runTest (C:\Users\leotm\Desktop\Projetos\Programming\vacation-scheduler\node_modules\jest-circus\build\run.js:155:3)
          at _runTestsForDescribeBlock (C:\Users\leotm\Desktop\Projetos\Programming\vacation-scheduler\node_modules\jest-circus\build\run.js:66:9)
          at _runTestsForDescribeBlock (C:\Users\leotm\Desktop\Projetos\Programming\vacation-scheduler\node_modules\jest-circus\build\run.js:60:9)
          at run (C:\Users\leotm\Desktop\Projetos\Programming\vacation-scheduler\node_modules\jest-circus\build\run.js:25:3)
          at runAndTransformResultsToJestFormat (C:\Users\leotm\Desktop\Projetos\Programming\vacation-scheduler\node_modules\jest-circus\build\legacy-code-todo-rewrite\jestAdapterInit.js:170:21)
          at jestAdapter (C:\Users\leotm\Desktop\Projetos\Programming\vacation-scheduler\node_modules\jest-circus\build\legacy-code-todo-rewrite\jestAdapter.js:82:19)
          at runTestInternal (C:\Users\leotm\Desktop\Projetos\Programming\vacation-scheduler\node_modules\jest-runner\build\runTest.js:389:16)
          at runTest (C:\Users\leotm\Desktop\Projetos\Programming\vacation-scheduler\node_modules\jest-runner\build\runTest.js:475:34)
          at Object.worker (C:\Users\leotm\Desktop\Projetos\Programming\vacation-scheduler\node_modules\jest-runner\build\testWorker.js:133:12)

    [0m [90m 34 |[39m
     [90m 35 |[39m [36mconst[39m renderCalendar [33m=[39m (overrides [33m=[39m {}) [33m=>[39m {
    [31m[1m>[22m[39m[90m 36 |[39m   [36mreturn[39m render([33m<[39m[33mCalendarView[39m {[33m...[39mdefaultProps} {[33m...[39moverrides} [33m/[39m[33m>[39m)[33m;[39m
     [90m    |[39m                [31m[1m^[22m[39m
     [90m 37 |[39m }[33m;[39m
     [90m 38 |[39m
     [90m 39 |[39m describe([32m'CalendarView rendering'[39m[33m,[39m () [33m=>[39m {[0m

      at VirtualConsole.<anonymous> (node_modules/jsdom/lib/jsdom/virtual-console.js:29:45)
      at reportException (node_modules/jsdom/lib/jsdom/living/helpers/runtime-script-errors.js:70:28)
      at innerInvokeEventListeners (node_modules/jsdom/lib/jsdom/living/events/EventTarget-impl.js:341:9)
      at invokeEventListeners (node_modules/jsdom/lib/jsdom/living/events/EventTarget-impl.js:274:3)
      at HTMLUnknownElementImpl._dispatch (node_modules/jsdom/lib/jsdom/living/events/EventTarget-impl.js:221:9)
      at HTMLUnknownElementImpl.dispatchEvent (node_modules/jsdom/lib/jsdom/living/events/EventTarget-impl.js:94:17)
      at HTMLUnknownElement.dispatchEvent (node_modules/jsdom/lib/jsdom/living/generated/EventTarget.js:231:34)
      at Object.invokeGuardedCallbackDev (node_modules/react-dom/cjs/react-dom.development.js:4213:16)
      at invokeGuardedCallback (node_modules/react-dom/cjs/react-dom.development.js:4277:31)
      at beginWork$1 (node_modules/react-dom/cjs/react-dom.development.js:27490:7)
      at performUnitOfWork (node_modules/react-dom/cjs/react-dom.development.js:26599:12)
      at workLoopSync (node_modules/react-dom/cjs/react-dom.development.js:26505:5)
      at renderRootSync (node_modules/react-dom/cjs/react-dom.development.js:26473:7)
      at recoverFromConcurrentError (node_modules/react-dom/cjs/react-dom.development.js:25889:20)
      at performConcurrentWorkOnRoot (node_modules/react-dom/cjs/react-dom.development.js:25789:22)
      at flushActQueue (node_modules/react/cjs/react.development.js:2667:24)
      at act (node_modules/react/cjs/react.development.js:2582:11)
      at node_modules/@testing-library/react/dist/act-compat.js:46:25
      at renderRoot (node_modules/@testing-library/react/dist/pure.js:189:26)
      at render (node_modules/@testing-library/react/dist/pure.js:291:10)
      at renderCalendar (src/components/CalendarView.test.js:36:16)
      at Object.<anonymous> (src/components/CalendarView.test.js:388:5)

    console.error
      The above error occurred in the <Link> component:
      
          at LinkWithRef (C:\Users\leotm\Desktop\Projetos\Programming\vacation-scheduler\node_modules\react-router\dist\development\chunk-2YMDXNOJ.js:384:5)
          at p
          at div
          at div
          at form
          at CalendarView (C:\Users\leotm\Desktop\Projetos\Programming\vacation-scheduler\src\components\CalendarView.js:44:25)
      
      Consider adding an error boundary to your tree to customize error handling behavior.
      Visit https://reactjs.org/link/error-boundaries to learn more about error boundaries.

    [0m [90m 34 |[39m
     [90m 35 |[39m [36mconst[39m renderCalendar [33m=[39m (overrides [33m=[39m {}) [33m=>[39m {
    [31m[1m>[22m[39m[90m 36 |[39m   [36mreturn[39m render([33m<[39m[33mCalendarView[39m {[33m...[39mdefaultProps} {[33m...[39moverrides} [33m/[39m[33m>[39m)[33m;[39m
     [90m    |[39m                [31m[1m^[22m[39m
     [90m 37 |[39m }[33m;[39m
     [90m 38 |[39m
     [90m 39 |[39m describe([32m'CalendarView rendering'[39m[33m,[39m () [33m=>[39m {[0m

      at logCapturedError (node_modules/react-dom/cjs/react-dom.development.js:18704:23)
      at update.callback (node_modules/react-dom/cjs/react-dom.development.js:18737:5)
      at callCallback (node_modules/react-dom/cjs/react-dom.development.js:15036:12)
      at commitUpdateQueue (node_modules/react-dom/cjs/react-dom.development.js:15057:9)
      at commitLayoutEffectOnFiber (node_modules/react-dom/cjs/react-dom.development.js:23430:13)
      at commitLayoutMountEffects_complete (node_modules/react-dom/cjs/react-dom.development.js:24727:9)
      at commitLayoutEffects_begin (node_modules/react-dom/cjs/react-dom.development.js:24713:7)
      at commitLayoutEffects (node_modules/react-dom/cjs/react-dom.development.js:24651:3)
      at commitRootImpl (node_modules/react-dom/cjs/react-dom.development.js:26862:5)
      at commitRoot (node_modules/react-dom/cjs/react-dom.development.js:26721:5)
      at finishConcurrentRender (node_modules/react-dom/cjs/react-dom.development.js:25931:9)
      at performConcurrentWorkOnRoot (node_modules/react-dom/cjs/react-dom.development.js:25848:7)
      at flushActQueue (node_modules/react/cjs/react.development.js:2667:24)
      at act (node_modules/react/cjs/react.development.js:2582:11)
      at node_modules/@testing-library/react/dist/act-compat.js:46:25
      at renderRoot (node_modules/@testing-library/react/dist/pure.js:189:26)
      at render (node_modules/@testing-library/react/dist/pure.js:291:10)
      at renderCalendar (src/components/CalendarView.test.js:36:16)
      at Object.<anonymous> (src/components/CalendarView.test.js:388:5)

    console.error
      Error: Uncaught [TypeError: Cannot destructure property 'basename' of 'React.useContext(...)' as it is null.]
          at reportException (C:\Users\leotm\Desktop\Projetos\Programming\vacation-scheduler\node_modules\jsdom\lib\jsdom\living\helpers\runtime-script-errors.js:66:24)
          at innerInvokeEventListeners (C:\Users\leotm\Desktop\Projetos\Programming\vacation-scheduler\node_modules\jsdom\lib\jsdom\living\events\EventTarget-impl.js:341:9)
          at invokeEventListeners (C:\Users\leotm\Desktop\Projetos\Programming\vacation-scheduler\node_modules\jsdom\lib\jsdom\living\events\EventTarget-impl.js:274:3)
          at HTMLUnknownElementImpl._dispatch (C:\Users\leotm\Desktop\Projetos\Programming\vacation-scheduler\node_modules\jsdom\lib\jsdom\living\events\EventTarget-impl.js:221:9)
          at HTMLUnknownElementImpl.dispatchEvent (C:\Users\leotm\Desktop\Projetos\Programming\vacation-scheduler\node_modules\jsdom\lib\jsdom\living\events\EventTarget-impl.js:94:17)
          at HTMLUnknownElement.dispatchEvent (C:\Users\leotm\Desktop\Projetos\Programming\vacation-scheduler\node_modules\jsdom\lib\jsdom\living\generated\EventTarget.js:231:34)
          at Object.invokeGuardedCallbackDev (C:\Users\leotm\Desktop\Projetos\Programming\vacation-scheduler\node_modules\react-dom\cjs\react-dom.development.js:4213:16)
          at invokeGuardedCallback (C:\Users\leotm\Desktop\Projetos\Programming\vacation-scheduler\node_modules\react-dom\cjs\react-dom.development.js:4277:31)
          at beginWork$1 (C:\Users\leotm\Desktop\Projetos\Programming\vacation-scheduler\node_modules\react-dom\cjs\react-dom.development.js:27490:7)
          at performUnitOfWork (C:\Users\leotm\Desktop\Projetos\Programming\vacation-scheduler\node_modules\react-dom\cjs\react-dom.development.js:26599:12)
          at workLoopSync (C:\Users\leotm\Desktop\Projetos\Programming\vacation-scheduler\node_modules\react-dom\cjs\react-dom.development.js:26505:5)
          at renderRootSync (C:\Users\leotm\Desktop\Projetos\Programming\vacation-scheduler\node_modules\react-dom\cjs\react-dom.development.js:26473:7)
          at performConcurrentWorkOnRoot (C:\Users\leotm\Desktop\Projetos\Programming\vacation-scheduler\node_modules\react-dom\cjs\react-dom.development.js:25777:74)
          at flushActQueue (C:\Users\leotm\Desktop\Projetos\Programming\vacation-scheduler\node_modules\react\cjs\react.development.js:2667:24)
          at act (C:\Users\leotm\Desktop\Projetos\Programming\vacation-scheduler\node_modules\react\cjs\react.development.js:2582:11)
          at C:\Users\leotm\Desktop\Projetos\Programming\vacation-scheduler\node_modules\@testing-library\react\dist\act-compat.js:46:25
          at renderRoot (C:\Users\leotm\Desktop\Projetos\Programming\vacation-scheduler\node_modules\@testing-library\react\dist\pure.js:189:26)
          at render (C:\Users\leotm\Desktop\Projetos\Programming\vacation-scheduler\node_modules\@testing-library\react\dist\pure.js:291:10)
          at renderCalendar (C:\Users\leotm\Desktop\Projetos\Programming\vacation-scheduler\src\components\CalendarView.test.js:36:16)
          at Object.<anonymous> (C:\Users\leotm\Desktop\Projetos\Programming\vacation-scheduler\src\components\CalendarView.test.js:400:5)
          at Promise.then.completed (C:\Users\leotm\Desktop\Projetos\Programming\vacation-scheduler\node_modules\jest-circus\build\utils.js:391:28)
          at new Promise (<anonymous>)
          at callAsyncCircusFn (C:\Users\leotm\Desktop\Projetos\Programming\vacation-scheduler\node_modules\jest-circus\build\utils.js:316:10)
          at _callCircusTest (C:\Users\leotm\Desktop\Projetos\Programming\vacation-scheduler\node_modules\jest-circus\build\run.js:218:40)
          at processTicksAndRejections (node:internal/process/task_queues:103:5)
          at _runTest (C:\Users\leotm\Desktop\Projetos\Programming\vacation-scheduler\node_modules\jest-circus\build\run.js:155:3)
          at _runTestsForDescribeBlock (C:\Users\leotm\Desktop\Projetos\Programming\vacation-scheduler\node_modules\jest-circus\build\run.js:66:9)
          at _runTestsForDescribeBlock (C:\Users\leotm\Desktop\Projetos\Programming\vacation-scheduler\node_modules\jest-circus\build\run.js:60:9)
          at run (C:\Users\leotm\Desktop\Projetos\Programming\vacation-scheduler\node_modules\jest-circus\build\run.js:25:3)
          at runAndTransformResultsToJestFormat (C:\Users\leotm\Desktop\Projetos\Programming\vacation-scheduler\node_modules\jest-circus\build\legacy-code-todo-rewrite\jestAdapterInit.js:170:21)
          at jestAdapter (C:\Users\leotm\Desktop\Projetos\Programming\vacation-scheduler\node_modules\jest-circus\build\legacy-code-todo-rewrite\jestAdapter.js:82:19)
          at runTestInternal (C:\Users\leotm\Desktop\Projetos\Programming\vacation-scheduler\node_modules\jest-runner\build\runTest.js:389:16)
          at runTest (C:\Users\leotm\Desktop\Projetos\Programming\vacation-scheduler\node_modules\jest-runner\build\runTest.js:475:34)
          at Object.worker (C:\Users\leotm\Desktop\Projetos\Programming\vacation-scheduler\node_modules\jest-runner\build\testWorker.js:133:12) TypeError: Cannot destructure property 'basename' of 'React.useContext(...)' as it is null.
          at LinkWithRef (C:\Users\leotm\Desktop\Projetos\Programming\vacation-scheduler\node_modules\react-router\dist\development\chunk-2YMDXNOJ.js:399:11)
          at renderWithHooks (C:\Users\leotm\Desktop\Projetos\Programming\vacation-scheduler\node_modules\react-dom\cjs\react-dom.development.js:15486:18)
          at updateForwardRef (C:\Users\leotm\Desktop\Projetos\Programming\vacation-scheduler\node_modules\react-dom\cjs\react-dom.development.js:19245:20)
          at beginWork (C:\Users\leotm\Desktop\Projetos\Programming\vacation-scheduler\node_modules\react-dom\cjs\react-dom.development.js:21675:16)
          at HTMLUnknownElement.callCallback (C:\Users\leotm\Desktop\Projetos\Programming\vacation-scheduler\node_modules\react-dom\cjs\react-dom.development.js:4164:14)
          at HTMLUnknownElement.callTheUserObjectsOperation (C:\Users\leotm\Desktop\Projetos\Programming\vacation-scheduler\node_modules\jsdom\lib\jsdom\living\generated\EventListener.js:26:30)
          at innerInvokeEventListeners (C:\Users\leotm\Desktop\Projetos\Programming\vacation-scheduler\node_modules\jsdom\lib\jsdom\living\events\EventTarget-impl.js:338:25)
          at invokeEventListeners (C:\Users\leotm\Desktop\Projetos\Programming\vacation-scheduler\node_modules\jsdom\lib\jsdom\living\events\EventTarget-impl.js:274:3)
          at HTMLUnknownElementImpl._dispatch (C:\Users\leotm\Desktop\Projetos\Programming\vacation-scheduler\node_modules\jsdom\lib\jsdom\living\events\EventTarget-impl.js:221:9)
          at HTMLUnknownElementImpl.dispatchEvent (C:\Users\leotm\Desktop\Projetos\Programming\vacation-scheduler\node_modules\jsdom\lib\jsdom\living\events\EventTarget-impl.js:94:17)
          at HTMLUnknownElement.dispatchEvent (C:\Users\leotm\Desktop\Projetos\Programming\vacation-scheduler\node_modules\jsdom\lib\jsdom\living\generated\EventTarget.js:231:34)
          at Object.invokeGuardedCallbackDev (C:\Users\leotm\Desktop\Projetos\Programming\vacation-scheduler\node_modules\react-dom\cjs\react-dom.development.js:4213:16)
          at invokeGuardedCallback (C:\Users\leotm\Desktop\Projetos\Programming\vacation-scheduler\node_modules\react-dom\cjs\react-dom.development.js:4277:31)
          at beginWork$1 (C:\Users\leotm\Desktop\Projetos\Programming\vacation-scheduler\node_modules\react-dom\cjs\react-dom.development.js:27490:7)
          at performUnitOfWork (C:\Users\leotm\Desktop\Projetos\Programming\vacation-scheduler\node_modules\react-dom\cjs\react-dom.development.js:26599:12)
          at workLoopSync (C:\Users\leotm\Desktop\Projetos\Programming\vacation-scheduler\node_modules\react-dom\cjs\react-dom.development.js:26505:5)
          at renderRootSync (C:\Users\leotm\Desktop\Projetos\Programming\vacation-scheduler\node_modules\react-dom\cjs\react-dom.development.js:26473:7)
          at performConcurrentWorkOnRoot (C:\Users\leotm\Desktop\Projetos\Programming\vacation-scheduler\node_modules\react-dom\cjs\react-dom.development.js:25777:74)
          at flushActQueue (C:\Users\leotm\Desktop\Projetos\Programming\vacation-scheduler\node_modules\react\cjs\react.development.js:2667:24)
          at act (C:\Users\leotm\Desktop\Projetos\Programming\vacation-scheduler\node_modules\react\cjs\react.development.js:2582:11)
          at C:\Users\leotm\Desktop\Projetos\Programming\vacation-scheduler\node_modules\@testing-library\react\dist\act-compat.js:46:25
          at renderRoot (C:\Users\leotm\Desktop\Projetos\Programming\vacation-scheduler\node_modules\@testing-library\react\dist\pure.js:189:26)
          at render (C:\Users\leotm\Desktop\Projetos\Programming\vacation-scheduler\node_modules\@testing-library\react\dist\pure.js:291:10)
          at renderCalendar (C:\Users\leotm\Desktop\Projetos\Programming\vacation-scheduler\src\components\CalendarView.test.js:36:16)
          at Object.<anonymous> (C:\Users\leotm\Desktop\Projetos\Programming\vacation-scheduler\src\components\CalendarView.test.js:400:5)
          at Promise.then.completed (C:\Users\leotm\Desktop\Projetos\Programming\vacation-scheduler\node_modules\jest-circus\build\utils.js:391:28)
          at new Promise (<anonymous>)
          at callAsyncCircusFn (C:\Users\leotm\Desktop\Projetos\Programming\vacation-scheduler\node_modules\jest-circus\build\utils.js:316:10)
          at _callCircusTest (C:\Users\leotm\Desktop\Projetos\Programming\vacation-scheduler\node_modules\jest-circus\build\run.js:218:40)
          at processTicksAndRejections (node:internal/process/task_queues:103:5)
          at _runTest (C:\Users\leotm\Desktop\Projetos\Programming\vacation-scheduler\node_modules\jest-circus\build\run.js:155:3)
          at _runTestsForDescribeBlock (C:\Users\leotm\Desktop\Projetos\Programming\vacation-scheduler\node_modules\jest-circus\build\run.js:66:9)
          at _runTestsForDescribeBlock (C:\Users\leotm\Desktop\Projetos\Programming\vacation-scheduler\node_modules\jest-circus\build\run.js:60:9)
          at run (C:\Users\leotm\Desktop\Projetos\Programming\vacation-scheduler\node_modules\jest-circus\build\run.js:25:3)
          at runAndTransformResultsToJestFormat (C:\Users\leotm\Desktop\Projetos\Programming\vacation-scheduler\node_modules\jest-circus\build\legacy-code-todo-rewrite\jestAdapterInit.js:170:21)
          at jestAdapter (C:\Users\leotm\Desktop\Projetos\Programming\vacation-scheduler\node_modules\jest-circus\build\legacy-code-todo-rewrite\jestAdapter.js:82:19)
          at runTestInternal (C:\Users\leotm\Desktop\Projetos\Programming\vacation-scheduler\node_modules\jest-runner\build\runTest.js:389:16)
          at runTest (C:\Users\leotm\Desktop\Projetos\Programming\vacation-scheduler\node_modules\jest-runner\build\runTest.js:475:34)
          at Object.worker (C:\Users\leotm\Desktop\Projetos\Programming\vacation-scheduler\node_modules\jest-runner\build\testWorker.js:133:12)

    [0m [90m 34 |[39m
     [90m 35 |[39m [36mconst[39m renderCalendar [33m=[39m (overrides [33m=[39m {}) [33m=>[39m {
    [31m[1m>[22m[39m[90m 36 |[39m   [36mreturn[39m render([33m<[39m[33mCalendarView[39m {[33m...[39mdefaultProps} {[33m...[39moverrides} [33m/[39m[33m>[39m)[33m;[39m
     [90m    |[39m                [31m[1m^[22m[39m
     [90m 37 |[39m }[33m;[39m
     [90m 38 |[39m
     [90m 39 |[39m describe([32m'CalendarView rendering'[39m[33m,[39m () [33m=>[39m {[0m

      at VirtualConsole.<anonymous> (node_modules/jsdom/lib/jsdom/virtual-console.js:29:45)
      at reportException (node_modules/jsdom/lib/jsdom/living/helpers/runtime-script-errors.js:70:28)
      at innerInvokeEventListeners (node_modules/jsdom/lib/jsdom/living/events/EventTarget-impl.js:341:9)
      at invokeEventListeners (node_modules/jsdom/lib/jsdom/living/events/EventTarget-impl.js:274:3)
      at HTMLUnknownElementImpl._dispatch (node_modules/jsdom/lib/jsdom/living/events/EventTarget-impl.js:221:9)
      at HTMLUnknownElementImpl.dispatchEvent (node_modules/jsdom/lib/jsdom/living/events/EventTarget-impl.js:94:17)
      at HTMLUnknownElement.dispatchEvent (node_modules/jsdom/lib/jsdom/living/generated/EventTarget.js:231:34)
      at Object.invokeGuardedCallbackDev (node_modules/react-dom/cjs/react-dom.development.js:4213:16)
      at invokeGuardedCallback (node_modules/react-dom/cjs/react-dom.development.js:4277:31)
      at beginWork$1 (node_modules/react-dom/cjs/react-dom.development.js:27490:7)
      at performUnitOfWork (node_modules/react-dom/cjs/react-dom.development.js:26599:12)
      at workLoopSync (node_modules/react-dom/cjs/react-dom.development.js:26505:5)
      at renderRootSync (node_modules/react-dom/cjs/react-dom.development.js:26473:7)
      at performConcurrentWorkOnRoot (node_modules/react-dom/cjs/react-dom.development.js:25777:74)
      at flushActQueue (node_modules/react/cjs/react.development.js:2667:24)
      at act (node_modules/react/cjs/react.development.js:2582:11)
      at node_modules/@testing-library/react/dist/act-compat.js:46:25
      at renderRoot (node_modules/@testing-library/react/dist/pure.js:189:26)
      at render (node_modules/@testing-library/react/dist/pure.js:291:10)
      at renderCalendar (src/components/CalendarView.test.js:36:16)
      at Object.<anonymous> (src/components/CalendarView.test.js:400:5)

    console.error
      Error: Uncaught [TypeError: Cannot destructure property 'basename' of 'React.useContext(...)' as it is null.]
          at reportException (C:\Users\leotm\Desktop\Projetos\Programming\vacation-scheduler\node_modules\jsdom\lib\jsdom\living\helpers\runtime-script-errors.js:66:24)
          at innerInvokeEventListeners (C:\Users\leotm\Desktop\Projetos\Programming\vacation-scheduler\node_modules\jsdom\lib\jsdom\living\events\EventTarget-impl.js:341:9)
          at invokeEventListeners (C:\Users\leotm\Desktop\Projetos\Programming\vacation-scheduler\node_modules\jsdom\lib\jsdom\living\events\EventTarget-impl.js:274:3)
          at HTMLUnknownElementImpl._dispatch (C:\Users\leotm\Desktop\Projetos\Programming\vacation-scheduler\node_modules\jsdom\lib\jsdom\living\events\EventTarget-impl.js:221:9)
          at HTMLUnknownElementImpl.dispatchEvent (C:\Users\leotm\Desktop\Projetos\Programming\vacation-scheduler\node_modules\jsdom\lib\jsdom\living\events\EventTarget-impl.js:94:17)
          at HTMLUnknownElement.dispatchEvent (C:\Users\leotm\Desktop\Projetos\Programming\vacation-scheduler\node_modules\jsdom\lib\jsdom\living\generated\EventTarget.js:231:34)
          at Object.invokeGuardedCallbackDev (C:\Users\leotm\Desktop\Projetos\Programming\vacation-scheduler\node_modules\react-dom\cjs\react-dom.development.js:4213:16)
          at invokeGuardedCallback (C:\Users\leotm\Desktop\Projetos\Programming\vacation-scheduler\node_modules\react-dom\cjs\react-dom.development.js:4277:31)
          at beginWork$1 (C:\Users\leotm\Desktop\Projetos\Programming\vacation-scheduler\node_modules\react-dom\cjs\react-dom.development.js:27490:7)
          at performUnitOfWork (C:\Users\leotm\Desktop\Projetos\Programming\vacation-scheduler\node_modules\react-dom\cjs\react-dom.development.js:26599:12)
          at workLoopSync (C:\Users\leotm\Desktop\Projetos\Programming\vacation-scheduler\node_modules\react-dom\cjs\react-dom.development.js:26505:5)
          at renderRootSync (C:\Users\leotm\Desktop\Projetos\Programming\vacation-scheduler\node_modules\react-dom\cjs\react-dom.development.js:26473:7)
          at recoverFromConcurrentError (C:\Users\leotm\Desktop\Projetos\Programming\vacation-scheduler\node_modules\react-dom\cjs\react-dom.development.js:25889:20)
          at performConcurrentWorkOnRoot (C:\Users\leotm\Desktop\Projetos\Programming\vacation-scheduler\node_modules\react-dom\cjs\react-dom.development.js:25789:22)
          at flushActQueue (C:\Users\leotm\Desktop\Projetos\Programming\vacation-scheduler\node_modules\react\cjs\react.development.js:2667:24)
          at act (C:\Users\leotm\Desktop\Projetos\Programming\vacation-scheduler\node_modules\react\cjs\react.development.js:2582:11)
          at C:\Users\leotm\Desktop\Projetos\Programming\vacation-scheduler\node_modules\@testing-library\react\dist\act-compat.js:46:25
          at renderRoot (C:\Users\leotm\Desktop\Projetos\Programming\vacation-scheduler\node_modules\@testing-library\react\dist\pure.js:189:26)
          at render (C:\Users\leotm\Desktop\Projetos\Programming\vacation-scheduler\node_modules\@testing-library\react\dist\pure.js:291:10)
          at renderCalendar (C:\Users\leotm\Desktop\Projetos\Programming\vacation-scheduler\src\components\CalendarView.test.js:36:16)
          at Object.<anonymous> (C:\Users\leotm\Desktop\Projetos\Programming\vacation-scheduler\src\components\CalendarView.test.js:400:5)
          at Promise.then.completed (C:\Users\leotm\Desktop\Projetos\Programming\vacation-scheduler\node_modules\jest-circus\build\utils.js:391:28)
          at new Promise (<anonymous>)
          at callAsyncCircusFn (C:\Users\leotm\Desktop\Projetos\Programming\vacation-scheduler\node_modules\jest-circus\build\utils.js:316:10)
          at _callCircusTest (C:\Users\leotm\Desktop\Projetos\Programming\vacation-scheduler\node_modules\jest-circus\build\run.js:218:40)
          at processTicksAndRejections (node:internal/process/task_queues:103:5)
          at _runTest (C:\Users\leotm\Desktop\Projetos\Programming\vacation-scheduler\node_modules\jest-circus\build\run.js:155:3)
          at _runTestsForDescribeBlock (C:\Users\leotm\Desktop\Projetos\Programming\vacation-scheduler\node_modules\jest-circus\build\run.js:66:9)
          at _runTestsForDescribeBlock (C:\Users\leotm\Desktop\Projetos\Programming\vacation-scheduler\node_modules\jest-circus\build\run.js:60:9)
          at run (C:\Users\leotm\Desktop\Projetos\Programming\vacation-scheduler\node_modules\jest-circus\build\run.js:25:3)
          at runAndTransformResultsToJestFormat (C:\Users\leotm\Desktop\Projetos\Programming\vacation-scheduler\node_modules\jest-circus\build\legacy-code-todo-rewrite\jestAdapterInit.js:170:21)
          at jestAdapter (C:\Users\leotm\Desktop\Projetos\Programming\vacation-scheduler\node_modules\jest-circus\build\legacy-code-todo-rewrite\jestAdapter.js:82:19)
          at runTestInternal (C:\Users\leotm\Desktop\Projetos\Programming\vacation-scheduler\node_modules\jest-runner\build\runTest.js:389:16)
          at runTest (C:\Users\leotm\Desktop\Projetos\Programming\vacation-scheduler\node_modules\jest-runner\build\runTest.js:475:34)
          at Object.worker (C:\Users\leotm\Desktop\Projetos\Programming\vacation-scheduler\node_modules\jest-runner\build\testWorker.js:133:12) TypeError: Cannot destructure property 'basename' of 'React.useContext(...)' as it is null.
          at LinkWithRef (C:\Users\leotm\Desktop\Projetos\Programming\vacation-scheduler\node_modules\react-router\dist\development\chunk-2YMDXNOJ.js:399:11)
          at renderWithHooks (C:\Users\leotm\Desktop\Projetos\Programming\vacation-scheduler\node_modules\react-dom\cjs\react-dom.development.js:15486:18)
          at updateForwardRef (C:\Users\leotm\Desktop\Projetos\Programming\vacation-scheduler\node_modules\react-dom\cjs\react-dom.development.js:19245:20)
          at beginWork (C:\Users\leotm\Desktop\Projetos\Programming\vacation-scheduler\node_modules\react-dom\cjs\react-dom.development.js:21675:16)
          at HTMLUnknownElement.callCallback (C:\Users\leotm\Desktop\Projetos\Programming\vacation-scheduler\node_modules\react-dom\cjs\react-dom.development.js:4164:14)
          at HTMLUnknownElement.callTheUserObjectsOperation (C:\Users\leotm\Desktop\Projetos\Programming\vacation-scheduler\node_modules\jsdom\lib\jsdom\living\generated\EventListener.js:26:30)
          at innerInvokeEventListeners (C:\Users\leotm\Desktop\Projetos\Programming\vacation-scheduler\node_modules\jsdom\lib\jsdom\living\events\EventTarget-impl.js:338:25)
          at invokeEventListeners (C:\Users\leotm\Desktop\Projetos\Programming\vacation-scheduler\node_modules\jsdom\lib\jsdom\living\events\EventTarget-impl.js:274:3)
          at HTMLUnknownElementImpl._dispatch (C:\Users\leotm\Desktop\Projetos\Programming\vacation-scheduler\node_modules\jsdom\lib\jsdom\living\events\EventTarget-impl.js:221:9)
          at HTMLUnknownElementImpl.dispatchEvent (C:\Users\leotm\Desktop\Projetos\Programming\vacation-scheduler\node_modules\jsdom\lib\jsdom\living\events\EventTarget-impl.js:94:17)
          at HTMLUnknownElement.dispatchEvent (C:\Users\leotm\Desktop\Projetos\Programming\vacation-scheduler\node_modules\jsdom\lib\jsdom\living\generated\EventTarget.js:231:34)
          at Object.invokeGuardedCallbackDev (C:\Users\leotm\Desktop\Projetos\Programming\vacation-scheduler\node_modules\react-dom\cjs\react-dom.development.js:4213:16)
          at invokeGuardedCallback (C:\Users\leotm\Desktop\Projetos\Programming\vacation-scheduler\node_modules\react-dom\cjs\react-dom.development.js:4277:31)
          at beginWork$1 (C:\Users\leotm\Desktop\Projetos\Programming\vacation-scheduler\node_modules\react-dom\cjs\react-dom.development.js:27490:7)
          at performUnitOfWork (C:\Users\leotm\Desktop\Projetos\Programming\vacation-scheduler\node_modules\react-dom\cjs\react-dom.development.js:26599:12)
          at workLoopSync (C:\Users\leotm\Desktop\Projetos\Programming\vacation-scheduler\node_modules\react-dom\cjs\react-dom.development.js:26505:5)
          at renderRootSync (C:\Users\leotm\Desktop\Projetos\Programming\vacation-scheduler\node_modules\react-dom\cjs\react-dom.development.js:26473:7)
          at recoverFromConcurrentError (C:\Users\leotm\Desktop\Projetos\Programming\vacation-scheduler\node_modules\react-dom\cjs\react-dom.development.js:25889:20)
          at performConcurrentWorkOnRoot (C:\Users\leotm\Desktop\Projetos\Programming\vacation-scheduler\node_modules\react-dom\cjs\react-dom.development.js:25789:22)
          at flushActQueue (C:\Users\leotm\Desktop\Projetos\Programming\vacation-scheduler\node_modules\react\cjs\react.development.js:2667:24)
          at act (C:\Users\leotm\Desktop\Projetos\Programming\vacation-scheduler\node_modules\react\cjs\react.development.js:2582:11)
          at C:\Users\leotm\Desktop\Projetos\Programming\vacation-scheduler\node_modules\@testing-library\react\dist\act-compat.js:46:25
          at renderRoot (C:\Users\leotm\Desktop\Projetos\Programming\vacation-scheduler\node_modules\@testing-library\react\dist\pure.js:189:26)
          at render (C:\Users\leotm\Desktop\Projetos\Programming\vacation-scheduler\node_modules\@testing-library\react\dist\pure.js:291:10)
          at renderCalendar (C:\Users\leotm\Desktop\Projetos\Programming\vacation-scheduler\src\components\CalendarView.test.js:36:16)
          at Object.<anonymous> (C:\Users\leotm\Desktop\Projetos\Programming\vacation-scheduler\src\components\CalendarView.test.js:400:5)
          at Promise.then.completed (C:\Users\leotm\Desktop\Projetos\Programming\vacation-scheduler\node_modules\jest-circus\build\utils.js:391:28)
          at new Promise (<anonymous>)
          at callAsyncCircusFn (C:\Users\leotm\Desktop\Projetos\Programming\vacation-scheduler\node_modules\jest-circus\build\utils.js:316:10)
          at _callCircusTest (C:\Users\leotm\Desktop\Projetos\Programming\vacation-scheduler\node_modules\jest-circus\build\run.js:218:40)
          at processTicksAndRejections (node:internal/process/task_queues:103:5)
          at _runTest (C:\Users\leotm\Desktop\Projetos\Programming\vacation-scheduler\node_modules\jest-circus\build\run.js:155:3)
          at _runTestsForDescribeBlock (C:\Users\leotm\Desktop\Projetos\Programming\vacation-scheduler\node_modules\jest-circus\build\run.js:66:9)
          at _runTestsForDescribeBlock (C:\Users\leotm\Desktop\Projetos\Programming\vacation-scheduler\node_modules\jest-circus\build\run.js:60:9)
          at run (C:\Users\leotm\Desktop\Projetos\Programming\vacation-scheduler\node_modules\jest-circus\build\run.js:25:3)
          at runAndTransformResultsToJestFormat (C:\Users\leotm\Desktop\Projetos\Programming\vacation-scheduler\node_modules\jest-circus\build\legacy-code-todo-rewrite\jestAdapterInit.js:170:21)
          at jestAdapter (C:\Users\leotm\Desktop\Projetos\Programming\vacation-scheduler\node_modules\jest-circus\build\legacy-code-todo-rewrite\jestAdapter.js:82:19)
          at runTestInternal (C:\Users\leotm\Desktop\Projetos\Programming\vacation-scheduler\node_modules\jest-runner\build\runTest.js:389:16)
          at runTest (C:\Users\leotm\Desktop\Projetos\Programming\vacation-scheduler\node_modules\jest-runner\build\runTest.js:475:34)
          at Object.worker (C:\Users\leotm\Desktop\Projetos\Programming\vacation-scheduler\node_modules\jest-runner\build\testWorker.js:133:12)

    [0m [90m 34 |[39m
     [90m 35 |[39m [36mconst[39m renderCalendar [33m=[39m (overrides [33m=[39m {}) [33m=>[39m {
    [31m[1m>[22m[39m[90m 36 |[39m   [36mreturn[39m render([33m<[39m[33mCalendarView[39m {[33m...[39mdefaultProps} {[33m...[39moverrides} [33m/[39m[33m>[39m)[33m;[39m
     [90m    |[39m                [31m[1m^[22m[39m
     [90m 37 |[39m }[33m;[39m
     [90m 38 |[39m
     [90m 39 |[39m describe([32m'CalendarView rendering'[39m[33m,[39m () [33m=>[39m {[0m

      at VirtualConsole.<anonymous> (node_modules/jsdom/lib/jsdom/virtual-console.js:29:45)
      at reportException (node_modules/jsdom/lib/jsdom/living/helpers/runtime-script-errors.js:70:28)
      at innerInvokeEventListeners (node_modules/jsdom/lib/jsdom/living/events/EventTarget-impl.js:341:9)
      at invokeEventListeners (node_modules/jsdom/lib/jsdom/living/events/EventTarget-impl.js:274:3)
      at HTMLUnknownElementImpl._dispatch (node_modules/jsdom/lib/jsdom/living/events/EventTarget-impl.js:221:9)
      at HTMLUnknownElementImpl.dispatchEvent (node_modules/jsdom/lib/jsdom/living/events/EventTarget-impl.js:94:17)
      at HTMLUnknownElement.dispatchEvent (node_modules/jsdom/lib/jsdom/living/generated/EventTarget.js:231:34)
      at Object.invokeGuardedCallbackDev (node_modules/react-dom/cjs/react-dom.development.js:4213:16)
      at invokeGuardedCallback (node_modules/react-dom/cjs/react-dom.development.js:4277:31)
      at beginWork$1 (node_modules/react-dom/cjs/react-dom.development.js:27490:7)
      at performUnitOfWork (node_modules/react-dom/cjs/react-dom.development.js:26599:12)
      at workLoopSync (node_modules/react-dom/cjs/react-dom.development.js:26505:5)
      at renderRootSync (node_modules/react-dom/cjs/react-dom.development.js:26473:7)
      at recoverFromConcurrentError (node_modules/react-dom/cjs/react-dom.development.js:25889:20)
      at performConcurrentWorkOnRoot (node_modules/react-dom/cjs/react-dom.development.js:25789:22)
      at flushActQueue (node_modules/react/cjs/react.development.js:2667:24)
      at act (node_modules/react/cjs/react.development.js:2582:11)
      at node_modules/@testing-library/react/dist/act-compat.js:46:25
      at renderRoot (node_modules/@testing-library/react/dist/pure.js:189:26)
      at render (node_modules/@testing-library/react/dist/pure.js:291:10)
      at renderCalendar (src/components/CalendarView.test.js:36:16)
      at Object.<anonymous> (src/components/CalendarView.test.js:400:5)

    console.error
      The above error occurred in the <Link> component:
      
          at LinkWithRef (C:\Users\leotm\Desktop\Projetos\Programming\vacation-scheduler\node_modules\react-router\dist\development\chunk-2YMDXNOJ.js:384:5)
          at p
          at div
          at div
          at form
          at CalendarView (C:\Users\leotm\Desktop\Projetos\Programming\vacation-scheduler\src\components\CalendarView.js:44:25)
      
      Consider adding an error boundary to your tree to customize error handling behavior.
      Visit https://reactjs.org/link/error-boundaries to learn more about error boundaries.

    [0m [90m 34 |[39m
     [90m 35 |[39m [36mconst[39m renderCalendar [33m=[39m (overrides [33m=[39m {}) [33m=>[39m {
    [31m[1m>[22m[39m[90m 36 |[39m   [36mreturn[39m render([33m<[39m[33mCalendarView[39m {[33m...[39mdefaultProps} {[33m...[39moverrides} [33m/[39m[33m>[39m)[33m;[39m
     [90m    |[39m                [31m[1m^[22m[39m
     [90m 37 |[39m }[33m;[39m
     [90m 38 |[39m
     [90m 39 |[39m describe([32m'CalendarView rendering'[39m[33m,[39m () [33m=>[39m {[0m

      at logCapturedError (node_modules/react-dom/cjs/react-dom.development.js:18704:23)
      at update.callback (node_modules/react-dom/cjs/react-dom.development.js:18737:5)
      at callCallback (node_modules/react-dom/cjs/react-dom.development.js:15036:12)
      at commitUpdateQueue (node_modules/react-dom/cjs/react-dom.development.js:15057:9)
      at commitLayoutEffectOnFiber (node_modules/react-dom/cjs/react-dom.development.js:23430:13)
      at commitLayoutMountEffects_complete (node_modules/react-dom/cjs/react-dom.development.js:24727:9)
      at commitLayoutEffects_begin (node_modules/react-dom/cjs/react-dom.development.js:24713:7)
      at commitLayoutEffects (node_modules/react-dom/cjs/react-dom.development.js:24651:3)
      at commitRootImpl (node_modules/react-dom/cjs/react-dom.development.js:26862:5)
      at commitRoot (node_modules/react-dom/cjs/react-dom.development.js:26721:5)
      at finishConcurrentRender (node_modules/react-dom/cjs/react-dom.development.js:25931:9)
      at performConcurrentWorkOnRoot (node_modules/react-dom/cjs/react-dom.development.js:25848:7)
      at flushActQueue (node_modules/react/cjs/react.development.js:2667:24)
      at act (node_modules/react/cjs/react.development.js:2582:11)
      at node_modules/@testing-library/react/dist/act-compat.js:46:25
      at renderRoot (node_modules/@testing-library/react/dist/pure.js:189:26)
      at render (node_modules/@testing-library/react/dist/pure.js:291:10)
      at renderCalendar (src/components/CalendarView.test.js:36:16)
      at Object.<anonymous> (src/components/CalendarView.test.js:400:5)

    console.error
      Error: Uncaught [TypeError: Cannot destructure property 'basename' of 'React.useContext(...)' as it is null.]
          at reportException (C:\Users\leotm\Desktop\Projetos\Programming\vacation-scheduler\node_modules\jsdom\lib\jsdom\living\helpers\runtime-script-errors.js:66:24)
          at innerInvokeEventListeners (C:\Users\leotm\Desktop\Projetos\Programming\vacation-scheduler\node_modules\jsdom\lib\jsdom\living\events\EventTarget-impl.js:341:9)
          at invokeEventListeners (C:\Users\leotm\Desktop\Projetos\Programming\vacation-scheduler\node_modules\jsdom\lib\jsdom\living\events\EventTarget-impl.js:274:3)
          at HTMLUnknownElementImpl._dispatch (C:\Users\leotm\Desktop\Projetos\Programming\vacation-scheduler\node_modules\jsdom\lib\jsdom\living\events\EventTarget-impl.js:221:9)
          at HTMLUnknownElementImpl.dispatchEvent (C:\Users\leotm\Desktop\Projetos\Programming\vacation-scheduler\node_modules\jsdom\lib\jsdom\living\events\EventTarget-impl.js:94:17)
          at HTMLUnknownElement.dispatchEvent (C:\Users\leotm\Desktop\Projetos\Programming\vacation-scheduler\node_modules\jsdom\lib\jsdom\living\generated\EventTarget.js:231:34)
          at Object.invokeGuardedCallbackDev (C:\Users\leotm\Desktop\Projetos\Programming\vacation-scheduler\node_modules\react-dom\cjs\react-dom.development.js:4213:16)
          at invokeGuardedCallback (C:\Users\leotm\Desktop\Projetos\Programming\vacation-scheduler\node_modules\react-dom\cjs\react-dom.development.js:4277:31)
          at beginWork$1 (C:\Users\leotm\Desktop\Projetos\Programming\vacation-scheduler\node_modules\react-dom\cjs\react-dom.development.js:27490:7)
          at performUnitOfWork (C:\Users\leotm\Desktop\Projetos\Programming\vacation-scheduler\node_modules\react-dom\cjs\react-dom.development.js:26599:12)
          at workLoopSync (C:\Users\leotm\Desktop\Projetos\Programming\vacation-scheduler\node_modules\react-dom\cjs\react-dom.development.js:26505:5)
          at renderRootSync (C:\Users\leotm\Desktop\Projetos\Programming\vacation-scheduler\node_modules\react-dom\cjs\react-dom.development.js:26473:7)
          at performConcurrentWorkOnRoot (C:\Users\leotm\Desktop\Projetos\Programming\vacation-scheduler\node_modules\react-dom\cjs\react-dom.development.js:25777:74)
          at flushActQueue (C:\Users\leotm\Desktop\Projetos\Programming\vacation-scheduler\node_modules\react\cjs\react.development.js:2667:24)
          at act (C:\Users\leotm\Desktop\Projetos\Programming\vacation-scheduler\node_modules\react\cjs\react.development.js:2582:11)
          at C:\Users\leotm\Desktop\Projetos\Programming\vacation-scheduler\node_modules\@testing-library\react\dist\act-compat.js:46:25
          at renderRoot (C:\Users\leotm\Desktop\Projetos\Programming\vacation-scheduler\node_modules\@testing-library\react\dist\pure.js:189:26)
          at render (C:\Users\leotm\Desktop\Projetos\Programming\vacation-scheduler\node_modules\@testing-library\react\dist\pure.js:291:10)
          at renderCalendar (C:\Users\leotm\Desktop\Projetos\Programming\vacation-scheduler\src\components\CalendarView.test.js:36:16)
          at Object.<anonymous> (C:\Users\leotm\Desktop\Projetos\Programming\vacation-scheduler\src\components\CalendarView.test.js:419:5)
          at Promise.then.completed (C:\Users\leotm\Desktop\Projetos\Programming\vacation-scheduler\node_modules\jest-circus\build\utils.js:391:28)
          at new Promise (<anonymous>)
          at callAsyncCircusFn (C:\Users\leotm\Desktop\Projetos\Programming\vacation-scheduler\node_modules\jest-circus\build\utils.js:316:10)
          at _callCircusTest (C:\Users\leotm\Desktop\Projetos\Programming\vacation-scheduler\node_modules\jest-circus\build\run.js:218:40)
          at processTicksAndRejections (node:internal/process/task_queues:103:5)
          at _runTest (C:\Users\leotm\Desktop\Projetos\Programming\vacation-scheduler\node_modules\jest-circus\build\run.js:155:3)
          at _runTestsForDescribeBlock (C:\Users\leotm\Desktop\Projetos\Programming\vacation-scheduler\node_modules\jest-circus\build\run.js:66:9)
          at _runTestsForDescribeBlock (C:\Users\leotm\Desktop\Projetos\Programming\vacation-scheduler\node_modules\jest-circus\build\run.js:60:9)
          at run (C:\Users\leotm\Desktop\Projetos\Programming\vacation-scheduler\node_modules\jest-circus\build\run.js:25:3)
          at runAndTransformResultsToJestFormat (C:\Users\leotm\Desktop\Projetos\Programming\vacation-scheduler\node_modules\jest-circus\build\legacy-code-todo-rewrite\jestAdapterInit.js:170:21)
          at jestAdapter (C:\Users\leotm\Desktop\Projetos\Programming\vacation-scheduler\node_modules\jest-circus\build\legacy-code-todo-rewrite\jestAdapter.js:82:19)
          at runTestInternal (C:\Users\leotm\Desktop\Projetos\Programming\vacation-scheduler\node_modules\jest-runner\build\runTest.js:389:16)
          at runTest (C:\Users\leotm\Desktop\Projetos\Programming\vacation-scheduler\node_modules\jest-runner\build\runTest.js:475:34)
          at Object.worker (C:\Users\leotm\Desktop\Projetos\Programming\vacation-scheduler\node_modules\jest-runner\build\testWorker.js:133:12) TypeError: Cannot destructure property 'basename' of 'React.useContext(...)' as it is null.
          at LinkWithRef (C:\Users\leotm\Desktop\Projetos\Programming\vacation-scheduler\node_modules\react-router\dist\development\chunk-2YMDXNOJ.js:399:11)
          at renderWithHooks (C:\Users\leotm\Desktop\Projetos\Programming\vacation-scheduler\node_modules\react-dom\cjs\react-dom.development.js:15486:18)
          at updateForwardRef (C:\Users\leotm\Desktop\Projetos\Programming\vacation-scheduler\node_modules\react-dom\cjs\react-dom.development.js:19245:20)
          at beginWork (C:\Users\leotm\Desktop\Projetos\Programming\vacation-scheduler\node_modules\react-dom\cjs\react-dom.development.js:21675:16)
          at HTMLUnknownElement.callCallback (C:\Users\leotm\Desktop\Projetos\Programming\vacation-scheduler\node_modules\react-dom\cjs\react-dom.development.js:4164:14)
          at HTMLUnknownElement.callTheUserObjectsOperation (C:\Users\leotm\Desktop\Projetos\Programming\vacation-scheduler\node_modules\jsdom\lib\jsdom\living\generated\EventListener.js:26:30)
          at innerInvokeEventListeners (C:\Users\leotm\Desktop\Projetos\Programming\vacation-scheduler\node_modules\jsdom\lib\jsdom\living\events\EventTarget-impl.js:338:25)
          at invokeEventListeners (C:\Users\leotm\Desktop\Projetos\Programming\vacation-scheduler\node_modules\jsdom\lib\jsdom\living\events\EventTarget-impl.js:274:3)
          at HTMLUnknownElementImpl._dispatch (C:\Users\leotm\Desktop\Projetos\Programming\vacation-scheduler\node_modules\jsdom\lib\jsdom\living\events\EventTarget-impl.js:221:9)
          at HTMLUnknownElementImpl.dispatchEvent (C:\Users\leotm\Desktop\Projetos\Programming\vacation-scheduler\node_modules\jsdom\lib\jsdom\living\events\EventTarget-impl.js:94:17)
          at HTMLUnknownElement.dispatchEvent (C:\Users\leotm\Desktop\Projetos\Programming\vacation-scheduler\node_modules\jsdom\lib\jsdom\living\generated\EventTarget.js:231:34)
          at Object.invokeGuardedCallbackDev (C:\Users\leotm\Desktop\Projetos\Programming\vacation-scheduler\node_modules\react-dom\cjs\react-dom.development.js:4213:16)
          at invokeGuardedCallback (C:\Users\leotm\Desktop\Projetos\Programming\vacation-scheduler\node_modules\react-dom\cjs\react-dom.development.js:4277:31)
          at beginWork$1 (C:\Users\leotm\Desktop\Projetos\Programming\vacation-scheduler\node_modules\react-dom\cjs\react-dom.development.js:27490:7)
          at performUnitOfWork (C:\Users\leotm\Desktop\Projetos\Programming\vacation-scheduler\node_modules\react-dom\cjs\react-dom.development.js:26599:12)
          at workLoopSync (C:\Users\leotm\Desktop\Projetos\Programming\vacation-scheduler\node_modules\react-dom\cjs\react-dom.development.js:26505:5)
          at renderRootSync (C:\Users\leotm\Desktop\Projetos\Programming\vacation-scheduler\node_modules\react-dom\cjs\react-dom.development.js:26473:7)
          at performConcurrentWorkOnRoot (C:\Users\leotm\Desktop\Projetos\Programming\vacation-scheduler\node_modules\react-dom\cjs\react-dom.development.js:25777:74)
          at flushActQueue (C:\Users\leotm\Desktop\Projetos\Programming\vacation-scheduler\node_modules\react\cjs\react.development.js:2667:24)
          at act (C:\Users\leotm\Desktop\Projetos\Programming\vacation-scheduler\node_modules\react\cjs\react.development.js:2582:11)
          at C:\Users\leotm\Desktop\Projetos\Programming\vacation-scheduler\node_modules\@testing-library\react\dist\act-compat.js:46:25
          at renderRoot (C:\Users\leotm\Desktop\Projetos\Programming\vacation-scheduler\node_modules\@testing-library\react\dist\pure.js:189:26)
          at render (C:\Users\leotm\Desktop\Projetos\Programming\vacation-scheduler\node_modules\@testing-library\react\dist\pure.js:291:10)
          at renderCalendar (C:\Users\leotm\Desktop\Projetos\Programming\vacation-scheduler\src\components\CalendarView.test.js:36:16)
          at Object.<anonymous> (C:\Users\leotm\Desktop\Projetos\Programming\vacation-scheduler\src\components\CalendarView.test.js:419:5)
          at Promise.then.completed (C:\Users\leotm\Desktop\Projetos\Programming\vacation-scheduler\node_modules\jest-circus\build\utils.js:391:28)
          at new Promise (<anonymous>)
          at callAsyncCircusFn (C:\Users\leotm\Desktop\Projetos\Programming\vacation-scheduler\node_modules\jest-circus\build\utils.js:316:10)
          at _callCircusTest (C:\Users\leotm\Desktop\Projetos\Programming\vacation-scheduler\node_modules\jest-circus\build\run.js:218:40)
          at processTicksAndRejections (node:internal/process/task_queues:103:5)
          at _runTest (C:\Users\leotm\Desktop\Projetos\Programming\vacation-scheduler\node_modules\jest-circus\build\run.js:155:3)
          at _runTestsForDescribeBlock (C:\Users\leotm\Desktop\Projetos\Programming\vacation-scheduler\node_modules\jest-circus\build\run.js:66:9)
          at _runTestsForDescribeBlock (C:\Users\leotm\Desktop\Projetos\Programming\vacation-scheduler\node_modules\jest-circus\build\run.js:60:9)
          at run (C:\Users\leotm\Desktop\Projetos\Programming\vacation-scheduler\node_modules\jest-circus\build\run.js:25:3)
          at runAndTransformResultsToJestFormat (C:\Users\leotm\Desktop\Projetos\Programming\vacation-scheduler\node_modules\jest-circus\build\legacy-code-todo-rewrite\jestAdapterInit.js:170:21)
          at jestAdapter (C:\Users\leotm\Desktop\Projetos\Programming\vacation-scheduler\node_modules\jest-circus\build\legacy-code-todo-rewrite\jestAdapter.js:82:19)
          at runTestInternal (C:\Users\leotm\Desktop\Projetos\Programming\vacation-scheduler\node_modules\jest-runner\build\runTest.js:389:16)
          at runTest (C:\Users\leotm\Desktop\Projetos\Programming\vacation-scheduler\node_modules\jest-runner\build\runTest.js:475:34)
          at Object.worker (C:\Users\leotm\Desktop\Projetos\Programming\vacation-scheduler\node_modules\jest-runner\build\testWorker.js:133:12)

    [0m [90m 34 |[39m
     [90m 35 |[39m [36mconst[39m renderCalendar [33m=[39m (overrides [33m=[39m {}) [33m=>[39m {
    [31m[1m>[22m[39m[90m 36 |[39m   [36mreturn[39m render([33m<[39m[33mCalendarView[39m {[33m...[39mdefaultProps} {[33m...[39moverrides} [33m/[39m[33m>[39m)[33m;[39m
     [90m    |[39m                [31m[1m^[22m[39m
     [90m 37 |[39m }[33m;[39m
     [90m 38 |[39m
     [90m 39 |[39m describe([32m'CalendarView rendering'[39m[33m,[39m () [33m=>[39m {[0m

      at VirtualConsole.<anonymous> (node_modules/jsdom/lib/jsdom/virtual-console.js:29:45)
      at reportException (node_modules/jsdom/lib/jsdom/living/helpers/runtime-script-errors.js:70:28)
      at innerInvokeEventListeners (node_modules/jsdom/lib/jsdom/living/events/EventTarget-impl.js:341:9)
      at invokeEventListeners (node_modules/jsdom/lib/jsdom/living/events/EventTarget-impl.js:274:3)
      at HTMLUnknownElementImpl._dispatch (node_modules/jsdom/lib/jsdom/living/events/EventTarget-impl.js:221:9)
      at HTMLUnknownElementImpl.dispatchEvent (node_modules/jsdom/lib/jsdom/living/events/EventTarget-impl.js:94:17)
      at HTMLUnknownElement.dispatchEvent (node_modules/jsdom/lib/jsdom/living/generated/EventTarget.js:231:34)
      at Object.invokeGuardedCallbackDev (node_modules/react-dom/cjs/react-dom.development.js:4213:16)
      at invokeGuardedCallback (node_modules/react-dom/cjs/react-dom.development.js:4277:31)
      at beginWork$1 (node_modules/react-dom/cjs/react-dom.development.js:27490:7)
      at performUnitOfWork (node_modules/react-dom/cjs/react-dom.development.js:26599:12)
      at workLoopSync (node_modules/react-dom/cjs/react-dom.development.js:26505:5)
      at renderRootSync (node_modules/react-dom/cjs/react-dom.development.js:26473:7)
      at performConcurrentWorkOnRoot (node_modules/react-dom/cjs/react-dom.development.js:25777:74)
      at flushActQueue (node_modules/react/cjs/react.development.js:2667:24)
      at act (node_modules/react/cjs/react.development.js:2582:11)
      at node_modules/@testing-library/react/dist/act-compat.js:46:25
      at renderRoot (node_modules/@testing-library/react/dist/pure.js:189:26)
      at render (node_modules/@testing-library/react/dist/pure.js:291:10)
      at renderCalendar (src/components/CalendarView.test.js:36:16)
      at Object.<anonymous> (src/components/CalendarView.test.js:419:5)

    console.error
      Error: Uncaught [TypeError: Cannot destructure property 'basename' of 'React.useContext(...)' as it is null.]
          at reportException (C:\Users\leotm\Desktop\Projetos\Programming\vacation-scheduler\node_modules\jsdom\lib\jsdom\living\helpers\runtime-script-errors.js:66:24)
          at innerInvokeEventListeners (C:\Users\leotm\Desktop\Projetos\Programming\vacation-scheduler\node_modules\jsdom\lib\jsdom\living\events\EventTarget-impl.js:341:9)
          at invokeEventListeners (C:\Users\leotm\Desktop\Projetos\Programming\vacation-scheduler\node_modules\jsdom\lib\jsdom\living\events\EventTarget-impl.js:274:3)
          at HTMLUnknownElementImpl._dispatch (C:\Users\leotm\Desktop\Projetos\Programming\vacation-scheduler\node_modules\jsdom\lib\jsdom\living\events\EventTarget-impl.js:221:9)
          at HTMLUnknownElementImpl.dispatchEvent (C:\Users\leotm\Desktop\Projetos\Programming\vacation-scheduler\node_modules\jsdom\lib\jsdom\living\events\EventTarget-impl.js:94:17)
          at HTMLUnknownElement.dispatchEvent (C:\Users\leotm\Desktop\Projetos\Programming\vacation-scheduler\node_modules\jsdom\lib\jsdom\living\generated\EventTarget.js:231:34)
          at Object.invokeGuardedCallbackDev (C:\Users\leotm\Desktop\Projetos\Programming\vacation-scheduler\node_modules\react-dom\cjs\react-dom.development.js:4213:16)
          at invokeGuardedCallback (C:\Users\leotm\Desktop\Projetos\Programming\vacation-scheduler\node_modules\react-dom\cjs\react-dom.development.js:4277:31)
          at beginWork$1 (C:\Users\leotm\Desktop\Projetos\Programming\vacation-scheduler\node_modules\react-dom\cjs\react-dom.development.js:27490:7)
          at performUnitOfWork (C:\Users\leotm\Desktop\Projetos\Programming\vacation-scheduler\node_modules\react-dom\cjs\react-dom.development.js:26599:12)
          at workLoopSync (C:\Users\leotm\Desktop\Projetos\Programming\vacation-scheduler\node_modules\react-dom\cjs\react-dom.development.js:26505:5)
          at renderRootSync (C:\Users\leotm\Desktop\Projetos\Programming\vacation-scheduler\node_modules\react-dom\cjs\react-dom.development.js:26473:7)
          at recoverFromConcurrentError (C:\Users\leotm\Desktop\Projetos\Programming\vacation-scheduler\node_modules\react-dom\cjs\react-dom.development.js:25889:20)
          at performConcurrentWorkOnRoot (C:\Users\leotm\Desktop\Projetos\Programming\vacation-scheduler\node_modules\react-dom\cjs\react-dom.development.js:25789:22)
          at flushActQueue (C:\Users\leotm\Desktop\Projetos\Programming\vacation-scheduler\node_modules\react\cjs\react.development.js:2667:24)
          at act (C:\Users\leotm\Desktop\Projetos\Programming\vacation-scheduler\node_modules\react\cjs\react.development.js:2582:11)
          at C:\Users\leotm\Desktop\Projetos\Programming\vacation-scheduler\node_modules\@testing-library\react\dist\act-compat.js:46:25
          at renderRoot (C:\Users\leotm\Desktop\Projetos\Programming\vacation-scheduler\node_modules\@testing-library\react\dist\pure.js:189:26)
          at render (C:\Users\leotm\Desktop\Projetos\Programming\vacation-scheduler\node_modules\@testing-library\react\dist\pure.js:291:10)
          at renderCalendar (C:\Users\leotm\Desktop\Projetos\Programming\vacation-scheduler\src\components\CalendarView.test.js:36:16)
          at Object.<anonymous> (C:\Users\leotm\Desktop\Projetos\Programming\vacation-scheduler\src\components\CalendarView.test.js:419:5)
          at Promise.then.completed (C:\Users\leotm\Desktop\Projetos\Programming\vacation-scheduler\node_modules\jest-circus\build\utils.js:391:28)
          at new Promise (<anonymous>)
          at callAsyncCircusFn (C:\Users\leotm\Desktop\Projetos\Programming\vacation-scheduler\node_modules\jest-circus\build\utils.js:316:10)
          at _callCircusTest (C:\Users\leotm\Desktop\Projetos\Programming\vacation-scheduler\node_modules\jest-circus\build\run.js:218:40)
          at processTicksAndRejections (node:internal/process/task_queues:103:5)
          at _runTest (C:\Users\leotm\Desktop\Projetos\Programming\vacation-scheduler\node_modules\jest-circus\build\run.js:155:3)
          at _runTestsForDescribeBlock (C:\Users\leotm\Desktop\Projetos\Programming\vacation-scheduler\node_modules\jest-circus\build\run.js:66:9)
          at _runTestsForDescribeBlock (C:\Users\leotm\Desktop\Projetos\Programming\vacation-scheduler\node_modules\jest-circus\build\run.js:60:9)
          at run (C:\Users\leotm\Desktop\Projetos\Programming\vacation-scheduler\node_modules\jest-circus\build\run.js:25:3)
          at runAndTransformResultsToJestFormat (C:\Users\leotm\Desktop\Projetos\Programming\vacation-scheduler\node_modules\jest-circus\build\legacy-code-todo-rewrite\jestAdapterInit.js:170:21)
          at jestAdapter (C:\Users\leotm\Desktop\Projetos\Programming\vacation-scheduler\node_modules\jest-circus\build\legacy-code-todo-rewrite\jestAdapter.js:82:19)
          at runTestInternal (C:\Users\leotm\Desktop\Projetos\Programming\vacation-scheduler\node_modules\jest-runner\build\runTest.js:389:16)
          at runTest (C:\Users\leotm\Desktop\Projetos\Programming\vacation-scheduler\node_modules\jest-runner\build\runTest.js:475:34)
          at Object.worker (C:\Users\leotm\Desktop\Projetos\Programming\vacation-scheduler\node_modules\jest-runner\build\testWorker.js:133:12) TypeError: Cannot destructure property 'basename' of 'React.useContext(...)' as it is null.
          at LinkWithRef (C:\Users\leotm\Desktop\Projetos\Programming\vacation-scheduler\node_modules\react-router\dist\development\chunk-2YMDXNOJ.js:399:11)
          at renderWithHooks (C:\Users\leotm\Desktop\Projetos\Programming\vacation-scheduler\node_modules\react-dom\cjs\react-dom.development.js:15486:18)
          at updateForwardRef (C:\Users\leotm\Desktop\Projetos\Programming\vacation-scheduler\node_modules\react-dom\cjs\react-dom.development.js:19245:20)
          at beginWork (C:\Users\leotm\Desktop\Projetos\Programming\vacation-scheduler\node_modules\react-dom\cjs\react-dom.development.js:21675:16)
          at HTMLUnknownElement.callCallback (C:\Users\leotm\Desktop\Projetos\Programming\vacation-scheduler\node_modules\react-dom\cjs\react-dom.development.js:4164:14)
          at HTMLUnknownElement.callTheUserObjectsOperation (C:\Users\leotm\Desktop\Projetos\Programming\vacation-scheduler\node_modules\jsdom\lib\jsdom\living\generated\EventListener.js:26:30)
          at innerInvokeEventListeners (C:\Users\leotm\Desktop\Projetos\Programming\vacation-scheduler\node_modules\jsdom\lib\jsdom\living\events\EventTarget-impl.js:338:25)
          at invokeEventListeners (C:\Users\leotm\Desktop\Projetos\Programming\vacation-scheduler\node_modules\jsdom\lib\jsdom\living\events\EventTarget-impl.js:274:3)
          at HTMLUnknownElementImpl._dispatch (C:\Users\leotm\Desktop\Projetos\Programming\vacation-scheduler\node_modules\jsdom\lib\jsdom\living\events\EventTarget-impl.js:221:9)
          at HTMLUnknownElementImpl.dispatchEvent (C:\Users\leotm\Desktop\Projetos\Programming\vacation-scheduler\node_modules\jsdom\lib\jsdom\living\events\EventTarget-impl.js:94:17)
          at HTMLUnknownElement.dispatchEvent (C:\Users\leotm\Desktop\Projetos\Programming\vacation-scheduler\node_modules\jsdom\lib\jsdom\living\generated\EventTarget.js:231:34)
          at Object.invokeGuardedCallbackDev (C:\Users\leotm\Desktop\Projetos\Programming\vacation-scheduler\node_modules\react-dom\cjs\react-dom.development.js:4213:16)
          at invokeGuardedCallback (C:\Users\leotm\Desktop\Projetos\Programming\vacation-scheduler\node_modules\react-dom\cjs\react-dom.development.js:4277:31)
          at beginWork$1 (C:\Users\leotm\Desktop\Projetos\Programming\vacation-scheduler\node_modules\react-dom\cjs\react-dom.development.js:27490:7)
          at performUnitOfWork (C:\Users\leotm\Desktop\Projetos\Programming\vacation-scheduler\node_modules\react-dom\cjs\react-dom.development.js:26599:12)
          at workLoopSync (C:\Users\leotm\Desktop\Projetos\Programming\vacation-scheduler\node_modules\react-dom\cjs\react-dom.development.js:26505:5)
          at renderRootSync (C:\Users\leotm\Desktop\Projetos\Programming\vacation-scheduler\node_modules\react-dom\cjs\react-dom.development.js:26473:7)
          at recoverFromConcurrentError (C:\Users\leotm\Desktop\Projetos\Programming\vacation-scheduler\node_modules\react-dom\cjs\react-dom.development.js:25889:20)
          at performConcurrentWorkOnRoot (C:\Users\leotm\Desktop\Projetos\Programming\vacation-scheduler\node_modules\react-dom\cjs\react-dom.development.js:25789:22)
          at flushActQueue (C:\Users\leotm\Desktop\Projetos\Programming\vacation-scheduler\node_modules\react\cjs\react.development.js:2667:24)
          at act (C:\Users\leotm\Desktop\Projetos\Programming\vacation-scheduler\node_modules\react\cjs\react.development.js:2582:11)
          at C:\Users\leotm\Desktop\Projetos\Programming\vacation-scheduler\node_modules\@testing-library\react\dist\act-compat.js:46:25
          at renderRoot (C:\Users\leotm\Desktop\Projetos\Programming\vacation-scheduler\node_modules\@testing-library\react\dist\pure.js:189:26)
          at render (C:\Users\leotm\Desktop\Projetos\Programming\vacation-scheduler\node_modules\@testing-library\react\dist\pure.js:291:10)
          at renderCalendar (C:\Users\leotm\Desktop\Projetos\Programming\vacation-scheduler\src\components\CalendarView.test.js:36:16)
          at Object.<anonymous> (C:\Users\leotm\Desktop\Projetos\Programming\vacation-scheduler\src\components\CalendarView.test.js:419:5)
          at Promise.then.completed (C:\Users\leotm\Desktop\Projetos\Programming\vacation-scheduler\node_modules\jest-circus\build\utils.js:391:28)
          at new Promise (<anonymous>)
          at callAsyncCircusFn (C:\Users\leotm\Desktop\Projetos\Programming\vacation-scheduler\node_modules\jest-circus\build\utils.js:316:10)
          at _callCircusTest (C:\Users\leotm\Desktop\Projetos\Programming\vacation-scheduler\node_modules\jest-circus\build\run.js:218:40)
          at processTicksAndRejections (node:internal/process/task_queues:103:5)
          at _runTest (C:\Users\leotm\Desktop\Projetos\Programming\vacation-scheduler\node_modules\jest-circus\build\run.js:155:3)
          at _runTestsForDescribeBlock (C:\Users\leotm\Desktop\Projetos\Programming\vacation-scheduler\node_modules\jest-circus\build\run.js:66:9)
          at _runTestsForDescribeBlock (C:\Users\leotm\Desktop\Projetos\Programming\vacation-scheduler\node_modules\jest-circus\build\run.js:60:9)
          at run (C:\Users\leotm\Desktop\Projetos\Programming\vacation-scheduler\node_modules\jest-circus\build\run.js:25:3)
          at runAndTransformResultsToJestFormat (C:\Users\leotm\Desktop\Projetos\Programming\vacation-scheduler\node_modules\jest-circus\build\legacy-code-todo-rewrite\jestAdapterInit.js:170:21)
          at jestAdapter (C:\Users\leotm\Desktop\Projetos\Programming\vacation-scheduler\node_modules\jest-circus\build\legacy-code-todo-rewrite\jestAdapter.js:82:19)
          at runTestInternal (C:\Users\leotm\Desktop\Projetos\Programming\vacation-scheduler\node_modules\jest-runner\build\runTest.js:389:16)
          at runTest (C:\Users\leotm\Desktop\Projetos\Programming\vacation-scheduler\node_modules\jest-runner\build\runTest.js:475:34)
          at Object.worker (C:\Users\leotm\Desktop\Projetos\Programming\vacation-scheduler\node_modules\jest-runner\build\testWorker.js:133:12)

    [0m [90m 34 |[39m
     [90m 35 |[39m [36mconst[39m renderCalendar [33m=[39m (overrides [33m=[39m {}) [33m=>[39m {
    [31m[1m>[22m[39m[90m 36 |[39m   [36mreturn[39m render([33m<[39m[33mCalendarView[39m {[33m...[39mdefaultProps} {[33m...[39moverrides} [33m/[39m[33m>[39m)[33m;[39m
     [90m    |[39m                [31m[1m^[22m[39m
     [90m 37 |[39m }[33m;[39m
     [90m 38 |[39m
     [90m 39 |[39m describe([32m'CalendarView rendering'[39m[33m,[39m () [33m=>[39m {[0m

      at VirtualConsole.<anonymous> (node_modules/jsdom/lib/jsdom/virtual-console.js:29:45)
      at reportException (node_modules/jsdom/lib/jsdom/living/helpers/runtime-script-errors.js:70:28)
      at innerInvokeEventListeners (node_modules/jsdom/lib/jsdom/living/events/EventTarget-impl.js:341:9)
      at invokeEventListeners (node_modules/jsdom/lib/jsdom/living/events/EventTarget-impl.js:274:3)
      at HTMLUnknownElementImpl._dispatch (node_modules/jsdom/lib/jsdom/living/events/EventTarget-impl.js:221:9)
      at HTMLUnknownElementImpl.dispatchEvent (node_modules/jsdom/lib/jsdom/living/events/EventTarget-impl.js:94:17)
      at HTMLUnknownElement.dispatchEvent (node_modules/jsdom/lib/jsdom/living/generated/EventTarget.js:231:34)
      at Object.invokeGuardedCallbackDev (node_modules/react-dom/cjs/react-dom.development.js:4213:16)
      at invokeGuardedCallback (node_modules/react-dom/cjs/react-dom.development.js:4277:31)
      at beginWork$1 (node_modules/react-dom/cjs/react-dom.development.js:27490:7)
      at performUnitOfWork (node_modules/react-dom/cjs/react-dom.development.js:26599:12)
      at workLoopSync (node_modules/react-dom/cjs/react-dom.development.js:26505:5)
      at renderRootSync (node_modules/react-dom/cjs/react-dom.development.js:26473:7)
      at recoverFromConcurrentError (node_modules/react-dom/cjs/react-dom.development.js:25889:20)
      at performConcurrentWorkOnRoot (node_modules/react-dom/cjs/react-dom.development.js:25789:22)
      at flushActQueue (node_modules/react/cjs/react.development.js:2667:24)
      at act (node_modules/react/cjs/react.development.js:2582:11)
      at node_modules/@testing-library/react/dist/act-compat.js:46:25
      at renderRoot (node_modules/@testing-library/react/dist/pure.js:189:26)
      at render (node_modules/@testing-library/react/dist/pure.js:291:10)
      at renderCalendar (src/components/CalendarView.test.js:36:16)
      at Object.<anonymous> (src/components/CalendarView.test.js:419:5)

    console.error
      The above error occurred in the <Link> component:
      
          at LinkWithRef (C:\Users\leotm\Desktop\Projetos\Programming\vacation-scheduler\node_modules\react-router\dist\development\chunk-2YMDXNOJ.js:384:5)
          at p
          at div
          at div
          at form
          at CalendarView (C:\Users\leotm\Desktop\Projetos\Programming\vacation-scheduler\src\components\CalendarView.js:44:25)
      
      Consider adding an error boundary to your tree to customize error handling behavior.
      Visit https://reactjs.org/link/error-boundaries to learn more about error boundaries.

    [0m [90m 34 |[39m
     [90m 35 |[39m [36mconst[39m renderCalendar [33m=[39m (overrides [33m=[39m {}) [33m=>[39m {
    [31m[1m>[22m[39m[90m 36 |[39m   [36mreturn[39m render([33m<[39m[33mCalendarView[39m {[33m...[39mdefaultProps} {[33m...[39moverrides} [33m/[39m[33m>[39m)[33m;[39m
     [90m    |[39m                [31m[1m^[22m[39m
     [90m 37 |[39m }[33m;[39m
     [90m 38 |[39m
     [90m 39 |[39m describe([32m'CalendarView rendering'[39m[33m,[39m () [33m=>[39m {[0m

      at logCapturedError (node_modules/react-dom/cjs/react-dom.development.js:18704:23)
      at update.callback (node_modules/react-dom/cjs/react-dom.development.js:18737:5)
      at callCallback (node_modules/react-dom/cjs/react-dom.development.js:15036:12)
      at commitUpdateQueue (node_modules/react-dom/cjs/react-dom.development.js:15057:9)
      at commitLayoutEffectOnFiber (node_modules/react-dom/cjs/react-dom.development.js:23430:13)
      at commitLayoutMountEffects_complete (node_modules/react-dom/cjs/react-dom.development.js:24727:9)
      at commitLayoutEffects_begin (node_modules/react-dom/cjs/react-dom.development.js:24713:7)
      at commitLayoutEffects (node_modules/react-dom/cjs/react-dom.development.js:24651:3)
      at commitRootImpl (node_modules/react-dom/cjs/react-dom.development.js:26862:5)
      at commitRoot (node_modules/react-dom/cjs/react-dom.development.js:26721:5)
      at finishConcurrentRender (node_modules/react-dom/cjs/react-dom.development.js:25931:9)
      at performConcurrentWorkOnRoot (node_modules/react-dom/cjs/react-dom.development.js:25848:7)
      at flushActQueue (node_modules/react/cjs/react.development.js:2667:24)
      at act (node_modules/react/cjs/react.development.js:2582:11)
      at node_modules/@testing-library/react/dist/act-compat.js:46:25
      at renderRoot (node_modules/@testing-library/react/dist/pure.js:189:26)
      at render (node_modules/@testing-library/react/dist/pure.js:291:10)
      at renderCalendar (src/components/CalendarView.test.js:36:16)
      at Object.<anonymous> (src/components/CalendarView.test.js:419:5)

    console.error
      Error: Uncaught [TypeError: Cannot destructure property 'basename' of 'React.useContext(...)' as it is null.]
          at reportException (C:\Users\leotm\Desktop\Projetos\Programming\vacation-scheduler\node_modules\jsdom\lib\jsdom\living\helpers\runtime-script-errors.js:66:24)
          at innerInvokeEventListeners (C:\Users\leotm\Desktop\Projetos\Programming\vacation-scheduler\node_modules\jsdom\lib\jsdom\living\events\EventTarget-impl.js:341:9)
          at invokeEventListeners (C:\Users\leotm\Desktop\Projetos\Programming\vacation-scheduler\node_modules\jsdom\lib\jsdom\living\events\EventTarget-impl.js:274:3)
          at HTMLUnknownElementImpl._dispatch (C:\Users\leotm\Desktop\Projetos\Programming\vacation-scheduler\node_modules\jsdom\lib\jsdom\living\events\EventTarget-impl.js:221:9)
          at HTMLUnknownElementImpl.dispatchEvent (C:\Users\leotm\Desktop\Projetos\Programming\vacation-scheduler\node_modules\jsdom\lib\jsdom\living\events\EventTarget-impl.js:94:17)
          at HTMLUnknownElement.dispatchEvent (C:\Users\leotm\Desktop\Projetos\Programming\vacation-scheduler\node_modules\jsdom\lib\jsdom\living\generated\EventTarget.js:231:34)
          at Object.invokeGuardedCallbackDev (C:\Users\leotm\Desktop\Projetos\Programming\vacation-scheduler\node_modules\react-dom\cjs\react-dom.development.js:4213:16)
          at invokeGuardedCallback (C:\Users\leotm\Desktop\Projetos\Programming\vacation-scheduler\node_modules\react-dom\cjs\react-dom.development.js:4277:31)
          at beginWork$1 (C:\Users\leotm\Desktop\Projetos\Programming\vacation-scheduler\node_modules\react-dom\cjs\react-dom.development.js:27490:7)
          at performUnitOfWork (C:\Users\leotm\Desktop\Projetos\Programming\vacation-scheduler\node_modules\react-dom\cjs\react-dom.development.js:26599:12)
          at workLoopSync (C:\Users\leotm\Desktop\Projetos\Programming\vacation-scheduler\node_modules\react-dom\cjs\react-dom.development.js:26505:5)
          at renderRootSync (C:\Users\leotm\Desktop\Projetos\Programming\vacation-scheduler\node_modules\react-dom\cjs\react-dom.development.js:26473:7)
          at performConcurrentWorkOnRoot (C:\Users\leotm\Desktop\Projetos\Programming\vacation-scheduler\node_modules\react-dom\cjs\react-dom.development.js:25777:74)
          at flushActQueue (C:\Users\leotm\Desktop\Projetos\Programming\vacation-scheduler\node_modules\react\cjs\react.development.js:2667:24)
          at act (C:\Users\leotm\Desktop\Projetos\Programming\vacation-scheduler\node_modules\react\cjs\react.development.js:2582:11)
          at C:\Users\leotm\Desktop\Projetos\Programming\vacation-scheduler\node_modules\@testing-library\react\dist\act-compat.js:46:25
          at renderRoot (C:\Users\leotm\Desktop\Projetos\Programming\vacation-scheduler\node_modules\@testing-library\react\dist\pure.js:189:26)
          at render (C:\Users\leotm\Desktop\Projetos\Programming\vacation-scheduler\node_modules\@testing-library\react\dist\pure.js:291:10)
          at renderCalendar (C:\Users\leotm\Desktop\Projetos\Programming\vacation-scheduler\src\components\CalendarView.test.js:36:16)
          at Object.<anonymous> (C:\Users\leotm\Desktop\Projetos\Programming\vacation-scheduler\src\components\CalendarView.test.js:439:5)
          at Promise.then.completed (C:\Users\leotm\Desktop\Projetos\Programming\vacation-scheduler\node_modules\jest-circus\build\utils.js:391:28)
          at new Promise (<anonymous>)
          at callAsyncCircusFn (C:\Users\leotm\Desktop\Projetos\Programming\vacation-scheduler\node_modules\jest-circus\build\utils.js:316:10)
          at _callCircusTest (C:\Users\leotm\Desktop\Projetos\Programming\vacation-scheduler\node_modules\jest-circus\build\run.js:218:40)
          at processTicksAndRejections (node:internal/process/task_queues:103:5)
          at _runTest (C:\Users\leotm\Desktop\Projetos\Programming\vacation-scheduler\node_modules\jest-circus\build\run.js:155:3)
          at _runTestsForDescribeBlock (C:\Users\leotm\Desktop\Projetos\Programming\vacation-scheduler\node_modules\jest-circus\build\run.js:66:9)
          at _runTestsForDescribeBlock (C:\Users\leotm\Desktop\Projetos\Programming\vacation-scheduler\node_modules\jest-circus\build\run.js:60:9)
          at run (C:\Users\leotm\Desktop\Projetos\Programming\vacation-scheduler\node_modules\jest-circus\build\run.js:25:3)
          at runAndTransformResultsToJestFormat (C:\Users\leotm\Desktop\Projetos\Programming\vacation-scheduler\node_modules\jest-circus\build\legacy-code-todo-rewrite\jestAdapterInit.js:170:21)
          at jestAdapter (C:\Users\leotm\Desktop\Projetos\Programming\vacation-scheduler\node_modules\jest-circus\build\legacy-code-todo-rewrite\jestAdapter.js:82:19)
          at runTestInternal (C:\Users\leotm\Desktop\Projetos\Programming\vacation-scheduler\node_modules\jest-runner\build\runTest.js:389:16)
          at runTest (C:\Users\leotm\Desktop\Projetos\Programming\vacation-scheduler\node_modules\jest-runner\build\runTest.js:475:34)
          at Object.worker (C:\Users\leotm\Desktop\Projetos\Programming\vacation-scheduler\node_modules\jest-runner\build\testWorker.js:133:12) TypeError: Cannot destructure property 'basename' of 'React.useContext(...)' as it is null.
          at LinkWithRef (C:\Users\leotm\Desktop\Projetos\Programming\vacation-scheduler\node_modules\react-router\dist\development\chunk-2YMDXNOJ.js:399:11)
          at renderWithHooks (C:\Users\leotm\Desktop\Projetos\Programming\vacation-scheduler\node_modules\react-dom\cjs\react-dom.development.js:15486:18)
          at updateForwardRef (C:\Users\leotm\Desktop\Projetos\Programming\vacation-scheduler\node_modules\react-dom\cjs\react-dom.development.js:19245:20)
          at beginWork (C:\Users\leotm\Desktop\Projetos\Programming\vacation-scheduler\node_modules\react-dom\cjs\react-dom.development.js:21675:16)
          at HTMLUnknownElement.callCallback (C:\Users\leotm\Desktop\Projetos\Programming\vacation-scheduler\node_modules\react-dom\cjs\react-dom.development.js:4164:14)
          at HTMLUnknownElement.callTheUserObjectsOperation (C:\Users\leotm\Desktop\Projetos\Programming\vacation-scheduler\node_modules\jsdom\lib\jsdom\living\generated\EventListener.js:26:30)
          at innerInvokeEventListeners (C:\Users\leotm\Desktop\Projetos\Programming\vacation-scheduler\node_modules\jsdom\lib\jsdom\living\events\EventTarget-impl.js:338:25)
          at invokeEventListeners (C:\Users\leotm\Desktop\Projetos\Programming\vacation-scheduler\node_modules\jsdom\lib\jsdom\living\events\EventTarget-impl.js:274:3)
          at HTMLUnknownElementImpl._dispatch (C:\Users\leotm\Desktop\Projetos\Programming\vacation-scheduler\node_modules\jsdom\lib\jsdom\living\events\EventTarget-impl.js:221:9)
          at HTMLUnknownElementImpl.dispatchEvent (C:\Users\leotm\Desktop\Projetos\Programming\vacation-scheduler\node_modules\jsdom\lib\jsdom\living\events\EventTarget-impl.js:94:17)
          at HTMLUnknownElement.dispatchEvent (C:\Users\leotm\Desktop\Projetos\Programming\vacation-scheduler\node_modules\jsdom\lib\jsdom\living\generated\EventTarget.js:231:34)
          at Object.invokeGuardedCallbackDev (C:\Users\leotm\Desktop\Projetos\Programming\vacation-scheduler\node_modules\react-dom\cjs\react-dom.development.js:4213:16)
          at invokeGuardedCallback (C:\Users\leotm\Desktop\Projetos\Programming\vacation-scheduler\node_modules\react-dom\cjs\react-dom.development.js:4277:31)
          at beginWork$1 (C:\Users\leotm\Desktop\Projetos\Programming\vacation-scheduler\node_modules\react-dom\cjs\react-dom.development.js:27490:7)
          at performUnitOfWork (C:\Users\leotm\Desktop\Projetos\Programming\vacation-scheduler\node_modules\react-dom\cjs\react-dom.development.js:26599:12)
          at workLoopSync (C:\Users\leotm\Desktop\Projetos\Programming\vacation-scheduler\node_modules\react-dom\cjs\react-dom.development.js:26505:5)
          at renderRootSync (C:\Users\leotm\Desktop\Projetos\Programming\vacation-scheduler\node_modules\react-dom\cjs\react-dom.development.js:26473:7)
          at performConcurrentWorkOnRoot (C:\Users\leotm\Desktop\Projetos\Programming\vacation-scheduler\node_modules\react-dom\cjs\react-dom.development.js:25777:74)
          at flushActQueue (C:\Users\leotm\Desktop\Projetos\Programming\vacation-scheduler\node_modules\react\cjs\react.development.js:2667:24)
          at act (C:\Users\leotm\Desktop\Projetos\Programming\vacation-scheduler\node_modules\react\cjs\react.development.js:2582:11)
          at C:\Users\leotm\Desktop\Projetos\Programming\vacation-scheduler\node_modules\@testing-library\react\dist\act-compat.js:46:25
          at renderRoot (C:\Users\leotm\Desktop\Projetos\Programming\vacation-scheduler\node_modules\@testing-library\react\dist\pure.js:189:26)
          at render (C:\Users\leotm\Desktop\Projetos\Programming\vacation-scheduler\node_modules\@testing-library\react\dist\pure.js:291:10)
          at renderCalendar (C:\Users\leotm\Desktop\Projetos\Programming\vacation-scheduler\src\components\CalendarView.test.js:36:16)
          at Object.<anonymous> (C:\Users\leotm\Desktop\Projetos\Programming\vacation-scheduler\src\components\CalendarView.test.js:439:5)
          at Promise.then.completed (C:\Users\leotm\Desktop\Projetos\Programming\vacation-scheduler\node_modules\jest-circus\build\utils.js:391:28)
          at new Promise (<anonymous>)
          at callAsyncCircusFn (C:\Users\leotm\Desktop\Projetos\Programming\vacation-scheduler\node_modules\jest-circus\build\utils.js:316:10)
          at _callCircusTest (C:\Users\leotm\Desktop\Projetos\Programming\vacation-scheduler\node_modules\jest-circus\build\run.js:218:40)
          at processTicksAndRejections (node:internal/process/task_queues:103:5)
          at _runTest (C:\Users\leotm\Desktop\Projetos\Programming\vacation-scheduler\node_modules\jest-circus\build\run.js:155:3)
          at _runTestsForDescribeBlock (C:\Users\leotm\Desktop\Projetos\Programming\vacation-scheduler\node_modules\jest-circus\build\run.js:66:9)
          at _runTestsForDescribeBlock (C:\Users\leotm\Desktop\Projetos\Programming\vacation-scheduler\node_modules\jest-circus\build\run.js:60:9)
          at run (C:\Users\leotm\Desktop\Projetos\Programming\vacation-scheduler\node_modules\jest-circus\build\run.js:25:3)
          at runAndTransformResultsToJestFormat (C:\Users\leotm\Desktop\Projetos\Programming\vacation-scheduler\node_modules\jest-circus\build\legacy-code-todo-rewrite\jestAdapterInit.js:170:21)
          at jestAdapter (C:\Users\leotm\Desktop\Projetos\Programming\vacation-scheduler\node_modules\jest-circus\build\legacy-code-todo-rewrite\jestAdapter.js:82:19)
          at runTestInternal (C:\Users\leotm\Desktop\Projetos\Programming\vacation-scheduler\node_modules\jest-runner\build\runTest.js:389:16)
          at runTest (C:\Users\leotm\Desktop\Projetos\Programming\vacation-scheduler\node_modules\jest-runner\build\runTest.js:475:34)
          at Object.worker (C:\Users\leotm\Desktop\Projetos\Programming\vacation-scheduler\node_modules\jest-runner\build\testWorker.js:133:12)

    [0m [90m 34 |[39m
     [90m 35 |[39m [36mconst[39m renderCalendar [33m=[39m (overrides [33m=[39m {}) [33m=>[39m {
    [31m[1m>[22m[39m[90m 36 |[39m   [36mreturn[39m render([33m<[39m[33mCalendarView[39m {[33m...[39mdefaultProps} {[33m...[39moverrides} [33m/[39m[33m>[39m)[33m;[39m
     [90m    |[39m                [31m[1m^[22m[39m
     [90m 37 |[39m }[33m;[39m
     [90m 38 |[39m
     [90m 39 |[39m describe([32m'CalendarView rendering'[39m[33m,[39m () [33m=>[39m {[0m

      at VirtualConsole.<anonymous> (node_modules/jsdom/lib/jsdom/virtual-console.js:29:45)
      at reportException (node_modules/jsdom/lib/jsdom/living/helpers/runtime-script-errors.js:70:28)
      at innerInvokeEventListeners (node_modules/jsdom/lib/jsdom/living/events/EventTarget-impl.js:341:9)
      at invokeEventListeners (node_modules/jsdom/lib/jsdom/living/events/EventTarget-impl.js:274:3)
      at HTMLUnknownElementImpl._dispatch (node_modules/jsdom/lib/jsdom/living/events/EventTarget-impl.js:221:9)
      at HTMLUnknownElementImpl.dispatchEvent (node_modules/jsdom/lib/jsdom/living/events/EventTarget-impl.js:94:17)
      at HTMLUnknownElement.dispatchEvent (node_modules/jsdom/lib/jsdom/living/generated/EventTarget.js:231:34)
      at Object.invokeGuardedCallbackDev (node_modules/react-dom/cjs/react-dom.development.js:4213:16)
      at invokeGuardedCallback (node_modules/react-dom/cjs/react-dom.development.js:4277:31)
      at beginWork$1 (node_modules/react-dom/cjs/react-dom.development.js:27490:7)
      at performUnitOfWork (node_modules/react-dom/cjs/react-dom.development.js:26599:12)
      at workLoopSync (node_modules/react-dom/cjs/react-dom.development.js:26505:5)
      at renderRootSync (node_modules/react-dom/cjs/react-dom.development.js:26473:7)
      at performConcurrentWorkOnRoot (node_modules/react-dom/cjs/react-dom.development.js:25777:74)
      at flushActQueue (node_modules/react/cjs/react.development.js:2667:24)
      at act (node_modules/react/cjs/react.development.js:2582:11)
      at node_modules/@testing-library/react/dist/act-compat.js:46:25
      at renderRoot (node_modules/@testing-library/react/dist/pure.js:189:26)
      at render (node_modules/@testing-library/react/dist/pure.js:291:10)
      at renderCalendar (src/components/CalendarView.test.js:36:16)
      at Object.<anonymous> (src/components/CalendarView.test.js:439:5)

    console.error
      Error: Uncaught [TypeError: Cannot destructure property 'basename' of 'React.useContext(...)' as it is null.]
          at reportException (C:\Users\leotm\Desktop\Projetos\Programming\vacation-scheduler\node_modules\jsdom\lib\jsdom\living\helpers\runtime-script-errors.js:66:24)
          at innerInvokeEventListeners (C:\Users\leotm\Desktop\Projetos\Programming\vacation-scheduler\node_modules\jsdom\lib\jsdom\living\events\EventTarget-impl.js:341:9)
          at invokeEventListeners (C:\Users\leotm\Desktop\Projetos\Programming\vacation-scheduler\node_modules\jsdom\lib\jsdom\living\events\EventTarget-impl.js:274:3)
          at HTMLUnknownElementImpl._dispatch (C:\Users\leotm\Desktop\Projetos\Programming\vacation-scheduler\node_modules\jsdom\lib\jsdom\living\events\EventTarget-impl.js:221:9)
          at HTMLUnknownElementImpl.dispatchEvent (C:\Users\leotm\Desktop\Projetos\Programming\vacation-scheduler\node_modules\jsdom\lib\jsdom\living\events\EventTarget-impl.js:94:17)
          at HTMLUnknownElement.dispatchEvent (C:\Users\leotm\Desktop\Projetos\Programming\vacation-scheduler\node_modules\jsdom\lib\jsdom\living\generated\EventTarget.js:231:34)
          at Object.invokeGuardedCallbackDev (C:\Users\leotm\Desktop\Projetos\Programming\vacation-scheduler\node_modules\react-dom\cjs\react-dom.development.js:4213:16)
          at invokeGuardedCallback (C:\Users\leotm\Desktop\Projetos\Programming\vacation-scheduler\node_modules\react-dom\cjs\react-dom.development.js:4277:31)
          at beginWork$1 (C:\Users\leotm\Desktop\Projetos\Programming\vacation-scheduler\node_modules\react-dom\cjs\react-dom.development.js:27490:7)
          at performUnitOfWork (C:\Users\leotm\Desktop\Projetos\Programming\vacation-scheduler\node_modules\react-dom\cjs\react-dom.development.js:26599:12)
          at workLoopSync (C:\Users\leotm\Desktop\Projetos\Programming\vacation-scheduler\node_modules\react-dom\cjs\react-dom.development.js:26505:5)
          at renderRootSync (C:\Users\leotm\Desktop\Projetos\Programming\vacation-scheduler\node_modules\react-dom\cjs\react-dom.development.js:26473:7)
          at recoverFromConcurrentError (C:\Users\leotm\Desktop\Projetos\Programming\vacation-scheduler\node_modules\react-dom\cjs\react-dom.development.js:25889:20)
          at performConcurrentWorkOnRoot (C:\Users\leotm\Desktop\Projetos\Programming\vacation-scheduler\node_modules\react-dom\cjs\react-dom.development.js:25789:22)
          at flushActQueue (C:\Users\leotm\Desktop\Projetos\Programming\vacation-scheduler\node_modules\react\cjs\react.development.js:2667:24)
          at act (C:\Users\leotm\Desktop\Projetos\Programming\vacation-scheduler\node_modules\react\cjs\react.development.js:2582:11)
          at C:\Users\leotm\Desktop\Projetos\Programming\vacation-scheduler\node_modules\@testing-library\react\dist\act-compat.js:46:25
          at renderRoot (C:\Users\leotm\Desktop\Projetos\Programming\vacation-scheduler\node_modules\@testing-library\react\dist\pure.js:189:26)
          at render (C:\Users\leotm\Desktop\Projetos\Programming\vacation-scheduler\node_modules\@testing-library\react\dist\pure.js:291:10)
          at renderCalendar (C:\Users\leotm\Desktop\Projetos\Programming\vacation-scheduler\src\components\CalendarView.test.js:36:16)
          at Object.<anonymous> (C:\Users\leotm\Desktop\Projetos\Programming\vacation-scheduler\src\components\CalendarView.test.js:439:5)
          at Promise.then.completed (C:\Users\leotm\Desktop\Projetos\Programming\vacation-scheduler\node_modules\jest-circus\build\utils.js:391:28)
          at new Promise (<anonymous>)
          at callAsyncCircusFn (C:\Users\leotm\Desktop\Projetos\Programming\vacation-scheduler\node_modules\jest-circus\build\utils.js:316:10)
          at _callCircusTest (C:\Users\leotm\Desktop\Projetos\Programming\vacation-scheduler\node_modules\jest-circus\build\run.js:218:40)
          at processTicksAndRejections (node:internal/process/task_queues:103:5)
          at _runTest (C:\Users\leotm\Desktop\Projetos\Programming\vacation-scheduler\node_modules\jest-circus\build\run.js:155:3)
          at _runTestsForDescribeBlock (C:\Users\leotm\Desktop\Projetos\Programming\vacation-scheduler\node_modules\jest-circus\build\run.js:66:9)
          at _runTestsForDescribeBlock (C:\Users\leotm\Desktop\Projetos\Programming\vacation-scheduler\node_modules\jest-circus\build\run.js:60:9)
          at run (C:\Users\leotm\Desktop\Projetos\Programming\vacation-scheduler\node_modules\jest-circus\build\run.js:25:3)
          at runAndTransformResultsToJestFormat (C:\Users\leotm\Desktop\Projetos\Programming\vacation-scheduler\node_modules\jest-circus\build\legacy-code-todo-rewrite\jestAdapterInit.js:170:21)
          at jestAdapter (C:\Users\leotm\Desktop\Projetos\Programming\vacation-scheduler\node_modules\jest-circus\build\legacy-code-todo-rewrite\jestAdapter.js:82:19)
          at runTestInternal (C:\Users\leotm\Desktop\Projetos\Programming\vacation-scheduler\node_modules\jest-runner\build\runTest.js:389:16)
          at runTest (C:\Users\leotm\Desktop\Projetos\Programming\vacation-scheduler\node_modules\jest-runner\build\runTest.js:475:34)
          at Object.worker (C:\Users\leotm\Desktop\Projetos\Programming\vacation-scheduler\node_modules\jest-runner\build\testWorker.js:133:12) TypeError: Cannot destructure property 'basename' of 'React.useContext(...)' as it is null.
          at LinkWithRef (C:\Users\leotm\Desktop\Projetos\Programming\vacation-scheduler\node_modules\react-router\dist\development\chunk-2YMDXNOJ.js:399:11)
          at renderWithHooks (C:\Users\leotm\Desktop\Projetos\Programming\vacation-scheduler\node_modules\react-dom\cjs\react-dom.development.js:15486:18)
          at updateForwardRef (C:\Users\leotm\Desktop\Projetos\Programming\vacation-scheduler\node_modules\react-dom\cjs\react-dom.development.js:19245:20)
          at beginWork (C:\Users\leotm\Desktop\Projetos\Programming\vacation-scheduler\node_modules\react-dom\cjs\react-dom.development.js:21675:16)
          at HTMLUnknownElement.callCallback (C:\Users\leotm\Desktop\Projetos\Programming\vacation-scheduler\node_modules\react-dom\cjs\react-dom.development.js:4164:14)
          at HTMLUnknownElement.callTheUserObjectsOperation (C:\Users\leotm\Desktop\Projetos\Programming\vacation-scheduler\node_modules\jsdom\lib\jsdom\living\generated\EventListener.js:26:30)
          at innerInvokeEventListeners (C:\Users\leotm\Desktop\Projetos\Programming\vacation-scheduler\node_modules\jsdom\lib\jsdom\living\events\EventTarget-impl.js:338:25)
          at invokeEventListeners (C:\Users\leotm\Desktop\Projetos\Programming\vacation-scheduler\node_modules\jsdom\lib\jsdom\living\events\EventTarget-impl.js:274:3)
          at HTMLUnknownElementImpl._dispatch (C:\Users\leotm\Desktop\Projetos\Programming\vacation-scheduler\node_modules\jsdom\lib\jsdom\living\events\EventTarget-impl.js:221:9)
          at HTMLUnknownElementImpl.dispatchEvent (C:\Users\leotm\Desktop\Projetos\Programming\vacation-scheduler\node_modules\jsdom\lib\jsdom\living\events\EventTarget-impl.js:94:17)
          at HTMLUnknownElement.dispatchEvent (C:\Users\leotm\Desktop\Projetos\Programming\vacation-scheduler\node_modules\jsdom\lib\jsdom\living\generated\EventTarget.js:231:34)
          at Object.invokeGuardedCallbackDev (C:\Users\leotm\Desktop\Projetos\Programming\vacation-scheduler\node_modules\react-dom\cjs\react-dom.development.js:4213:16)
          at invokeGuardedCallback (C:\Users\leotm\Desktop\Projetos\Programming\vacation-scheduler\node_modules\react-dom\cjs\react-dom.development.js:4277:31)
          at beginWork$1 (C:\Users\leotm\Desktop\Projetos\Programming\vacation-scheduler\node_modules\react-dom\cjs\react-dom.development.js:27490:7)
          at performUnitOfWork (C:\Users\leotm\Desktop\Projetos\Programming\vacation-scheduler\node_modules\react-dom\cjs\react-dom.development.js:26599:12)
          at workLoopSync (C:\Users\leotm\Desktop\Projetos\Programming\vacation-scheduler\node_modules\react-dom\cjs\react-dom.development.js:26505:5)
          at renderRootSync (C:\Users\leotm\Desktop\Projetos\Programming\vacation-scheduler\node_modules\react-dom\cjs\react-dom.development.js:26473:7)
          at recoverFromConcurrentError (C:\Users\leotm\Desktop\Projetos\Programming\vacation-scheduler\node_modules\react-dom\cjs\react-dom.development.js:25889:20)
          at performConcurrentWorkOnRoot (C:\Users\leotm\Desktop\Projetos\Programming\vacation-scheduler\node_modules\react-dom\cjs\react-dom.development.js:25789:22)
          at flushActQueue (C:\Users\leotm\Desktop\Projetos\Programming\vacation-scheduler\node_modules\react\cjs\react.development.js:2667:24)
          at act (C:\Users\leotm\Desktop\Projetos\Programming\vacation-scheduler\node_modules\react\cjs\react.development.js:2582:11)
          at C:\Users\leotm\Desktop\Projetos\Programming\vacation-scheduler\node_modules\@testing-library\react\dist\act-compat.js:46:25
          at renderRoot (C:\Users\leotm\Desktop\Projetos\Programming\vacation-scheduler\node_modules\@testing-library\react\dist\pure.js:189:26)
          at render (C:\Users\leotm\Desktop\Projetos\Programming\vacation-scheduler\node_modules\@testing-library\react\dist\pure.js:291:10)
          at renderCalendar (C:\Users\leotm\Desktop\Projetos\Programming\vacation-scheduler\src\components\CalendarView.test.js:36:16)
          at Object.<anonymous> (C:\Users\leotm\Desktop\Projetos\Programming\vacation-scheduler\src\components\CalendarView.test.js:439:5)
          at Promise.then.completed (C:\Users\leotm\Desktop\Projetos\Programming\vacation-scheduler\node_modules\jest-circus\build\utils.js:391:28)
          at new Promise (<anonymous>)
          at callAsyncCircusFn (C:\Users\leotm\Desktop\Projetos\Programming\vacation-scheduler\node_modules\jest-circus\build\utils.js:316:10)
          at _callCircusTest (C:\Users\leotm\Desktop\Projetos\Programming\vacation-scheduler\node_modules\jest-circus\build\run.js:218:40)
          at processTicksAndRejections (node:internal/process/task_queues:103:5)
          at _runTest (C:\Users\leotm\Desktop\Projetos\Programming\vacation-scheduler\node_modules\jest-circus\build\run.js:155:3)
          at _runTestsForDescribeBlock (C:\Users\leotm\Desktop\Projetos\Programming\vacation-scheduler\node_modules\jest-circus\build\run.js:66:9)
          at _runTestsForDescribeBlock (C:\Users\leotm\Desktop\Projetos\Programming\vacation-scheduler\node_modules\jest-circus\build\run.js:60:9)
          at run (C:\Users\leotm\Desktop\Projetos\Programming\vacation-scheduler\node_modules\jest-circus\build\run.js:25:3)
          at runAndTransformResultsToJestFormat (C:\Users\leotm\Desktop\Projetos\Programming\vacation-scheduler\node_modules\jest-circus\build\legacy-code-todo-rewrite\jestAdapterInit.js:170:21)
          at jestAdapter (C:\Users\leotm\Desktop\Projetos\Programming\vacation-scheduler\node_modules\jest-circus\build\legacy-code-todo-rewrite\jestAdapter.js:82:19)
          at runTestInternal (C:\Users\leotm\Desktop\Projetos\Programming\vacation-scheduler\node_modules\jest-runner\build\runTest.js:389:16)
          at runTest (C:\Users\leotm\Desktop\Projetos\Programming\vacation-scheduler\node_modules\jest-runner\build\runTest.js:475:34)
          at Object.worker (C:\Users\leotm\Desktop\Projetos\Programming\vacation-scheduler\node_modules\jest-runner\build\testWorker.js:133:12)

    [0m [90m 34 |[39m
     [90m 35 |[39m [36mconst[39m renderCalendar [33m=[39m (overrides [33m=[39m {}) [33m=>[39m {
    [31m[1m>[22m[39m[90m 36 |[39m   [36mreturn[39m render([33m<[39m[33mCalendarView[39m {[33m...[39mdefaultProps} {[33m...[39moverrides} [33m/[39m[33m>[39m)[33m;[39m
     [90m    |[39m                [31m[1m^[22m[39m
     [90m 37 |[39m }[33m;[39m
     [90m 38 |[39m
     [90m 39 |[39m describe([32m'CalendarView rendering'[39m[33m,[39m () [33m=>[39m {[0m

      at VirtualConsole.<anonymous> (node_modules/jsdom/lib/jsdom/virtual-console.js:29:45)
      at reportException (node_modules/jsdom/lib/jsdom/living/helpers/runtime-script-errors.js:70:28)
      at innerInvokeEventListeners (node_modules/jsdom/lib/jsdom/living/events/EventTarget-impl.js:341:9)
      at invokeEventListeners (node_modules/jsdom/lib/jsdom/living/events/EventTarget-impl.js:274:3)
      at HTMLUnknownElementImpl._dispatch (node_modules/jsdom/lib/jsdom/living/events/EventTarget-impl.js:221:9)
      at HTMLUnknownElementImpl.dispatchEvent (node_modules/jsdom/lib/jsdom/living/events/EventTarget-impl.js:94:17)
      at HTMLUnknownElement.dispatchEvent (node_modules/jsdom/lib/jsdom/living/generated/EventTarget.js:231:34)
      at Object.invokeGuardedCallbackDev (node_modules/react-dom/cjs/react-dom.development.js:4213:16)
      at invokeGuardedCallback (node_modules/react-dom/cjs/react-dom.development.js:4277:31)
      at beginWork$1 (node_modules/react-dom/cjs/react-dom.development.js:27490:7)
      at performUnitOfWork (node_modules/react-dom/cjs/react-dom.development.js:26599:12)
      at workLoopSync (node_modules/react-dom/cjs/react-dom.development.js:26505:5)
      at renderRootSync (node_modules/react-dom/cjs/react-dom.development.js:26473:7)
      at recoverFromConcurrentError (node_modules/react-dom/cjs/react-dom.development.js:25889:20)
      at performConcurrentWorkOnRoot (node_modules/react-dom/cjs/react-dom.development.js:25789:22)
      at flushActQueue (node_modules/react/cjs/react.development.js:2667:24)
      at act (node_modules/react/cjs/react.development.js:2582:11)
      at node_modules/@testing-library/react/dist/act-compat.js:46:25
      at renderRoot (node_modules/@testing-library/react/dist/pure.js:189:26)
      at render (node_modules/@testing-library/react/dist/pure.js:291:10)
      at renderCalendar (src/components/CalendarView.test.js:36:16)
      at Object.<anonymous> (src/components/CalendarView.test.js:439:5)

    console.error
      The above error occurred in the <Link> component:
      
          at LinkWithRef (C:\Users\leotm\Desktop\Projetos\Programming\vacation-scheduler\node_modules\react-router\dist\development\chunk-2YMDXNOJ.js:384:5)
          at p
          at div
          at div
          at form
          at CalendarView (C:\Users\leotm\Desktop\Projetos\Programming\vacation-scheduler\src\components\CalendarView.js:44:25)
      
      Consider adding an error boundary to your tree to customize error handling behavior.
      Visit https://reactjs.org/link/error-boundaries to learn more about error boundaries.

    [0m [90m 34 |[39m
     [90m 35 |[39m [36mconst[39m renderCalendar [33m=[39m (overrides [33m=[39m {}) [33m=>[39m {
    [31m[1m>[22m[39m[90m 36 |[39m   [36mreturn[39m render([33m<[39m[33mCalendarView[39m {[33m...[39mdefaultProps} {[33m...[39moverrides} [33m/[39m[33m>[39m)[33m;[39m
     [90m    |[39m                [31m[1m^[22m[39m
     [90m 37 |[39m }[33m;[39m
     [90m 38 |[39m
     [90m 39 |[39m describe([32m'CalendarView rendering'[39m[33m,[39m () [33m=>[39m {[0m

      at logCapturedError (node_modules/react-dom/cjs/react-dom.development.js:18704:23)
      at update.callback (node_modules/react-dom/cjs/react-dom.development.js:18737:5)
      at callCallback (node_modules/react-dom/cjs/react-dom.development.js:15036:12)
      at commitUpdateQueue (node_modules/react-dom/cjs/react-dom.development.js:15057:9)
      at commitLayoutEffectOnFiber (node_modules/react-dom/cjs/react-dom.development.js:23430:13)
      at commitLayoutMountEffects_complete (node_modules/react-dom/cjs/react-dom.development.js:24727:9)
      at commitLayoutEffects_begin (node_modules/react-dom/cjs/react-dom.development.js:24713:7)
      at commitLayoutEffects (node_modules/react-dom/cjs/react-dom.development.js:24651:3)
      at commitRootImpl (node_modules/react-dom/cjs/react-dom.development.js:26862:5)
      at commitRoot (node_modules/react-dom/cjs/react-dom.development.js:26721:5)
      at finishConcurrentRender (node_modules/react-dom/cjs/react-dom.development.js:25931:9)
      at performConcurrentWorkOnRoot (node_modules/react-dom/cjs/react-dom.development.js:25848:7)
      at flushActQueue (node_modules/react/cjs/react.development.js:2667:24)
      at act (node_modules/react/cjs/react.development.js:2582:11)
      at node_modules/@testing-library/react/dist/act-compat.js:46:25
      at renderRoot (node_modules/@testing-library/react/dist/pure.js:189:26)
      at render (node_modules/@testing-library/react/dist/pure.js:291:10)
      at renderCalendar (src/components/CalendarView.test.js:36:16)
      at Object.<anonymous> (src/components/CalendarView.test.js:439:5)

  ● CalendarView rendering › renders name, email, and duration fields

    TypeError: Cannot destructure property 'basename' of 'React.useContext(...)' as it is null.

    [0m [90m 34 |[39m
     [90m 35 |[39m [36mconst[39m renderCalendar [33m=[39m (overrides [33m=[39m {}) [33m=>[39m {
    [31m[1m>[22m[39m[90m 36 |[39m   [36mreturn[39m render([33m<[39m[33mCalendarView[39m {[33m...[39mdefaultProps} {[33m...[39moverrides} [33m/[39m[33m>[39m)[33m;[39m
     [90m    |[39m                [31m[1m^[22m[39m
     [90m 37 |[39m }[33m;[39m
     [90m 38 |[39m
     [90m 39 |[39m describe([32m'CalendarView rendering'[39m[33m,[39m () [33m=>[39m {[0m

      at LinkWithRef (node_modules/react-router/dist/development/chunk-2YMDXNOJ.js:399:11)
      at renderWithHooks (node_modules/react-dom/cjs/react-dom.development.js:15486:18)
      at updateForwardRef (node_modules/react-dom/cjs/react-dom.development.js:19245:20)
      at beginWork (node_modules/react-dom/cjs/react-dom.development.js:21675:16)
      at beginWork$1 (node_modules/react-dom/cjs/react-dom.development.js:27465:14)
      at performUnitOfWork (node_modules/react-dom/cjs/react-dom.development.js:26599:12)
      at workLoopSync (node_modules/react-dom/cjs/react-dom.development.js:26505:5)
      at renderRootSync (node_modules/react-dom/cjs/react-dom.development.js:26473:7)
      at recoverFromConcurrentError (node_modules/react-dom/cjs/react-dom.development.js:25889:20)
      at performConcurrentWorkOnRoot (node_modules/react-dom/cjs/react-dom.development.js:25789:22)
      at flushActQueue (node_modules/react/cjs/react.development.js:2667:24)
      at act (node_modules/react/cjs/react.development.js:2582:11)
      at node_modules/@testing-library/react/dist/act-compat.js:46:25
      at renderRoot (node_modules/@testing-library/react/dist/pure.js:189:26)
      at render (node_modules/@testing-library/react/dist/pure.js:291:10)
      at renderCalendar (src/components/CalendarView.test.js:36:16)
      at Object.<anonymous> (src/components/CalendarView.test.js:41:5)

  ● CalendarView rendering › renders day-of-week headers

    TypeError: Cannot destructure property 'basename' of 'React.useContext(...)' as it is null.

    [0m [90m 34 |[39m
     [90m 35 |[39m [36mconst[39m renderCalendar [33m=[39m (overrides [33m=[39m {}) [33m=>[39m {
    [31m[1m>[22m[39m[90m 36 |[39m   [36mreturn[39m render([33m<[39m[33mCalendarView[39m {[33m...[39mdefaultProps} {[33m...[39moverrides} [33m/[39m[33m>[39m)[33m;[39m
     [90m    |[39m                [31m[1m^[22m[39m
     [90m 37 |[39m }[33m;[39m
     [90m 38 |[39m
     [90m 39 |[39m describe([32m'CalendarView rendering'[39m[33m,[39m () [33m=>[39m {[0m

      at LinkWithRef (node_modules/react-router/dist/development/chunk-2YMDXNOJ.js:399:11)
      at renderWithHooks (node_modules/react-dom/cjs/react-dom.development.js:15486:18)
      at updateForwardRef (node_modules/react-dom/cjs/react-dom.development.js:19245:20)
      at beginWork (node_modules/react-dom/cjs/react-dom.development.js:21675:16)
      at beginWork$1 (node_modules/react-dom/cjs/react-dom.development.js:27465:14)
      at performUnitOfWork (node_modules/react-dom/cjs/react-dom.development.js:26599:12)
      at workLoopSync (node_modules/react-dom/cjs/react-dom.development.js:26505:5)
      at renderRootSync (node_modules/react-dom/cjs/react-dom.development.js:26473:7)
      at recoverFromConcurrentError (node_modules/react-dom/cjs/react-dom.development.js:25889:20)
      at performConcurrentWorkOnRoot (node_modules/react-dom/cjs/react-dom.development.js:25789:22)
      at flushActQueue (node_modules/react/cjs/react.development.js:2667:24)
      at act (node_modules/react/cjs/react.development.js:2582:11)
      at node_modules/@testing-library/react/dist/act-compat.js:46:25
      at renderRoot (node_modules/@testing-library/react/dist/pure.js:189:26)
      at render (node_modules/@testing-library/react/dist/pure.js:291:10)
      at renderCalendar (src/components/CalendarView.test.js:36:16)
      at Object.<anonymous> (src/components/CalendarView.test.js:48:5)

  ● CalendarView rendering › renders month navigation

    TypeError: Cannot destructure property 'basename' of 'React.useContext(...)' as it is null.

    [0m [90m 34 |[39m
     [90m 35 |[39m [36mconst[39m renderCalendar [33m=[39m (overrides [33m=[39m {}) [33m=>[39m {
    [31m[1m>[22m[39m[90m 36 |[39m   [36mreturn[39m render([33m<[39m[33mCalendarView[39m {[33m...[39mdefaultProps} {[33m...[39moverrides} [33m/[39m[33m>[39m)[33m;[39m
     [90m    |[39m                [31m[1m^[22m[39m
     [90m 37 |[39m }[33m;[39m
     [90m 38 |[39m
     [90m 39 |[39m describe([32m'CalendarView rendering'[39m[33m,[39m () [33m=>[39m {[0m

      at LinkWithRef (node_modules/react-router/dist/development/chunk-2YMDXNOJ.js:399:11)
      at renderWithHooks (node_modules/react-dom/cjs/react-dom.development.js:15486:18)
      at updateForwardRef (node_modules/react-dom/cjs/react-dom.development.js:19245:20)
      at beginWork (node_modules/react-dom/cjs/react-dom.development.js:21675:16)
      at beginWork$1 (node_modules/react-dom/cjs/react-dom.development.js:27465:14)
      at performUnitOfWork (node_modules/react-dom/cjs/react-dom.development.js:26599:12)
      at workLoopSync (node_modules/react-dom/cjs/react-dom.development.js:26505:5)
      at renderRootSync (node_modules/react-dom/cjs/react-dom.development.js:26473:7)
      at recoverFromConcurrentError (node_modules/react-dom/cjs/react-dom.development.js:25889:20)
      at performConcurrentWorkOnRoot (node_modules/react-dom/cjs/react-dom.development.js:25789:22)
      at flushActQueue (node_modules/react/cjs/react.development.js:2667:24)
      at act (node_modules/react/cjs/react.development.js:2582:11)
      at node_modules/@testing-library/react/dist/act-compat.js:46:25
      at renderRoot (node_modules/@testing-library/react/dist/pure.js:189:26)
      at render (node_modules/@testing-library/react/dist/pure.js:291:10)
      at renderCalendar (src/components/CalendarView.test.js:36:16)
      at Object.<anonymous> (src/components/CalendarView.test.js:55:5)

  ● CalendarView rendering › renders block type selection modes

    TypeError: Cannot destructure property 'basename' of 'React.useContext(...)' as it is null.

    [0m [90m 34 |[39m
     [90m 35 |[39m [36mconst[39m renderCalendar [33m=[39m (overrides [33m=[39m {}) [33m=>[39m {
    [31m[1m>[22m[39m[90m 36 |[39m   [36mreturn[39m render([33m<[39m[33mCalendarView[39m {[33m...[39mdefaultProps} {[33m...[39moverrides} [33m/[39m[33m>[39m)[33m;[39m
     [90m    |[39m                [31m[1m^[22m[39m
     [90m 37 |[39m }[33m;[39m
     [90m 38 |[39m
     [90m 39 |[39m describe([32m'CalendarView rendering'[39m[33m,[39m () [33m=>[39m {[0m

      at LinkWithRef (node_modules/react-router/dist/development/chunk-2YMDXNOJ.js:399:11)
      at renderWithHooks (node_modules/react-dom/cjs/react-dom.development.js:15486:18)
      at updateForwardRef (node_modules/react-dom/cjs/react-dom.development.js:19245:20)
      at beginWork (node_modules/react-dom/cjs/react-dom.development.js:21675:16)
      at beginWork$1 (node_modules/react-dom/cjs/react-dom.development.js:27465:14)
      at performUnitOfWork (node_modules/react-dom/cjs/react-dom.development.js:26599:12)
      at workLoopSync (node_modules/react-dom/cjs/react-dom.development.js:26505:5)
      at renderRootSync (node_modules/react-dom/cjs/react-dom.development.js:26473:7)
      at recoverFromConcurrentError (node_modules/react-dom/cjs/react-dom.development.js:25889:20)
      at performConcurrentWorkOnRoot (node_modules/react-dom/cjs/react-dom.development.js:25789:22)
      at flushActQueue (node_modules/react/cjs/react.development.js:2667:24)
      at act (node_modules/react/cjs/react.development.js:2582:11)
      at node_modules/@testing-library/react/dist/act-compat.js:46:25
      at renderRoot (node_modules/@testing-library/react/dist/pure.js:189:26)
      at render (node_modules/@testing-library/react/dist/pure.js:291:10)
      at renderCalendar (src/components/CalendarView.test.js:36:16)
      at Object.<anonymous> (src/components/CalendarView.test.js:62:5)

  ● CalendarView rendering › pre-fills initial values

    TypeError: Cannot destructure property 'basename' of 'React.useContext(...)' as it is null.

    [0m [90m 34 |[39m
     [90m 35 |[39m [36mconst[39m renderCalendar [33m=[39m (overrides [33m=[39m {}) [33m=>[39m {
    [31m[1m>[22m[39m[90m 36 |[39m   [36mreturn[39m render([33m<[39m[33mCalendarView[39m {[33m...[39mdefaultProps} {[33m...[39moverrides} [33m/[39m[33m>[39m)[33m;[39m
     [90m    |[39m                [31m[1m^[22m[39m
     [90m 37 |[39m }[33m;[39m
     [90m 38 |[39m
     [90m 39 |[39m describe([32m'CalendarView rendering'[39m[33m,[39m () [33m=>[39m {[0m

      at LinkWithRef (node_modules/react-router/dist/development/chunk-2YMDXNOJ.js:399:11)
      at renderWithHooks (node_modules/react-dom/cjs/react-dom.development.js:15486:18)
      at updateForwardRef (node_modules/react-dom/cjs/react-dom.development.js:19245:20)
      at beginWork (node_modules/react-dom/cjs/react-dom.development.js:21675:16)
      at beginWork$1 (node_modules/react-dom/cjs/react-dom.development.js:27465:14)
      at performUnitOfWork (node_modules/react-dom/cjs/react-dom.development.js:26599:12)
      at workLoopSync (node_modules/react-dom/cjs/react-dom.development.js:26505:5)
      at renderRootSync (node_modules/react-dom/cjs/react-dom.development.js:26473:7)
      at recoverFromConcurrentError (node_modules/react-dom/cjs/react-dom.development.js:25889:20)
      at performConcurrentWorkOnRoot (node_modules/react-dom/cjs/react-dom.development.js:25789:22)
      at flushActQueue (node_modules/react/cjs/react.development.js:2667:24)
      at act (node_modules/react/cjs/react.development.js:2582:11)
      at node_modules/@testing-library/react/dist/act-compat.js:46:25
      at renderRoot (node_modules/@testing-library/react/dist/pure.js:189:26)
      at render (node_modules/@testing-library/react/dist/pure.js:291:10)
      at renderCalendar (src/components/CalendarView.test.js:36:16)
      at Object.<anonymous> (src/components/CalendarView.test.js:68:5)

  ● CalendarView interactions › name input enforces 30 character limit

    TypeError: Cannot destructure property 'basename' of 'React.useContext(...)' as it is null.

    [0m [90m 34 |[39m
     [90m 35 |[39m [36mconst[39m renderCalendar [33m=[39m (overrides [33m=[39m {}) [33m=>[39m {
    [31m[1m>[22m[39m[90m 36 |[39m   [36mreturn[39m render([33m<[39m[33mCalendarView[39m {[33m...[39mdefaultProps} {[33m...[39moverrides} [33m/[39m[33m>[39m)[33m;[39m
     [90m    |[39m                [31m[1m^[22m[39m
     [90m 37 |[39m }[33m;[39m
     [90m 38 |[39m
     [90m 39 |[39m describe([32m'CalendarView rendering'[39m[33m,[39m () [33m=>[39m {[0m

      at LinkWithRef (node_modules/react-router/dist/development/chunk-2YMDXNOJ.js:399:11)
      at renderWithHooks (node_modules/react-dom/cjs/react-dom.development.js:15486:18)
      at updateForwardRef (node_modules/react-dom/cjs/react-dom.development.js:19245:20)
      at beginWork (node_modules/react-dom/cjs/react-dom.development.js:21675:16)
      at beginWork$1 (node_modules/react-dom/cjs/react-dom.development.js:27465:14)
      at performUnitOfWork (node_modules/react-dom/cjs/react-dom.development.js:26599:12)
      at workLoopSync (node_modules/react-dom/cjs/react-dom.development.js:26505:5)
      at renderRootSync (node_modules/react-dom/cjs/react-dom.development.js:26473:7)
      at recoverFromConcurrentError (node_modules/react-dom/cjs/react-dom.development.js:25889:20)
      at performConcurrentWorkOnRoot (node_modules/react-dom/cjs/react-dom.development.js:25789:22)
      at flushActQueue (node_modules/react/cjs/react.development.js:2667:24)
      at act (node_modules/react/cjs/react.development.js:2582:11)
      at node_modules/@testing-library/react/dist/act-compat.js:46:25
      at renderRoot (node_modules/@testing-library/react/dist/pure.js:189:26)
      at render (node_modules/@testing-library/react/dist/pure.js:291:10)
      at renderCalendar (src/components/CalendarView.test.js:36:16)
      at Object.<anonymous> (src/components/CalendarView.test.js:80:5)

  ● CalendarView interactions › shows error when submitting without name

    TypeError: Cannot destructure property 'basename' of 'React.useContext(...)' as it is null.

    [0m [90m 34 |[39m
     [90m 35 |[39m [36mconst[39m renderCalendar [33m=[39m (overrides [33m=[39m {}) [33m=>[39m {
    [31m[1m>[22m[39m[90m 36 |[39m   [36mreturn[39m render([33m<[39m[33mCalendarView[39m {[33m...[39mdefaultProps} {[33m...[39moverrides} [33m/[39m[33m>[39m)[33m;[39m
     [90m    |[39m                [31m[1m^[22m[39m
     [90m 37 |[39m }[33m;[39m
     [90m 38 |[39m
     [90m 39 |[39m describe([32m'CalendarView rendering'[39m[33m,[39m () [33m=>[39m {[0m

      at LinkWithRef (node_modules/react-router/dist/development/chunk-2YMDXNOJ.js:399:11)
      at renderWithHooks (node_modules/react-dom/cjs/react-dom.development.js:15486:18)
      at updateForwardRef (node_modules/react-dom/cjs/react-dom.development.js:19245:20)
      at beginWork (node_modules/react-dom/cjs/react-dom.development.js:21675:16)
      at beginWork$1 (node_modules/react-dom/cjs/react-dom.development.js:27465:14)
      at performUnitOfWork (node_modules/react-dom/cjs/react-dom.development.js:26599:12)
      at workLoopSync (node_modules/react-dom/cjs/react-dom.development.js:26505:5)
      at renderRootSync (node_modules/react-dom/cjs/react-dom.development.js:26473:7)
      at recoverFromConcurrentError (node_modules/react-dom/cjs/react-dom.development.js:25889:20)
      at performConcurrentWorkOnRoot (node_modules/react-dom/cjs/react-dom.development.js:25789:22)
      at flushActQueue (node_modules/react/cjs/react.development.js:2667:24)
      at act (node_modules/react/cjs/react.development.js:2582:11)
      at node_modules/@testing-library/react/dist/act-compat.js:46:25
      at renderRoot (node_modules/@testing-library/react/dist/pure.js:189:26)
      at render (node_modules/@testing-library/react/dist/pure.js:291:10)
      at renderCalendar (src/components/CalendarView.test.js:36:16)
      at Object.<anonymous> (src/components/CalendarView.test.js:88:5)

  ● CalendarView interactions › shows error when submitting without selected days

    TypeError: Cannot destructure property 'basename' of 'React.useContext(...)' as it is null.

    [0m [90m 34 |[39m
     [90m 35 |[39m [36mconst[39m renderCalendar [33m=[39m (overrides [33m=[39m {}) [33m=>[39m {
    [31m[1m>[22m[39m[90m 36 |[39m   [36mreturn[39m render([33m<[39m[33mCalendarView[39m {[33m...[39mdefaultProps} {[33m...[39moverrides} [33m/[39m[33m>[39m)[33m;[39m
     [90m    |[39m                [31m[1m^[22m[39m
     [90m 37 |[39m }[33m;[39m
     [90m 38 |[39m
     [90m 39 |[39m describe([32m'CalendarView rendering'[39m[33m,[39m () [33m=>[39m {[0m

      at LinkWithRef (node_modules/react-router/dist/development/chunk-2YMDXNOJ.js:399:11)
      at renderWithHooks (node_modules/react-dom/cjs/react-dom.development.js:15486:18)
      at updateForwardRef (node_modules/react-dom/cjs/react-dom.development.js:19245:20)
      at beginWork (node_modules/react-dom/cjs/react-dom.development.js:21675:16)
      at beginWork$1 (node_modules/react-dom/cjs/react-dom.development.js:27465:14)
      at performUnitOfWork (node_modules/react-dom/cjs/react-dom.development.js:26599:12)
      at workLoopSync (node_modules/react-dom/cjs/react-dom.development.js:26505:5)
      at renderRootSync (node_modules/react-dom/cjs/react-dom.development.js:26473:7)
      at recoverFromConcurrentError (node_modules/react-dom/cjs/react-dom.development.js:25889:20)
      at performConcurrentWorkOnRoot (node_modules/react-dom/cjs/react-dom.development.js:25789:22)
      at flushActQueue (node_modules/react/cjs/react.development.js:2667:24)
      at act (node_modules/react/cjs/react.development.js:2582:11)
      at node_modules/@testing-library/react/dist/act-compat.js:46:25
      at renderRoot (node_modules/@testing-library/react/dist/pure.js:189:26)
      at render (node_modules/@testing-library/react/dist/pure.js:291:10)
      at renderCalendar (src/components/CalendarView.test.js:36:16)
      at Object.<anonymous> (src/components/CalendarView.test.js:102:5)

  ● CalendarView interactions › clicking a day in flexible mode toggles selection

    TypeError: Cannot destructure property 'basename' of 'React.useContext(...)' as it is null.

    [0m [90m 34 |[39m
     [90m 35 |[39m [36mconst[39m renderCalendar [33m=[39m (overrides [33m=[39m {}) [33m=>[39m {
    [31m[1m>[22m[39m[90m 36 |[39m   [36mreturn[39m render([33m<[39m[33mCalendarView[39m {[33m...[39mdefaultProps} {[33m...[39moverrides} [33m/[39m[33m>[39m)[33m;[39m
     [90m    |[39m                [31m[1m^[22m[39m
     [90m 37 |[39m }[33m;[39m
     [90m 38 |[39m
     [90m 39 |[39m describe([32m'CalendarView rendering'[39m[33m,[39m () [33m=>[39m {[0m

      at LinkWithRef (node_modules/react-router/dist/development/chunk-2YMDXNOJ.js:399:11)
      at renderWithHooks (node_modules/react-dom/cjs/react-dom.development.js:15486:18)
      at updateForwardRef (node_modules/react-dom/cjs/react-dom.development.js:19245:20)
      at beginWork (node_modules/react-dom/cjs/react-dom.development.js:21675:16)
      at beginWork$1 (node_modules/react-dom/cjs/react-dom.development.js:27465:14)
      at performUnitOfWork (node_modules/react-dom/cjs/react-dom.development.js:26599:12)
      at workLoopSync (node_modules/react-dom/cjs/react-dom.development.js:26505:5)
      at renderRootSync (node_modules/react-dom/cjs/react-dom.development.js:26473:7)
      at recoverFromConcurrentError (node_modules/react-dom/cjs/react-dom.development.js:25889:20)
      at performConcurrentWorkOnRoot (node_modules/react-dom/cjs/react-dom.development.js:25789:22)
      at flushActQueue (node_modules/react/cjs/react.development.js:2667:24)
      at act (node_modules/react/cjs/react.development.js:2582:11)
      at node_modules/@testing-library/react/dist/act-compat.js:46:25
      at renderRoot (node_modules/@testing-library/react/dist/pure.js:189:26)
      at render (node_modules/@testing-library/react/dist/pure.js:291:10)
      at renderCalendar (src/components/CalendarView.test.js:36:16)
      at Object.<anonymous> (src/components/CalendarView.test.js:117:5)

  ● CalendarView interactions › days outside range are disabled

    TypeError: Cannot destructure property 'basename' of 'React.useContext(...)' as it is null.

    [0m [90m 34 |[39m
     [90m 35 |[39m [36mconst[39m renderCalendar [33m=[39m (overrides [33m=[39m {}) [33m=>[39m {
    [31m[1m>[22m[39m[90m 36 |[39m   [36mreturn[39m render([33m<[39m[33mCalendarView[39m {[33m...[39mdefaultProps} {[33m...[39moverrides} [33m/[39m[33m>[39m)[33m;[39m
     [90m    |[39m                [31m[1m^[22m[39m
     [90m 37 |[39m }[33m;[39m
     [90m 38 |[39m
     [90m 39 |[39m describe([32m'CalendarView rendering'[39m[33m,[39m () [33m=>[39m {[0m

      at LinkWithRef (node_modules/react-router/dist/development/chunk-2YMDXNOJ.js:399:11)
      at renderWithHooks (node_modules/react-dom/cjs/react-dom.development.js:15486:18)
      at updateForwardRef (node_modules/react-dom/cjs/react-dom.development.js:19245:20)
      at beginWork (node_modules/react-dom/cjs/react-dom.development.js:21675:16)
      at beginWork$1 (node_modules/react-dom/cjs/react-dom.development.js:27465:14)
      at performUnitOfWork (node_modules/react-dom/cjs/react-dom.development.js:26599:12)
      at workLoopSync (node_modules/react-dom/cjs/react-dom.development.js:26505:5)
      at renderRootSync (node_modules/react-dom/cjs/react-dom.development.js:26473:7)
      at recoverFromConcurrentError (node_modules/react-dom/cjs/react-dom.development.js:25889:20)
      at performConcurrentWorkOnRoot (node_modules/react-dom/cjs/react-dom.development.js:25789:22)
      at flushActQueue (node_modules/react/cjs/react.development.js:2667:24)
      at act (node_modules/react/cjs/react.development.js:2582:11)
      at node_modules/@testing-library/react/dist/act-compat.js:46:25
      at renderRoot (node_modules/@testing-library/react/dist/pure.js:189:26)
      at render (node_modules/@testing-library/react/dist/pure.js:291:10)
      at renderCalendar (src/components/CalendarView.test.js:36:16)
      at Object.<anonymous> (src/components/CalendarView.test.js:131:5)

  ● CalendarView interactions › block mode selects consecutive days

    TypeError: Cannot destructure property 'basename' of 'React.useContext(...)' as it is null.

    [0m [90m 34 |[39m
     [90m 35 |[39m [36mconst[39m renderCalendar [33m=[39m (overrides [33m=[39m {}) [33m=>[39m {
    [31m[1m>[22m[39m[90m 36 |[39m   [36mreturn[39m render([33m<[39m[33mCalendarView[39m {[33m...[39mdefaultProps} {[33m...[39moverrides} [33m/[39m[33m>[39m)[33m;[39m
     [90m    |[39m                [31m[1m^[22m[39m
     [90m 37 |[39m }[33m;[39m
     [90m 38 |[39m
     [90m 39 |[39m describe([32m'CalendarView rendering'[39m[33m,[39m () [33m=>[39m {[0m

      at LinkWithRef (node_modules/react-router/dist/development/chunk-2YMDXNOJ.js:399:11)
      at renderWithHooks (node_modules/react-dom/cjs/react-dom.development.js:15486:18)
      at updateForwardRef (node_modules/react-dom/cjs/react-dom.development.js:19245:20)
      at beginWork (node_modules/react-dom/cjs/react-dom.development.js:21675:16)
      at beginWork$1 (node_modules/react-dom/cjs/react-dom.development.js:27465:14)
      at performUnitOfWork (node_modules/react-dom/cjs/react-dom.development.js:26599:12)
      at workLoopSync (node_modules/react-dom/cjs/react-dom.development.js:26505:5)
      at renderRootSync (node_modules/react-dom/cjs/react-dom.development.js:26473:7)
      at recoverFromConcurrentError (node_modules/react-dom/cjs/react-dom.development.js:25889:20)
      at performConcurrentWorkOnRoot (node_modules/react-dom/cjs/react-dom.development.js:25789:22)
      at flushActQueue (node_modules/react/cjs/react.development.js:2667:24)
      at act (node_modules/react/cjs/react.development.js:2582:11)
      at node_modules/@testing-library/react/dist/act-compat.js:46:25
      at renderRoot (node_modules/@testing-library/react/dist/pure.js:189:26)
      at render (node_modules/@testing-library/react/dist/pure.js:291:10)
      at renderCalendar (src/components/CalendarView.test.js:36:16)
      at Object.<anonymous> (src/components/CalendarView.test.js:146:5)

  ● CalendarView interactions › block mode gracefully handles selecting days near the end of the month boundary

    TypeError: Cannot destructure property 'basename' of 'React.useContext(...)' as it is null.

    [0m [90m 34 |[39m
     [90m 35 |[39m [36mconst[39m renderCalendar [33m=[39m (overrides [33m=[39m {}) [33m=>[39m {
    [31m[1m>[22m[39m[90m 36 |[39m   [36mreturn[39m render([33m<[39m[33mCalendarView[39m {[33m...[39mdefaultProps} {[33m...[39moverrides} [33m/[39m[33m>[39m)[33m;[39m
     [90m    |[39m                [31m[1m^[22m[39m
     [90m 37 |[39m }[33m;[39m
     [90m 38 |[39m
     [90m 39 |[39m describe([32m'CalendarView rendering'[39m[33m,[39m () [33m=>[39m {[0m

      at LinkWithRef (node_modules/react-router/dist/development/chunk-2YMDXNOJ.js:399:11)
      at renderWithHooks (node_modules/react-dom/cjs/react-dom.development.js:15486:18)
      at updateForwardRef (node_modules/react-dom/cjs/react-dom.development.js:19245:20)
      at beginWork (node_modules/react-dom/cjs/react-dom.development.js:21675:16)
      at beginWork$1 (node_modules/react-dom/cjs/react-dom.development.js:27465:14)
      at performUnitOfWork (node_modules/react-dom/cjs/react-dom.development.js:26599:12)
      at workLoopSync (node_modules/react-dom/cjs/react-dom.development.js:26505:5)
      at renderRootSync (node_modules/react-dom/cjs/react-dom.development.js:26473:7)
      at recoverFromConcurrentError (node_modules/react-dom/cjs/react-dom.development.js:25889:20)
      at performConcurrentWorkOnRoot (node_modules/react-dom/cjs/react-dom.development.js:25789:22)
      at flushActQueue (node_modules/react/cjs/react.development.js:2667:24)
      at act (node_modules/react/cjs/react.development.js:2582:11)
      at node_modules/@testing-library/react/dist/act-compat.js:46:25
      at renderRoot (node_modules/@testing-library/react/dist/pure.js:189:26)
      at render (node_modules/@testing-library/react/dist/pure.js:291:10)
      at renderCalendar (src/components/CalendarView.test.js:36:16)
      at Object.<anonymous> (src/components/CalendarView.test.js:170:5)

  ● CalendarView interactions › custom block input safely bounds invalid duration lengths

    TypeError: Cannot destructure property 'basename' of 'React.useContext(...)' as it is null.

    [0m [90m 34 |[39m
     [90m 35 |[39m [36mconst[39m renderCalendar [33m=[39m (overrides [33m=[39m {}) [33m=>[39m {
    [31m[1m>[22m[39m[90m 36 |[39m   [36mreturn[39m render([33m<[39m[33mCalendarView[39m {[33m...[39mdefaultProps} {[33m...[39moverrides} [33m/[39m[33m>[39m)[33m;[39m
     [90m    |[39m                [31m[1m^[22m[39m
     [90m 37 |[39m }[33m;[39m
     [90m 38 |[39m
     [90m 39 |[39m describe([32m'CalendarView rendering'[39m[33m,[39m () [33m=>[39m {[0m

      at LinkWithRef (node_modules/react-router/dist/development/chunk-2YMDXNOJ.js:399:11)
      at renderWithHooks (node_modules/react-dom/cjs/react-dom.development.js:15486:18)
      at updateForwardRef (node_modules/react-dom/cjs/react-dom.development.js:19245:20)
      at beginWork (node_modules/react-dom/cjs/react-dom.development.js:21675:16)
      at beginWork$1 (node_modules/react-dom/cjs/react-dom.development.js:27465:14)
      at performUnitOfWork (node_modules/react-dom/cjs/react-dom.development.js:26599:12)
      at workLoopSync (node_modules/react-dom/cjs/react-dom.development.js:26505:5)
      at renderRootSync (node_modules/react-dom/cjs/react-dom.development.js:26473:7)
      at recoverFromConcurrentError (node_modules/react-dom/cjs/react-dom.development.js:25889:20)
      at performConcurrentWorkOnRoot (node_modules/react-dom/cjs/react-dom.development.js:25789:22)
      at flushActQueue (node_modules/react/cjs/react.development.js:2667:24)
      at act (node_modules/react/cjs/react.development.js:2582:11)
      at node_modules/@testing-library/react/dist/act-compat.js:46:25
      at renderRoot (node_modules/@testing-library/react/dist/pure.js:189:26)
      at render (node_modules/@testing-library/react/dist/pure.js:291:10)
      at renderCalendar (src/components/CalendarView.test.js:36:16)
      at Object.<anonymous> (src/components/CalendarView.test.js:189:5)

  ● CalendarView interactions › handles state transfer from Block mode back to Flexible smoothly

    TypeError: Cannot destructure property 'basename' of 'React.useContext(...)' as it is null.

    [0m [90m 34 |[39m
     [90m 35 |[39m [36mconst[39m renderCalendar [33m=[39m (overrides [33m=[39m {}) [33m=>[39m {
    [31m[1m>[22m[39m[90m 36 |[39m   [36mreturn[39m render([33m<[39m[33mCalendarView[39m {[33m...[39mdefaultProps} {[33m...[39moverrides} [33m/[39m[33m>[39m)[33m;[39m
     [90m    |[39m                [31m[1m^[22m[39m
     [90m 37 |[39m }[33m;[39m
     [90m 38 |[39m
     [90m 39 |[39m describe([32m'CalendarView rendering'[39m[33m,[39m () [33m=>[39m {[0m

      at LinkWithRef (node_modules/react-router/dist/development/chunk-2YMDXNOJ.js:399:11)
      at renderWithHooks (node_modules/react-dom/cjs/react-dom.development.js:15486:18)
      at updateForwardRef (node_modules/react-dom/cjs/react-dom.development.js:19245:20)
      at beginWork (node_modules/react-dom/cjs/react-dom.development.js:21675:16)
      at beginWork$1 (node_modules/react-dom/cjs/react-dom.development.js:27465:14)
      at performUnitOfWork (node_modules/react-dom/cjs/react-dom.development.js:26599:12)
      at workLoopSync (node_modules/react-dom/cjs/react-dom.development.js:26505:5)
      at renderRootSync (node_modules/react-dom/cjs/react-dom.development.js:26473:7)
      at recoverFromConcurrentError (node_modules/react-dom/cjs/react-dom.development.js:25889:20)
      at performConcurrentWorkOnRoot (node_modules/react-dom/cjs/react-dom.development.js:25789:22)
      at flushActQueue (node_modules/react/cjs/react.development.js:2667:24)
      at act (node_modules/react/cjs/react.development.js:2582:11)
      at node_modules/@testing-library/react/dist/act-compat.js:46:25
      at renderRoot (node_modules/@testing-library/react/dist/pure.js:189:26)
      at render (node_modules/@testing-library/react/dist/pure.js:291:10)
      at renderCalendar (src/components/CalendarView.test.js:36:16)
      at Object.<anonymous> (src/components/CalendarView.test.js:207:5)

  ● CalendarView interactions › saved days appear as selected

    TypeError: Cannot destructure property 'basename' of 'React.useContext(...)' as it is null.

    [0m [90m 34 |[39m
     [90m 35 |[39m [36mconst[39m renderCalendar [33m=[39m (overrides [33m=[39m {}) [33m=>[39m {
    [31m[1m>[22m[39m[90m 36 |[39m   [36mreturn[39m render([33m<[39m[33mCalendarView[39m {[33m...[39mdefaultProps} {[33m...[39moverrides} [33m/[39m[33m>[39m)[33m;[39m
     [90m    |[39m                [31m[1m^[22m[39m
     [90m 37 |[39m }[33m;[39m
     [90m 38 |[39m
     [90m 39 |[39m describe([32m'CalendarView rendering'[39m[33m,[39m () [33m=>[39m {[0m

      at LinkWithRef (node_modules/react-router/dist/development/chunk-2YMDXNOJ.js:399:11)
      at renderWithHooks (node_modules/react-dom/cjs/react-dom.development.js:15486:18)
      at updateForwardRef (node_modules/react-dom/cjs/react-dom.development.js:19245:20)
      at beginWork (node_modules/react-dom/cjs/react-dom.development.js:21675:16)
      at beginWork$1 (node_modules/react-dom/cjs/react-dom.development.js:27465:14)
      at performUnitOfWork (node_modules/react-dom/cjs/react-dom.development.js:26599:12)
      at workLoopSync (node_modules/react-dom/cjs/react-dom.development.js:26505:5)
      at renderRootSync (node_modules/react-dom/cjs/react-dom.development.js:26473:7)
      at recoverFromConcurrentError (node_modules/react-dom/cjs/react-dom.development.js:25889:20)
      at performConcurrentWorkOnRoot (node_modules/react-dom/cjs/react-dom.development.js:25789:22)
      at flushActQueue (node_modules/react/cjs/react.development.js:2667:24)
      at act (node_modules/react/cjs/react.development.js:2582:11)
      at node_modules/@testing-library/react/dist/act-compat.js:46:25
      at renderRoot (node_modules/@testing-library/react/dist/pure.js:189:26)
      at render (node_modules/@testing-library/react/dist/pure.js:291:10)
      at renderCalendar (src/components/CalendarView.test.js:36:16)
      at Object.<anonymous> (src/components/CalendarView.test.js:233:5)

  ● CalendarView interactions › saved days can be dynamically unselected

    TypeError: Cannot destructure property 'basename' of 'React.useContext(...)' as it is null.

    [0m [90m 34 |[39m
     [90m 35 |[39m [36mconst[39m renderCalendar [33m=[39m (overrides [33m=[39m {}) [33m=>[39m {
    [31m[1m>[22m[39m[90m 36 |[39m   [36mreturn[39m render([33m<[39m[33mCalendarView[39m {[33m...[39mdefaultProps} {[33m...[39moverrides} [33m/[39m[33m>[39m)[33m;[39m
     [90m    |[39m                [31m[1m^[22m[39m
     [90m 37 |[39m }[33m;[39m
     [90m 38 |[39m
     [90m 39 |[39m describe([32m'CalendarView rendering'[39m[33m,[39m () [33m=>[39m {[0m

      at LinkWithRef (node_modules/react-router/dist/development/chunk-2YMDXNOJ.js:399:11)
      at renderWithHooks (node_modules/react-dom/cjs/react-dom.development.js:15486:18)
      at updateForwardRef (node_modules/react-dom/cjs/react-dom.development.js:19245:20)
      at beginWork (node_modules/react-dom/cjs/react-dom.development.js:21675:16)
      at beginWork$1 (node_modules/react-dom/cjs/react-dom.development.js:27465:14)
      at performUnitOfWork (node_modules/react-dom/cjs/react-dom.development.js:26599:12)
      at workLoopSync (node_modules/react-dom/cjs/react-dom.development.js:26505:5)
      at renderRootSync (node_modules/react-dom/cjs/react-dom.development.js:26473:7)
      at recoverFromConcurrentError (node_modules/react-dom/cjs/react-dom.development.js:25889:20)
      at performConcurrentWorkOnRoot (node_modules/react-dom/cjs/react-dom.development.js:25789:22)
      at flushActQueue (node_modules/react/cjs/react.development.js:2667:24)
      at act (node_modules/react/cjs/react.development.js:2582:11)
      at node_modules/@testing-library/react/dist/act-compat.js:46:25
      at renderRoot (node_modules/@testing-library/react/dist/pure.js:189:26)
      at render (node_modules/@testing-library/react/dist/pure.js:291:10)
      at renderCalendar (src/components/CalendarView.test.js:36:16)
      at Object.<anonymous> (src/components/CalendarView.test.js:243:5)

  ● CalendarView interactions › shows day count including saved and new days

    TypeError: Cannot destructure property 'basename' of 'React.useContext(...)' as it is null.

    [0m [90m 34 |[39m
     [90m 35 |[39m [36mconst[39m renderCalendar [33m=[39m (overrides [33m=[39m {}) [33m=>[39m {
    [31m[1m>[22m[39m[90m 36 |[39m   [36mreturn[39m render([33m<[39m[33mCalendarView[39m {[33m...[39mdefaultProps} {[33m...[39moverrides} [33m/[39m[33m>[39m)[33m;[39m
     [90m    |[39m                [31m[1m^[22m[39m
     [90m 37 |[39m }[33m;[39m
     [90m 38 |[39m
     [90m 39 |[39m describe([32m'CalendarView rendering'[39m[33m,[39m () [33m=>[39m {[0m

      at LinkWithRef (node_modules/react-router/dist/development/chunk-2YMDXNOJ.js:399:11)
      at renderWithHooks (node_modules/react-dom/cjs/react-dom.development.js:15486:18)
      at updateForwardRef (node_modules/react-dom/cjs/react-dom.development.js:19245:20)
      at beginWork (node_modules/react-dom/cjs/react-dom.development.js:21675:16)
      at beginWork$1 (node_modules/react-dom/cjs/react-dom.development.js:27465:14)
      at performUnitOfWork (node_modules/react-dom/cjs/react-dom.development.js:26599:12)
      at workLoopSync (node_modules/react-dom/cjs/react-dom.development.js:26505:5)
      at renderRootSync (node_modules/react-dom/cjs/react-dom.development.js:26473:7)
      at recoverFromConcurrentError (node_modules/react-dom/cjs/react-dom.development.js:25889:20)
      at performConcurrentWorkOnRoot (node_modules/react-dom/cjs/react-dom.development.js:25789:22)
      at flushActQueue (node_modules/react/cjs/react.development.js:2667:24)
      at act (node_modules/react/cjs/react.development.js:2582:11)
      at node_modules/@testing-library/react/dist/act-compat.js:46:25
      at renderRoot (node_modules/@testing-library/react/dist/pure.js:189:26)
      at render (node_modules/@testing-library/react/dist/pure.js:291:10)
      at renderCalendar (src/components/CalendarView.test.js:36:16)
      at Object.<anonymous> (src/components/CalendarView.test.js:264:5)

  ● CalendarView interactions › submit button is enabled when savedDays exist but no new days selected

    TypeError: Cannot destructure property 'basename' of 'React.useContext(...)' as it is null.

    [0m [90m 34 |[39m
     [90m 35 |[39m [36mconst[39m renderCalendar [33m=[39m (overrides [33m=[39m {}) [33m=>[39m {
    [31m[1m>[22m[39m[90m 36 |[39m   [36mreturn[39m render([33m<[39m[33mCalendarView[39m {[33m...[39mdefaultProps} {[33m...[39moverrides} [33m/[39m[33m>[39m)[33m;[39m
     [90m    |[39m                [31m[1m^[22m[39m
     [90m 37 |[39m }[33m;[39m
     [90m 38 |[39m
     [90m 39 |[39m describe([32m'CalendarView rendering'[39m[33m,[39m () [33m=>[39m {[0m

      at LinkWithRef (node_modules/react-router/dist/development/chunk-2YMDXNOJ.js:399:11)
      at renderWithHooks (node_modules/react-dom/cjs/react-dom.development.js:15486:18)
      at updateForwardRef (node_modules/react-dom/cjs/react-dom.development.js:19245:20)
      at beginWork (node_modules/react-dom/cjs/react-dom.development.js:21675:16)
      at beginWork$1 (node_modules/react-dom/cjs/react-dom.development.js:27465:14)
      at performUnitOfWork (node_modules/react-dom/cjs/react-dom.development.js:26599:12)
      at workLoopSync (node_modules/react-dom/cjs/react-dom.development.js:26505:5)
      at renderRootSync (node_modules/react-dom/cjs/react-dom.development.js:26473:7)
      at recoverFromConcurrentError (node_modules/react-dom/cjs/react-dom.development.js:25889:20)
      at performConcurrentWorkOnRoot (node_modules/react-dom/cjs/react-dom.development.js:25789:22)
      at flushActQueue (node_modules/react/cjs/react.development.js:2667:24)
      at act (node_modules/react/cjs/react.development.js:2582:11)
      at node_modules/@testing-library/react/dist/act-compat.js:46:25
      at renderRoot (node_modules/@testing-library/react/dist/pure.js:189:26)
      at render (node_modules/@testing-library/react/dist/pure.js:291:10)
      at renderCalendar (src/components/CalendarView.test.js:36:16)
      at Object.<anonymous> (src/components/CalendarView.test.js:282:5)

  ● CalendarView interactions › submit calls onSubmit with correct data

    TypeError: Cannot destructure property 'basename' of 'React.useContext(...)' as it is null.

    [0m [90m 34 |[39m
     [90m 35 |[39m [36mconst[39m renderCalendar [33m=[39m (overrides [33m=[39m {}) [33m=>[39m {
    [31m[1m>[22m[39m[90m 36 |[39m   [36mreturn[39m render([33m<[39m[33mCalendarView[39m {[33m...[39mdefaultProps} {[33m...[39moverrides} [33m/[39m[33m>[39m)[33m;[39m
     [90m    |[39m                [31m[1m^[22m[39m
     [90m 37 |[39m }[33m;[39m
     [90m 38 |[39m
     [90m 39 |[39m describe([32m'CalendarView rendering'[39m[33m,[39m () [33m=>[39m {[0m

      at LinkWithRef (node_modules/react-router/dist/development/chunk-2YMDXNOJ.js:399:11)
      at renderWithHooks (node_modules/react-dom/cjs/react-dom.development.js:15486:18)
      at updateForwardRef (node_modules/react-dom/cjs/react-dom.development.js:19245:20)
      at beginWork (node_modules/react-dom/cjs/react-dom.development.js:21675:16)
      at beginWork$1 (node_modules/react-dom/cjs/react-dom.development.js:27465:14)
      at performUnitOfWork (node_modules/react-dom/cjs/react-dom.development.js:26599:12)
      at workLoopSync (node_modules/react-dom/cjs/react-dom.development.js:26505:5)
      at renderRootSync (node_modules/react-dom/cjs/react-dom.development.js:26473:7)
      at recoverFromConcurrentError (node_modules/react-dom/cjs/react-dom.development.js:25889:20)
      at performConcurrentWorkOnRoot (node_modules/react-dom/cjs/react-dom.development.js:25789:22)
      at flushActQueue (node_modules/react/cjs/react.development.js:2667:24)
      at act (node_modules/react/cjs/react.development.js:2582:11)
      at node_modules/@testing-library/react/dist/act-compat.js:46:25
      at renderRoot (node_modules/@testing-library/react/dist/pure.js:189:26)
      at render (node_modules/@testing-library/react/dist/pure.js:291:10)
      at renderCalendar (src/components/CalendarView.test.js:36:16)
      at Object.<anonymous> (src/components/CalendarView.test.js:293:5)

  ● CalendarView interactions › Save Details Only button submits with empty selectedDays

    TypeError: Cannot destructure property 'basename' of 'React.useContext(...)' as it is null.

    [0m [90m 34 |[39m
     [90m 35 |[39m [36mconst[39m renderCalendar [33m=[39m (overrides [33m=[39m {}) [33m=>[39m {
    [31m[1m>[22m[39m[90m 36 |[39m   [36mreturn[39m render([33m<[39m[33mCalendarView[39m {[33m...[39mdefaultProps} {[33m...[39moverrides} [33m/[39m[33m>[39m)[33m;[39m
     [90m    |[39m                [31m[1m^[22m[39m
     [90m 37 |[39m }[33m;[39m
     [90m 38 |[39m
     [90m 39 |[39m describe([32m'CalendarView rendering'[39m[33m,[39m () [33m=>[39m {[0m

      at LinkWithRef (node_modules/react-router/dist/development/chunk-2YMDXNOJ.js:399:11)
      at renderWithHooks (node_modules/react-dom/cjs/react-dom.development.js:15486:18)
      at updateForwardRef (node_modules/react-dom/cjs/react-dom.development.js:19245:20)
      at beginWork (node_modules/react-dom/cjs/react-dom.development.js:21675:16)
      at beginWork$1 (node_modules/react-dom/cjs/react-dom.development.js:27465:14)
      at performUnitOfWork (node_modules/react-dom/cjs/react-dom.development.js:26599:12)
      at workLoopSync (node_modules/react-dom/cjs/react-dom.development.js:26505:5)
      at renderRootSync (node_modules/react-dom/cjs/react-dom.development.js:26473:7)
      at recoverFromConcurrentError (node_modules/react-dom/cjs/react-dom.development.js:25889:20)
      at performConcurrentWorkOnRoot (node_modules/react-dom/cjs/react-dom.development.js:25789:22)
      at flushActQueue (node_modules/react/cjs/react.development.js:2667:24)
      at act (node_modules/react/cjs/react.development.js:2582:11)
      at node_modules/@testing-library/react/dist/act-compat.js:46:25
      at renderRoot (node_modules/@testing-library/react/dist/pure.js:189:26)
      at render (node_modules/@testing-library/react/dist/pure.js:291:10)
      at renderCalendar (src/components/CalendarView.test.js:36:16)
      at Object.<anonymous> (src/components/CalendarView.test.js:319:5)

  ● CalendarView month navigation › navigates to next month

    TypeError: Cannot destructure property 'basename' of 'React.useContext(...)' as it is null.

    [0m [90m 34 |[39m
     [90m 35 |[39m [36mconst[39m renderCalendar [33m=[39m (overrides [33m=[39m {}) [33m=>[39m {
    [31m[1m>[22m[39m[90m 36 |[39m   [36mreturn[39m render([33m<[39m[33mCalendarView[39m {[33m...[39mdefaultProps} {[33m...[39moverrides} [33m/[39m[33m>[39m)[33m;[39m
     [90m    |[39m                [31m[1m^[22m[39m
     [90m 37 |[39m }[33m;[39m
     [90m 38 |[39m
     [90m 39 |[39m describe([32m'CalendarView rendering'[39m[33m,[39m () [33m=>[39m {[0m

      at LinkWithRef (node_modules/react-router/dist/development/chunk-2YMDXNOJ.js:399:11)
      at renderWithHooks (node_modules/react-dom/cjs/react-dom.development.js:15486:18)
      at updateForwardRef (node_modules/react-dom/cjs/react-dom.development.js:19245:20)
      at beginWork (node_modules/react-dom/cjs/react-dom.development.js:21675:16)
      at beginWork$1 (node_modules/react-dom/cjs/react-dom.development.js:27465:14)
      at performUnitOfWork (node_modules/react-dom/cjs/react-dom.development.js:26599:12)
      at workLoopSync (node_modules/react-dom/cjs/react-dom.development.js:26505:5)
      at renderRootSync (node_modules/react-dom/cjs/react-dom.development.js:26473:7)
      at recoverFromConcurrentError (node_modules/react-dom/cjs/react-dom.development.js:25889:20)
      at performConcurrentWorkOnRoot (node_modules/react-dom/cjs/react-dom.development.js:25789:22)
      at flushActQueue (node_modules/react/cjs/react.development.js:2667:24)
      at act (node_modules/react/cjs/react.development.js:2582:11)
      at node_modules/@testing-library/react/dist/act-compat.js:46:25
      at renderRoot (node_modules/@testing-library/react/dist/pure.js:189:26)
      at render (node_modules/@testing-library/react/dist/pure.js:291:10)
      at renderCalendar (src/components/CalendarView.test.js:36:16)
      at Object.<anonymous> (src/components/CalendarView.test.js:337:5)

  ● CalendarView month navigation › navigates to previous month

    TypeError: Cannot destructure property 'basename' of 'React.useContext(...)' as it is null.

    [0m [90m 34 |[39m
     [90m 35 |[39m [36mconst[39m renderCalendar [33m=[39m (overrides [33m=[39m {}) [33m=>[39m {
    [31m[1m>[22m[39m[90m 36 |[39m   [36mreturn[39m render([33m<[39m[33mCalendarView[39m {[33m...[39mdefaultProps} {[33m...[39moverrides} [33m/[39m[33m>[39m)[33m;[39m
     [90m    |[39m                [31m[1m^[22m[39m
     [90m 37 |[39m }[33m;[39m
     [90m 38 |[39m
     [90m 39 |[39m describe([32m'CalendarView rendering'[39m[33m,[39m () [33m=>[39m {[0m

      at LinkWithRef (node_modules/react-router/dist/development/chunk-2YMDXNOJ.js:399:11)
      at renderWithHooks (node_modules/react-dom/cjs/react-dom.development.js:15486:18)
      at updateForwardRef (node_modules/react-dom/cjs/react-dom.development.js:19245:20)
      at beginWork (node_modules/react-dom/cjs/react-dom.development.js:21675:16)
      at beginWork$1 (node_modules/react-dom/cjs/react-dom.development.js:27465:14)
      at performUnitOfWork (node_modules/react-dom/cjs/react-dom.development.js:26599:12)
      at workLoopSync (node_modules/react-dom/cjs/react-dom.development.js:26505:5)
      at renderRootSync (node_modules/react-dom/cjs/react-dom.development.js:26473:7)
      at recoverFromConcurrentError (node_modules/react-dom/cjs/react-dom.development.js:25889:20)
      at performConcurrentWorkOnRoot (node_modules/react-dom/cjs/react-dom.development.js:25789:22)
      at flushActQueue (node_modules/react/cjs/react.development.js:2667:24)
      at act (node_modules/react/cjs/react.development.js:2582:11)
      at node_modules/@testing-library/react/dist/act-compat.js:46:25
      at renderRoot (node_modules/@testing-library/react/dist/pure.js:189:26)
      at render (node_modules/@testing-library/react/dist/pure.js:291:10)
      at renderCalendar (src/components/CalendarView.test.js:36:16)
      at Object.<anonymous> (src/components/CalendarView.test.js:349:5)

  ● CalendarView month navigation › cannot navigate before start month

    TypeError: Cannot destructure property 'basename' of 'React.useContext(...)' as it is null.

    [0m [90m 34 |[39m
     [90m 35 |[39m [36mconst[39m renderCalendar [33m=[39m (overrides [33m=[39m {}) [33m=>[39m {
    [31m[1m>[22m[39m[90m 36 |[39m   [36mreturn[39m render([33m<[39m[33mCalendarView[39m {[33m...[39mdefaultProps} {[33m...[39moverrides} [33m/[39m[33m>[39m)[33m;[39m
     [90m    |[39m                [31m[1m^[22m[39m
     [90m 37 |[39m }[33m;[39m
     [90m 38 |[39m
     [90m 39 |[39m describe([32m'CalendarView rendering'[39m[33m,[39m () [33m=>[39m {[0m

      at LinkWithRef (node_modules/react-router/dist/development/chunk-2YMDXNOJ.js:399:11)
      at renderWithHooks (node_modules/react-dom/cjs/react-dom.development.js:15486:18)
      at updateForwardRef (node_modules/react-dom/cjs/react-dom.development.js:19245:20)
      at beginWork (node_modules/react-dom/cjs/react-dom.development.js:21675:16)
      at beginWork$1 (node_modules/react-dom/cjs/react-dom.development.js:27465:14)
      at performUnitOfWork (node_modules/react-dom/cjs/react-dom.development.js:26599:12)
      at workLoopSync (node_modules/react-dom/cjs/react-dom.development.js:26505:5)
      at renderRootSync (node_modules/react-dom/cjs/react-dom.development.js:26473:7)
      at recoverFromConcurrentError (node_modules/react-dom/cjs/react-dom.development.js:25889:20)
      at performConcurrentWorkOnRoot (node_modules/react-dom/cjs/react-dom.development.js:25789:22)
      at flushActQueue (node_modules/react/cjs/react.development.js:2667:24)
      at act (node_modules/react/cjs/react.development.js:2582:11)
      at node_modules/@testing-library/react/dist/act-compat.js:46:25
      at renderRoot (node_modules/@testing-library/react/dist/pure.js:189:26)
      at render (node_modules/@testing-library/react/dist/pure.js:291:10)
      at renderCalendar (src/components/CalendarView.test.js:36:16)
      at Object.<anonymous> (src/components/CalendarView.test.js:364:5)

  ● CalendarView month navigation › cannot navigate past end month

    TypeError: Cannot destructure property 'basename' of 'React.useContext(...)' as it is null.

    [0m [90m 34 |[39m
     [90m 35 |[39m [36mconst[39m renderCalendar [33m=[39m (overrides [33m=[39m {}) [33m=>[39m {
    [31m[1m>[22m[39m[90m 36 |[39m   [36mreturn[39m render([33m<[39m[33mCalendarView[39m {[33m...[39mdefaultProps} {[33m...[39moverrides} [33m/[39m[33m>[39m)[33m;[39m
     [90m    |[39m                [31m[1m^[22m[39m
     [90m 37 |[39m }[33m;[39m
     [90m 38 |[39m
     [90m 39 |[39m describe([32m'CalendarView rendering'[39m[33m,[39m () [33m=>[39m {[0m

      at LinkWithRef (node_modules/react-router/dist/development/chunk-2YMDXNOJ.js:399:11)
      at renderWithHooks (node_modules/react-dom/cjs/react-dom.development.js:15486:18)
      at updateForwardRef (node_modules/react-dom/cjs/react-dom.development.js:19245:20)
      at beginWork (node_modules/react-dom/cjs/react-dom.development.js:21675:16)
      at beginWork$1 (node_modules/react-dom/cjs/react-dom.development.js:27465:14)
      at performUnitOfWork (node_modules/react-dom/cjs/react-dom.development.js:26599:12)
      at workLoopSync (node_modules/react-dom/cjs/react-dom.development.js:26505:5)
      at renderRootSync (node_modules/react-dom/cjs/react-dom.development.js:26473:7)
      at recoverFromConcurrentError (node_modules/react-dom/cjs/react-dom.development.js:25889:20)
      at performConcurrentWorkOnRoot (node_modules/react-dom/cjs/react-dom.development.js:25789:22)
      at flushActQueue (node_modules/react/cjs/react.development.js:2667:24)
      at act (node_modules/react/cjs/react.development.js:2582:11)
      at node_modules/@testing-library/react/dist/act-compat.js:46:25
      at renderRoot (node_modules/@testing-library/react/dist/pure.js:189:26)
      at render (node_modules/@testing-library/react/dist/pure.js:291:10)
      at renderCalendar (src/components/CalendarView.test.js:36:16)
      at Object.<anonymous> (src/components/CalendarView.test.js:375:5)

  ● CalendarView edge cases › handles cross-year date range

    TypeError: Cannot destructure property 'basename' of 'React.useContext(...)' as it is null.

    [0m [90m 34 |[39m
     [90m 35 |[39m [36mconst[39m renderCalendar [33m=[39m (overrides [33m=[39m {}) [33m=>[39m {
    [31m[1m>[22m[39m[90m 36 |[39m   [36mreturn[39m render([33m<[39m[33mCalendarView[39m {[33m...[39mdefaultProps} {[33m...[39moverrides} [33m/[39m[33m>[39m)[33m;[39m
     [90m    |[39m                [31m[1m^[22m[39m
     [90m 37 |[39m }[33m;[39m
     [90m 38 |[39m
     [90m 39 |[39m describe([32m'CalendarView rendering'[39m[33m,[39m () [33m=>[39m {[0m

      at LinkWithRef (node_modules/react-router/dist/development/chunk-2YMDXNOJ.js:399:11)
      at renderWithHooks (node_modules/react-dom/cjs/react-dom.development.js:15486:18)
      at updateForwardRef (node_modules/react-dom/cjs/react-dom.development.js:19245:20)
      at beginWork (node_modules/react-dom/cjs/react-dom.development.js:21675:16)
      at beginWork$1 (node_modules/react-dom/cjs/react-dom.development.js:27465:14)
      at performUnitOfWork (node_modules/react-dom/cjs/react-dom.development.js:26599:12)
      at workLoopSync (node_modules/react-dom/cjs/react-dom.development.js:26505:5)
      at renderRootSync (node_modules/react-dom/cjs/react-dom.development.js:26473:7)
      at recoverFromConcurrentError (node_modules/react-dom/cjs/react-dom.development.js:25889:20)
      at performConcurrentWorkOnRoot (node_modules/react-dom/cjs/react-dom.development.js:25789:22)
      at flushActQueue (node_modules/react/cjs/react.development.js:2667:24)
      at act (node_modules/react/cjs/react.development.js:2582:11)
      at node_modules/@testing-library/react/dist/act-compat.js:46:25
      at renderRoot (node_modules/@testing-library/react/dist/pure.js:189:26)
      at render (node_modules/@testing-library/react/dist/pure.js:291:10)
      at renderCalendar (src/components/CalendarView.test.js:36:16)
      at Object.<anonymous> (src/components/CalendarView.test.js:388:5)

  ● CalendarView edge cases › block mode near end of range clips to range boundary

    TypeError: Cannot destructure property 'basename' of 'React.useContext(...)' as it is null.

    [0m [90m 34 |[39m
     [90m 35 |[39m [36mconst[39m renderCalendar [33m=[39m (overrides [33m=[39m {}) [33m=>[39m {
    [31m[1m>[22m[39m[90m 36 |[39m   [36mreturn[39m render([33m<[39m[33mCalendarView[39m {[33m...[39mdefaultProps} {[33m...[39moverrides} [33m/[39m[33m>[39m)[33m;[39m
     [90m    |[39m                [31m[1m^[22m[39m
     [90m 37 |[39m }[33m;[39m
     [90m 38 |[39m
     [90m 39 |[39m describe([32m'CalendarView rendering'[39m[33m,[39m () [33m=>[39m {[0m

      at LinkWithRef (node_modules/react-router/dist/development/chunk-2YMDXNOJ.js:399:11)
      at renderWithHooks (node_modules/react-dom/cjs/react-dom.development.js:15486:18)
      at updateForwardRef (node_modules/react-dom/cjs/react-dom.development.js:19245:20)
      at beginWork (node_modules/react-dom/cjs/react-dom.development.js:21675:16)
      at beginWork$1 (node_modules/react-dom/cjs/react-dom.development.js:27465:14)
      at performUnitOfWork (node_modules/react-dom/cjs/react-dom.development.js:26599:12)
      at workLoopSync (node_modules/react-dom/cjs/react-dom.development.js:26505:5)
      at renderRootSync (node_modules/react-dom/cjs/react-dom.development.js:26473:7)
      at recoverFromConcurrentError (node_modules/react-dom/cjs/react-dom.development.js:25889:20)
      at performConcurrentWorkOnRoot (node_modules/react-dom/cjs/react-dom.development.js:25789:22)
      at flushActQueue (node_modules/react/cjs/react.development.js:2667:24)
      at act (node_modules/react/cjs/react.development.js:2582:11)
      at node_modules/@testing-library/react/dist/act-compat.js:46:25
      at renderRoot (node_modules/@testing-library/react/dist/pure.js:189:26)
      at render (node_modules/@testing-library/react/dist/pure.js:291:10)
      at renderCalendar (src/components/CalendarView.test.js:36:16)
      at Object.<anonymous> (src/components/CalendarView.test.js:400:5)

  ● CalendarView edge cases › block mode does not select days outside range

    TypeError: Cannot destructure property 'basename' of 'React.useContext(...)' as it is null.

    [0m [90m 34 |[39m
     [90m 35 |[39m [36mconst[39m renderCalendar [33m=[39m (overrides [33m=[39m {}) [33m=>[39m {
    [31m[1m>[22m[39m[90m 36 |[39m   [36mreturn[39m render([33m<[39m[33mCalendarView[39m {[33m...[39mdefaultProps} {[33m...[39moverrides} [33m/[39m[33m>[39m)[33m;[39m
     [90m    |[39m                [31m[1m^[22m[39m
     [90m 37 |[39m }[33m;[39m
     [90m 38 |[39m
     [90m 39 |[39m describe([32m'CalendarView rendering'[39m[33m,[39m () [33m=>[39m {[0m

      at LinkWithRef (node_modules/react-router/dist/development/chunk-2YMDXNOJ.js:399:11)
      at renderWithHooks (node_modules/react-dom/cjs/react-dom.development.js:15486:18)
      at updateForwardRef (node_modules/react-dom/cjs/react-dom.development.js:19245:20)
      at beginWork (node_modules/react-dom/cjs/react-dom.development.js:21675:16)
      at beginWork$1 (node_modules/react-dom/cjs/react-dom.development.js:27465:14)
      at performUnitOfWork (node_modules/react-dom/cjs/react-dom.development.js:26599:12)
      at workLoopSync (node_modules/react-dom/cjs/react-dom.development.js:26505:5)
      at renderRootSync (node_modules/react-dom/cjs/react-dom.development.js:26473:7)
      at recoverFromConcurrentError (node_modules/react-dom/cjs/react-dom.development.js:25889:20)
      at performConcurrentWorkOnRoot (node_modules/react-dom/cjs/react-dom.development.js:25789:22)
      at flushActQueue (node_modules/react/cjs/react.development.js:2667:24)
      at act (node_modules/react/cjs/react.development.js:2582:11)
      at node_modules/@testing-library/react/dist/act-compat.js:46:25
      at renderRoot (node_modules/@testing-library/react/dist/pure.js:189:26)
      at render (node_modules/@testing-library/react/dist/pure.js:291:10)
      at renderCalendar (src/components/CalendarView.test.js:36:16)
      at Object.<anonymous> (src/components/CalendarView.test.js:419:5)

  ● CalendarView edge cases › block mode deselects days when all block days are already selected

    TypeError: Cannot destructure property 'basename' of 'React.useContext(...)' as it is null.

    [0m [90m 34 |[39m
     [90m 35 |[39m [36mconst[39m renderCalendar [33m=[39m (overrides [33m=[39m {}) [33m=>[39m {
    [31m[1m>[22m[39m[90m 36 |[39m   [36mreturn[39m render([33m<[39m[33mCalendarView[39m {[33m...[39mdefaultProps} {[33m...[39moverrides} [33m/[39m[33m>[39m)[33m;[39m
     [90m    |[39m                [31m[1m^[22m[39m
     [90m 37 |[39m }[33m;[39m
     [90m 38 |[39m
     [90m 39 |[39m describe([32m'CalendarView rendering'[39m[33m,[39m () [33m=>[39m {[0m

      at LinkWithRef (node_modules/react-router/dist/development/chunk-2YMDXNOJ.js:399:11)
      at renderWithHooks (node_modules/react-dom/cjs/react-dom.development.js:15486:18)
      at updateForwardRef (node_modules/react-dom/cjs/react-dom.development.js:19245:20)
      at beginWork (node_modules/react-dom/cjs/react-dom.development.js:21675:16)
      at beginWork$1 (node_modules/react-dom/cjs/react-dom.development.js:27465:14)
      at performUnitOfWork (node_modules/react-dom/cjs/react-dom.development.js:26599:12)
      at workLoopSync (node_modules/react-dom/cjs/react-dom.development.js:26505:5)
      at renderRootSync (node_modules/react-dom/cjs/react-dom.development.js:26473:7)
      at recoverFromConcurrentError (node_modules/react-dom/cjs/react-dom.development.js:25889:20)
      at performConcurrentWorkOnRoot (node_modules/react-dom/cjs/react-dom.development.js:25789:22)
      at flushActQueue (node_modules/react/cjs/react.development.js:2667:24)
      at act (node_modules/react/cjs/react.development.js:2582:11)
      at node_modules/@testing-library/react/dist/act-compat.js:46:25
      at renderRoot (node_modules/@testing-library/react/dist/pure.js:189:26)
      at render (node_modules/@testing-library/react/dist/pure.js:291:10)
      at renderCalendar (src/components/CalendarView.test.js:36:16)
      at Object.<anonymous> (src/components/CalendarView.test.js:439:5)

PASS src/components/AdminPanel.test.js
  ● Console

    console.error
      [Admin Panel] handleCreateParticipant failed: Error: Server error
          at Object.<anonymous> (C:\Users\leotm\Desktop\Projetos\Programming\vacation-scheduler\src\components\AdminPanel.test.js:228:46)
          at Promise.then.completed (C:\Users\leotm\Desktop\Projetos\Programming\vacation-scheduler\node_modules\jest-circus\build\utils.js:391:28)
          at new Promise (<anonymous>)
          at callAsyncCircusFn (C:\Users\leotm\Desktop\Projetos\Programming\vacation-scheduler\node_modules\jest-circus\build\utils.js:316:10)
          at _callCircusTest (C:\Users\leotm\Desktop\Projetos\Programming\vacation-scheduler\node_modules\jest-circus\build\run.js:218:40)
          at _runTest (C:\Users\leotm\Desktop\Projetos\Programming\vacation-scheduler\node_modules\jest-circus\build\run.js:155:3)
          at _runTestsForDescribeBlock (C:\Users\leotm\Desktop\Projetos\Programming\vacation-scheduler\node_modules\jest-circus\build\run.js:66:9)
          at _runTestsForDescribeBlock (C:\Users\leotm\Desktop\Projetos\Programming\vacation-scheduler\node_modules\jest-circus\build\run.js:60:9)
          at run (C:\Users\leotm\Desktop\Projetos\Programming\vacation-scheduler\node_modules\jest-circus\build\run.js:25:3)
          at runAndTransformResultsToJestFormat (C:\Users\leotm\Desktop\Projetos\Programming\vacation-scheduler\node_modules\jest-circus\build\legacy-code-todo-rewrite\jestAdapterInit.js:170:21)
          at jestAdapter (C:\Users\leotm\Desktop\Projetos\Programming\vacation-scheduler\node_modules\jest-circus\build\legacy-code-todo-rewrite\jestAdapter.js:82:19)
          at runTestInternal (C:\Users\leotm\Desktop\Projetos\Programming\vacation-scheduler\node_modules\jest-runner\build\runTest.js:389:16)
          at runTest (C:\Users\leotm\Desktop\Projetos\Programming\vacation-scheduler\node_modules\jest-runner\build\runTest.js:475:34)
          at Object.worker (C:\Users\leotm\Desktop\Projetos\Programming\vacation-scheduler\node_modules\jest-runner\build\testWorker.js:133:12)

    [0m [90m 63 |[39m       setParticipants(prev [33m=>[39m prev[33m.[39mfilter(p [33m=>[39m p[33m.[39mid [33m!==[39m tempId))[33m;[39m
     [90m 64 |[39m     } [36mcatch[39m (err) {
    [31m[1m>[22m[39m[90m 65 |[39m       console[33m.[39merror([32m'[Admin Panel] handleCreateParticipant failed:'[39m[33m,[39m err)[33m;[39m
     [90m    |[39m               [31m[1m^[22m[39m
     [90m 66 |[39m       [90m// Revert optimistic participant from list, but KEEP form inputs so user can retry[39m
     [90m 67 |[39m       setParticipants(prev [33m=>[39m prev[33m.[39mfilter(p [33m=>[39m p[33m.[39mid [33m!==[39m tempId))[33m;[39m
     [90m 68 |[39m[0m

      at src/features/admin/hooks/useParticipantActions.js:65:15

    console.error
      [Admin Panel] handleEditParticipant failed: Error: A participant with this name already exists.
          at Object.<anonymous> (C:\Users\leotm\Desktop\Projetos\Programming\vacation-scheduler\src\components\AdminPanel.test.js:309:49)
          at Promise.then.completed (C:\Users\leotm\Desktop\Projetos\Programming\vacation-scheduler\node_modules\jest-circus\build\utils.js:391:28)
          at new Promise (<anonymous>)
          at callAsyncCircusFn (C:\Users\leotm\Desktop\Projetos\Programming\vacation-scheduler\node_modules\jest-circus\build\utils.js:316:10)
          at _callCircusTest (C:\Users\leotm\Desktop\Projetos\Programming\vacation-scheduler\node_modules\jest-circus\build\run.js:218:40)
          at runNextTicks (node:internal/process/task_queues:64:5)
          at listOnTimeout (node:internal/timers:567:9)
          at processTimers (node:internal/timers:541:7)
          at _runTest (C:\Users\leotm\Desktop\Projetos\Programming\vacation-scheduler\node_modules\jest-circus\build\run.js:155:3)
          at _runTestsForDescribeBlock (C:\Users\leotm\Desktop\Projetos\Programming\vacation-scheduler\node_modules\jest-circus\build\run.js:66:9)
          at _runTestsForDescribeBlock (C:\Users\leotm\Desktop\Projetos\Programming\vacation-scheduler\node_modules\jest-circus\build\run.js:60:9)
          at run (C:\Users\leotm\Desktop\Projetos\Programming\vacation-scheduler\node_modules\jest-circus\build\run.js:25:3)
          at runAndTransformResultsToJestFormat (C:\Users\leotm\Desktop\Projetos\Programming\vacation-scheduler\node_modules\jest-circus\build\legacy-code-todo-rewrite\jestAdapterInit.js:170:21)
          at jestAdapter (C:\Users\leotm\Desktop\Projetos\Programming\vacation-scheduler\node_modules\jest-circus\build\legacy-code-todo-rewrite\jestAdapter.js:82:19)
          at runTestInternal (C:\Users\leotm\Desktop\Projetos\Programming\vacation-scheduler\node_modules\jest-runner\build\runTest.js:389:16)
          at runTest (C:\Users\leotm\Desktop\Projetos\Programming\vacation-scheduler\node_modules\jest-runner\build\runTest.js:475:34)
          at Object.worker (C:\Users\leotm\Desktop\Projetos\Programming\vacation-scheduler\node_modules\jest-runner\build\testWorker.js:133:12)

    [0m [90m 121 |[39m       setEditingParticipant([36mnull[39m)[33m;[39m
     [90m 122 |[39m     } [36mcatch[39m (err) {
    [31m[1m>[22m[39m[90m 123 |[39m       console[33m.[39merror([32m'[Admin Panel] handleEditParticipant failed:'[39m[33m,[39m err)[33m;[39m
     [90m     |[39m               [31m[1m^[22m[39m
     [90m 124 |[39m       [36mif[39m (originalEntry) {
     [90m 125 |[39m         setParticipants(prev [33m=>[39m {
     [90m 126 |[39m           [36mconst[39m exists [33m=[39m prev[33m.[39msome(p [33m=>[39m p[33m.[39mid [33m===[39m editId)[33m;[39m[0m

      at src/features/admin/hooks/useParticipantActions.js:123:15

    console.error
      [Admin Panel] handleDeleteParticipant failed: Error: Network error
          at Object.<anonymous> (C:\Users\leotm\Desktop\Projetos\Programming\vacation-scheduler\src\components\AdminPanel.test.js:362:49)
          at Promise.then.completed (C:\Users\leotm\Desktop\Projetos\Programming\vacation-scheduler\node_modules\jest-circus\build\utils.js:391:28)
          at new Promise (<anonymous>)
          at callAsyncCircusFn (C:\Users\leotm\Desktop\Projetos\Programming\vacation-scheduler\node_modules\jest-circus\build\utils.js:316:10)
          at _callCircusTest (C:\Users\leotm\Desktop\Projetos\Programming\vacation-scheduler\node_modules\jest-circus\build\run.js:218:40)
          at _runTest (C:\Users\leotm\Desktop\Projetos\Programming\vacation-scheduler\node_modules\jest-circus\build\run.js:155:3)
          at _runTestsForDescribeBlock (C:\Users\leotm\Desktop\Projetos\Programming\vacation-scheduler\node_modules\jest-circus\build\run.js:66:9)
          at _runTestsForDescribeBlock (C:\Users\leotm\Desktop\Projetos\Programming\vacation-scheduler\node_modules\jest-circus\build\run.js:60:9)
          at run (C:\Users\leotm\Desktop\Projetos\Programming\vacation-scheduler\node_modules\jest-circus\build\run.js:25:3)
          at runAndTransformResultsToJestFormat (C:\Users\leotm\Desktop\Projetos\Programming\vacation-scheduler\node_modules\jest-circus\build\legacy-code-todo-rewrite\jestAdapterInit.js:170:21)
          at jestAdapter (C:\Users\leotm\Desktop\Projetos\Programming\vacation-scheduler\node_modules\jest-circus\build\legacy-code-todo-rewrite\jestAdapter.js:82:19)
          at runTestInternal (C:\Users\leotm\Desktop\Projetos\Programming\vacation-scheduler\node_modules\jest-runner\build\runTest.js:389:16)
          at runTest (C:\Users\leotm\Desktop\Projetos\Programming\vacation-scheduler\node_modules\jest-runner\build\runTest.js:475:34)
          at Object.worker (C:\Users\leotm\Desktop\Projetos\Programming\vacation-scheduler\node_modules\jest-runner\build\testWorker.js:133:12)

    [0m [90m 162 |[39m       setDeletingParticipant([36mnull[39m)[33m;[39m
     [90m 163 |[39m     } [36mcatch[39m (err) {
    [31m[1m>[22m[39m[90m 164 |[39m       console[33m.[39merror([32m'[Admin Panel] handleDeleteParticipant failed:'[39m[33m,[39m err)[33m;[39m
     [90m     |[39m               [31m[1m^[22m[39m
     [90m 165 |[39m       setParticipants(prev [33m=>[39m {
     [90m 166 |[39m         [36mconst[39m exists [33m=[39m prev[33m.[39msome(p [33m=>[39m p[33m.[39mid [33m===[39m deleteId)[33m;[39m
     [90m 167 |[39m         [36mreturn[39m exists [33m?[39m prev [33m:[39m [[33m...[39mprev[33m,[39m originalEntry][33m;[39m[0m

      at src/features/admin/hooks/useParticipantActions.js:164:15

    console.error
      [Admin Panel] handleSendInvite failed: Error: Email service error
          at apiCall (C:\Users\leotm\Desktop\Projetos\Programming\vacation-scheduler\src\services\apiService.js:32:19)
          at C:\Users\leotm\Desktop\Projetos\Programming\vacation-scheduler\src\features\admin\hooks\useParticipantActions.js:200:7

    [0m [90m 211 |[39m       addNotification({ type[33m:[39m [32m'success'[39m[33m,[39m title[33m:[39m [32m'Invite Sent'[39m[33m,[39m message[33m:[39m [32m`Invitation email sent to ${participant.email}.`[39m })[33m;[39m
     [90m 212 |[39m     } [36mcatch[39m (err) {
    [31m[1m>[22m[39m[90m 213 |[39m       console[33m.[39merror([32m'[Admin Panel] handleSendInvite failed:'[39m[33m,[39m err)[33m;[39m
     [90m     |[39m               [31m[1m^[22m[39m
     [90m 214 |[39m       addNotification({ type[33m:[39m [32m'error'[39m[33m,[39m title[33m:[39m [32m'Invite Failed'[39m[33m,[39m message[33m:[39m err[33m.[39mmessage [33m||[39m [32m'Failed to send invite.'[39m })[33m;[39m
     [90m 215 |[39m     } [36mfinally[39m {
     [90m 216 |[39m       setInviteSendingId([36mnull[39m)[33m;[39m[0m

      at src/features/admin/hooks/useParticipantActions.js:213:15

    console.error
      [Admin Panel] handleSendInvite failed: Error: You appear to be offline or the network failed to reach the server.
          at apiCall (C:\Users\leotm\Desktop\Projetos\Programming\vacation-scheduler\src\services\apiService.js:40:19)
          at C:\Users\leotm\Desktop\Projetos\Programming\vacation-scheduler\src\features\admin\hooks\useParticipantActions.js:200:7

    [0m [90m 211 |[39m       addNotification({ type[33m:[39m [32m'success'[39m[33m,[39m title[33m:[39m [32m'Invite Sent'[39m[33m,[39m message[33m:[39m [32m`Invitation email sent to ${participant.email}.`[39m })[33m;[39m
     [90m 212 |[39m     } [36mcatch[39m (err) {
    [31m[1m>[22m[39m[90m 213 |[39m       console[33m.[39merror([32m'[Admin Panel] handleSendInvite failed:'[39m[33m,[39m err)[33m;[39m
     [90m     |[39m               [31m[1m^[22m[39m
     [90m 214 |[39m       addNotification({ type[33m:[39m [32m'error'[39m[33m,[39m title[33m:[39m [32m'Invite Failed'[39m[33m,[39m message[33m:[39m err[33m.[39mmessage [33m||[39m [32m'Failed to send invite.'[39m })[33m;[39m
     [90m 215 |[39m     } [36mfinally[39m {
     [90m 216 |[39m       setInviteSendingId([36mnull[39m)[33m;[39m[0m

      at src/features/admin/hooks/useParticipantActions.js:213:15

PASS src/features/recovery/RecoverAdminForm.test.js
  ● Console

    console.error
      [Admin Recovery Error] handleSubmit failed: Error: Incorrect recovery passphrase
          at apiCall (C:\Users\leotm\Desktop\Projetos\Programming\vacation-scheduler\src\services\apiService.js:32:19)
          at handleSubmit (C:\Users\leotm\Desktop\Projetos\Programming\vacation-scheduler\src\features\recovery\RecoverAdminForm.jsx:65:26)

    [0m [90m 78 |[39m             onSuccess(groupId[33m.[39mtrim()[33m,[39m data[33m.[39madminToken)[33m;[39m
     [90m 79 |[39m         } [36mcatch[39m (err) {
    [31m[1m>[22m[39m[90m 80 |[39m             console[33m.[39merror([32m'[Admin Recovery Error] handleSubmit failed:'[39m[33m,[39m err)[33m;[39m
     [90m    |[39m                     [31m[1m^[22m[39m
     [90m 81 |[39m             addNotification({
     [90m 82 |[39m                 type[33m:[39m [32m'error'[39m[33m,[39m
     [90m 83 |[39m                 title[33m:[39m [32m'Error'[39m[33m,[39m[0m

      at handleSubmit (src/features/recovery/RecoverAdminForm.jsx:80:21)

    console.error
      [Admin Recovery Error] handleSubmit failed: Error: You appear to be offline or the network failed to reach the server.
          at apiCall (C:\Users\leotm\Desktop\Projetos\Programming\vacation-scheduler\src\services\apiService.js:40:19)
          at handleSubmit (C:\Users\leotm\Desktop\Projetos\Programming\vacation-scheduler\src\features\recovery\RecoverAdminForm.jsx:65:26)

    [0m [90m 78 |[39m             onSuccess(groupId[33m.[39mtrim()[33m,[39m data[33m.[39madminToken)[33m;[39m
     [90m 79 |[39m         } [36mcatch[39m (err) {
    [31m[1m>[22m[39m[90m 80 |[39m             console[33m.[39merror([32m'[Admin Recovery Error] handleSubmit failed:'[39m[33m,[39m err)[33m;[39m
     [90m    |[39m                     [31m[1m^[22m[39m
     [90m 81 |[39m             addNotification({
     [90m 82 |[39m                 type[33m:[39m [32m'error'[39m[33m,[39m
     [90m 83 |[39m                 title[33m:[39m [32m'Error'[39m[33m,[39m[0m

      at handleSubmit (src/features/recovery/RecoverAdminForm.jsx:80:21)

    console.error
      [Admin Recovery Error] handleSubmit failed: Error: Search failed
          at apiCall (C:\Users\leotm\Desktop\Projetos\Programming\vacation-scheduler\src\services\apiService.js:32:19)
          at handleSubmit (C:\Users\leotm\Desktop\Projetos\Programming\vacation-scheduler\src\features\recovery\RecoverAdminForm.jsx:39:17)

    [0m [90m 78 |[39m             onSuccess(groupId[33m.[39mtrim()[33m,[39m data[33m.[39madminToken)[33m;[39m
     [90m 79 |[39m         } [36mcatch[39m (err) {
    [31m[1m>[22m[39m[90m 80 |[39m             console[33m.[39merror([32m'[Admin Recovery Error] handleSubmit failed:'[39m[33m,[39m err)[33m;[39m
     [90m    |[39m                     [31m[1m^[22m[39m
     [90m 81 |[39m             addNotification({
     [90m 82 |[39m                 type[33m:[39m [32m'error'[39m[33m,[39m
     [90m 83 |[39m                 title[33m:[39m [32m'Error'[39m[33m,[39m[0m

      at handleSubmit (src/features/recovery/RecoverAdminForm.jsx:80:21)


Test Suites: 4 failed, 11 passed, 15 total
Tests:       36 failed, 145 passed, 181 total
Snapshots:   0 total
Time:        10.874 s
Ran all test suites.
